[NAPSYB]
Capturable=false
 
[SpecialFlags]
TiberiumGrows=yes
TiberiumSpreads=yes
TiberiumExplosive=no
DestroyableBridges=no
MCVDeploy=no
InitialVeteran=no
FixedAlliance=no
HarvesterImmune=no
FogOfWar=no
Inert=no
IonStorms=no
Meteorites=no
Visceroids=no

[Ranking]
ParTimeEasy=00:01:00
ParTimeMedium=00:01:00
ParTimeHard=00:01:00
UnderParTitle=GUI:NoUnderParTitle
UnderParMessage=GUI:NoUnderParMessage
OverParTitle=GUI:NoOverParTitle
OverParMessage=GUI:NoOverParMessage

[Houses]
0=Americans
1=Alliance
2=French
3=Germans
4=British
5=Africans
6=Arabs
7=Confederation
8=Russians
9=GDI
10=Nod
11=Neutral
12=Special

[Americans]
Country=Americans
TechLevel=0
Credits=0
IQ=0
Edge=North
PlayerControl=yes
Color=Gold
Allies=Americans
PercentBuilt=0
NodeCount=0

[Alliance]
Country=Alliance
TechLevel=1
Credits=0
IQ=0
Edge=North
PlayerControl=no
Color=Gold
Allies=Alliance
PercentBuilt=0
NodeCount=0

[French]
Country=French
TechLevel=1
Credits=0
IQ=0
Edge=North
PlayerControl=no
Color=Gold
Allies=French
PercentBuilt=0
NodeCount=0

[Germans]
Country=Germans
TechLevel=1
Credits=0
IQ=0
Edge=North
PlayerControl=no
Color=Gold
Allies=Germans
PercentBuilt=0
NodeCount=0

[British]
Country=British
TechLevel=1
Credits=0
IQ=0
Edge=North
PlayerControl=no
Color=Gold
Allies=British
PercentBuilt=0
NodeCount=0

[Africans]
Country=Africans
TechLevel=1
Credits=0
IQ=0
Edge=North
PlayerControl=no
Color=DarkRed
Allies=Africans
PercentBuilt=0
NodeCount=0

[Arabs]
Country=Arabs
TechLevel=1
Credits=0
IQ=0
Edge=North
PlayerControl=no
Color=DarkRed
Allies=Arabs
PercentBuilt=0
NodeCount=0

[Confederation]
Country=Confederation
TechLevel=1
Credits=0
IQ=0
Edge=North
PlayerControl=no
Color=DarkRed
Allies=Confederation
PercentBuilt=0
NodeCount=0

[Russians]
Country=Russians
TechLevel=1
Credits=0
IQ=0
Edge=North
PlayerControl=no
Color=DarkRed
Allies=Russians
PercentBuilt=0
NodeCount=0

[GDI]
Country=GDI
TechLevel=1
Credits=0
IQ=0
Edge=North
PlayerControl=no
Color=Gold
Allies=GDI
PercentBuilt=0
NodeCount=0

[Nod]
Country=Nod
TechLevel=1
Credits=0
IQ=0
Edge=North
PlayerControl=no
Color=Gold
Allies=Nod
PercentBuilt=0
NodeCount=0

[Neutral]
Country=Neutral
TechLevel=1
Credits=0
IQ=0
Edge=North
PlayerControl=no
Color=Grey
Allies=Neutral
PercentBuilt=0
NodeCount=0

[Special]
Country=Special
TechLevel=1
Credits=0
IQ=0
Edge=North
PlayerControl=no
Color=Grey
Allies=Special
PercentBuilt=0
NodeCount=0

[Basic]
Briefing=Brief:TRN01
NextScenario=GDI2A.map
AltNextScenario=GDI9C.MAP
NewINIFormat=4
CarryOverCap=0
EndOfGame=no
SkipScore=no
OneTimeOnly=no
SkipMapSelect=no
Official=yes
IgnoreGlobalAITriggers=no
TruckCrate=no
TrainCrate=no
Percent=0
Theme=No theme
MultiplayerOnly=1
TiberiumGrowthEnabled=yes
VeinGrowthEnabled=no
IceGrowthEnabled=no
TiberiumDeathToVisceroid=no
FreeRadar=no
InitTime=10000

[Lighting]
Ambient=1.000000
Red=1.000000
Green=1.000000
Blue=1.000000
Ground=0.000000
Level=0.000000
IonAmbient=0.870000
IonRed=0.300000
IonGreen=0.400000
IonBlue=0.750000
IonGround=0.000000
IonLevel=0.000000

[Preview]
Size=0,0,118,61

[PreviewPack]
1=xAsAIAnIxKjQzLjQyLjQyLDMAQLMuNDQwFgBSgDIxFACA7DIyLjIxEgAKC4A0MggAAu8AA
2=HIsNDMVCd8LCo8BcwozCuUA4wBUAVcL6wxIAAGvQAANQAAdCcDwLDIvKjIdACAAawBBcCo
3=qKCIaFQwJwsAcFQwSAAnOAA0IwBQMGhIAJQGQDSUYwG4wLioK34BxLBYOg+AhIBQWFhARE
4=BASEBIUFCAgIBkaGhmVGZIAEwESAAnIAD8a1Q/SQDEjApAFkgArAGtFrx8F1ALSAAJqKSQ
5=YGRgaGxgqKiYzBxQBUgAL7wAzBO8AmAESHg6fAE2vAA1gAXYAswQKZwCAsjAqLCkxCxAK0
6=gAyCpBKFCILUABhCm8AmAERAKoAJwCAdjUyMCgCogqVB5UDFQAKm8FUFRQWAGsK0CUbDGM
7=HFgEiABQLEgAfCyvBMC4oGRBTARIAClMBJEFuMwfnCxYBFhwA4iEeEhISC6cBSc8ArgTnA
8=WkCCAJfAErvACACsgpOxgARCBAE2gAWLIgAwwLvCm0AJQqXCxIAKwuKwwLjBBQKTPcCihs
9=BSfcBCnUA6wr1CdABEgAJ2wFJywAnAXcI48NqKCQQCtbWKikmDE8Cyq8AHAIcF9gH0wBSA
10=A8fAFgBPwFrg2omEwNQDp4Lkrb0MA7mQUA/CxsWAZQTCiQhEigkEAgDAgAtAbMWIwQKmwF
11=MNwK5CPuc8SwxAJMGUgAnx14fHhIAKwx1AOEC0xtZGVoQlR7YF4qbAVIBicIADCcBSdoAE
12=EByIwuLHwBNDwCUAVIAFQkXClIkEwrXziwqJhmStDApEEC0NDI0MwrnAVIBkgAKuQFRBdQ
13=CAOgmICgmIj7KyCgkD8IAGwxArCsoLiwdJ9MECpsBSq8FawZvBHUG6x2nCl4SVAmjAFAEy
14=0IAEATRAtIiga4rJhQUCiQjEikGlRISAMDSExIeHRwLcgAJzgAKpwFJ1AAQAEgAzwCWAQn
15=CAAqbAW8JkxtVBKoAHLRUDCsLrQDNhQAvyyomIBIAD6cBWwrSh7AtDFsBdxWlU44UttISE
16=ghWCi8ESqcBaQC1FRCWMCwJ1ADJyAAA8C0oMCwmCw8AnQPpBo3DAWUVLwLKowApBEncAFA
17=ATA8AlACJwgAMWwFrEOY9FQJSAykLKQUtD82hAW8ArwsODwLdBs93ArtK0BDz0hIQEEARE
18=UBUFwRXCwoPAVcVrQVjCvcSowBoBy8VqQXo2pgUEBIAKwBvAKkGicMBSgMEV0IxNw1UCBI
19=ACeMAEx8vAu0aawBtAC0LawBJ/wRXAXEI5Q23BeELFgKSACk0SxVAsBAQLQGtACsCqwBtA
20=C8LFBZSACsGbQAKtwKWyVYXFhfdEhQSN5WyLgn+AxYK0BYVCtABEIBODxoAVACvCzcKYwx
21=pALEF4yFVw+wpIisguQXqJZ8O+QCbAG8EeVNWGgkjBCkGioUAEghSABYJUCpWKlIBip0AC
22=osAEgDQAQBaGRgaEIAbGBIBqQUrARUHmgAhCxiAcSwLIQFKJwCtD+8KTYUAEQdUAu8WbxW
23=tAxIFUgAA8DAuFBYUHBUAkhIUFhYULBQBbAOVwO4sKBMGVCEjStAXCxcWEstQERISABEBU
24=wEQC5cLmkARMSJaSTAaNhUA7wOpDv0Kij8ArwRtCFADXwgKWwFeBAszBGkVlgKSAAnPAtY
25=B6QatABYAUwrtAmsIlgKWAFQAkABrATMQ4QstEIyhAUonAJQWUgAtAk2FAC8LLwLKhQASB
26=VIAEArQVhAUoFEQH4siIC8BQLAvLBoaCUXMEhMUC5sBQJESPAAACcIAFAsYAREtoRxWAon
27=CABQaEgA/Cww3AqMTClsBSqEAnwsmGRUCaw3vCxcAkDlKpwFMGwFvAVAB0gAWCsnnAVMQ1
28=gHqHVhAcAzDAsohAWkQbQJKoQFvBQqRACkC7wCvAWsAUAQSAB+LFBQKJ0FhNwsKhQDWARQ
29=CFxWcilEQCd4BUABWFtMFmgAnKe8C7wXVAZIALxZtBUqNARqBsi4pBEqFACsB9xNlDa8TU
30=AQVwkAACAnCwCIiIBfa1BQUEABvB20MC00AUQyA3h4cEhMQEQLIvQ6jFi8CzIMCygkCKQU
31=rApID0gAtAw2FABEFEgMKvQBrAFAB0gAXSxIKpwF/FkqnAV4K0IqTFBAKycIAEwHpAusFr
32=wRrAHEI0qHzLgwbAWsBKwQtADcBdy5Itgs5AJwj7xruCsqNAEqhAKsH1gcaACIYCfXG6ik
33=mMQmpCyE9SyEBWwrpEHEBUxGSAC8EZwFUB1IALQMNhQAtCGkGrQhrAFAB0gAXCxIQiw8C3
34=QbUEQntAhcLCd4BUABVIRoAFaExLCcGiP8L5wRvAtISFAOWwd4dHBIDEwEpA60ALwsxF+E
35=VswBvBqUJLQqtAAqbAUBcJBAeOgAMJwFKmwFzA28C4QsRBFIAOQsbCuk70gVXAJkLFgZSA
36=BELEgAJmwjrBNABEgAKoQFvAsqRABcCC2kA6wEQAdIAFwsKDwLI0RCSJlAmioUA0jeSC1M
37=K1BaVCdAAXji9N5QCEgAvBFADVAsKuRBrA20AFQDUBFQBUgA3AWUKqwBItYnuKjMKyZ8PU
38=QRcgXAsKQsTAFsf4w6J4QCQNxMFifcCswNjARUJ0gGtD8i6kBQMNxWnA5PSVhYWF+hQERA
39=QwGQkIisByoUACrMAipUBTAsAEgbUAWsB6QarAG2AFhcQA09fBZYK20rOHAtfixEQIQBJn
40=QhjBYq1AknBARQArQP7FgjAEG8BcQpAVignJBcUEAlWCVIAEABRCa0KqhXQCVIAEQmaACU
41=J1gBSAAqlAG0HrwpzI6MWFQPRAUq3ApcSlj9XXdIIxZRUFRZH0BcLFMCgIiArCJYJUgAzA
42=GEYlAISAC0DDYUANwFpGKMHOwNfydQVFAoPgtYWEwNvKHUGAVoWGBkWEhMUFwsSABiAUhI
43=UFm8F1gopCNUTgKobFCoaCLkMlxNzAcqxFKcDlwpvAVHKWBwYCcIACe8AEgPpCxqKsi4UB
44=1oALyJnB28NaQaJ9QAWBCsH3AFSH6ELFgiSAC8FN0dRJ0pUCMUUZw1fAIqbRqE3Cy8C7QA
45=pFNICUgAtAy0ALQDrAG0AKQCbApMZCmsAShcACysAVAdWBN+a7SgtAxEa0BYUAJMDVAarC
46=UsbAUieFNELGoAwKgqBAQxbQVgKAAACTA0OHiAgGBgWGhoYFALwCVIQqwrUCZIAIwBtBUq
47=FAAqlAGkHVQzcAiMOtwdSEmcVif0W6QaWARIAEwELYwJvAt4ED58FqQOtAC0BlQkrGQnrA
48=G8AkANSAAwrAFcKWANhD5MAUwEN2wFAriguIxwWFiwWUABA7BwULB4WH6zUEhEgEwxrA3I
49=V6AshFneL2BYTARcI0gA3H1AK0gAjCt4EPwdvAi0AEgSSAAqnQXQbSuwTBlYf1CASABQ+1
50=gBvxe4sKBIAKwBlQyorElABFgETIh8BUx5MzwLcBElvD+0KrQAbAf8VrQStABUDHgWtCdM
51=ByacNXwFLTwLbBYrPCa4KEQIVBtmVsiwZgJsUKQLWCt4Ad2tYEyCvAIqFAC8Vs0rZGwEQC
52=toACk8AipMEKwHvK3MAUwWLMwFvCxur7igKywJnBdAK0xkTJ1HcWhsaCPpPWBEAlBxWEYn
53=nAU3PAt4DSIcJYgeK5wvKqwBrC60ANwUnJusASoUAFwsbA2ciUzuUFBIAExMrAdgKFauwK
54=hQLGoAtKB1KmjkLClsBWUpfDF8EzFsBaxVnBEwbAUqbAKsTypEACovALiwmCHQT0BSSBho
55=NvuysKSQQJFAhrAsvCxYLrwyLZwFWAdQWUgAQGF8CEiW5FBcHVAsUAJIA0AESAC0D6QjMB
56=QAXAUnJAukBayUrAFQiXwsJ949hICkCEgMSAAqnwWocFBYAUAWVEKsMbiA1ACUgawKQEZY
57=GUcdgIR4UAh0D6wrUERIAIwBpAUqxAqkAqwHSAxoAITpvAK0ALQDTGpQGkQLSACsGbwIWA
58=FIAEBqSBJYKwhAREhAQEA4ODiQjBEAAIoNACAAGYDQzLiopJBgZGBobGCoqJjIwLDQyLho
59=aGhIUFBASEBAREBQWFiAiIB4fHhLAICEgFoBQEhBAEBCBICA3QIAKQAAWARIAClAAAEAyM
60=SwWwrIvKhUAEgDLQgAbAosrAGsB1gQSACwBUAHTQFoUBQGZFgwNDh4fIBgKgAAAXBgYHBw
61=F0gYBmBkYKikmKikkEABWAFkGrQPAsS4wLiotAkqFABME0QLWARQBUkGsGQgAajAvKgqBA
62=ErdgDIuF8FyLywWxnAuKBAE2gASAyUG0gDSAAJqKCQYGBYWFxY8AAAJwsAuLCgrApXDGho
63=YFQATA0r7AMCVFhQVFBALksAUFBQSwPIyLhIAEAKSACsFqQjNhQATBlyEcCwQAG8BbgBrA
64=FAClgKKE4HhID/CCAAAMgASBJAE0ghTChIKicIAEQaUAJIA1wCCahoUKhoSLBwUMiokKQa
65=SANIJFAOWA2sDSoUAEgDQARMB1ALSDAMuKyYUFAokIxI0NDI0MzAZghcWFglVANQHagAXB
66=0obAV4GWw3rS7InDhABEgARA4neAVAAQM4QEBobGhyRGhgRCxQDksPyMCoWARcEU8fSExI
67=Wx9ITFBMWEQCJwgArAq8C1gKSADkIzQcAEAKRB28BScQAScgAFwsSGNADXw4jGcneAVAAW
68=QpWhNsaEMiaGhYfimkkEgVWAFMAbAIZSxsUCwBULCEaG4NyLB0JFBfpHRSTcCwxgWomKwH
69=VCcGwLSgwLCYoJBAiwAgoJBIAG8B0NDAaABMSUQpqACsWEwBSAmcKXgZeAG8LHx0tBtIIU
70=ArJwsAQEBAUCxIAFwsJzwLQBAnnAVcgVwsKO4DhIB8F0QLiACsFkBnWA1EC0gAKnwFtAMq
71=RADMB4RrtAMq7ABcLCitAVR8ZVgQUBFEKVQhSC1IAFEUsJSBRAJ2KmhIvAhUV2gAWCtRC8
72=Rknr8CiIR4SJtQCEgJSABAAbQJvFaAK0gqQCstCABRAkC8WcwWhCwxDAtcIJgNTB+sGVws
73=J3gFQAFUmlorQERErwNAODg4kIwwfBZ8WUwfLYwJvBcqFAC8C0ANSAAqVAUwLABABEgAvA
74=VcEUABKhwBXJhMvSpMB0ArLQgAtGwGsIx4qHxgqHRYSwCwkHhUUVQhRQuokFkqPAV8WSfU
75=DwLAqLCkiKyCkFYBIGBQQEgALLQFZCxLh8C0mKiEVABEC0BJaAAxDAsgBHwWWBCkFFxESA
76=BYAVg9UD5cv6QaXCwojAlNeYTc3SqUBIAQaEhcETBsBSpEALQqvAW8Dn4LWFhAhVgrUL8r
77=TAd8s3iyWDFIBqwotBJK9sjEeEBEDqwKKmwFRCNIAEgDSABAAUgAQAFIAAOgmICgmIgsVA
78=W4WGwrArCsoLiw7Cu8KYxYrKPEWbwCjFjEAkwBSAC8AozivAVYDUgArBxAK1SxqIdchl+z
79=YGRYcBpEkogMRAVcIC3sA7waKhQArC5QBUgAMFQFMEQATApcvCdsBVgBtAlAASutAYjc4F
80=gKSADcLJB0rAEwbAWsHLwRzAGcBUgtWwGomIBIAPwsbCsr3AqMJdQnmB9oIUwotCdYkUwB
81=jARQPkAoQApQj2wBJ1wArAScBUAWSgCwpCK8IUCXsCxAiFwsWC54B1QGnAVYBEgALuwDJz
82=wLWATsyio8AipUBSosAKQprCtTKYCAgG4fyLi8AkANSABMDS3sDKQISANIAKQFK2wFjChQ
83=F0AZxBe8ICn8ArQMWAdIALxZKtwKrAq0ANQzhCxQBUgAKlwDWAFIANQwjB8onAWYEFQDML
84=wAQPQzfBZQBUgATBZUACdEA00fSFW4SCv8LKwTtAC8C6wBpCO0AHwm7IK0A7QAvAW8GkAN
85=SAC8AlwFSDBAiFgxQV6A/FknJAJM36wTTCsj6C5ZEkBLzEhIUFwCSEtICUgAMHwBUAJIAK
86=wuvCOkDioUAFQDbASUUSg9BcQlfCJQC2gAvDiAK6QOtBgqvAC0D0gJSQCoJvwsQLJcC2gA
87=jAcqRAMorAQq7DAnPAs1PAKkF0AlWCVQJlxWvAi0ALQDgBbcF6QCtABcLEw6bAcCREBYWF
88=hExUgAbCspHBNYK3AsAkBASExIQgE4PEVySFACtB7cHYwZpAJsDVhPvCNAAUgAjAGkDtwF
89=jFhcBUQjA3iQQHCQQLQDKhQAtAMkBCgisifQwEQC0AvsCqwuvDhICUgAYCtQF5wRMGwFvA
90=ukI0wfWCVQJlgfrEy8C6wETAFUCUwESANABFgEvAKsBzAUAKwQvBGkBaQdrAFQMiusAScM
91=KZwUWJpYLkAsjCt8LFiFSC1cWUgApBFALlwuagBESEQCXCC8C9wOYSKwxAJMAUgAhCxIGE
92=gARCxIAHAsLJwFULBYuCpUFyu8J1AISACMN6RZtBtUD0wKrCtfFICEeLQhpB0qFAC8Amwo
93=MjwLfALsglAjSCSsB7QGtAAwRABUD0wfvBG0AyoUAGwKLKwBJHchwLywXfVoI68xSExQLm
94=8FREjwKVQ7UCxiBEhI3B2MtSqcBcwBhCyvLnCMQGQslABEFFwjvFbsKyRMIrQAdOcrPAuM
95=QFQGfBqMAawrSEJEcViFQAFYmkRBQBNUALwdSAxIALQkJOAqTB9YKEBVWVVQJ9w9TLUjHD
96=HcYowZpAjsBzQcANwRKbwAWA1IAKwHK60BWCIsRbwstBW8LFAFUAhcVnIpREAqhAVYRio8
97=ArwsXAVIALwpaCFMT4QsUAhcArRXrAEs3AooVAUkpC20ACTsLX4syLBbKHBwaFcSsLCgKm
98=wFpB9EFKhvXBRInFAsQAFQArQDrCsqFAAkHElkBVSgL9w9KP0CxCK4LkAZ/Ag0HABEGkwE
99=aAD8y6QstABcLHyzUNskzEpchiPsPyqcBbQVVFoqhAVEJqQLMDwCbA1MK5160H1NsNRXUo
100=OQQNw4K7wnZSxgJfwybAG0WkuHwLSYKjwFXCxMVQFQUEiI/PVYEEgA5RRIRFOJnEisIbR4
101=djm4qKQsVORYNFAISAku3T2IM9w9cCxIDEgArAq0ALQnrAG0ALQhpE20A6QjQAdIAFwsKe
102=wMItw9VCRcAkAZQD1IMEABVBgqhAVcRGgAVIRAPfwpvAu8g/wLIuRKdgnMuExYqABMhWYC
103=yLgkvCe8KbxWrAEkBCgqbAW8ZUgSSAAq9Ae0G1ACSABEFCfcCuQpAVignJBMAUgqQCtIAE
104=MBqKSYtC20AEwfQBzchkx5JrwhtCS0AKQ1SAxIAKQONhQA/CwovEWkCLQAKtw9KrwhKkQD
105=SJxgGUxyWYRMSV9AbEb03qwrvBFMDVwRRCN0ACOMV0RZRCy8GkhIKNQPnFmsgjDcCkQISA
106=BQCEgAvBRAAUgAKlQCKrwDXCknJAUnOFFAASe8AFBorBC0ALQVXCwojAlcLCb8WURBQBm8
107=DqQFSA9IACrEATAsANwFzE8iqD5cCyesIi7cPUxnL9wQVCtCWDg4cC1QXGxzXAEoPAsoTw
108=HIxKgheD5KEtDIzIUqZAon1ANQAkAfTBlAAbwjSDBAK2gAYGQx/CmNCrgqBAExbQVgKAAA
109=IpxcAoCAYGBYVPlMB2knyCI8WVAOWwFwVDBIAHwgLAwgrCUqFABgB2ifItxbKmwFrAQwRA
110=BsCiasIkwrWAGkBUABLewMxSCkI6xeAmhYYGRYRLNcKkgAYgFISFBZtBVsB+wKWCWwJlQA
111=SABYAVx0VCe0DLQA1CSMCrQDYCtYH0wrSACcuaQFKhQA3GVWY8y4IiZQUEisB6wEUFZoAC
112=iBBWDeL2BYVA+8IKQFQCtIAKwBSC1IAFwXNzwLKNw9NHwWpAu0AKwKWE9IkEEKgDXcPUgD
113=QARYBFFcgPxZfqS0oLRmSJ9IWTBsBbw1tCdQGlgfpNS8DioUAFAaSADMCkArJuw/rARsRi
114=ycBfS9ZGXcJiOkZrwFKhQAvFYqjAAq7ANAK0gAKrwArAEnJAhMTCjcPTh8FrQGpAu0AEw0
115=WCVQJkgntAO0AFQkeBkjRDm0J0AfSAB8BSzsDOQFnLmIZmwE/FZQMnw1nAKkDrQAtC2sDb
116=QAUAtIAKwBvCasATAUAGATgApcBVQPVAAq3ARlKXwlxFIq7AAqjAC8AqQRQCtIACpEAKwB
117=J2wFSEKkIFwaWBlAJVglUCZMTKQFKjwCUBFIALwCtABQBUgGQAdcIKQOtAC0A6QLrAG0AF
118=gHSAAwrAGkHVwCSA+sCrxWvAIkNDFcfUwHfhHAsLQMvCxYhVgZvAsqFAAw9AG0CVQAcAiT
119=LLiwoEypUGJcICkYECLwcUSDtAlQC0gMXsWAhCLAdLACJxQApBG0AEQLRBS8BawKWAEnrA
120=Gso2wcMowJoAqkCGwE7Ey8ArwLMBQAXAVcC6wEtABYAUgAXA5IAHwIJ6wBKUw0vDVMB0wE
121=IvwpAqyYaFAwSADELIypJPwmpA49nAWcBbQJpP60AHsQzLhoIZBrIAWEd2owZGC0GDAUAL
122=wLKmwFXwVobGhbN7CsmEwBJ7QjJ5wFWBxQU1hJUEonPAtsIuwrQARcVqwNpB20ADBEAFQP
123=WBkw5A5AKEgAbgpUUESwbA0CUFB4gHhQAkgGvFYkTCtYK0gAxCwjXDm0CbRUvA4wnAXc14
124=xVvBrMK4QCrAFMHwpgZGBobGCopJhgcGBgEQAAXwhaFAAFcGBgcGBgcGCooJBobGBgZGCo
125=pJjIyLhLANDIuEsAsKiYUAJIA0MBeHx4JwsAqKiYUAJIA1wCDMjEsJCUiDg8OEBISEBEQE
126=gABjhAQJCMgKikkEAEWARTBcjAqFgEBYCEgFBQUEBIbAQDWFhYUFhYUAVbAVBUUEgDUA5I
127=AFAOSAChDQA7AABDCsjAsKQFtwDIvKhEAlgHSABICWAETBkIxLjAuKi4rJigkECIAAQgoJ
128=AgaFQwSABMBEQFqACvB8i8sEABpAKwDygUA0YjxLBLAwAAICcIALwFJzgAQAFkKQJoYGhs
129=aG4faFhcKUQIUCBYAUwBRA5IAFAISwDAuKAntAJYKEAEWARAAVglQAFYAUwBUAVIAFAFSA
130=B+CGRgTitAREQoAUA4ODhXDLCsmFwCUAVIBkAHJ50FSFwsXDECSEhYXGBAALwjtABICUgA
131=WBwn9AGkHTYUAHkowHgiXAWkCLQAWAEF0My4wLSgwLArbAVYK0gAWCtIALAXtCS8HawHtA
132=BEC0QRWBZQF0wZJxQDWChIALQDQAFIAG4NyLhAKAACaGhgWFxYoJyQeJBAcJBAuLCgsKRk
133=ICesBEQFQAe0G2wB5ERADUgAWARUDANQUEiIiIBYAaAEJ7wARAJIAFQMSAxYK1wsQwGgoJ
134=BDBNDIsCqcBawWiAncWVBZbljEsGwKlEjMHEgnmEZECyqEBbQDKkQAVAxMB7wCtAAw3ApA
135=KycLAGhQMEgApCysK1gHaACAXlQJRA4nnAJAH6wNKhQDQCsnCAC/VmBgWEMBcIxAeCuUAL
136=wIVABkC0wZSAC8CymMA7QVtABYBFRCA3h4cEhMQG8ByLDIKbwArAFAE0gARBFILUQLTAFY
137=E0BAUDtcWUozSExdV1BAAUgDUAhAK1wBQIVYhX4siICsDSoUAKxMXAVIAKQdNhQApA5EZQ
138=awpIhQUCiQjEirKmBQQEgArAG3AHBUMEgApCxYEEAHvBdAAVQMKmwFTARoAJyPvA5UG1hD
139=QFtYBFgcSBtsSfxWVA9QCEgAXAhYWFQtqADcC1AsSACcJiqMA6wBQDRYClALWApYB2ATUA
140=VIAJwFxF+UM8wBAsSw8AAAJwgATChMiD98Fn0shNwsqAy0D6wKXA5IAKQdNhQAYCIFxLig
141=mICgmIiAr1ivbK+sK7QASIRIAEQFVAkqDAtISFAjW0B4dHBIA0AQtA+0AEQCSAC8DlBEWA
142=RYykABMdwKnM6kLFQMaABAJeyCKjQBrAEqbAWnm9DQwEgAUBFMEGgA7Hm8ICfUCSd4BUAB
143=XoZAQCACfBZWuERAfCw0PAsoLBukHbQAvBSsAbQATCVLAKiYgEgAMJwFQFhIAEAfRCZ8F1
144=gfnERYAUgAKpQKKowDpAtATCfcCiqkAEAHUAW0KtxWhF+8C6QUMBQAK2wFK0QeQEMEQNDQ
145=yNDMwFgKcAiUVyg8CFKqvKhAKycIAEhpPHwWvGtchkBDKNwQJzwLnAukFHgNXgvAsEwotB
146=42FwDIxKhMBDA8C0BYSADELIwrxBeMAUwlSAAq9AS8C3UhaETzfK1MB0gAWARIACqkAKQs
147=SANoACnMArwLvBe0AHQJJvwmvFYwJAikAlBZSADcLFBBSACcFERZJ3gFQAGkEUBARAVMAS
148=p8FipsF0gDSABcLCh8FgJQUIiMiLQSKhQAtBJID0gApCA2FAByHcS4UFlIAKwWWNxIAFwC
149=TA0q3A0qfAFIA0gA9SdoR6RYWFAhbCBUBkgAOKUAYFyzTBxYQCqMAKwBXAJPCriwoFCtSA
150=BUITJEHnRXtJm0AKzKWRzQJ+wbUCxIANwsfHpULWAZtGY1/CxID1QSeARMB5xTWF5MnUC4
151=RIxQGlgTvBQsVAJ8EbRpKoQFpAUqRACECNyzQFhIAEQCUA6oANwOlE6kAqwHUyBoZFhUIU
152=hCXAVIALQDvAsqFAC8AuQyfCwqdACsAa8EwLywXIxINkwKUD5IALw+vClQ8kgArAG8AgK4
153=rJjAtCWcMmgkXCOsK2ABIoguWAow/AJFEWgy/CxYKFwFTFhIsW4rSEBQWVTJvAK8VrwO7B
154=C02LwsdMOkIzYUAFCGSABQGkgAuCW0P7R4fhfEsKwHAqCciGBcVBAo3AolPCCUMLwFvCbU
155=G1wdQEMjpDZUG1AyTChcWawEKrwApAJYK6wEQAEwHBOsHAKwrKC4sDVsBVgNvCwpPAK8F7
156=wRWChIAEREQFUqfBYtbwWAgIDMKysUGLQqMBQAvCx0w7QkNhQAvLOkLKwfbRPAzCtUEl5W
157=WFgiRDZMBGgAjBmkI7QAvAUqzAW8ArQJSBtIADCcBawEKxQAKfQrUD5IAKyCK9wKjCi0Br
158=wL3A5xLLDEAkwBSACcFKxGrARYEEgARBFQGipsBSUcPSOIIjjcCjCEBaQCvCwuPAukFCrM
159=BUgnVA9sJTncCpQbtEKkCLQAvBdsBywMJtQDnKFQC0gAVBusVSc8C6wEKqQbRBFIAFAFSA
160=Ck/lgBaABQJjh8ASgMAlz+rCucBdwCjBC8UypsBUyCLdwKQKY6CAAjdDahBHAjHDEnLABM
161=2TB8FjCEBaQCSDwt3ApQHUgAtCG0AFgBSAAwzAi0AyoUALRIUAUnCAAqnAUwbAUqvAAwfA
162=F9OMQlBEasPSADvAAwbAXdVsgi3Em8VnA4mJpcFOQLvOZ0AKQpWCg5CABUDEgAdvDQwKQp
163=MBQAfh1oYCqcIOxAIrhDLNwEfA58HUhFL8wIpAUofARcSrRIUAUyfBZxGsApjA8svADMEI
164=wHzAGUaTZ8AcwE3AV43zHcCowrNvwCtDYqfAFEFEgAtDC8C1gBSABlAsQiYFAjbCMiPCxI
165=23EsyFwOCrAAAAAAAAAAAAAAAAARAAA=

[Map]
Theater=URBAN
Size=0,0,60,62
LocalSize=2,4,56,52

[Waypoints]
0=78085
1=78034
2=45041
3=44087
8=23067
9=101061
10=73062
11=49063
12=62041
13=62085
98=62063
99=62063

[IsoMapPack5]
1=KQ0AIAABPAABAP//AAAABAA7AAIA//8AAEkBPCgpAD0oKwA6AAPhBDsoKQA8KCkAPSgpAD
2=5KAa4BkQk5QArdCjooKQA7KCkAPCgpAD1JAay5Bj5JAaWpAT9JAQurATgABe0QOSgpADoo
3=KQA7KCkAPEgB0Qk9SQGipQg+SAEnXgEFAN0KQFQCaAEDAQQANwAG6Qw4KCkAOSgpADooKQ
4=A7SAHJDDxIAckMPSgpAD5IASe1AQYotAGoAVUNQUAEwyU2AAfhDzcoKQA4KCkAOSgpADpI
5=AcEPO0gBwQ88KCkAPSgpAD5IAScNAgcoDAKoAY8QBwCrtSNCTQWmqwE1AAj5ETYoKQA3KC
6=kAOCgpADlIAdkROkgB2RE7KCkAPCgpAD0oKQA+SAEnZQIIKGQCqAGFEwgoZgIIAN0KQ1gG
7=0xQ0AAnxFDUoKQA2KCkANygpADhIAdEUOUgB0Qk6KCkAOygpADwoKQA9KCkAPkgBJ70CCS
8=i8AqgBnRUJKL0CCSi8AicpAERECMsXMwAK6Rc0KCkANSgpADYoKQA3SAHJFzhIAckXOSgp
9=ADooKQA7KCkAPCgpAD0oKQA+SAEnFQMKKBQDqAGVGAooFQMKKBQDJykAREQIzRBFSAHDGj
10=IAC+EaMygpADQoKQA1KCkANkgBwRo3SAHRCTgoKQA5KCkAOigpADsoKQA8KCkAPSgpAD5I
11=ASdtAwsobAOoAY0bCyhtAwsobAMnKQBERAjZEUUoKQBGSAHbHDEADPkcMigpADMoKQA0KC
12=kANUgB2Rw2SAHdCjcoKQA4KCkAOSgpADooKQA7KCkAPCgpAD0oKQA+SAEnxQMMKMQDqAGF
13=HgwoxQMMKMQDJykAREQIxRNFKCkARigpAEdIAdMfMAAN8R8xKCkAMigpADMoKQA0SAHRHz
14=VIAckMNigpADcoKQA4KCkAOSgpADooKQA7KCkAPCgpAD0oKQA+SAEnHQQNKBwEqAGdIA0o
15=HQQNKBwEJykAREQI0RRFKCkARigpAEcoKQBISAHLIi8ADukiMCgpADEoKQAyKCkAM0gByS
16=I0SAHVDTUoKQA2KCkANygpADgoKQA5KCkAOigpADsoKQA8KCkAPSgpAD5IASd1BA4odASo
17=AZcjDgCvob9CTQWnqQFDKCkARCgpAEUoKQBGKCkARygpAEhIAc0bSUgBwyUuAA/hJS8oKQ
18=AwKCkAMSgpADJIAcElM0gB0Qk0KCkANSgpADYoKQA3KCkAOCgpADkoKQA6KCkAOygpADwo
19=KQA9KCkAPkgBJ88EDwDIITQjAQAEAEBUAmgBjyYPAOm1AkJUAskBQygpAEQoKQBFKCkARk
20=kBxLkGR8gBUQlISAHR8ElIAcUeSkgB2yctABD5Jy4oKQAvKCkAMCgpADFIAdknMkgB0Qkz
21=KCkANCgpADUoKQA2KCkANygpADgoKQA5KCkAOigpADsoKQA8KCkAPSgpAD5IASclBRCFKQ
22=JkKagBAQMEAEFABHgnXSBCKCkAQygpAEQoKQBFKCkARkgBZClRCUfIAVEJSEgBJyUFEOF9
23=SlUCorVaS0gB0yosABHxKi0oKQAuKCkALygpADBIAdEqMUgB0QkyKCkAMygpADQoKQA1KC
24=kANigpADcoKQA4KCkAOSgpADooKQA7KCkAPCgpAD0oKQA+SAEnfQURKHQPqAFRKkFABMkX
25=QkkBpL0gQygpAEQoKQBFSAHVI0ZJAQqtBUfIAVEJSEgBJ30FESh8BScpAEtABNUjTEgB0w
26=krABLpLSwoKQAtKCkALigpAC9IAd0VMEgB0QkxKCkAMigpADMoKQA0KCkANSgpADYoKQA3
27=KCkAOCgpADkoKQA6KCkAOygpADwoKQA9KCkAPkgBJ9UFEijUBagBQSVBQATBJUJIAdUYQy
28=gpAEQoKQBFSAHRCUZIASfWBRIAaAFRCUhUAtEJSUgB0QlKKCkASygpAEwoKQBNSAHDMCoA
29=E+EwKygpACwoKQAtKCkALkgBwTAvSAHVDTAoKQAxKCkAMigpADMoKQA0KCkANSgpADYoKQ
30=A3KCkAOCgpADkoKQA6KCkAOygpADwoKQA9KCkAPkgB2Sc/SAEiKDeNtROYMlknQVQC2SdC
31=SAHBGkMoKQBEKCkARUgB0QlGSAFgMFEJR8gBUQlISAHRCUlIAdEJSigpAEsoKQBMKCkATS
32=gpAE5IAdsyKQAU+TIqKCkAKygpACwoKQAtSAHZMi5IAcEPLygpADAoKQAxKCkAMigpADMo
33=KQA0KCkANSgpADYoKQA3KCkAOCgpADkoKQA6KCkAOygpADwoKQA9KCkAPkgB0So/SAEnhQ
34=YUKIUGFCh9JhT5ikNMBdkcRCgpAEVIAdEJRkgBJ4UGFCi0DCcxAUlABMUISigpAEsoKQBM
35=KCkATSgpAE4oKQBPSAHTNSgAFfE1KSgpACooKQArKCkALEkBsLWnLUgBJUklLigpAC8oKQ
36=AwKCkAMSgpADIoKQAzKCkANCgpADUoKQA2KCkANygpADgoKQA5KCkAOigpADsoKQA8KCkA
37=PSgpAD5JAam1GD9IASfdBhUo3QYVKOYoFQDZHENMBckBRCgpAEVIAdEJRkgBJ90GFSjcBi
38=cxAUlABMUISigpAEsoKQBMKCkATSgpAE4oKQBPKCkAUEkBqrcYJwAW6TgoKCkAKSgpACoo
39=KQArSQHqJKkmLCgpAC1JAcm1Ai7IAVGCL0gBzQUwKCkAMSgpADIoKQAzKCkANCgpADUoKQ
40=A2KCkANygpADhIASKYJFWROSgpADpIAcEPOygpADwoKQA9KCkAPigpAD9JAcy1GEDIAVUY
41=QUgB0QlCKCkAQygpAEQoKQBFKCkARkkBy7EJR8gBUQlISAHRCUkoKQBKKCkASygpAEwoKQ
42=BNKCkATigpAE8oKQBQKCkAUUgBzzEmABfhOycoKQAoKCkAKSgpACpIAWQTURQrKCkALCgp
43=AC1IAXwKAQIEAC7IAQEDBAAvSAHZBjAoKQAxKCkAMigpADMoKQA0KCkANSgpADYoKQA3KC
44=kAOEgBbDxFEzkoKQA6SAHBDzsoKQA8KCkAPSgpAD4oKQA/SAFsPFUYQMgBVRhBSAHRCUIo
45=KQBDKCkARCgpAEUoKQBGSAFsPFEJR8gBUQlISAHRCUkoKQBKKCkASygpAEwoKQBNKCkATi
46=gpAE8oKQBQKCkAUUgBzTFSyAFDDyUAGPk9JigpACcoKQAoKCkAKUgB3eYqSAEl/SsrKCkA
47=LEgBybwtSAHBky7IAU0xL0gBxQgwSAHFCDEoKQAyKCkAMygpADQoKQA1KCkANigpADcoKQ
48=A4KCkAOSgpADooKQA7KCkAPEgB3RU9SQH3qZs+SQHxqQE/SAEnrRYYKK4WGADNBUJABM0F
49=Q0gBbHdZikRIAdkcRUgB2RxGKCkARygpAEgoKQBJKCkASigpAEsoKQBMKCkATSgpAE4oKQ
50=BPKCkAUEgBzRtRSAHVGFLIAU0xU0gBJc9cJAAZ8UAlKCkAJigpACcoKQAoSAHNGylJAaKh
51=JSooKQArKCkALEgBJYEhLUgBJz0IGeHVL1QCJQkoMEgB0QkxKCkAMigpADMoKQA0KCkANS
52=gpADYoKQA3KCkAOCgpADkoKQA6KCkAOygpADxIAd0VPUkB9q0bPkkB8KkBP0gBxSlAyAFF
53=KUFIAc0FQkgBzQVDSAEnPQgZJlEmRVQC2RxGKCkARygpAEgoKQBJKCkASigpAEsoKQBMKC
54=kATSgpAE4oKQBPKCkAUEgBzRtRSAHVGFLIAVUYU0gBzTFUSAHPRyMAGulDJCgpACUoKQAm
55=KCkAJ0gByUMoSAHZHCkoKQAqKCkAKygpACxIAcUTLUgBJ5UIGiiVCBr5JzBABN0KMSgpAD
56=IoKQAzKCkANCgpADUoKQA2KCkANygpADgoKQA5KCkAOigpADsoKQA8SAHdFT1JAfqpQz5J
57=AfSpAT9IAd0rQMgBXStBSAHNBUJIAc0FQ0gBJ5QIJ5kDRVQC2RxGKCkARygpAEgoKQBJKC
58=kASigpAEsoKQBMKCkATSgpAE4oKQBPKCkAUEgBzRtRSAHVGFLIAVUYU0gBJ5UIGiZ9MVVU
59=AsNGIgAb4UYjKCkAJCgpACUoKQAmSAHBRidIAcUeKCgpACkoKQAqKCkAKygpACxIAd0VLU
60=gBJ+0IGyjtCBsmXS0wQAQlKSwxKCkAMigpADMoKQA0SAHZETUoKQA2KCkANygpADgoKQA5
61=KCkAOigpADsoKQA8KCkAPUkBqKFGPkgBJV0tP0gB1S5AyAFVLkFIASURNEJIAdkGQ0gBzc
62=tESAHdFUUoKQBGKCkARygpAEgoKQBJKCkASigpAEsoKQBMSAHNJk0oKQBOKCkATygpAFBI
63=ASVZMlFIAdUYUsgBVRhTSAEn7QgbKOwIJykAVkAE20ghABz5SCIoKQAjKCkAJCgpACVIAd
64=lIJkgB3SAnKCkAKCgpACkoKQAqKCkAKygpACxIASdHCRwAsXBzIvQqqAFVGC9ABCKoJggA
65=BAAwABwA6gAAABEAAAgOACAGAAQAMQAcAOoAQAAEBAAyABwAxEQBVQIzyAEBAQQANEoBqw
66=FbAgQANUkBoqkBNigpADcoKQA4KCkAOSgpADooKQA7KCkAPEkBpbEJPUkB96kBPkkB8akB
67=P0kBNkgBAREEAEDIAQESBABBSAHNBUJIAc0FQ0gB0RRESAHRFEUoKQBGKCkARygpAEgoKQ
68=BJKCkASigpAEtIAdEUTEkBvVggVSNNyAFVI05IAdknTygpAFAoKQBRSQG0uQZSyAFZBlNI
69=Ad0VVEgB3RVVKCkAVigpAFdJAaZcIEAPAyAAHQD//1cJBAAhKCkAIigpACMoKQAkSQGsuQ
70=YlSAHJDCYoKQAnKCkAKCgpACkoKQAqSQGnpQgrKCkALEkBqbUCLUkBsVQRAQIEAC7IAQED
71=BAAvSAFoIlkcMCgpADEoKQAySAF8TFkGM8gBWQY0SAHJIjVJAaKpDDYoKQA3KCkAOCgpAD
72=koKQA6KCkAOygpADxIAck4PUkB9r0KPkkB8KkBP0kBCqkBQMgBSRdBSAHNBUJIAc0FQ0gB
73=0RRESAHRFEUoKQBGKCkARygpAEgoKQBJKCkASigpAEtIAdEUTEgBfEwBAgQATcgBVSNOSA
74=HRKk8oKQBQKCkAUUgBfExZBlLIAVkGU0kBr60bVEgB1TlVKCkAVkkBoqEEVygpAFhIActO
75=HwAe6U4gKCkAISgpACIoKQAjSAFZQQBFVSRIAcElJUgByQwmKCkAJygpACgoKQApSAHdIC
76=pJASd3CQMAK0oBCQJPAQMALCgpAC0oKQAuKCkALygpADAoKQAxSQEoQggAA1ecHgALpR4z
77=VAJoAVk9NEgB3RU1SAHdFTYoKQA3KCkAOCgpADkoKQA6KCkAOygpADxIAcEaPUkB+qEPPk
78=kB9KkBP0gBJ/YJHgBoAVkRQVQCzQVCSAHNBUNIAdEUREgB0RRFKCkARigpAEcoKQBIKCkA
79=SSgpAEooKQBLSAHRFExIAWgiSThNyAFZEU5IAc0xT0gBzTFQKCkAUSgpAFIoKQBTKCkAVC
80=gpAFVIAc0xVkgBwRpXSAHBGlgoKQBZSAHDUR4AH+FRHygpACAoKQAhKCkAIkgBdD1VGCMo
81=KQAkSAHVDSVIAdUNJigpACcoKQAoKCkAKUgB1SMqSQEGoVErSQGNbAxvUh8AhakBLVQCyQ
82=EuKCkALygpADBJAYetBTFJAQCxCTJIAdUuM8gBVS40SAHdFTVIAd0VNigpADcoKQA4KCkA
83=OSgpADooKQA7KCkAPEgBxbg9SQG+exEEAD7IAUEPP0kBy7UCQMgBVQJBSQHCtQJCyAFVAk
84=NIAcWMREgB0RRFKCkARigpAEcoKQBIKCkASSgpAEooKQBLSQGlqWRMSAHVI03IAUEPTkgB
85=zTFPSAHNMVBJAYVzFAMAUSgpAFIoKQBTKCkAVEgBzTFVSAHNMVZIAdUuV0gBwRpYKCkAWS
86=gpAFpIAdtTHQAg+VMeKCkAHygpACAoKQAhSAFsFFlTIigpACMoKQAkSAHNECVIAc0QJigp
87=ACcoKQAoKCkAKUkBpa0mKkgB1SMrSQGMeA1nVSAAg6kBLVQCyQEuKCkALygpADBJAYatBT
88=FIAdUjMkgBzTEzyAFNMTRIAd0VNUgB3RU2KCkANygpADgoKQA5KCkAOigpADtIAdUYPEkB
89=uG8QBAA9yAFVDT5IAXBWAQMEAD9IAWVVAiKOKCAAaAFVAkFUAmRVVQJCyAFVAkNJAcVQCU
90=UIREgB3RVFSQGirSZGKCkARygpAEgoKQBJKCkASigpAEtIAd0VTEgB1SNNyAFVDU5IAc0x
91=T0gBzTFQSQGDWBFJ0lEoKQBSKCkAUygpAFRIAc0xVUgBzTFWSAHVGFdIAdUYWCgpAFkoKQ
92=BaKCkAW0kBpqceHAAh8VYdKCkAHigpAB8oKQAgSAF4FVFWISgpACIoKQAjKCkAJEgBxRMl
93=SAHFEyYoKQAnKCkAKCgpAClIAcUpKkgBzSYrSAHNJixIAc0mLSgpAC4oKQAvKCkAMEkBhm
94=MWAwAxSAHNJjJIAcU0M8gBRTQ0SAHdFTVIAd0VNigpADcoKQA4KCkAOSgpADooKQA7SAHV
95=GDxIAX1XAn5XIQBpAQNnrSEArKEwP0EEpKkBQCgpAEFJAaa1AkJIAXBWRQhDyAFFCERIAd
96=0VRUkBoq0FRigpAEcoKQBIKCkASSgpAEooKQBLSAHdFUxIAdUjTcgBVSNOSAHNMU9JAYyx
97=KlBJAYOpAVEoKQBSKCkAUygpAFRJAYatBVVIAc0xVkgB1RhXSAHVGFgoKQBZKCkAWigpAF
98=soKQBcSQGmsx8bACLpWRwoKQAdKCkAHigpAB9IAXQRSVkgKCkAISgpACIoKQAjKCkAJEgB
99=3RUlSAHdFSYoKQAnKCkAKCgpAClIAd0rKkgBxSkrSAHFKSxIAcUpLSgpAC4oKQAvKCkAME
100=kBhm0XA1ZaIgDFKTJUAt02M8gBXTY0SAHdFTVIAd0VNigpADcoKQA4KCkAOSgpADooKQA7
101=SAHVGDxIASKcKlknPcgBVQ0+SAHVDT9IAdUNQCgpAEFIAcUIQkgBxQhDyAFFCERIAcUIRU
102=gBxQhGKCkARygpAEgoKQBJKCkASigpAEtIAdUNTEgB1SNNyAFVDU5IAc0xT0gBzTFQSAHN
103=MVEoKQBSKCkAUygpAFRIAc0xVUgBzTFWSAHVGFdIAdUYWCgpAFkoKQBaKCkAWygpAFwoKQ
104=BdSQGmo1waACPhXBsoKQAcKCkAHSgpAB5JAay5Bh9IAcWMICgpACEoKQAiKCkAIygpACRI
105=AckXJSgpACYoKQAnKCkAKCgpAClIAdUuKkgB3SsrSQGMsVYsSAHdKy0oKQAuKCkALygpAD
106=BJAYa5BjFIAd0rMkgB1TkzyAFVOTRIAdUuNUgByRc2KCkANygpADgoKQA5KCkAOigpADtI
107=AdUYPEgBxVU9yAFVDT5IAdUNP0gB1Q1AKCkAQUgBxQhCSAHFCEPIAUUIREgBxQhFSAHFCE
108=YoKQBHKCkASCgpAEkoKQBKKCkAS0gB1Q1MSAHVI03IAVUNTkgBzTFPSAHNMVBIAc0xUSgp
109=AFIoKQBTKCkAVEgBzTFVSAHNMVZIAdUYV0gB1RhYKCkAWSgpAFooKQBbKCkAXCgpAF0oKQ
110=BeSQGmv1cZACT5XhooKQAbKCkAHCgpAB1JASZYBgECBAAeSAHFEx9JAaJUAlmVICgpACEo
111=KQAiKCkAIygpACQoKQAlKCkAJigpACcoKQAoKCkAKUgBzTEqSAHVLitIAdUuLEgB1S4tKC
112=kALigpAC8oKQAwSQGG5WAkKLUXJCgEQ6gBTTw0TAXFHjVIAcUeNigpADcoKQA4KCkAOSgp
113=ADooKQA7SAHVGDxIAd1XPcgBVQ0+SAHVDT9IAdUNQCgpAEFIAcUIQkgBxQhDyAFFCERIAc
114=UIRUgBxQhGKCkARygpAEgoKQBJKCkASigpAEtIAdUNTEgBJwQMJ3UETlQCzTFPSAHNMVBI
115=Ac0xUSgpAFIoKQBTKCkAVEgBzTFVSAEnBgwkANUYV1QC1RhYKCkAWSgpAFooKQBbKCkAXC
116=gpAF0oKQBeKCkAX0kBpr9XGAAl8WEZKCkAGigpABsoKQAcSAFwYUktHckBAn1iJf0VH1UC
117=or0KICgpACEoKQAiKCkAIygpACQoKQAlKCkAJigpACcoKQAoKCkAKUgBxTQqSAHNMStJAZ
118=ChXCxJAYipAS0oKQAuKCkALygpADBJAYqtBTFIAc0xMkgBxT8zyAFRHzRIAcU0NUgBxR42
119=KCkANygpADgoKQA5KCkAOigpADtIAdUYPEgB1Vo9yAFVDT5IASU5RD9JAae9K0AoKQBBSA
120=El8UVCSAHFCEPIAUUIREgB3RVFSAHdFUYoKQBHKCkASCgpAEkoKQBKKCkAS0gB3RVMSAHV
121=I03IAVUNTkgBzTFPSAHNMVBIAc0xUSgpAFIoKQBTKCkAVEgBzTFVSAHNMVZIAdUYV0gB1R
122=hYKCkAWSgpAFooKQBbKCkAXCgpAF0oKQBeKCkAXygpAGBIActkFwAm6WQYKCkAGSgpABoo
123=KQAbSAFoZEXDHMgBSSIdyQECdWUmKLcMJgCitTkgQATJASEoKQAiKCkAIygpACQoKQAlKC
124=kAJigpACcoKQAoKCkAKUgB3TYqSQEmrV0rSQEDJMVQLCgpAC0oKQAuKCkALygpADAoKQAx
125=SQElsQkySAHdQTPIAVEfNEgB3Vc1SAHdVzYoKQA3KCkAOCgpADkoKQA6KCkAO0gBzV08SA
126=HNXT3IAVUNPkkB2LEqP0kB0KkBQCgpAEFJAdK1AkJIAcUIQ8gBRQhESAHdFUVIAd0VRigp
127=AEcoKQBIKCkASSgpAEooKQBLSAHdFUxIAdUjTcgBVQ1OSAHNMU9IAc0xUCgpAFEoKQBSKC
128=kAUygpAFQoKQBVSAHNMVZIASe0DCedCVhUAt1MWSgpAFooKQBbKCkAXCgpAF0oKQBeKCkA
129=XygpAGAoKQBhSAHDZxYAJ+FnFygpABgoKQAZKCkAGkkBrrkyG0gBJwwNUFlUAkElHdUCAm
130=1oJygNDScoDA0nKQAhTQWiWAZVcCIoKQAjKCkAJCgpACUoKQAmKCkAJygpACgoKQApKCkA
131=KkgBJRE0KygpACwoKQAtKCkALigpAC8oKQAwKCkAMUgBzSYySAEiAHRJFzPIAVEfNEkByX
132=NsBAA1yAFVAjZIASIEb00FNygpADgoKQA5KCkAOigpADsoKQA8SQHKvQo9yAFdCj5JAde5
133=Jz9JARZ8gyI2VCcAyQFBVQLRoQRCSAEJyAAAAAAEAEMAJwDIEQAAAQ8AIAgAAAABBABEAC
134=cA6kgBAgAEAEUAJykARigpAEcoKQBIKCkASSgpAEpJAcmlCEvIAQEBBABMSQG0tQJNyAFV
135=Ak5KAawBWwIEAE9JAaSpAVBJAaapAVFIAVkDAFkRUkgBzQVTSAHNBVQoKQBVKCkAVkkBoq
136=UIVygpAFgoKQBZKCkAWigpAFsoKQBcKCkAXSgpAF4oKQBfKCkAYCgpAGFJAaWhD2JJASao
137=AQMVACgA//9fGAQAFigpABcoKQAYKCkAGUgB2RwaSAHRCRtIAdEJHMgBWScdyAEBAgQAHk
138=kBq7UNH0kBoqkBICgpACEoKQAiKCkAIygpACQoKQAlKCkAJigpACcoKQAoKCkAKSgpACoo
139=KQArKCkALCgpAC0oKQAuKCkALygpADAoKQAxSAHRHzJJAbFUJwECBAAzyAEBAwQANEgBfE
140=xVAjXIAVUCNkgBfFdVIzcoKQA4KCkAOSgpADooKQA7KCkAPEkByrUNPcgBXQo+SQHXsSo/
141=SgEWAkcEBABAKCkAQUkB0aEEQkkByFwDRRNDyAFFCERIAcUTRSgpAEYoKQBHKCkASCgpAE
142=koKQBKSAHFHkvIAV0KTEgBZGtVDU3IAVUCTkgB3UFPSQGipRNQSAHRKlFIAUwUpmsoAM0F
143=U1QCzQVUKCkAVSgpAFYoKQBXKCkAWCgpAFkoKQBaKCkAWygpAFwoKQBdKCkAXigpAF8oKQ
144=BgKCkAYUgByRdiSAHRYWPIAVs9FAAp8WwVKCkAFigpABcoKQAYSAHRbBlIAcUeGkgByQwb
145=SAHJDBzIAUkMHckBAn1tKe0mH1UCor0rICgpACEoKQAiKCkAIygpACQoKQAlKCkAJigpAC
146=dJAae9CigoKQApKCkAKigpACtIAc0QLCgpAC0oKQAuKCkALygpADAoKQAxKCkAMkgB2asz
147=SAHJsTRJAQu5ETXIAUkiNkkB2rUCN0kBrqkBOEkBu6kBOcgBTQU6yAEBAgQAO8gBRVU8SQ
148=EKrQU9yAFNBT5JAdu1Aj9JAdOpAUAoKQBBSQHVtQJCSAHFCEPIAUUIREkBvKEERcgBVQJG
149=yAFNEEfIAU0QSEgByRdJSAHBGkpIAcUeS8gBRQhMSAHNR01IAcElTkkBorUNTygpAFAoKQ
150=BRSAHNBVJIAc0FUygpAFQoKQBVSAHFP1YoKQBXKCkAWCgpAFlIAdEJWigpAFsoKQBcKCkA
151=XSgpAF4oKQBfKCkAYCgpAGFIAdFhYkgB0WFjyAFdIGTIAQMCBAATACrpbxQoKQAVKCkAFi
152=gpABdIAdknGEkBoq0mGSgpABpIAcEPG0gBwQ8cyAFBDx3JAQJ1cCooFw4qAKKxCSBABMkB
153=ISgpACIoKQAjKCkAJCgpACUoKQAmSAHNECdJAbi9CijIAU0QKcoBAgRCASoAYARZSCtQAc
154=GpLEkBorkGLSgpAC4oKQAvKCkAMCgpADEoKQAyKCkAM0gB2RE0SAHNUjXIAVkRNkkB2bUN
155=N0kBrakBOEgBdHABBAQAOcgBAQUEADrJAQZ2cCoAYAQBBwQAPFQCzWg9yAFdCj5IAdE1P0
156=kBpL0KQCgpAEFJAaa1AkJIAcUTQ8gBRQhESAF1cAQiPikqAGgBTRBG1AIBBgQAR8gBTRBI
157=SAHJF0lIAcEaSkgB3QpLyAFdCkxIAcktTUgByS1OKCkATygpAFAoKQBRKCkAUigpAFMoKQ
158=BUSQGloRpVSAFgOwEABABWyAFBD1fIAQECBABYyAFFP1lIAdkRWkkBoqUIWygpAFwoKQBd
159=KCkAXigpAF8oKQBgKCkAYUgB2RFiSAHRYWPIAVkRZMgBAQIEAGVIAdOYEgAr4XITKCkAFC
160=gpABUoKQAWSQGwvRUXSQGiqQEYKCkAGSgpABpIAdkRG0gB2REcyAFZER3JAQJtcysobQ4r
161=KGwOJykAIU0ForUNIigpACMoKQAkKCkAJSgpACZIAc0QJ0gBZDRRSyjKAQUEWZIrgHJRSy
162=rUAlFLK0gBxTQsSAHBDy0oKQAuKCkALygpADAoKQAxKCkAMigpADNJAaW1GDRJAQupATXI
163=AUkiNkgByVk3SAHBXDhIAWlvCG1zK5VwCWxzqgEKBETkqQELb3MrAAq9Cj1YBmgBXQo+SQ
164=GrtQI/SAHBGkAoKQBBSAHFE0JIAXgGSVlDyAFFCERIAWByTRBFyAFNEEbIAU0QR8gBAQsE
165=AEhIAckXSUgBwRpKSAHFHkvIAV0KTEkBq6UTTUgBxRNOKCkATygpAFAoKQBRKCkAUigpAF
166=MoKQBUSAHBGlVIAcU/VsgBAQUEAFfIAUU/WMgBRT9ZSAHZEVpIAdkRWygpAFwoKQBdKCkA
167=XigpAF8oKQBgKCkAYUkBpbkcYkgB0WFjyAFdIGTJAQJucysA2SdmVQIGIvgwAgMAEQAs+X
168=QSKCkAEygpABQoKQAVSQEkIsMuAwAWSQEoqQEXSQGvrRAYSQGiqQEZKCkAGkgB0RQbSAHR
169=FBzIAVEUHckBAmV2LCjHDiwAp7EJIEAEyQEhKCkAIigpACMoKQAkKCkAJSgpACZIAc0QJ0
170=gBfDZJTijIAUlOKcgBSU4qygELBFgkJzkCLFQCzRAtKCkALigpAC8oKQAwKCkAMSgpADIo
171=KQAzSAHZETRIAd1XNcgBSSI2SAHBXDdIAd02OEgBZXYMZXYshXYNZHapAQ5kdqoBDwRV6S
172=woxA6oAV0KPkUIq7EqP0kBoqkBQCgpAEFIAcUTQkgBJ8QOJwUBRFQCZHZNEEXIAU0QRsgB
173=TRBHyAFNEEhJAa2pDElIAcEaSkgBxR5LyAFFE0xIAcUTTUgByS1OKCkATygpAFAoKQBRKC
174=kAUigpAFMoKQBUSAHBGlVIAcU/VsgBRT9XyAFFP1jIAQELBABZSQGrqRdaSAHZEVsoKQBc
175=KCkAXSgpAF4oKQBfKCkAYCgpAGFIAdkRYkgB0WFjyAFdIGTJAQJldiwoxg4sAMV2Z0EErq
176=cTEAAt8XcRKCkAEigpABMoKQAUSQGNpXYVSQGHqQEWSAHJehdIAcl6GEkBr6kMGUkBoqkB
177=GkgByRcbSAHJFxzIAUkXHckBAn14LekXH1UCtaUIIMgBTQUhyAFNBSLIAQEDBAAjyAFV6S
178=TIAQEFBAAlyAFNqiZJAa2xCSdIAXQ5QVEoyQENZe8the8OIlQsqQEPfHgnOQIsTAXZES3I
179=AVkRLsgBWREvyAFZETDIAVkRMcgBWREyyAFZETNJAa25ETRIAdVaNcgBXQo2SAHZXjdIAc
180=0FOEgBfXgQfXgtnXgRfHipARJ8eKkBE354LQDdCj1YBmgBXQo+SAHZUz9JAaKtEEAoKQBB
181=SQGltQJCSAEnHQ8tkIJFCERUAnx4TRBFyAFNEEbIAU0QR8gBTRBISAHJF0lIAcEaSkgBeB
182=FF+kvIAV0KTEgBzQVNSAHJLU7IAUEET8gBAQIEAFDIAUktUcgBSS1SyAEBBQQAU8gBSS1U
183=SAHdClVIAcU/VskBDWTvuD1FP1jUAkU/WUkBrb0gWkgB2RFbyAFZEVzIAVkRXcgBWRFeyA
184=FZEV/IAVkRYMgBWRFhSAHdCmJIAdFhY8gBXQpkyAFdCmVIAc0FZkgBJx8PLQCxpRNoVAJ8
185=cUcpDwAu6XoQKCkAESgpABIoKQATSQGNfwYDABRJAYOpARUoKQAWSAHBfRdIAcF9GEgBwX
186=0ZSQGvrRAaSQGlqQEbSAHBGhzIAUEaHcgBQRoeSQGtrQUfSAFwKgEHBAAgyAFB6yHIAVmr
187=IsgBWasjyAEBCwQAJMgBUXclyAEBDQQAJkkBrb0KJ0gBbDxZUyjJARF1ey6Ue1lTKtQCWV
188=MrSAHZBixIAdkRLcgBWREuyAFZES/IAVkRMMgBWRExyAFZETLJAQ0ipVcu8Zg0VALNXTXI
189=AUkiNkgB0WE3SQGtqRc4SAF1exR1ey6VexV0e6kBFnR7qQEXd3suALJ/NgQAPVgGaAFdCj
190=5IAdkyP0kBp70KQCgpAEFJAam1AkJJAbOlCEPIAUUIREgBdHtNEEXIAU0QRsgBTRBHyAFN
191=EEhIAckXSUgBwRpKSAHFHkvIAV0KTEgBzQVNSQG1TBABBwQATsgBSS1PyQEJdnsuAGAESS
192=1R1AJJLVLIAUktU8gBAQ0EAFRJAa1QCUVgVUgBxT9WyAFFP1fIAUU/WMgBRT9ZSAHZBlpI
193=AXQNWRFbyAFZEVzIAVkRXcgBWRFeyAFZEV/IAVkRYMgBAQ0EAGFJAa25EWJIAdFhY8gBXS
194=BkyAFRYWVIAc0FZkgBJ3cPLgCPezIDAGhUAmQBTRtpKCsADgAv4X0PKCkAECgpABEoKQAS
195=SQGNawgDABNIAcF9FCgpABUoKQAWKCkAF0kBh7kGGEgB2X8ZSAHZfxpJAa25HBtIAdkcHM
196=gBWRwdyAFZHB5IAc0FH0gBaC1FrSDIAQEPBAAhyAFFdiLIAV02I8gBXTYkyAFdNiXIAVlT
197=JkgB3QonSAFkP1UCKMkBFW1+L4x+UVYq1AJRVitIAdkGLEkBtVQYWREtyAFZES7IAVkRL8
198=gBWREwyAFZETHIAVkRMsgBQQ8zSAHdCjRIAcVgNcgBSSI2SAHJZDdIAc0FOEgBbX4YbX4v
199=jX4ZbH6pARpsfqkBG21+L4x+USo9WAZsfgEDBAA+SQG/UDVJDD9IASKQZUFGQMgBVQJBSQ
200=G5QARVAkLIAVUCQ0gBeH9FCERIAWx+TRBFyAFNEEbIAU0QR8gBTRBISAHJF0lIAcEaSkgB
201=xR5LyAFJDExIAc0FTUgByS1OyAFJLU/IAUktUMgBSS1RyAFJLVLIAUktU8gBSS1USAHdCl
202=VJAbhIOFUCVskBFWT6J+UHWNQCRT9ZSAHZBlpJAbVYBkU/W8gBWRFcyAFZEV3IAVkRXsgB
203=WRFfyAFZEWDIAUEPYUgB3QpiSAHRYWPIAV0gZMgBXTZlSAHNBWZIASfPDy8AjGQ0b34vAI
204=WpAWlABNVwakgBcAJLOA0AMPl/DigpAA8oKQAQKCkAEUkBjX8GAwASSQGDqQETKCkAFCgp
205=ABUoKQAWKCkAFygpABhIAdkRGUkBACQZQBpJAa1EKUUTG0gB0R8cyAFRHx3IAVEfHkgBzQ
206=UfSAFhMBV1/zCUvVl0IdQCUTUiyQEYImwvoARNUiTUAkxSCiUAMAC1AQAAGwQAJgARAABG
207=DgAgAAMwALEBAAAABAAnADAAuAEAABgEACjIAQEZBAApyAEBGgQAKsgBARsEACtIAdkGLE
208=kBtVgGARUEAC3IAQEWBAAuyAEBFwQAL8gBXQowyAFdCjHIAV0KMsgBXQozSQGtUAlZETRJ
209=AQupATXIAQEBBAA2SQHZtQI3SQGvqQE4SQGoqQE5KCkAOigpADsoKQA8SQGqrQU9SAEFvw
210=AAAAIEAD7IAQEDBAA/SQHJtQJAyAFVAkFJAbm1AkLIAVUCQ0kBsLEJREgBzRBFKCkARigp
211=AEcoKQBISQGpuQZJSAHBGkpIAcUeS8gBRR5MSAHJIk1JAbVYBgEVBABOyAFJLU/IAUktUM
212=gBSS1RyAFJLVLIAUktU8gBSS1USAHJOFVJAbhcCgEYBABWyAFZBlfIAVkGWMgBWQZZSAHZ
213=BlpJAbVYBgEVBABbyAFZEVzIAVkRXcgBXQpeyAFdCl/IAV0KYMgBXQphSAHZHGJJASZcCl
214=FAY8gBXSBkyAFRNWVIAc0FZkoBBgJfMgMAZ0kBjEQBAQADAGhJAYOpAWkoKQBqSQGHtQJr
215=SAFkAUgMAwwAMQD//1MBBAANKCkADigpAA8oKQAQSQGNSAVJDBFIAckMEigpABMoKQAUKC
216=kAFSgpABYoKQAXKCkAGEkBhr0KGUkBAKEaGkkBrb0gG0gBySIcyAFJIh3IAUkiHkkBq60F
217=H0kBpKkBIEkBpqkBIUkBsWsMBAAiyAFFCCNJAeq1AiQoKQAlKCkAJigpACcoKQAoSQHMuQ
218=YpyAFRCSpIAdEJKygpACwoKQAtKCkALigpAC9JAbSxCTDIAVEJMUkBrKkXMkgBwRozSQGl
219=tQI0SAHVZTXIAVkGNkkB26EEN0kB1KkBOCgpADkoKQA6KCkAO0kB1q0FPEkB96kBPUkB76
220=kBPkkB8akBP0kBBqkBQMgBQQ9BSAHZBkJIAdkGQ0gB2QZESQHcuQZFSAHFE0YoKQBHKCkA
221=SCgpAElJAdW5BkpIAcUeS8gBQQ9MSAHFP01IAcElTkgBxT9PSAHFP1DIAVkGUUgB0TVSKC
222=kAUygpAFQoKQBVKCkAVkgBxT9XyAFRCVhIAdEJWSgpAFooKQBbKCkAXCgpAF1IAcU/XsgB
223=UQlfSAHFP2BIAcEaYUgBxT9iSAHRYWPIAVkGZMgBUWFlSAHBZ2ZIASd/EDEAjHxMfoMxAN
224=F3aUAEyQFqKCkAa0gByYVsSAF0BkuFCwAy6YUMKCkADSgpAA4oKQAPSQGNfwYDABBIAckM
225=ESgpABIoKQATKCkAFCgpABUoKQAWKCkAFygpABhJAYapDBlIASfXEDIAraFGG1QCwSUcyA
226=FBJR3IAUElHkgBzUcfSQGiuQYgSAHJLSFIAW1HAnaGMgBoAQEDBAAjVAJ4PVEJJCgpACUo
227=KQAmKCkAJygpAChIAWxHUQkpyAFRCSpIAdEJKygpACwoKQAtKCkALigpAC9IAWxHUQkwyA
228=FRCTFIAcEaMkkBoqEaM0gBwRo0SAHNaDXIAVUYNkkBrK0FN0gByU44KCkAOSgpADooKQA7
229=SQGmuQY8SQH2qQE9SQHtqQE+SQHwqQE/SAHBD0DIAUEPQUgB2QZCSAHZBkNIAdkGREgBxR
230=NFSAHFE0YoKQBHKCkASCgpAElIAcUTSkgBwQ9LyAFBD0xIAcElTUgBwSVOSAHBJU9IAXg9
231=AQIEAFDIAV0rUUgB0TVSKCkAUygpAFQoKQBVKCkAVkgBxT9XyAFRCVhIAdEJWSgpAFooKQ
232=BbKCkAXCgpAF1IAcU/XsgBUQlfSAHBGmBJAaK1LmFIAcEaYkgB0WFjyAFdIGTIAQECBABl
233=SAHBZ2ZIASfVEDIo1RAyKNQQJykAak0Fg7VwaygpAGxIAcGIbUgBfANDiAoAM+GICygpAA
234=woKQANKCkADkkBjX8GAwAPSAHJDBAoKQARKCkAEigpABMoKQAUKCkAFSgpABYoKQAXKCkA
235=GEkBhrUNGUgBJy0RMyguETMA2SccQARoAVknHcgBWSceSAElOS4fSQGnoTAgKCkAIUgBJY
236=EsIigpACMoKQAkKCkAJSgpACYoKQAnSAEl6S4oSAHVWinIAVkRKkgBJTkuK0gB1Q0sKCkA
237=LSgpAC4oKQAvKCkAMCgpADFIAdUYMigpADNIASXpLjRJATVYHEEPNcgBXSA2SAHdIDdIAc
238=UIOCgpADkoKQA6KCkAO0gB3Qo8SQH6XApBRj1JAfKpAT5JAfSpAT9IAdEfQMgBTRBBSAHZ
239=BkJIAdkGQ0gB2QZESAHFE0VIAcUTRigpAEcoKQBIKCkASUgBxRNKSAHFHkvIAUUeTEgB3Q
240=pNSAHdCk4oKQBPSAHNMVAoKQBRKCkAUigpAFMoKQBUKCkAVUgBxT9WSAHRH1fIAVEfWEgB
241=xT9ZSAHVDVooKQBbKCkAXCgpAF0oKQBeKCkAX0gB1RhgKCkAYUgB3SBiSQExrTFjyAFNEG
242=TIAUkiZUgBJZU0ZkgBJy0RMygtETMoLBEnKQBqTAXBfWsoKQBsKCkAbUkBh7l0bkgBZAFX
243=RAkANPmKCigpAAsoKQAMKCkADUgB2YoOSAHVDQ8oKQAQKCkAESgpABIoKQATKCkAFCgpAB
244=UoKQAWKCkAFygpABhIASeGETQAJ4URNCiHETQALrEqHEwFaAFRKh3IAVEqHsgBAQMEAB9J
245=ASWtBSAoKQAhKCkAIigpACMoKQAkKCkAJSgpACYoKQAnKCkAKEkBKqkMKcgBWREqyAFZES
246=tIAc0QLCgpAC0oKQAuKCkALygpADAoKQAxKCkAMigpADNIAXJsBARCATQAaAEBBQQANVAB
247=aQEGIgxEtAIBBwQAN1QCzRA4KCkAOSgpADooKQA7KCkAPCgpAD0oKQA+SAHFHj/IAUUeQM
248=gBRR5BSAHVDUIoKQBDKCkARCgpAEUoKQBGKCkARygpAEgoKQBJSAFsG0UeSsgBRR5LyAFF
249=HkzIAUUeTUgBzRBOKCkATygpAFAoKQBRKCkAUigpAFMoKQBUSAHFHlXIAUUeVkgBeBFNEF
250=fIAU0QWEgBwQ9ZKCkAWigpAFsoKQBcKCkAXSgpAF4oKQBfKCkAYCgpAGEoKQBiSAFkjE1d
251=Y8gBVSNkyAFFE2VIAdl/ZkgBJ4URNCiFETQohBEnKQBqTQWDfwYDAGsoKQBsKCkAbUkBhq
252=EEbkgBZAFFjG8oKQAISFElvUQJKCkACigpAAsoKQAMSAHRjQ1IAcEPDigpAA8oKQAQKCkA
253=ESgpABIoKQATKCkAFCgpABUoKQAWKCkAFygpABhIAcEaGUgBJ90RNSjdETWcjl0rHEAEfI
254=5dKx3IAQEGBAAeyAFVTx9IAXBAVUQgKCkAISgpACIoKQAjKCkAJCgpACUoKQAmKCkAJygp
255=AChIAW1SAyLuVTUAaAFFEyrUAkUTK0gBzRAsKCkALSgpAC4oKQAvKCkAMCgpADEoKQAyKC
256=kAM0gBeV4IfY41nY4JfI6pAQp8jqkBC36ONQDNEDhYBskBOSgpADooKQA7KCkAPCgpAD0o
257=KQA+SAF4HEUeP8gBRR5AyAFFHkFIAckMQigpAEMoKQBEKCkARSgpAEYoKQBHKCkASCgpAE
258=lIAcUeSsgBRR5LyAFFHkzIAUUeTUgBzRBOKCkATygpAFAoKQBRKCkAUigpAFMoKQBUSAHF
259=HlXIAUUeVsgBRR5XSAHVDVgoKQBZKCkAWigpAFsoKQBcKCkAXSgpAF4oKQBfKCkAYCgpAG
260=EoKQBiSAF8jlleY8gBWV5kyAFJQ2VIAdGCZkgBJ90RNSjdETUo3BEnKQBqTQWDfAZ8jidV
261=AGwoVQBtKCkAbkkBh60Fb0gBZAFJkHAoKwAHADYmvSMIKCkACSgpAAooKQALSQEiawgDAA
262=xJAZCpAQ1IAdkRDigpAA8oKQAQKCkAESgpABIoKQATKCkAFCgpABUoKQAWKCkAFygpABhJ
263=AYatEBlIASc1EjYoNRI2lJFJLRxABHSRTVIdyAFNUh7IAU1SH0gBdERJ8yAoKQAhKCkAIi
264=gpACMoKQAkKCkAJSgpACYoKQAnKCkAKEgBZVUGdZE2lZEHIiRoqAFRFCtABM0QLCgpAC0o
265=KQAuKCkALygpADAoKQAxKCkAMigpADNIAW1zDHWRNpWRDXSRqQEOdJGpAQ91kTaUkV0gOF
266=gG2RE5KCkAOigpADsoKQA8KCkAPSgpAD5IAcUeP8gBRR5AyAFFHkFIAckMQigpAEMoKQBE
267=KCkARSgpAEYoKQBHKCkASCgpAElIAcUeSsgBRR5LyAFFHkzIAUUeTUgBzRBOKCkATygpAF
268=AoKQBRKCkAUigpAFMoKQBUSAHFHlXIAUUeVsgBRR5XSAHVDVgoKQBZKCkAWigpAFsoKQBc
269=KCkAXSgpAF4oKQBfKCkAYCgpAGEoKQBiSAF0kUVgY8gBRWBkyAFFYGVIAXRpXYNmSAEnNR
270=I2KDUSNig0EicpAGpMBdl/aygpAGwoKQBtKCkAbigpAG9JAYd7DQMAcEgBZAFBD3EoKwAG
271=ADfhkwcoKQAIKCkACSgpAApJAa4kfTELSQEmdAlulDcA2ZUNVALZlQ5IAd0VDygpABAoKQ
272=ARKCkAEigpABMoKQAUKCkAFSgpABYoKQAXKCkAGEkBhrkRGUgBJ48SNwCrvRUbVQKkqQEc
273=KCkAHSgpAB4oKQAfKCkAICgpACEoKQAiKCkAIygpACQoKQAlKCkAJigpACdJAaatEChIAS
274=I8Sk0xKckBAW2UNyPASlGCK1UCrK0FLEgByRctKCkALigpAC8oKQAwKCkAMSgpADIoKQAz
275=KCkANCgpADUoKQA2KCkANygpADgoKQA5KCkAOigpADsoKQA8KCkAPUgBxR4+SAHFHj/IAU
276=UeQMgBRR5BSAHFHkJIAcUeQygoAAdEADcApAEAAAAEEQAA1gwAIAoARQA3AKQBAAAABABG
277=KCkARygpAEgoKQBJKCkASigpAEsoKQBMKCkATSgpAE4oKQBPKCkAUCgpAFEoKQBSKCkAU0
278=sBpgEAZRNUSQEmqQFVyAEBAQQAVsgBAQIEAFdJAayhBFhJAaSpAVkoKQBaKCkAWygpAFwo
279=KQBdKCkAXigpAF8oKQBgKCkAYSgpAGIoKQBjKCkAZCgpAGVIAdUYZkoBBgJDGgMAZ0kBjE
280=QBAQADAGhJAYOpAWkoKQBqKCkAaygpAGwoKQBtKCkAbigpAG8oKQBwSQGHvQpxSAFkAU08
281=cigoAAMFADgA//9fAgQABigpAAcoKQAIKCkACUkBrLEqCkkBoqkBC0gBzRsMSQEmTAlBGg
282=1JASKpAQ5JAZCpAQ9IAdkcECgpABEoKQASKCkAEygpABQoKQAVKCkAFigpABcoKQAYSQGG
283=tQ0ZSQEAqS0aSQGrvRUbSAHJFxwoKQAdKCkAHigpAB8oKQAgKCkAISgpACIoKQAjKCkAJC
284=gpACUoKQAmKCkAJ0kBpbkRKEgB1VopyAFVWirIAQECBAArSAHJFyxJAaK5Bi0oKQAuKCkA
285=LygpADAoKQAxKCkAMigpADMoKQA0KCkANSgpADYoKQA3KCkAOCgpADkoKQA6KCkAOygpAD
286=woKQA9SAHFHj5IAcUeP8gBRR5AyAEBAgQAQUgBxR5CSQGipR5DKCkARCgpAEUoKQBGKCkA
287=RygpAEgoKQBJKCkASigpAEsoKQBMKCkATSgpAE4oKQBPKCkAUCgpAFEoKQBSKCkAU0gBxR
288=5USAHFHlXIAUUeVskBAmaXOADFHlhVAqKlHlkoKQBaKCkAWygpAFwoKQBdKCkAXigpAF8o
289=KQBgKCkAYSgpAGIoKQBjKCkAZCgpAGVIAdUYZkgBJ+cSOACMsWxoVALJemkoKQBqKCkAay
290=gpAGwoKQBtKCkAbigpAG8oKQBwKCkAcUkBhbUNcigpAHNIAcubBAA58ZgFKCkABigpAAco
291=KQAISQGsvSsJSAHJLQooKQALKCkADEkBpq0FDUgByZsOSAHJmw9IAcmbEEkBiLEUESgpAB
292=IoKQATKCkAFCgpABUoKQAWKCkAFygpABhJAYq9ChlIASc9EznhRhtUAtUYHCgpAB0oKQAe
293=KCkAHygpACAoKQAhKCkAIigpACMoKQAkKCkAJSgpACYoKQAnSQGloSUoSAHNXSnIAU1dKs
294=kBAnyZJ+kCLFUCorkGLSgpAC4oKQAvKCkAMCgpADEoKQAyKCkAMygpADQoKQA1KCkANigp
295=ADcoKQA4KCkAOSgpADooKQA7KCkAPCgpAD1IAcUePkgBxR4/yAFFHkDJAQJ8mSfFA0JVAq
296=KlHkMoKQBEKCkARSgpAEYoKQBHKCkASCgpAEkoKQBKKCkASygpAEwoKQBNKCkATigpAE8o
297=KQBQKCkAUSgpAFIoKQBTSAHFHlRIAcUeVcgBRR5WyQECfJknxQNYVQKipR5ZKCkAWigpAF
298=soKQBcKCkAXSgpAF4oKQBfKCkAYCgpAGEoKQBiKCkAYygpAGQoKQBlSAHVGGZIASc+EzkA
299=3XhoVALdeGkoKQBqKCkAaygpAGwoKQBtKCkAbigpAG8oKQBwKCkAcSgpAHIoKQBzKCkAdE
300=kBi69+AwA66ZsEKCkABSgpAAYoKQAHSAHJmwhIAdUuCSgpAAooKQALKCkADCgpAA1IAcGe
301=DkgBwZ4PSQEDJB0lECgpABEoKQASKCkAEygpABQoKQAVKCkAFigpABcoKQAYKCkAGUkBJb
302=EfGkkBq61HG0gBwRocKCkAHSgpAB4oKQAfKCkAICgpACEoKQAiKCkAIygpACQoKQAlKCkA
303=JkkBp60QJ0gBzUcoSAHFYCnIAUVgKskBAnWcOuG0LFQCxQgtSQGisQkuKCkALygpADAoKQ
304=AxKCkAMigpADMoKQA0KCkANSgpADYoKQA3KCkAOCgpADkoKQA6KCkAOygpADwoKQA9SAHF
305=Hj5IAcUeP8gBRR5AyQECdJwnxQNCVQKiuRxDKCkARCgpAEUoKQBGKCkARygpAEgoKQBJKC
306=kASigpAEsoKQBMKCkATSgpAE4oKQBPKCkAUCgpAFEoKQBSSAHFNFNIAcUeVEgBxR5VyAFF
307=HlbJAQJ0nCfFA1hUAsUIWUkBorEfWigpAFsoKQBcKCkAXSgpAF4oKQBfKCkAYCgpAGEoKQ
308=BiKCkAYygpAGQoKQBlSAHVGGZIAd14Z0gB3XhoKCkAaSgpAGooKQBrKCkAbCgpAG0oKQBu
309=KCkAbygpAHAoKQBxKCkAcigpAHMoKQB0KCkAdSgrAAIAO+GeAygpAAQoKQAFKCkABkkBsK
310=ktB0gBwTAIKCkACSgpAAooKQALKCkADCgpAA0oKQAOSQGovQoPKCkAECgpABEoKQASKCkA
311=EygpABQoKQAVKCkAFigpABcoKQAYKCkAGSgpABpIAcEaGygpABwoKQAdKCkAHigpAB8oKQ
312=AgKCkAISgpACIoKQAjKCkAJCgpACVJAamxHyZIAWSxAQAEACdJAbG1AihIAd1iKcgBXWIq
313=yQECbp87AM0FLFQCxQgtSQGvpQguSAHNGy8oKQAwKCkAMSgpADIoKQAzKCkANCgpADUoKQ
314=A2KCkANygpADhJAaKhDzkoKQA6KCkAOygpADwoKQA9SAHNaD5IAcUeP8gBRR5AyQECbZ87
315=9b1CVQKitQ1DKCkARCgpAEUoKQBGKCkAR0gBySJIKCkASSgpAEooKQBLKCkATCgpAE0oKQ
316=BOKCkATygpAFAoKQBRSQGpsRRSSAHFNFNJAbG1AlRIAcUeVcgBRR5WyQECbJ8njQdYVALF
317=CFlJAa+lCFpIAcEaWygpAFwoKQBdKCkAXigpAF8oKQBgKCkAYSgpAGIoKQBjKCkAZCgpAG
318=VIAc0bZkgBxRNnKCkAaCgpAGkoKQBqKCkAaygpAGwoKQBtKCkAbigpAG8oKQBwKCkAcSgp
319=AHIoKQBzKCkAdCgpAHUoKQB2KCsAAQA8+aACKCkAAygpAAQoKQAFSAHZHAYoKQAHKCkACC
320=gpAAkoKQAKKCkACygpAAwoKQANKCkADigpAA8oKQAQKCkAESgpABIoKQATKCkAFCgpABUo
321=KQAWKCkAFygpABgoKQAZKCkAGigpABsoKQAcKCkAHSgpAB4oKQAfKCkAICgpACEoKQAiKC
322=kAIygpACQoKQAlKCkAJigpACcoKQAoSAHVZSnIAVVlKsgBVWUrSAHFNCwoKQAtKCkALigp
323=AC8oKQAwKCkAMSgpADIoKQAzKCkANCgpADUoKQA2KCkANygpADhJAau5dDlJAaKpATooKQ
324=A7KCkAPCgpAD1IASdGFDwAxR4/VAJoAUUeQMkBAmWiPChHFDwAoqkMQ0AEyQFEKCkARSgp
325=AEZIAckMR0gBzSZIKCkASSgpAEooKQBLKCkATCgpAE0oKQBOKCkATygpAFAoKQBRKCkAUi
326=gpAFMoKQBUSAF4HAEABABVyAFFHlbJAQJlojyYFUEEWFQCjwEEAFkoKQBaKCkAWygpAFwo
327=KQBdKCkAXigpAF8oKQBgKCkAYSgpAGIoKQBjKCkAZCgpAGUoKQBmKCkAZygpAGgoKQBpKC
328=kAaigpAGsoKQBsKCkAbSgpAG4oKQBvKCkAcCgpAHEoKQByKCkAcygpAHQoKQB1KCkAdigp
329=AHcoKwACAD3xowMoKQAESAHVLgUoKQAGKCkABygpAAgoKQAJKCkACigpAAsoKQAMKCkADS
330=gpAA4oKQAPKCkAECgpABEoKQASKCkAEygpABQoKQAVKCkAFigpABcoKQAYKCkAGSgpABoo
331=KQAbKCkAHEkBrL1tHUgBJRlsHigpAB8oKQAgKCkAISgpACIoKQAjKCkAJCgpACUoKQAmSA
332=ElyUAnSAHBMChIAdVlKcgBVWUqyAFVZStIAc0FLCgpAC0oKQAuKCkALygpADAoKQAxKCkA
333=MigpADMoKQA0KCkANSgpADYoKQA3KCkAOEgBJ0UUPfmVOlUCoqUpOygpADwoKQA9SAHZlT
334=5IAcUeP8gBRR5AyQECZaI9KEQUJ4kBQ0EEoqkMRCgpAEUoKQBGSAHJDEdIAc0mSCgpAEko
335=KQBKKCkASygpAEwoKQBNKCkATigpAE8oKQBQKCkAUSgpAFIoKQBTKCkAVEgBxR5VyAFFHl
336=bJAQJloj2YFYSiJykAWUAEmwIEAFooKQBbKCkAXCgpAF0oKQBeKCkAXygpAGAoKQBhKCkA
337=YigpAGMoKQBkKCkAZSgpAGYoKQBnKCkAaCgpAGkoKQBqKCkAaygpAGwoKQBtKCkAbigpAG
338=8oKQBwKCkAcSgpAHIoKQBzKCkAdCgpAHUoKQB2KCkAdygpAHgoKwADAD6YK1UuBCgpAAUo
339=KQAGKCgABAcAPgAAAAARAADfDAAgBgAABAAIAD4AAGAAAgQACQA+YAF1AgooKQALKCkADC
340=gpAA0oKQAOKCkADygpABAoKQARKCkAEigpABMoKQAUKCkAFSgpABYoKQAXKCkAGCgpABko
341=KQAaKCkAGygpABxKAasBTxoEAB1JAaKpAR4oKQAfKCkAICgpACEoKQAiKCkAIygpACQoKQ
342=AlKCkAJkkBpakMJ0gBWA5lKShJASa1AinIAQEBBAAqyAEBAgQAK0gBzQUsKCkALSgpAC4o
343=KQAvKCkAMCgpADEoKQAyKCkAMygpADQoKQA1KCkANigpADcoKQA4SAHNJjlJAaKpFzooKQ
344=A7KCkAPCgpAD1IAdEfPkgBxR4/yAFFHkDIAQECBABBSAHJDEJJAaKpDEMoKQBEKCkARSgp
345=AEZIAckMR0gBzSZIKCkASSgpAEooKQBLKCkATCgpAE0oKQBOKCkATygpAFAoKQBRKCkAUi
346=gpAFMoKQBUSAHFHlXIAUUeVsgBAQIEAFdIAd0VWCgpAFkoKQBaKCkAWygpAFwoKQBdKCkA
347=XigpAF8oKQBgKCkAYSgpAGIoKQBjKCkAZCgpAGUoKQBmKCkAZygpAGgoKQBpKCkAaigpAG
348=soKQBsSQGytTltSAHFHm4oKQBvKCkAcCgpAHEoKQBySAHFCHNIAcUIdCgpAHUoKQB2KCkA
349=dygpAHgoKQB5KCsABAA/jAlBngUoKQAGKCkABygpAAgoKQAJKCkACigpAAsoKQAMKCkADS
350=gpAA4oKQAPKCkAECgpABEoKQASKCkAEygpABQoKQAVKCkAFigpABcoKQAYKCkAGSgpABoo
351=KQAbKCkAHEkBr6U0HUkBp6kBHigpAB8oKQAgKCkAISgpACIoKQAjKCkAJCgpACUoKQAmSQ
352=GpqQwnSAGHMAQAKEgB1WUpyAFVZSrIAVVlK0gBzQUsKCkALSgpAC4oKQAvKCkAMCgpADEo
353=KQAyKCkAMygpADQoKQA1KCkANigpADcoKQA4SAHZlTlJAaKhGjooKQA7KCkAPCgpAD1IAd
354=mVPkgBxR4/yAFFHkDJAQJmoj8AyQxCVQKiqQxDKCkARCgpAEUoKQBGSAHJDEdIAc0mSCgp
355=AEkoKQBKKCkASygpAEwoKQBNKCkATigpAE8oKQBQKCkAUSgpAFIoKQBTKCkAVEgBxR5VyA
356=FFHlbJAQJkoidBDlhUAskXWSgpAFooKQBbKCkAXCgpAF0oKQBeKCkAXygpAGAoKQBhKCkA
357=YigpAGMoKQBkKCkAZSgpAGYoKQBnKCkAaCgpAGkoKQBqKCkAaygpAGwoKQBtKCkAbigpAG
358=8oKQBwKCkAcSgpAHIoKQBzKCkAdCgpAHUoKQB2KCkAdygpAHgoKQB5KCsABQBAkC5FogYo
359=KQAHKCkACCgpAAkoKQAKKCkACygpAAwoKQANKCkADigpAA8oKQAQKCkAESgpABIoKQATKC
360=kAFCgpABUoKQAWKCkAFygpABgoKQAZKCkAGigpABsoKQAcKCkAHSgpAB4oKQAfKCkAICgp
361=ACEoKQAiKCkAIygpACQoKQAlKCkAJigpACcoKQAoSAHJZCnIAUlkKsgBSWQrSAGLNAQALC
362=gpAC0oKQAuKCkALygpADAoKQAxKCkAMigpADMoKQA0KCkANSgpADYoKQA3KCkAOEgBzZQ5
363=SQGirZQ6KCkAOygpADwoKQA9SAHNlD5IAcUeP8gBRR5AyQECeaBAKBsUQACiqQxDQATJAU
364=QoKQBFKCkARkgByQxHSAHNJkgoKQBJKCkASigpAEsoKQBMKCkATSgpAE4oKQBPKCkAUCgp
365=AFEoKQBSKCkAUygpAFRIAcUeVcgBRR5WyQECeKAnFQ5YVALJF1koKQBaKCkAWygpAFwoKQ
366=BdKCkAXigpAF8oKQBgKCkAYSgpAGIoKQBjKCkAZCgpAGUoKQBmKCkAZygpAGgoKQBpSQGw
367=sTVqSQGoqQFrKCkAbCgpAG0oKQBuKCkAbygpAHAoKQBxKCkAckkBqr0Kc0gBwSV0KCkAdS
368=gpAHYoKQB3KCkAeCgoAAEGAEEAJZUpB0oBCAJbCQMACEkBCakBCSgpAAooKQALKCkADCgp
369=AA0oKQAOKCkADygpABAoKQARKCkAEigpABMoKQAUSQEoVBEBAAMAFUkBrKUeFkkBpKkBFy
370=gpABgoKQAZKCkAGigpABsoKQAcKCkAHSgpAB4oKQAfKCkAICgpACEoKQAiKCkAIygpACQo
371=KQAlSQGmsRQmSAFwGE3LJ0kBrrUCKEgB0WEpyAFRYSrIAVFhK0gB2QYsKCkALUgB3SAuSA
372=HdIC8oKQAwKCkAMSgpADIoKQAzKCkANCgpADUoKQA2KCkANygpADhJAaKpFzkoKQA6KCkA
373=OygpADwoKQA9SAHVkT5IAcUeP8gBRR5AyQECYZ5BKMETQSjAEycpAERNBaKtEEUoKQBGKC
374=kAR0gBySJIKCkASSgpAEooKQBLKCkATCgpAE0oKQBOKCkATygpAFAoKQBRSAHNPFJIAdE1
375=U0gBzTxUSAHFHlXIAUUeVskBAmKeQQDNBVhUAsUIWUgBzTxaSAHBGlsoKQBcKCkAXSgpAF
376=4oKQBfKCkAYCgpAGEoKQBiKCkAYygpAGQoKQBlSAHNG2ZJASdrEwMAZ0gB0YJoKCkAaSgp
377=AGooKQBrKCkAbCgpAG0oKQBuKCkAbygpAHAoKQBxKCkAcigpAHMoKQB0SAFgE0VrdSgpAH
378=YoKQB3KCgAAgcAQgAHvZkISAHdKwlIAdkcCkkBkXcJAwALSQGFqQEMKCkADSgpAA4oKQAP
379=KCkAECgpABEoKQASKCkAE0kBh70KFEkBALkRFUgBJSkhFkkBoqFcFygpABgoKQAZKCkAGi
380=gpABsoKQAcKCkAHSgpAB4oKQAfKCkAICgpACEoKQAiKCkAIygpACQoKQAlKCkAJkgB2VMn
381=SQGlqRcoSAHZXinIAVleKskBAiKST0IAwTAsVALFCC1JAaKlCC4oKQAvKCkAMCgpADEoKQ
382=AyKCkAMygpADQoKQA1KCkANigpADcoKQA4KCkAOSgpADooKQA7KCkAPCgpAD1IAcUePkgB
383=xR4/yAFFHkDJAQJpm0IoaRNCKGgTJykARE0ForEfRSgpAEYoKQBHKCkASCgpAEkoKQBKKC
384=kASygpAEwoKQBNKCkATigpAE8oKQBQKCkAUSgpAFJIAcU0U0gBxR5USAHFHlXIAUUeVskB
385=AmibJ8UDWFQCxQhZSQGiuRxaKCkAWygpAFwoKQBdKCkAXigpAF8oKQBgKCkAYSgpAGIoKQ
386=BjKCkAZCgpAGVIAdUYZkkBBrVwZ0kBja1zaEkBhakBaSgpAGooKQBrKCkAbCgpAG0oKQBu
387=KCkAbygpAHAoKQBxSAHFgXJIASX5JXNIAXwOXZl0KCkAdSgpAHYoKAABCABDACXtSglIAd
388=EqCkgB3ZkLSQGMdwkDAAxJAYOpAQ0oKQAOKCkADygpABAoKQARKCkAEigpABNJAYaxCRRI
389=AScRE0PhXBZUAtkRFygpABgoKQAZKCkAGigpABsoKQAcKCkAHSgpAB4oKQAfKCkAICgpAC
390=EoKQAiKCkAIygpACQoKQAlKCkAJigpACdJAaW5UyhIAcFcKcgBQVwqyQECcJgnxQMsVQKi
391=uQYtKCkALigpAC8oKQAwKCkAMSgpADIoKQAzKCkANCgpADUoKQA2KCkANygpADgoKQA5KC
392=kAOigpADsoKQA8KCkAPUgBxR4+SAHFHj/IAUUeQMkBAnCYJ8UDQlUCoqUeQygpAEQoKQBF
393=KCkARigpAEcoKQBIKCkASSgpAEooKQBLKCkATCgpAE0oKQBOKCkATygpAFAoKQBRKCkAUi
394=gpAFNIAcUeVEgBxR5VyAFFHlbJAQJwmCfFA1hVAqKlHlkoKQBaKCkAWygpAFwoKQBdKCkA
395=XigpAF8oKQBgKCkAYSgpAGIoKQBjKCkAZCgpAGVIAdUYZkgBJxITQwDNfmhUAs1+aSgpAG
396=ooKQBrKCkAbCgpAG0oKQBuKCkAbygpAHAoKQBxSQGKpYFySAFkAUWXcygpAHQoKQB1KCsA
397=CQBE5ZcKSAHVGAtJAZBoCHuVRACIqQENVALVGA4oKQAPKCkAECgpABEoKQASKCkAE0gBJ7
398=oSRAAnuRJEKLkSRP3xF0wFzTwYKCkAGSgpABooKQAbKCkAHCgpAB0oKQAeKCkAHygpACAo
399=KQAhKCkAIigpACMoKQAkKCkAJSgpACYoKQAnSAHZJyhIAclZKcgBSVkqyQECeJUnxQMsVQ
400=KiqVktKCkALigpAC8oKQAwKCkAMSgpADIoKQAzKCkANCgpADUoKQA2KCkANygpADgoKQA5
401=KCkAOigpADsoKQA8KCkAPUgBxR4+SAHFHj/IAUUeQMkBAniVJ8UDQlUCoqUeQygpAEQoKA
402=ABRQBEABEAAA8OACAIogEAAAAEAEYARADJAUcoKQBIKCkASSgpAEooKQBLKCkATCgpAE0o
403=KQBOKCkATygpAFAoKQBRKCkAUigpAFNJAaWlE1RJASapAVXIAQEBBABWyAEBAgQAV0kBq6
404=EEWEkBoqkBWSgpAFooKQBbKCkAXCgpAF0oKQBeKCkAXygpAGAoKQBhKCkAYigpAGMoKQBk
405=KCkAZUgB1RhmSgEGAkstAwBnSQGMRAEBAAMAaEkBg6kBaSgpAGooKQBrKCkAbCgpAG0oKQ
406=BuKCkAbygpAHBJAYq9CnFIAWQBAQAEAHIoKQBzKCkAdCgoAAIKAEUAr7knC0kBpKkBDEkB
407=pqkBDUkBkHcJAwAOSAHJFw8oKQAQKCkAESgpABIoKQATSQGGpQgUSQEAqSIVSAHJOBZJAa
408=e1DRcoKQAYKCkAGSgpABooKQAbKCkAHCgpAB0oKQAeKCkAHygpACAoKQAhKCkAIigpACMo
409=KQAkKCkAJSgpACYoKQAnSQGpqRcoSAHRVinIAVFWKsgBAQIEACtIAcktLEgBxR4tKCkALi
410=gpAC8oKQAwKCkAMSgpADIoKQAzKCkANCgpADUoKQA2KCkANygpADgoKQA5KCkAOigpADso
411=KQA8KCkAPUgBxR4+SAHFHj/IAUUeQMgBRR5BSAHFHkJIAcUeQygpAEQoKQBFKCkARigpAE
412=coKQBIKCkASSgpAEooKQBLKCkATCgpAE0oKQBOKCkATygpAFAoKQBRKCkAUigpAFNIAcUe
413=VEgBxR5VyAFFHlbIAUUeV0gBxR5YSAHFHlkoKQBaKCkAWygpAFwoKQBdKCkAXigpAF8oKQ
414=BgKCkAYSgpAGIoKQBjKCkAZCgpAGVIASdiEkUAJ2ISRQAnYhJFANV7aUwFyQFqKCkAaygp
415=AGwoKQBtKCkAbigpAG9IAdWRcEgBdH9VkXEoKQByKCkAcygrAAsARvWRDEkBoqVrDUkBpq
416=kBDkgB1ZEPSAHRFBAoKQARKCkAEigpABNJAYZzEAMAFEgBJwsSRgCtvQoWVQIyqQEXyAFB
417=OxjIAQECBAAZSQEloQQaKCkAGygpABwoKQAdKCkAHigpAB8oKQAgKCkAISgpACIoKQAjSQ
418=E2VA0BBAQAJEgBwQ8lSAHVAiZIAdUCJygpAChJASxYBkktKcgBVRgqyAFVGCtIAdkGLCgp
419=AC0oKQAuKCkALygpADAoKQAxKCkAMkgB2REzSAHdCjQoKQA1SAFgBAEHBAA2SAHBBDcoKQ
420=A4KCkAOSgpADooKQA7KCkAPCgpAD0oKQA+SAHFHj/IAUUeQMgBRR5BSAHBD0IoKQBDKCkA
421=RCgpAEUoKQBGKCkARygpAEhIAWAaWTJJSAHdCkooKQBLSAFgBEUeTEgBwQRNKCkATigpAE
422=8oKQBQKCkAUSgpAFIoKQBTKCkAVEkBJ608VcgBRR5WyAFFHldIAcEPWCgpAFkoKQBaKCkA
423=WygpAFwoKQBdKCkAXigpAF8oKQBgKCkAYUkBL7kRYsgBWRFjyAFZEWTIAQEDBABlSAHdbW
424=ZIAScJEkYoCRJGKAgSJykAak0Fg7F3aygpAGwoKQBtKCkAbkgB3Y5vSQGspRNwSQGkqQFx
425=KCkAckkBqrcCDABH/Y4NSQGitQIOSQGmqQEPSAHdjhBIAdkRESgpABIoKQATSQGGvRUUSA
426=EnsRFHKLIRRwBwjQEDBAAXQARoAQEEBAAYyQEFco1HAGg4RSkaVALJARsoKQAcKCkAHSgp
427=AB4oKQAfKCkAICgpACEoKQAiKCkAI0gBcVYIco1HAGgBAQkEACXUAgEKBAAmSAHNECcoKQ
428=AoSAFob1UYKcgBVRgqyAFVGCtIAdkGLCgpAC0oKQAuKCkALygpADAoKQAxKCkAMkgBZBNR
429=FDPIAVEUNMgBURQ1yQELcI0n+QQ3VALNEDgoKQA5KCkAOigpADsoKQA8KCkAPSgpAD5IAc
430=UeP8gBRR5AyAFFHkFIAdUNQigpAEMoKQBEKCkARSgpAEYoKQBHKCkASEgBxR5JyAFFHkrI
431=AUUeS8gBRR5MSAHBD00oKQBOKCkATygpAFAoKQBRKCkAUigpAFMoKQBUSAFwjU08VcgBRR
432=5WyAFFHldIAcEPWCgpAFkoKQBaKCkAWygpAFwoKQBdKCkAXigpAF8oKQBgKCkAYUgBcI1N
433=EGLIAU0QY8gBAQYEAGTIAV2vZUgBJ7IRRwAnsRFHKLERRyiwEScpAGpZBoOxd2soKQBsKC
434=kAbUkBhqEEbkgBxYxvSAHVhnAoKQBxSQGpo4gNAEjljA5IAc0FD0kBpqEEEEgBxYwRSAHN
435=EBIoKQATSQGGoQ8USAEnWRFIKFkRSJmKBniKqAFdIBhMBWSMQWcZSAFwNQECBAAaKCkAGy
436=gpABwoKQAdKCkAHigpAB8oKQAgKCkAISgpACIoKQAjSAF9Vwx5ikiZig14iqkBDnmKSJSc
437=WREnTAXFEyhIAXBsVRgpyAFVGCrIAVUYK0gBzQUsKCkALSgpAC4oKQAvKCkAMCgpADEoKQ
438=AySAHRFDPIAVEUNMgBURQ1yQEPeIonvQI3VALNEDgoKQA5KCkAOigpADsoKQA8KCkAPSgp
439=AD5IAWwQQQ8/yAFBD0BIAXwgRR5BSAHVDUIoKQBDKCkARCgpAEUoKQBGKCkARygpAEhIAX
440=QNWTJJyAFBD0rIAUEPS8gBRR5MSAHBD00oKQBOKCkATygpAFAoKQBRKCkAUigpAFMoKQBU
441=SAHNEFXIAU0QVsgBTRBXSAHBD1goKQBZKCkAWigpAFsoKQBcKCkAXSgpAF4oKQBfKCkAYC
442=gpAGFIAXiKSS1iyAEBCQQAY8gBRa1kyAFFrWVJAa2ldmZIASdZEUgoWRFIKFgRJykAakwF
443=yXprSQGIvXhsKCkAbUkBirUCbkkBq6kMb0kBoqkBcEkBqasBDgBJ7YkPSAHBBBBJAaahBB
444=FIAc2JEkgBwQ8TSQGGqQwUSAEnARFJKAERSYGICWCIqQEKIlwiqQELIl8iSQCsqQwaRQik
445=qQEbKCkAHEkBqLUCHSgpAB4oKQAfKCkAICgpACEoKQAiKCkAI0kBqrEJJEgBYUYRYYhJjY
446=kSY4hJALChBCdABMEPKCgpACkoKQAqKCkAKygpACwoKQAtKCkALkgBzRsvKCkAMCgpADEo
447=KQAySQGmrRAzSQELqQE0yAEBAQQANUgBzSY2SAHdCjcoKQA4KCkAOSgpADpIAd0KO0kB97
448=0KPEkB76kBPUkB8akBPkgB1SM/yAFVI0BIAdkGQUgB2QZCSAHZBkNIAcUTREgB1Q1FSQGP
449=d0QEAEZIAcEER0gByRdISAHNBUlIAcEPSsgBQQ9LSAHZBkxIAdkGTUgBxTROKCkATygpAF
450=AoKQBRKCkAUigpAFMoKQBUSAHJQ1VIAdUuVsgBVS5XSAHJQ1hIAcEPWSgpAFooKQBbKCkA
451=XCgpAF0oKQBeKCkAX0gBwRpgKCkAYUgBySJiSAElhUhjyAFZEWTJAQIiEDQnvQ1mVAInAx
452=FJAIx0LiKBWEkoABEnKQBqTQWKoQRrSQGspT9sSAHZEW0oKQBuSQGioQRvSQGpqwEPAEr1
453=hhBIAcEEEUgByRcSSQGQqQwTSQGGqQEUSAEnqRBKKKoQSgDZHBdABGgBWRwYyQECa4VKAK
454=uhDxpVAqKpARtJAaWpARxJAb1rDAQAHcgBRQgeSQHqtQIfKCkAICgpACEoKQAiKCkAIygp
455=ACRJAcylCCXIAV0KJkgB3QonKCkAKCgpACkoKQAqKCkAKygpACxJAcS9Ci3IAV0KLkgB2R
456=wvSAHZHDAoKQAxKCkAMkgB0R8zSAHRVjTIAVEJNUgB0Qk2SAHRCTcoKQA4KCkAOSgpADpI
457=Ad0KO0kB9r0rPEkB7akBPUkB8KkBPkkBCqkBP8gBQQ9ASAHZBkFIAdkGQkgB2QZDSAHFE0
458=RIAdUNRUkBjqkiRkgBwQRHSAHJF0hIAc0FSUgBxR5KyAFBD0tIAdkGTEgBzQVNSAHJQ07I
459=AU0FT0gByThQKCkAUSgpAFIoKQBTKCkAVCgpAFVIAclDVsgBXQpXSAHdClgoKQBZKCkAWi
460=gpAFsoKQBcKCkAXUgByUNeyAFdCl9IAc0bYEgBySJhSAHZHGJIAWFnACKsIbhpWQZk1QIC
461=aIUnvQ1mVAInqRBKKKkQSiiqEEoA3YNqTAXdg2tJAaK5PWwoKQBtKCkAbkgB34MQAEv9gx
462=FIAdkGEkkBpqUIE0kBkng9IhJVSwAnURBLKFEQSyhQEKgBQRoYWAZ5HAJxgksoUxBLAKe9
463=ChtABM0QHEgBZD9NBR3IAQEDBAAeSAFkNFEJHygpACAoKQAhKCkAIigpACMoKQAkSAFkP1
464=0KJcgBXQomSAHdCicoKQAoKCkAKSgpACooKQArKCkALEgBZD9dCi3IAV0KLkkBr60bL0gB
465=2RwwKCkAMUkBoqEEMkgB3UEzSAHJZDTIAUUeNUgB2Ug2SAHZBjcoKQA4KCkAOSgpADpIAd
466=0KO0kB+rUNPEkB8qkBPUkB9KkBPkgBJ1IQSwBoAUEPQFQC2QZBSAHZBkJIAdkGQ0gBxRNE
467=SAHVDUVIASdQECe5B0dUAskXSEgBzQVJSAHFHkrIAUEPS0gB2SdMSAHJQ01JAb1UTwECBA
468=BOyAFJLU9IAck4UCgpAFEoKQBSKCkAUygpAFQoKQBVSAHJQ1bIAV0KV0gB3QpYKCkAWSgp
469=AFooKQBbKCkAXCgpAF1IAclDXsgBXQpfSAHNG2BIAclDYUgB2RxiSAF0ZZCCJw0NZNQCUR
470=9lSAEnAjJLACdSEEsAzfdoQATFgWlIAcSBCWoASwCiAQAAAAQAaxEAAJkOACAIAEsAogEA
471=AAAEAGwoKQBtSwGpAQB0AgIRAEwAr6kBEkkBoqkBE0kBpqkBFEoBAAJPBQMAFUkBrbUCFk
472=kBJqkBF8gBAQEEABjIAQECBAAZSAHNBRpJAbOtBRvIAU0FHMgBTQUdyAEBAwQAHsgBAQQE
473=AB/IAQEFBAAgyAEBBgQAIUkBrrEJIkgB3QojyAFdCiTIAV0KJcgBXQomyAFdCifIAV0KKM
474=gBXQopSAHdCipIAd0KK8gBXQosyAFdCi3IAV0KLsgBXQovyAFdCjDIAV0KMUkBq70VMkkB
475=pakBM0kBC6kBNMgBSQw1SAHNBTZJAaehBDcoKQA4KCkAOSgpADpJAaKtBTtJAaqpATxJAb
476=5YNkU/PcgBSQw+SQHLtQI/yAFVAkBJAcK1AkHIAVUCQkkBsLEJQ0gB2RFESAHNR0VJAY65
477=BkZIAdlIR0gBzQVISAHFHklIAcUeSsgBSQxLSAHJLUzIAVUCTcgBAQIEAE7IAUktT8gBSS
478=1QyAEBBQQAUcgBSS1SSQGuvRVTSAHdClTIAV0KVcgBXQpWyAFdClfIAV0KWMgBXQpZyAFd
479=ClpIAd0KW0gB3QpcyAFdCl3IAV0KXsgBXQpfyAFdCmDIAV0KYcgBXQpiSAHNaGPIAVEJZM
480=gBUQllSAHNaGZJAQa1cGdJAay5HGhJAaSpAWlJAaKpAWooKQBrKCkAbEgB3zYSAE3tfhNJ
481=AaW5BhRIASeiD00AwQ8WVALRFBfIAVEUGMkBAmB9J60AGlQCdCMBBwQAG8gBAQgEABzIAQ
482=EJBAAdyQEKYn1NAG0FC2B9qQEMYH2pAQ1gfSddASLYBl0KI8gBXQokyAFdCiXIAV0KJsgB
483=XQonyAFdCijIAV0KKUkBraUeKkgBbBBdCivIAV0KLMgBXQotyAFdCi7IAV0KL8gBXQowyA
484=EBDQQAMUkBq70KMkgB0SozSAHZXjTIAVknNUkBsa0FNkkBuKkBN8gBQQQ4yAFdKznIAUVK
485=OkkBra0FO0kBuKlvPMgBWQY9SAFsfk0FPkgBYH1FCD/IAVUCQEgBYH1VAkHIAVUCQkkBxV
486=AJRQhDSQGNSAFVhkRJAYWpAUVJAYOpAUZIAdUCR0kBh7UCSEkBraUTSUgBxR5KyAFdCktI
487=AcktTMgBSS1NyAFJLU7IAUktT8gBAQsEAFDIAUktUcgBAQ0EAFJJAa21DVNIAd0KVMgBXQ
488=pVyAFdClbIAV0KV8gBXQpYyAFdClnIAQENBABaSQGtvQpbSAHdClzIAV0KXcgBXQpeyAFd
489=Cl/IAV0KYMgBXQphyAEBDQQAYkgBzWhjyAFJImTIAU0xZUkBraEPZkgBJ6MPTQCrtQJoVQ
490=KiqQFpKCkAaigpAGtJAamhBBNQpsmxFEgB3YMVSQGloQQWSAHZERfIAVkRGMkBAml6Tvl/
491=GlQCfSAOaXpOhXYPaHqpARBoeqkBEWh6qQESaHqpARNoeqkBFGh6J10BIihdASPIAV0KJM
492=gBXQolyAFdCibIAV0KJ8gBXQooyAFdCilIAdknKkkBs1gcXRUryAFdCizIAV0KLcgBXQou
493=yAFdCi/IAQETBAAwyAFdCjFIAcEwMkgB2SczSQHIuV40yAFZJzVJAeq1AjZIAWh6QUY3yA
494=EBCQQAOMgBQUY5yAEBCwQAOkgByRc7SAFoekEwPMgBAQMEAD1JAaxAGkFyPkgB1Tk/KCkA
495=QEkBpqEEQUgBfHhFCELIAUUIQ0kBjKUTREkBg6kBRSgpAEYoKQBHSQGGoQRISAHFE0lIAS
496=dKD04AaAFFHktVArNAD0ktTMgBSS1NyAFJLU7IAUktT8gBSS1QyQETbPcnaQhSVALVDVNJ
497=AbO9ClTIAV0KVcgBXQpWyAFdClfIAV0KWMgBARMEAFnIAUk4WkgB3QpbSQGzvQpcyAFdCl
498=3IAV0KXsgBXQpfyAFdCmDIAQETBABhyAFdCmJIAc1oY8gBSSJkyAFBMGVIAcEPZkgBJ0kP
499=TihJD04mZS5pQQSiRBNNPGpJAamrARQAT/X0FUgB1U8WSAHBDxfIAUEPGMkBAnF3TyjxDk
500=+FdhVwd6kBFnB3qQEXcHepARhwd6kBGXB3qQEacHepARtwdyddASJVDbNQFF0KI8gBXQok
501=yAFdCiXIAV0KJsgBXQonyAFdCijIAV0KKUgBwSUqSAHdCivIAV0KLMgBXQotyAFdCi7IAV
502=0KL8gBXQowyAFdCjFJAatQFFEqMkgB2SczSAFwd0ElNMgBAQMEADVIAXB3RSk2SQG4WAYB
503=DAQAN8kBDXJ3TwB0Ak1dOdQCTUc6SQGtTAVJDDtJAQqpATzIAVEJPUgBzRA+SQGioQQ/KC
504=kAQEgBxRNBSAHFCELIAUUIQ0kBjKFyREkBg6kBRSgpAEYoKQBHSAEn8A4nsQZJVAJkdlEU
505=SsgBXQpLSAHJLUzIAUktTcgBSS1OygEYBEABsEBJLVBQAXgGSS1RyAFJLVJIAd0gU0gBYA
506=RJQ1TIAV0KVcgBXQpWyAFdClfIAV0KWMgBXQpZyAFdClpIAd0KW0gB3QpcyAFdCl3IAV0K
507=XsgBXQpfyAFdCmDIAV0KYcgBXQpiSAHNaGPIAUkiZMgBAQIEAGVIAd02ZkgB0a5nSQGiqT
508=hoKCkAaUgBxHYCFQBQALGhBBZIAckMF8gBSQwYyQECeXRQ5YEaVALJDBsoKQAcKCkAHSgp
509=AB4oKQAfKCkAICgpACFJAaKtECJIAd0KIygpACQoKQAlKCkAJigpACcoKQAoKCkAKUgB3Q
510=oqSAHdCisoKQAsKCkALSgpAC4oKQAvKCkAMCgpADFIAd0KMkgB0WEzSAHRVjTIAVknNUkB
511=rq0bNkkBuEgBWbY3yQEReXRQmHRZtjnVAhNt7FDlojtUAtFsPMgBXQo9SAHZPT5IAdkRPy
512=gpAEBIAcUTQUgBxQhCyAFFCENJAZCtc0RJAYipAUUoKQBGKCkAR0kBiqEESEgBwVxJSAHF
513=HkrIAV0KS0kBrFgcUXdMSAHVLk0oKQBOKCkATygpAFAoKQBRKCkAUkgBzRtTSAHRCVQoKQ
514=BVKCkAVigpAFcoKQBYKCkAWSgpAFpIAd0KW0gB3QpcKCkAXSgpAF4oKQBfKCkAYCgpAGFJ
515=AaalHmJIAc1oY8gBSSJkyQECeHQnDQ1mVQKiuQZnKCkAaEgBz3MWAFFsLm0AF0gBfApRCR
516=jJAQJhclEoQQ5R6fMbQQSivQocKCkAHSgpAB4oKQAfKCkAICgpACEoKQAiKCkAIygpACQo
517=KQAlKCkAJigpACcoKQAoKCkAKSgpACooKQArKCkALCgpAC0oKQAuKCkALygpADAoKQAxKC
518=kAMkgB2V4zSAHZUzTIAVknNUgB3Vc2SAFhchh95lGUcF2vONQCXa85yAFdrzpIAdkGO0gB
519=2Wk8yAFdCj1IASdADictBj9UAs0xQEgBxRNBSAHFCELIAUUIQ0gBwWdESAHNUkUoKQBGKC
520=kARygpAEhIAd0KSUgBxR5KyAFdCktIAcUTTEgB2RFNKCkATigpAE8oKQBQKCkAUSgpAFIo
521=KQBTKCkAVCgpAFUoKQBWKCkAVygpAFgoKQBZKCkAWigpAFsoKQBcKCkAXSgpAF4oKQBfKC
522=kAYCgpAGFIAckiYkgBYGdVkWPIAUkiZMkBAmByJw0NZlUCoqFnZ0gB13AXAFJkcG0AGEgB
523=cQkCaW9SKOkNUijoDScpABxNBaKxCR0oKQAeKCkAHygpACAoKQAhKCkAIigpACMoKQAkKC
524=kAJSgpACYoKQAnKCkAKCgpACkoKQAqKCkAKygpACwoKQAtKCkALigpAC8oKQAwKCkAMSgp
525=ADJIAdUuM0gBwVE0yAFVLjVIAcFRNkgBwVw3KCkAOCgpADkoKQA6SAHdCjtIAcFnPMgBXQ
526=o9SQGvqS0+SQGnqQE/KCkAQEgB1TlBSAHFCELIAUUIQ0gBxRNESAHdNkUoKQBGKCkARygp
527=AEhIAcUTSUgBxR5KyAFdCktIAd0KTEgB3QpNKCkATigpAE8oKQBQKCkAUSgpAFIoKQBTKC
528=kAVCgpAFUoKQBWKCkAVygpAFgoKQBZKCkAWigpAFsoKQBcKCkAXSgpAF4oKQBfKCkAYCgp
529=AGFIAckiYkgBdGWKb1IAaAFJImTVAgJobycNDWZUAsQ0AhgAUwCwqTgZSQGiqQEaKCkAGy
530=gpABwoKQAdKCkAHigpAB8oKQAgKCkAISgpACIoKQAjKCkAJCgpACUoKQAmKCkAJygpACgo
531=KQApKCkAKigpACsoKQAsKCkALSgpAC4oKQAvKCkAMCgpADFIAdVaMkgBwSUzSAHJTjTIAV
532=0rNUgB0WE2SAHZBjcoKQA4KCkAOSgpADpIAd0KO0gByWQ8yAFdCj1JAditMT5JAdCpAT8o
533=KQBASQHStQJBSAHFCELIAUUIQ0gBxRNESAHFE0UoKQBGKCkARygpAEhIAcUTSUgBxR5KyA
534=FdCktIAd0KTEgB3QpNSAHNR04oKQBPKCkAUCgpAFEoKQBSKCkAUygpAFQoKQBVKCkAVigp
535=AFcoKQBYKCkAWSgpAFooKQBbKCkAXCgpAF0oKQBeKCkAXygpAGAoKQBhSAEnkQ1ThGuQbK
536=gBSSJkQAR9bQJxbFMmgzcZAFQmdUYaSQGisTUbKCkAHCgpAB0oKQAeKCkAHygpACAoKQAh
537=KCkAIigpACMoKQAkKCkAJSgpACYoKQAnKCkAKCgpACkoKQAqKCkAKygpACwoKQAtKCkALi
538=gpAC8oKQAwSAHNJjFJAb1/+QQAMsgBTSYzSAEi9GFFKTTIAVUCNUgBIphFVQI2KCkANygp
539=ADgoKQA5KCkAOigpADtJAcq1DTzIAV0KPUkB16EwPkkBFiKfbAQAPygpAEBJAdGhBEFIAS
540=IASE0QQsgBRQhDSQHpvQpEKCkARSgpAEYoKQBHKCkASCgpAElIAcUeSsgBXQpLSQHEvQpM
541=yAFVAk1IAcXZTkgBzUdPKCkAUCgpAFEoKQBSKCkAUygpAFQoKQBVKCgABlYAVACiAQAAAB
542=EAAPcNACAAAQQAVwBUAKIBAAAABABYAFQAogGJAVkoKQBaKCkAWygpAFwoKQBdKCkAXigp
543=AF8oKQBgKCkAYUkBpakMYkkBJqkBY8gBAQEEAGTIAQUCBAAaAFUAr6EEG0kBoqkBHCgpAB
544=0oKQAeKCkAHygpACAoKQAhKCkAIigpACMoKQAkKCkAJSgpACYoKQAnKCkAKCgpAClJAael
545=EyooKQArKCkALCgpAC0oKQAuKCkALygpADBJAamxCTFJAb1IMQECBAAyyAEBAwQAM0kBy7
546=UCNMgBVQI1SQHqVAJZJzYoKQA3KCkAOCgpADkoKQA6KCkAO0kBykQIVQ08yAFdCj1JAde5
547=ET5KARYCRwQEAD8oKQBASQHRoQRBSQHIXANFCELIAUUIQ0kB6VQCRRNEKCkARSgpAEYoKQ
548=BHKCkASCgpAElIAcUeSsgBXQpLSQHEXApVDUzIAVUCTUgBwUZOSAHZMk8oKQBQKCkAUSgp
549=AFIoKQBTKCkAVCgpAFVJAaK5HFYoKQBXKCkAWCgpAFkoKQBaKCkAWygpAFwoKQBdKCkAXi
550=gpAF8oKQBgKCkAYUgBJ+IMVQAn4AyoAV8rGwBW9WUcSAHdFR0oKQAeKCkAHygpACAoKQAh
551=KCkAIigpACMoKQAkKCkAJSgpACYoKQAnKCkAKEgB3RUpSQEnUDUBAAMAKkkBCXtIAwArKC
552=kALCgpAC0oKQAuKCkALygpADBJASixCTFJAQu5MjLIAV0gM0kBrLUCNEkBpKkBNSgpADYo
553=KQA3KCkAOCgpADkoKQA6SQGmpQg7SQEKqQE8yAFVDT1JAdu1Aj5JAdOpAT8oKQBASQHVtQ
554=JBSAHFCELIAUUIQ0gB3RVESAHdFUUoKQBGKCkARygpAEgoKQBJKCkASkgB3RVLSAHVDUzI
555=AVUNTUgBzTFOSAHNMU8oKQBQKCkAUSgpAFIoKQBTKCkAVEgBzTFVSQGruRxWSAHVT1coKQ
556=BYKCkAWSgpAFooKQBbKCkAXCgpAF0oKQBeKCkAXygpAGAoKQBhSQGlrRBiSAHJZBxE3NGC
557=HUkBoqEEHigpAB8oKQAgKCkAISgpACIoKQAjKCkAJCgpACUoKQAmKCkAJygpAChIAcUTKU
558=kBBqVgKkkBjalZK0kBhakBLCgpAC0oKQAuKCkAL0kBh60FMEkBALEJMUgBJzIMVwBpAQF+
559=xVcA2TI0QATRHzUoKQA2KCkANygpADgoKQA5KCkAOkkBpbknO0gB0Us8yAFVDT1IAclZPk
560=kBpK0FPygpAEBJAaa1AkFIAXAUAQAEAELIAUUIQ0gB3RVESAHdFUUoKQBGKCkARygpAEgo
561=KQBJKCkASkgB3RVLSAHdFUzIAVUNTUgBzTFOSAHNMU9JAYW9K1AoKQBRKCkAUigpAFNIAc
562=0xVEgBzTFVSAHVGFZIAdUYVygpAFgoKQBZKCkAWigpAFsoKQBcKCkAXSgpAF4oKQBfKCkA
563=YCgpAGFIASUrIR0AWOXDHkgB2REfKCkAICgpACEoKQAiKCkAIygpACQoKQAlKCkAJigpAC
564=coKQAoSQGluT0pSAHJLSpJAYy9KytJAYOpASwoKQAtKCkALigpAC9JAYatBTBIAcktMUgB
565=2UgyyAFBOzNIAcEwNEgBxR41KCkANigpADcoKQA4KCkAOSgpADpIAdUYO0gB2Ug8yAFVDT
566=1IAdUNPkgB1Q0/KCkAQEgBxQhBSAHFCELIAUUIQ0gBxQhESAHFCEUoKQBGKCkARygpAEgo
567=KQBJKCkASkgB1Q1LSAHVDUzIAVUNTUgBzTFOSAHNMU9IAc0xUCgpAFEoKQBSKCkAU0gBzT
568=FUSAHNMVVIAdUYVkgB1RhXKCkAWCgpAFkoKQBaKCkAWygpAFwoKQBdKCkAXigpAF8oKQBg
569=SAHPXR4AWe1dH0gBzRAgKCkAISgpACIoKQAjKCkAJCgpACUoKQAmKCkAJygpAChIAcktKU
570=gB0SoqSAHRKitIAdEqLCgpAC0oKQAuKCkAL0gB0SowSAHRKjFIASeBC1koXRdZKF0XWSbR
571=NjVMBcUeNigpADcoKQA4KCkAOSgpADpIAdUYO0gBwUY8yAFBRj1IAcE7PkgByQw/KCkAQE
572=gBxQhBSAHFCELIAUUIQ0gBxQhESAHFCEUoKQBGKCkARygpAEgoKQBJKCkASkgB1Q1LSAHV
573=DUzIAVUNTUgBzTFOSAHNMU9IAc0xUCgpAFEoKQBSKCkAU0gBzTFUSAHNMVVIAdUYVkgB1R
574=hXKCkAWCgpAFkoKQBaKCkAWygpAFwoKQBdKCkAXigpAF9IAddaHwBa9VogSAHBDyEoKQAi
575=KCkAIygpACQoKQAlKCkAJigpACcoKQAoSAHRKilIAdknKkgB2ScrSAHZJywoKQAtKCkALi
576=gpAC9IAdknMEgB2ScxSAEnKQtaKCkLWigpC1ooKAsnKQA2WAbFHjcoKQA4KCkAOSgpADpI
577=AdUYO0gB1Q08yAFJQz1IAck4PkgB3Qo/KCkAQEgBxQhBSAHRS0LIAUUIQ0gBxQhESAHFCE
578=UoKQBGKCkARygpAEgoKQBJKCkASkgB1Q1LSAHVDUzIAVUNTUgBzTFOSAHNMU9IAc0xUCgp
579=AFEoKQBSKCkAU0gBzTFUSAHNMVVIAdUYVkgB1RhXKCkAWCgpAFkoKQBaKCkAWygpAFwoKQ
580=BdKCkAXkgB31cgAFv9VyFIAdUNIigpACMoKQAkSQGnJNEgJSgpACYoKQAnKCkAKEgB2Scp
581=SAHBJSpIAcElK0gBwSUsKCkALSgpAC4oKQAvSAHBJTBIAcElMUgB2UgyyAFZMjNIAdknNE
582=gBwRo1KCkANigpADcoKQA4KCkAOSgpADpIAdUYO0kBsiKTIwQAPMgBVQ09SAElCTM+SAHV
583=Iz8oKQBASAHJLUFJAbOlCELIAUUIQ0gB3RVESAHdFUUoKQBGKCkARygpAEgoKQBJKCkASk
584=gB3RVLSAEn0gpbAGgBVQ1NVALNMU5IAc0xT0gBzTFQKCkAUSgpAFIoKQBTSAHNMVRIAc0x
585=VUgB1RhWSAHVGFcoKQBYKCkAWSgpAFooKQBbKCkAXCgpAF1IAdsnIQBc5VUiSAHJDCNIAc
586=UeJEkB9/tTXADvqQEmVALJASdJAfG1AihJAa2pASlIAckiKkgBySIrSAHJIiwoKQAtKCkA
587=LigpAC9IAckiMEgBySIxSAEneQpcKE0VXChNFVwoTBUnKQA2WAbNGzcoKQA4KCkAOSgpAD
588=pIAdEfO0gBeVMCelNcAGgBAQMEAD1VAr9ITkU/PkkByUkBACKaUFwAaAFVAkBVArm1AkHI
589=AVUCQkgBZFVFCENIAcE7REkBoq0mRSgpAEYoKQBHKCkASCgpAEkoKQBKSAHdFUtIAWxSWR
590=FMyAFBD01IAc0xTkgBzTFPSQGDcxQDAFAoKQBRKCkAUigpAFNIAc0xVEgBzTFVSAHVGFZI
591=AdUYVygpAFgoKQBZKCkAWigpAFsoKQBcSAHPUiIAXe1SI0gBzRskSQH6oSUlSQHyqQEmSQ
592=HtqQEnSQHwqQEoSAEnIgpdANEfKlUCkKUeK0kBiKkBLCgpAC0oKQAuKCkAL0kBiq0FMEgB
593=0R8xSAEnIQpdKCEKXSghCl0oIAonKQA2WAbBJTcoKQA4KCkAOUgBwZ46KCkAO0kBpq0bPE
594=gBdU8CYlFdAGgBAQMEAD5UAnRPVQI/yAFVAkBIAWBRVQJByAFVAkJJAayxCUNIAdUNRCgp
595=AEVJAaKhBEYoKQBHKCkASCgpAEkoKQBKSAHRNUtIASchCl0onBQnLQZOQATNMU9IAc0xUC
596=gpAFEoKQBSKCkAU0gBzTFUSAHNMVVIAScgCiepBVdUAtUYWCgpAFkoKQBaKCkAW0gB108j
597=AF71TyRIASVRRyVIAcEwJkgBwVEnSAEnygleACfLCV4AJqFGKkEEAyTBSisoKQAsKCkALS
598=gpAC4oKQAvKCkAMEkBJbEJMUgBJ8kJXijJCV4oyQleKMgJJykANlgG3SA3KCkAOEgB0TU5
599=SAHJvDpIAdG5O0gBwRo8SAHBBD1IAcEEPkkBBrVEP8gBUY1ASAHNBUFIAc0FQkgB0QlDSA
600=HBBERIAcEERUgByThGSAHdFUcoKQBIKCkASSgpAEpIAdUYS0gBJ8kJXijICSctBk5ABM0x
601=TygpAFAoKQBRKCkAUigpAFMoKQBUSAHNMVVIAd0VVkgB3RVXKCkAWCgpAFkoKQBaSAHfTC
602=QAX/1MJUgBxQgmSAHdTCdJAfi9KyhIASVBJClJAai1AiooKQArSQGqtQIsSAEiIG1NwC3I
603=AVkyLkgBIshsVQIvKCkAMCgpADFJAbR8TCL+bV8AaAFZBjNUAtkcNEgB0RQ1KCkANigpAD
604=coKQA4SAHZMjlJAfalEzpIAdVlO0gB3UE8SAHBBD1IAcEEPkgBcUsCYutfAGgBRZdAVALN
605=BUFIAc0FQkgB0QlDSAHBBERIAcEERUgB1RhGSQGiuRFHKCkASCgpAEkoKQBKSAHVGEtJAb
606=G1I0zIAVUjTUgBIrRvUSpOKCkATygpAFBIASLYbkEEUcgBWQZSSAHdr1NIAcWMVCgpAFVI
607=AdEUVigpAFcoKQBYKCkAWUgBx0olAGDlSiZIAckXJ0gBySIoSAEl1SYpKCkAKigpACtIAc
608=FyLEgBeEgBAgQALcgBQTAuSAF4SFUYLygpADAoKQAxSAFsR1kGMsgBWQYzSAHBMDRJAaKh
609=MDUoKQA2KCkANygpADhIAdUYOUgB0a46SQH0pQg7SAHFPzxIAcEEPUgBwQQ+SAEKBgEAAA
610=QEAD8AYAAGAREAAHMMCh0AAwAABQQAQABgAPoBAAAABABBAGAA9KkBQkkBrakBQ0gBwQRE
611=SAHBBEVJAauhBEZJAaKpAUcoKQBIKCkASSgpAEpJAaWtBUtJAbFcDgECBABMyAEBAwQATU
612=kB6VQCAQEEAE4oKQBPKCkAUEkBxEAEWQZRyAFZBlJIAdkRU0kBoqkMVCgpAFUoKQBWKCkA
613=VygpAFhJAam4BgImAGEAsakBJ0gB0R8oSQHytQIpSQHtqQEqKCkAK0kB8LUCLEkBC6kBLc
614=gBQRouSQGstQIvSQGkqQEwKCkAMSgpADIoKQAzSAHBGjQoKQA1KCkANigpADcoKQA4KCkA
615=OUkBqLUNOigpADtIAd0KPEgBwQQ9SQGqrQU+SQEGSAEBBgQAP8gBAQcEAEBJAbBUAoJGYQ
616=DZBkJUAtEJQ0gB1QJEKCkARUgBwQRGKCkARygpAEgoKQBJKCkASigpAEtIAc0mTCgpAE0o
617=KQBOKCkAT0kBprEUUEkBCqkBUcgBTTFSSAEnwghhAMUTVFQCyQFVKCkAVigpAFdIAdREAS
618=cAYgDdIChIAdUNKUgBwUYqSAHVRCtIASdqCGIAJ2gIqAFZES5ABNkRL0gBzRAwKCkAMSgp
619=ADIoKQAzKCkANCgpADUoKQA2KCkANygpADhIAdVwOUkB97UjOkkB8akBO0gB2X88SAHBBD
620=1IAcEEPkgBaENRQD/IAVUYQEgBzQVBSAHNBUJIAdEJQ0gBwQRESAHBBEVIAdEfRkgB0R9H
621=KCkASCgpAEkoKQBKKCkASygpAEwoKQBNKCkATigpAE9IAdEfUEgBJ2oIYgBoAVUYUlQC2R
622=FTSAHZEVQoKQBVKCkAVkgB3EECKABjAK+5JylIAc1oKkgB3UErSAEnEQhjKBAIqAFBDy5A
623=BMEPL0gBwQ8wKCkAMSgpADIoKQAzKCkANCgpADUoKQA2KCkANygpADhIAd0gOUkB9qkXOk
624=gB0RQ7SAHdNjxIAcEEPUgBwQQ+SAFxQAJ+g2MAaAFJsUBUAs0FQUgBzQVCSAHRCUNIAcEE
625=REgBwQRFSAHRH0ZJAaK5EUcoKQBIKCkASSgpAEooKQBLKCkATCgpAE0oKQBOKCkAT0gB0R
626=9QSAFkP0lZUcgBTTFSSAHZEVNIAdkRVCgpAFVIAcc/KQBkQNJLAAQAKigpACtJAfy1GCxI
627=ASfND2SEP0kMLlQCwUYvSQGnrQUwKCkAMSgpADIoKQAzKCkANCgpADUoKQA2KCkANygpAD
628=hIAd0VOUgBzVI6SAHF+jtIAdXePEgBwQQ9SAHBBD5IAW08BHk9ZJk9BXnBZCj9IGQo/SBk
629=6ehDWAbRCURIAdEJRUgB0R9GSAHRH0coKQBIKCkASSgpAEooKQBLKCkATCgpAE0oKQBOKC
630=kAT0gB0R9QSAEnugdkAGgBTTFSVALZEVNIAdkRVEgB2AYCKgBlAOpIPFVEKygpACxJAcu1
631=Ai3IAVEJLkgBzQUvKCkAMCgpADEoKQAyKCkAMygpADQoKQA1KCkANigpADdJAcmhDzjIAU
632=EPOUgBwQ86KCkAOygpADwoKQA9KCkAPkkBzLEJP8gBUQlASAHRCUEoKQBCKCkAQygpAEQo
633=KQBFKCkARigpAEcoKQBIKCkASSgpAEooKQBLKCkATCgpAE0oKQBOKCkATygpAFAoKQBRKC
634=kAUigpAFMoKwArAGaUOVkcLEgBaDgBAgQALcgBUZguSAFwH0EELygpADAoKQAxKCkAMigp
635=ADMoKQA0KCkANSgpADYoKQA3SAFoOEEPOMgBQQ85SAHBDzooKQA7KCkAPCgpAD0oKQA+SA
636=FoOFEJP8gBUQlASAHRCUEoKQBCKCkAQygpAEQoKQBFKCkARigpAEcoKQBIKCkASSgpAEoo
637=KQBLKCkATCgpAE0oKQBOKCkATygpAFAoKQBRKCkAUigrACwAZybNJS1JAaSppi4oKQAvKC
638=kAMCgpADEoKQAyKCkAMygpADQoKQA1KCkANkkBpqkMN0gBxbg4yAFJQzlJAayhBDpIAdkR
639=OygpADwoKQA9SAHRCT5IAWCpkTVngKmSNWcA0QlBQATRCUIoKQBDKCkARCgpAEUoKQBGKC
640=kARygpAEgoKQBJKCkASigpAEsoKQBMKCkATSgpAE4oKQBPKCkAUCgpAFFJAaq/IC0AaCYV
641=JC5JAaK1Ai8oKQAwKCkAMSgpADIoKQAzKCkANCgpADUoKQA2SQGlvQo3SAEnWQZo4es5VQ
642=KroQQ6SAHNEDsoKQA8KCkAPUgB0Qk+SAF5MgR922iZMgV+22gA0QlBQATRCUIoKQBDKCkA
643=RCgpAEUoKQBGKCkARygpAEgoKQBJKCkASigpAEsoKQBMKCkATSgpAE4oKQBPKCkAUEkBqb
644=MfLgBp7TEvSAHJFzAoKQAxKCkAMigpADMoKQA0KCkANSgpADZJAaWpDDdIAScBBmkoAQZp
645=7SY6QATBDzsoKQA8KCkAPUgB0Qk+SAFhMAZhMGmBMAdgMCcxAUFABNEJQigpAEMoKQBEKC
646=kARSgpAEYoKQBHKCkASCgpAEkoKQBKKCkASygpAEwoKQBNKCkATigpAE9IAdcuLwBq9S4w
647=SAHdFTEoKQAyKCkAMygpADQoKQA1KCkANkgB1SM3SAEnqQVqKKkFaiipBWomHTs7TAXBDz
648=woKQA9SAHRCT5IAWktAGktaogtXZlAVAInrAsnMQFCVALRCUMoKQBEKCkARSgpAEYoKQBH
649=KCkASCgpAEkoKQBKKCkASygpAEwoKQBNKCkATkgB3yswAGv9KzFIAcUTMigpADMoKQA0KC
650=kANSgpADZIAd0gN0gBJ1EFayhQBSeJATpBBKetXTsoKQA8KCkAPUgBxRM+SAEnUQVrKFEF
651=a+U0QUAE3RVCKCkAQygpAEQoKQBFKCkARigpAEcoKQBIKCkASSgpAEooKQBLKCkATCgpAE
652=1IAd8VMQBs5SkySAHFEzMoKQA0KCkANSgpADZIASf6BGwAIgxPWUg4VAJoAVlIOUgBItgh
653=VQI6KCkAOygpADwoKQA9KCkAPkkByiYaKmwAaAFRCUBUAidNCmzhXEJUAt0VQygpAEQoKQ
654=BFKCkARigpAEcoKQBIKCkASSgpAEooKQBLKCkATEgBzyYyAG3tJjNIAc0QNCgpADUoKQA2
655=SAEnoQRtgCUBAgQAOFQCYCVJ/jlIAWAlWRw6KCkAOygpADwoKQA9KCkAPkgBdCNRCT/IAV
656=EJQEgBJ6EEbSigBCcpAENBBKKpWUQoKQBFKCkARigpAEcoKQBIKCkASSgpAEooKQBLSAHX
657=IzMAbvUjNEgB1Q01KCkANigpADdJAaS5ETgoKQA5KCkAOigpADsoKQA8KCkAPUkBpqUIPk
658=gBaW8GfZluiW8HacduKOkNbihIBCcpAENYBtEURCgpAEUoKQBGKCkARygpAEgoKQBJKCkA
659=SkgB3yA0AG/9IDVIAckMNigpADcoKQA4KCkAOSgpADooKQA7KCkAPCgpAD1IAdFLPkgBcB
660=9dbT/IAUVKQEgBJz0IbyjwAycpAENABMUTRCgpAEUoKQBGKCkARygpAEhJAae1LklIAcce
661=NQBw5R42SAHdCjcoKQA4KCkAOSgpADooKQA7KCkAPCgpAD1IASeZA3CBOwJsPKgBmV5wKI
662=0HcCiYAycpAENFCKK9FUQoKQBFKCkARigpAEdIAdUNSEgBcJFTKjYAce0bN0gB0Qk4KCkA
663=OSgpADooKQA7KCkAPCgpAD1IAckMPkgBfTYEYRpxjRsFcVZxKEEDcShAAycpAENYBs0QRC
664=gpAEUoKQBGKCkAR0gBxzQ3AHL1GDhIAcUIOSgpADooKQA7KCkAPCgpAD1JAaWlKT5IAWgX
665=nW1yiRcHaRdyKOkCcijoAicpAENYBsEPRCgpAEUoKQBGSAHfFTgAc/0VOUgB2QY6KCkAOy
666=gpADwoKQA9SAEnkQJzhBNJOD9UAnwVnWJzKJECcyiQAicpAENMBdUNRCgpAEVIAccTOQB0
667=5RM6SAHNBTsoKQA8KCkAPUgBJzkCdJkRAng9qAGdV3QoOQJ0KDgCJykAQ0UIorUuREgBzx
668=A6AHXtEDtIAcEEPCgpAD1IASfhAXWAD5xMqQEFcTV1KOEBdSjgAScpAENECNcNOwB29Q08
669=SAHVDT1JAaWlEz5IAXwrnUF2lA2dQXYoiQF2KIoBdgDfCjwAd/0KPUgBJzEBd4QInDaoAZ
670=02dygxAXfnCD0AeCahUT5IAWwQmQZ4hAiYBimBAHmVAgJgMAp5AAYBAAADBAAAAAAAEQAA

[Terrain]
89062=TIBTRE02
80063=TIBTRE02
74060=TREE26
74065=TREE27
75064=TREE18
75065=TREE17
75066=TREE18
74066=TREE17
73066=TREE18
73065=TREE17
73064=TREE18
74064=TREE17
74061=TREE17
75060=TREE17
74059=TREE17
73060=TREE17
75061=TREE18
73061=TREE18
73059=TREE18
75059=TREE18
99061=TREE03
99057=TREE03
95057=TREE03
95061=TREE03
99064=TREE03
99068=TREE03
95064=TREE03
95068=TREE03
100065=TREE05
98065=TREE04
96065=TREE06
94065=TREE05
100067=TREE05
98067=TREE02
96067=TREE04
94067=TREE05
100060=TREE06
98060=TREE05
96060=TREE02
94060=TREE04
100058=TREE04
98058=TREE08
96058=TREE05
94058=TREE06
91081=TIBTRE02
89080=TIBTRE02
68105=TIBTRE01
92039=TREE04
94039=TREE03
93038=TREE06
97043=TREE06
96041=TREE05
98043=TREE07
91045=TIBTRE02
89044=TIBTRE01
68017=TIBTRE02
33045=TIBTRE02
35046=TIBTRE03
44063=TIBTRE01
35064=TIBTRE01
50066=TREE27
50061=TREE26
50062=TREE18
51061=TREE18
50060=TREE18
49061=TREE18
49066=TREE18
51066=TREE18
50065=TREE18
50067=TREE18
51065=TREE17
49065=TREE17
49067=TREE17
51067=TREE17
51062=TREE17
49062=TREE17
49060=TREE17
51060=TREE17
29061=TREE03
25061=TREE03
29066=TREE03
25066=TREE03
26065=TREE04
30065=TREE05
28065=TREE06
24065=TREE08
28062=TREE08
24062=TREE06
26062=TREE05
30062=TREE04
35081=TIBTRE03
33082=TIBTRE03
55022=TIBTRE02
55105=TIBTRE02

[Units]
0=Neutral,PTRUCK,256,57,90,0,Sleep,None,0,-1,0,-1,1,1
1=Neutral,PTRUCK,256,54,105,160,Sleep,None,0,-1,0,-1,1,1

[Structures]
1020028=Neutral,GAGATE_A,256,62,64,0,None,1,0,1,0,0,None,None,None,0,0
1020029=Neutral,GAGATE_A,256,62,60,0,None,1,0,1,0,0,None,None,None,0,0
1020030=Neutral,CAGARD01,256,65,65,0,None,0,0,1,0,0,None,None,None,0,0
1020033=Neutral,CAGARD01,256,61,65,0,None,0,0,1,0,0,None,None,None,0,0
1020036=Neutral,CAGARD01,256,61,59,0,None,0,0,1,0,0,None,None,None,0,0
1020039=Neutral,CAGARD01,256,65,59,0,None,0,0,1,0,0,None,None,None,0,0
1020042=Neutral,CAGEFGL,256,68,62,0,None,0,0,1,0,0,None,None,None,0,0
1020045=Neutral,CAGEFGL,256,58,62,0,None,0,0,1,0,0,None,None,None,0,0
1020048=Neutral,CAGEFGL,256,74,62,0,None,0,0,1,0,0,None,None,None,0,0
1020051=Neutral,CAGEFGL,256,80,62,0,None,0,0,1,0,0,None,None,None,0,0
1020054=Neutral,CAGEFGL,256,52,62,0,None,0,0,1,0,0,None,None,None,0,0
1020057=Neutral,CAGEFGL,256,30,62,0,None,0,0,1,0,0,None,None,None,0,0
1020060=Neutral,CAGEFGL,256,36,62,0,None,0,0,1,0,0,None,None,None,0,0
1020063=Neutral,CAGEFGL,256,46,62,0,None,0,0,1,0,0,None,None,None,0,0
1020066=Neutral,GAGATE_A,256,40,64,0,None,1,0,1,0,0,None,None,None,0,0
1020067=Neutral,GAGATE_A,256,40,60,0,None,1,0,1,0,0,None,None,None,0,0
1020068=Neutral,CAGARD01,256,43,65,0,None,0,0,1,0,0,None,None,None,0,0
1020071=Neutral,CAGARD01,256,39,65,0,None,0,0,1,0,0,None,None,None,0,0
1020074=Neutral,CAGARD01,256,39,59,0,None,0,0,1,0,0,None,None,None,0,0
1020077=Neutral,CAGARD01,256,43,59,0,None,0,0,1,0,0,None,None,None,0,0
1020080=Neutral,CAGARD01,256,83,65,0,None,0,0,1,0,0,None,None,None,0,0
1020083=Neutral,CAGARD01,256,83,59,0,None,0,0,1,0,0,None,None,None,0,0
1020086=Neutral,CAGARD01,256,87,65,0,None,0,0,1,0,0,None,None,None,0,0
1020089=Neutral,CAGARD01,256,87,59,0,None,0,0,1,0,0,None,None,None,0,0
1020092=Neutral,CAGEFGL,256,108,62,0,None,0,0,1,0,0,None,None,None,0,0
1020095=Neutral,CAGEFGL,256,90,62,0,None,0,0,1,0,0,None,None,None,0,0
1020098=Neutral,CAGEFGL,256,102,62,0,None,0,0,1,0,0,None,None,None,0,0
1020101=Neutral,CAGEFGL,256,96,62,0,None,0,0,1,0,0,None,None,None,0,0
1020104=Neutral,CAPARS04,1,47,67,0,None,0,0,1,0,0,None,None,None,0,0
1020105=Neutral,CAPARS05,1,51,67,0,None,0,0,1,0,0,None,None,None,0,0
1020106=Neutral,CAPARS04,128,55,67,0,None,0,0,1,0,0,None,None,None,0,0
1020107=Neutral,CAPARS06,1,55,55,0,None,0,0,1,0,0,None,None,None,0,0
1020108=Neutral,CAPARS06,1,47,55,0,None,0,0,1,0,0,None,None,None,0,0
1020109=Neutral,CAPARS05,128,51,55,0,None,0,0,1,0,0,None,None,None,0,0
1020110=Neutral,CAPARS14,64,61,83,0,None,0,0,1,0,0,None,None,None,0,0
1020111=Neutral,CAPARK01,256,62,86,0,None,0,0,1,0,0,None,None,None,0,0
1020112=Neutral,CAPARK01,256,63,86,0,None,0,0,1,0,0,None,None,None,0,0
1020113=Neutral,CAMSC03,256,64,86,0,None,0,0,1,0,0,None,None,None,0,0
1020114=Neutral,CAMSC03,256,61,86,0,None,0,0,1,0,0,None,None,None,0,0
1020115=Neutral,CAEUR04,256,69,81,0,None,0,0,1,0,0,None,None,None,0,0
1020116=Neutral,CAIND01,64,52,93,0,None,0,0,1,0,0,None,None,None,0,0
1020117=Neutral,CAIND01,256,53,87,0,None,0,0,1,0,0,None,None,None,0,0
1020118=Neutral,CAPARS06,256,70,74,0,None,0,0,1,0,0,None,None,None,0,0
1020119=Neutral,CAGAS01,256,54,74,0,None,0,0,1,0,0,None,None,None,0,0
1020120=Neutral,CAPARS07,256,57,76,0,None,0,0,1,0,0,None,None,None,0,0
1020121=Neutral,CAMISC04,256,57,74,0,None,0,0,1,0,0,None,None,None,0,0
1020122=Neutral,CAMISC03,256,68,76,0,None,0,0,1,0,0,None,None,None,0,0
1020123=Neutral,CAFRMB,256,68,78,0,None,0,0,1,0,0,None,None,None,0,0
1020124=Neutral,CAMISC05,256,68,79,0,None,0,0,1,0,0,None,None,None,0,0
1020125=Neutral,CAMISC05,256,70,78,0,None,0,0,1,0,0,None,None,None,0,0
1020126=Neutral,CATS01,256,67,81,0,None,0,0,1,0,0,None,None,None,0,0
1020127=Neutral,CATS01,64,67,83,0,None,0,0,1,0,0,None,None,None,0,0
1020128=Neutral,CABUNK01,256,60,68,0,None,0,0,1,0,0,None,None,None,0,0
1020129=Neutral,CABUNK01,256,65,68,0,None,0,0,1,0,0,None,None,None,0,0
1020130=Neutral,CABUNK01,256,38,68,0,None,0,0,1,0,0,None,None,None,0,0
1020131=Neutral,CABUNK01,256,43,68,0,None,0,0,1,0,0,None,None,None,0,0
1020132=Neutral,CABUNK01,256,82,68,0,None,0,0,1,0,0,None,None,None,0,0
1020133=Neutral,CABUNK01,256,87,68,0,None,0,0,1,0,0,None,None,None,0,0
1020134=Neutral,CABUNK02,256,82,55,0,None,0,0,1,0,0,None,None,None,0,0
1020135=Neutral,CABUNK02,256,87,55,0,None,0,0,1,0,0,None,None,None,0,0
1020136=Neutral,CABUNK02,256,65,55,0,None,0,0,1,0,0,None,None,None,0,0
1020137=Neutral,CABUNK02,256,60,55,0,None,0,0,1,0,0,None,None,None,0,0
1020138=Neutral,CABUNK02,256,38,55,0,None,0,0,1,0,0,None,None,None,0,0
1020139=Neutral,CABUNK02,256,43,55,0,None,0,0,1,0,0,None,None,None,0,0
1020140=Neutral,CAPARS06,256,66,113,0,None,0,0,1,0,0,None,None,None,0,0
1020141=Neutral,CAPARS06,64,66,109,0,None,0,0,1,0,0,None,None,None,0,0
1020142=Neutral,CAEUR04,64,65,104,0,None,0,0,1,0,0,None,None,None,0,0
1020143=Neutral,CAIND01,256,71,105,0,None,0,0,1,0,0,None,None,None,0,0
1020144=Neutral,CAOILD,256,58,111,0,None,0,0,1,0,0,None,None,None,0,0
1020149=Neutral,CAOILD,256,52,105,0,None,0,0,1,0,0,None,None,None,0,0
1020154=Neutral,CAOILD,256,58,105,0,None,0,0,1,0,0,None,None,None,0,0
1020159=Neutral,CARUS04,256,71,97,0,None,0,0,1,0,0,None,None,None,0,0
1020160=Neutral,CARUS05,64,71,87,0,None,0,0,1,0,0,None,None,None,0,0
1020161=Neutral,CARUS06,256,71,92,0,None,0,0,1,0,0,None,None,None,0,0
1020162=Neutral,CARUS06,64,76,97,0,None,0,0,1,0,0,None,None,None,0,0
1020163=Neutral,CAPARS06,1,87,89,0,None,0,0,1,0,0,None,None,None,0,0
1020164=Neutral,CAGEFGL,256,24,62,0,None,0,0,1,0,0,None,None,None,0,0
1020167=Neutral,CAGEFGL,256,18,62,0,None,0,0,1,0,0,None,None,None,0,0
1020170=Neutral,CAGEFGL,256,12,62,0,None,0,0,1,0,0,None,None,None,0,0
1020173=Neutral,CAPARS04,256,69,67,0,None,0,0,1,0,0,None,None,None,0,0
1020174=Neutral,CAPARS05,128,73,67,0,None,0,0,1,0,0,None,None,None,0,0
1020175=Neutral,CAPARS05,1,77,67,0,None,0,0,1,0,0,None,None,None,0,0
1020176=Neutral,CAPARS05,256,33,67,0,None,0,0,1,0,0,None,None,None,0,0
1020177=Neutral,CAPARS05,64,29,67,0,None,0,0,1,0,0,None,None,None,0,0
1020178=Neutral,CAPARS05,1,25,67,0,None,0,0,1,0,0,None,None,None,0,0
1020179=Neutral,CAPARS05,64,91,67,0,None,0,0,1,0,0,None,None,None,0,0
1020180=Neutral,CAPARS05,256,95,67,0,None,0,0,1,0,0,None,None,None,0,0
1020181=Neutral,CAPARS05,1,99,67,0,None,0,0,1,0,0,None,None,None,0,0
1020182=Neutral,CANEWY21,256,50,98,0,None,0,0,1,0,0,None,None,None,0,0
1020183=Neutral,CANEWY20,64,46,97,0,None,0,0,1,0,0,None,None,None,0,0
1020184=Neutral,CAEUR04,1,37,89,0,None,0,0,1,0,0,None,None,None,0,0
1020185=Neutral,CARUFGL,256,67,59,0,None,0,0,1,0,0,None,None,None,0,0
1020188=Neutral,CARUFGL,256,81,59,0,None,0,0,1,0,0,None,None,None,0,0
1020191=Neutral,CARUFGL,256,89,59,0,None,0,0,1,0,0,None,None,None,0,0
1020194=Neutral,CARUFGL,256,59,59,0,None,0,0,1,0,0,None,None,None,0,0
1020197=Neutral,CARUFGL,256,45,59,0,None,0,0,1,0,0,None,None,None,0,0
1020200=Neutral,CARUFGL,256,37,59,0,None,0,0,1,0,0,None,None,None,0,0
1020203=Neutral,CAUSFGL,256,37,65,0,None,0,0,1,0,0,None,None,None,0,0
1020206=Neutral,CAUSFGL,256,45,65,0,None,0,0,1,0,0,None,None,None,0,0
1020209=Neutral,CAUSFGL,256,59,65,0,None,0,0,1,0,0,None,None,None,0,0
1020212=Neutral,CAUSFGL,256,67,65,0,None,0,0,1,0,0,None,None,None,0,0
1020215=Neutral,CAUSFGL,256,81,65,0,None,0,0,1,0,0,None,None,None,0,0
1020218=Neutral,CAUSFGL,256,89,65,0,None,0,0,1,0,0,None,None,None,0,0
1020221=Neutral,CAGEFGL,256,114,62,0,None,0,0,1,0,0,None,None,None,0,0
1020224=Neutral,GAGATE_A,256,84,64,0,None,1,0,1,0,0,None,None,None,0,0
1020225=Neutral,GAGATE_A,256,84,60,0,None,1,0,1,0,0,None,None,None,0,0
1020226=Neutral,NAPSYA,256,62,38,0,None,0,0,1,0,0,None,None,None,0,0
1020229=Neutral,CAOILD,256,67,18,0,None,0,0,1,0,0,None,None,None,0,0
1020234=Neutral,CAOILD,256,72,18,0,None,0,0,1,0,0,None,None,None,0,0
1020239=Neutral,CAOILD,256,67,13,0,None,0,0,1,0,0,None,None,None,0,0
1020244=Neutral,CAIND01,64,59,18,0,None,0,0,1,0,0,None,None,None,0,0
1020245=Neutral,CATS01,64,61,15,0,None,0,0,1,0,0,None,None,None,0,0
1020246=Neutral,CATS01,1,61,13,0,None,0,0,1,0,0,None,None,None,0,0
1020247=Neutral,CATS01,256,61,11,0,None,0,0,1,0,0,None,None,None,0,0
1020248=Neutral,CATEXS08,128,56,19,0,None,0,0,1,0,0,None,None,None,0,0
1020249=Neutral,CATEXS06,0,52,19,0,None,0,0,1,0,0,None,None,None,0,0
1020250=Neutral,NAPSYB,256,68,44,0,None,1,0,1,0,0,None,None,None,0,0
1020253=Neutral,NAPSYB,256,58,44,0,None,1,0,1,0,0,None,None,None,0,0
1020256=Neutral,CARUFGL,256,68,49,0,None,0,0,1,0,0,None,None,None,0,0
1020259=Neutral,CARUFGL,256,73,49,0,None,0,0,1,0,0,None,None,None,0,0
1020262=Neutral,CARUFGL,256,73,41,0,None,0,0,1,0,0,None,None,None,0,0
1020265=Neutral,CARUFGL,256,73,45,0,None,0,0,1,0,0,None,None,None,0,0
1020268=Neutral,CARUFGL,256,54,41,0,None,0,0,1,0,0,None,None,None,0,0
1020271=Neutral,CARUFGL,256,54,45,0,None,0,0,1,0,0,None,None,None,0,0
1020274=Neutral,CARUFGL,256,54,49,0,None,0,0,1,0,0,None,None,None,0,0
1020277=Neutral,CARUFGL,256,59,49,0,None,0,0,1,0,0,None,None,None,0,0
1020280=Neutral,CARUS04,128,72,34,0,None,0,0,1,0,0,None,None,None,0,0
1020281=Neutral,CARUS05,64,72,24,0,None,0,0,1,0,0,None,None,None,0,0
1020282=Neutral,CARUS06,64,72,29,0,None,0,0,1,0,0,None,None,None,0,0
1020283=Neutral,CARUS06,256,77,24,0,None,0,0,1,0,0,None,None,None,0,0
1020284=Neutral,CARUS06,64,47,24,0,None,0,0,1,0,0,None,None,None,0,0
1020285=Neutral,CAGAS01,128,53,36,0,None,0,0,1,0,0,None,None,None,0,0
1020286=Neutral,CAPARS06,64,53,29,0,None,0,0,1,0,0,None,None,None,0,0
1020287=Neutral,CAEUR04,128,53,25,0,None,0,0,1,0,0,None,None,None,0,0
1020288=Neutral,CAPARS06,256,53,32,0,None,0,0,1,0,0,None,None,None,0,0
1020289=Neutral,CAEUR04,64,87,34,0,None,0,0,1,0,0,None,None,None,0,0
1020290=Neutral,CAPARS04,64,73,55,0,None,0,0,1,0,0,None,None,None,0,0
1020291=Neutral,CAPARS06,256,77,55,0,None,0,0,1,0,0,None,None,None,0,0
1020292=Neutral,CAPARS06,1,69,55,0,None,0,0,1,0,0,None,None,None,0,0
1020293=Neutral,CAPARS06,256,91,56,0,None,0,0,1,0,0,None,None,None,0,0
1020294=Neutral,CAPARS06,256,95,56,0,None,0,0,1,0,0,None,None,None,0,0
1020295=Neutral,CAPARS06,1,99,56,0,None,0,0,1,0,0,None,None,None,0,0
1020296=Neutral,CAPARS06,256,34,56,0,None,0,0,1,0,0,None,None,None,0,0
1020297=Neutral,CAPARS05,1,30,56,0,None,0,0,1,0,0,None,None,None,0,0
1020298=Neutral,CAPARS05,64,26,56,0,None,0,0,1,0,0,None,None,None,0,0
1020299=Neutral,CARUS05,64,38,34,0,None,0,0,1,0,0,None,None,None,0,0

[OverlayPack]
1=GAAAIIH//kAM/4Hx/v8B//8AEEEM/r4B/4H/gCsAACCB//5AAv+B8f7/Af//AQZBAhABQA
2=cwC/7YE/+BZiAB/0IADR7+jAH/gf+AawAAIIH/5wAAgWYgAf9CAA0A/rgB/wHYzVIAgRsA
3=Ac1CABAo/tUB/9BPANE+Av/bAVIAzlECAf7LQATQKwL+yQH//wMCKwT//QEuCP4TCP/OPg
4=r+7wH//wECPhTMQAb+8AH//wAEPhT+wQH/gf+A2wAAIIH/1AAAgWb+TgD//08AGAD+YQH/
5=gWb/UAAYAP+uAWcAgWbcZwKB8OIkBOgLBP6OAf8BrtwYBCAB0y4G8wAG/owB/xGt/1EAGA
6=L/qgFoBiGs/1QAGAj/pgFrCDGr/1UAGAr/pAFsCjGo/1MAFwL/pgFpDEOp/1cAFwz/oQFt
7=DmGo/1gAGBD/sAFnAP4GAv+B8cghFvMcFv6dAf+B8d8FGNMCGOkoGM5GGP6JAf/DRAbaCR
8=oh1PoWGs1oGv6KAf9xk9cHHEHU+BgczGMc/5UBdxr/bAANGv+HAXkcgK4AACCB/xABgfHf
9=BQDTAgDpKADPRQD+qgH/Ma7NeADpJgL+owH/gWZQAf5TAP//XAALBP5JAf//YwAMBP6eAf
10=8hov9XABIGMF3+nwH//18ADgb+ogH//10ADwr+pAH//1sAEAz+pgH//1kAEQ7+qAH/4GgQ
11=gcsgAf9PAOYR/okB/+ATEmAF/0oA6xP+rAH/7zUU/s4B//8OAjUWCArrORL+xgH/AfOBGw
12=ABMgn/uQNHGoB2AAAggf/xAACBy0AFhBsb/xsACRAB/u0B/3IAAgL+8wH//wECNQL/8gFD
13=AP4CBv+BZiAByh0Ozj0E0CoO/skB//8CAioOEd/LMBDBPADcHhL+yQH//wMCKg4T4N0xFM
14=0tFv7JAf/hThT/7wFODv/tAT0Y/tUD/4H/gB8AACCB//4rDv+B8XABQA3+/wH//wAIPQ7+
15=AAT//8MDPRSAFwAAIIH/+QAAgfH+/wH//wAQPQD+wg3/gf+ACQAAIIH//v4f/4H/gAkAAC
16=CB//7+H/+B/4AJAAAggf/+/h//gf+ACQAAIIH//v4f/4H/gAkAACCB//7+H/+B/4AJAAAg
17=gf/+/h//gf+ACQAAIIH//v4f/4H/gAkAACCB//7+H/+B/4AJAAAggf/+/h//gf+ACQAAII
18=H//v4f/4H/gAkAACCB//7+H/+B/4AJAAAggf/+/h//gf+ACQAAIIH//v4f/4H/gAkAACCB
19=//7+H/+B/4AJAAAggf/+/h//gf+ACQAAIIH//v4f/4H/gAkAACCB//7+H/+B/4AJAAAggf
20=/+/h//gf+ACQAAIIH//v4f/4H/gAkAACCB//7+H/+B/4AJAAAggf/+/h//gf+ACQAAIIH/
21=/v4f/4H/gAkAACCB//7+H/+B/4AJAAAggf/+/h//gf+A

[OverlayDataPack]
1=IAAAIIEA/kAMAIEE/v8BAIEF/v8BAP8ADEEOgQH+vQMAgQCAPAAAIIEA/kACAIEE/v8BAI
2=EF/v8BAP8ABEEEiAMKCgoIAAACAAcQAQAL/tgTAIIEBwAB3EEC4Sse/owBAIEAgJQAACCB
3=AOcAAIYHCgoKCwfcDQCBCwAl3DAA/rgBAIMHCgDNLgCEBAcHBM1CAIEA/9oBUwCCCAjMUw
4=IEE80wBM4tBP7JAQDQTwIEE8tAAtArAv7JAQDQTwDQPgTfLQD+uAEAB+3NPwLOPgLQKwr+
5=3AkAzj4K/u8BAIEG/9kBUgDkGBb/2QFSAv8mAhgW/wACPhT+wQEAgQCAQQEAIIEA1AAAgQ
6=P+TgAA/08AGAD+YQEAggcG/k4AAIIGB/6tAQCCBwrbaAKBBOIkBOgLBP6OAQCDBwoL22kE
7=ggMKAAGBCFAOgQIQDoEJ2/gFgQv/qwFoBAH/3BcG7+MHgQv/qgFoBhH//1MAFwj/qAFpCA
8=H/Bc//UAAYCgBT/6YBagoT/oIKAP9SABcMgQAQWP+iAW0MJf3/VwAVDP+jAWsOgwMGBzAB
9=20kE7jUSgQRAV4EG/7ABZwD+BgIANA7NGBLpJhb+nQEAwkQG2QkYggsMwWQCGBj1GhjMZx
10=jGOwb+hAEAggYOMAGBCtYHGoIMBQAnggUG+BcazWIaEiX+hwEAggIPMAGDDQAH1QgcgQ0h
11=1IEH+BcczGIcgg8P/4sBeBqBAw2aEAEdotMKHoEJIdSBA/gXHs1iHoEL20kG/mgBAIEAgA
12=MBACCBABABggIK3AYAgg4JACaCAw74FwDNZwCBCP6tAQCBAcghAvMcAv6jAQCDAwYHIAGB
13=BP5TAACBBDBbggYD/pwBAIQHCgsLBZuBB/5TAACBBwBYAF3/VAATBv5LAQACAYIKAP9XAB
14=IGgQAAXP+fAW4GM6f/WQASBv+iAWwINgP/VQATCv+iAWsGYgH/VgATDP+mAWoMEgH/VgAT
15=Cv+nAWoOAauBBt7xEYEGF86BDOnmEYEG/6kBaRDACQTe8hOBBWAF/0oA6xP+rAEA7zUU/s
16=4BAP8AAjUWwlgCYgCEBggAAuo6Ev7GAQACAMBnBMATBBIJ//MBOhgB88BnCgwt/70BQxyA
17=tgAAIIEA8QAAgQQQBY4FAAAHCgAGAAADCgoKCf7tAQAB+0IAgQoCAP7yAQBSAIMEBwckC/
18=7wAQAV8v/vAUYA/gIGAAntzT4Ezj0E0CoO/skBAA3tgwoLB8odEIMGCgrLLxDQKhD+yQEA
19=wD0Azi0QgQDOPxDOLBL+yQEAhAcKCAjMPxLQPRDOLBT+yQEAggcLA93LUxTOPQ7QKhb+yQ
20=EAAdzNPhTyGRj+uAEA4U4O/9wBTg7+1QMAgQCAMgAAIIEA/isOAIICClABgQgwDYEM/v8B
21=AIEF/v8BAP8ABD0QgQH+/wUAgQT+/wEA/8MBPRSAGQAAIIEA+QAAgQX+/wEA/wAOPQCBAf
22=7BDwCBAIAJAAAggQD+/h8AgQCACQAAIIEA/v4fAIEAgAkAACCBAP7+HwCBAIAJAAAggQD+
23=/h8AgQCACQAAIIEA/v4fAIEAgAkAACCBAP7+HwCBAIAJAAAggQD+/h8AgQCACQAAIIEA/v
24=4fAIEAgAkAACCBAP7+HwCBAIAJAAAggQD+/h8AgQCACQAAIIEA/v4fAIEAgAkAACCBAP7+
25=HwCBAIAJAAAggQD+/h8AgQCACQAAIIEA/v4fAIEAgAkAACCBAP7+HwCBAIAJAAAggQD+/h
26=8AgQCACQAAIIEA/v4fAIEAgAkAACCBAP7+HwCBAIAJAAAggQD+/h8AgQCACQAAIIEA/v4f
27=AIEAgAkAACCBAP7+HwCBAIAJAAAggQD+/h8AgQCACQAAIIEA/v4fAIEAgAkAACCBAP7+Hw
28=CBAIA=

[AITriggerTypesEnable]
0CAD0DCC-G=yes
0CAD0C7C-G=yes
0CAD0B2C-G=yes
0CA6621C-G=yes
0CDF8EDC-G=yes
0CDF8D8C-G=yes
0C0C7AEC-G=yes
0D62199C-G=yes
0CDF899C-G=yes
0D6216FC-G=yes
0D6215AC-G=yes
0D62145C-G=yes
0D0803CC-G=yes
0C32599C-G=yes
0CE23AAC-G=yes
0CA1F84C-G=yes
0CE26CAC-G=yes
0CE26B5C-G=yes
0CAD145C-G=yes
0CAD130C-G=yes
0CE2395C-G=yes
0D084B5C-G=yes
0D084A0C-G=yes
0D0848BC-G=yes
0CAD2AEC-G=yes
0D08461C-G=yes
0D0873DC-G=yes
0C8E2C3C-G=yes
0CAD25AC-G=yes
0D087D8C-G=yes
0C8B81BC-G=yes
0CADDEDC-G=yes
0C92C45C-G=yes
0C9565AC-G=yes
0C92C1BC-G=yes
0CADD99C-G=yes
0C9561BC-G=yes
0CE2EA2C-G=yes
0CE2E8DC-G=yes
0C955C3C-G=yes
0C955AEC-G=yes
0C8C71BC-G=yes
0C8C6EDC-G=yes
0D052AEC-G=yes
0CE44D0C-G=yes
0CA5945C-G=yes
0CAD2C3C-G=yes
0D535EDC-G=yes
0AA846FC-G=yes
0AA845AC-G=yes
0C8C645C-G=yes
0AD2BAEC-G=yes
0C96F5AC-G=yes
0C96F45C-G=yes
0CB2CEDC-G=yes
0C91D45C-G=yes
0CAD5AEC-G=yes
0D2C45DC-G=yes
0D2C448C-G=yes
0C8C56FC-G=yes
0D2C41EC-G=yes
0CA6AEDC-G=yes
0C0D251C-G=yes
0C8C51BC-G=yes
0CA24D8C-G=yes
0C8BC5AC-G=yes
0C8C4C3C-G=yes
0D53430C-G=yes
0ECCFCAC-G=yes
0ECCFA7C-G=yes
0C8EEEDC-G=yes
0C0D184C-G=yes
0ECCF68C-G=yes
0C8C430C-G=yes
0C87B99C-G=yes
0ECCF29C-G=yes
0ECCF14C-G=yes
0C8EEAEC-G=yes
0C87B45C-G=yes
0ECCBC3C-G=yes
0C8EE1BC-G=yes
0ECCB7FC-G=yes
0C32D84C-G=yes
0ECCB55C-G=yes
0ECCB40C-G=yes
0ECCB2BC-G=yes
0CA2D99C-G=yes
0CB29EDC-G=yes
0C8C2C3C-G=yes
0C8C2AEC-G=yes
0A31295C-G=yes
0C87E5AC-G=yes
0D022C6C-G=yes
0D022B1C-G=yes
0C1246FC-G=yes
0C1245AC-G=yes
0D0B3B9C-G=yes
0CA2A04C-G=yes
0CA2B06C-G=yes
0CA2FEDC-G=yes
0D53130C-G=yes
0D2769BC-G=yes
0A452E5C-G=yes
0A452C6C-G=yes
0A44F2CC-G=yes
0A44F17C-G=yes
0D53099C-G=yes

[Triggers]
0649E72C=Americans,<none>,Start Ambients,0,1,1,1,0

[Events]
0649E72C=1,47,0,0

[Actions]
0649E72C=11,99,7,_Amb_UrbanMurmur1,0,0,0,0,A,99,7,_Amb_UrbanMurmur1,0,0,0,0,B,99,7,_Amb_UrbanMurmur1,0,0,0,0,C,99,7,_Amb_UrbanMurmur1,0,0,0,0,D,99,7,_Amb_UrbanMurmur2,0,0,0,0,I,99,7,_Amb_UrbanMurmur2,0,0,0,0,J,99,7,_Amb_BirdsPark,0,0,0,0,K,99,7,_Amb_BirdsPark,0,0,0,0,L,99,7,_Amb_UrbanMurmur2,0,0,0,0,M,99,7,_Amb_UrbanMurmur2,0,0,0,0,N,99,7,_Amb_UrbanMurmur1,0,0,0,0,CV

[Tags]
0649DE9C=0,Start Ambients,0649E72C

[Digest]
1=zgDU7k0qbj0Cufl/Sr9jPborMjs=
