[SpecialFlags]
TiberiumGrows=no
TiberiumSpreads=yes
TiberiumExplosive=no
DestroyableBridges=yes
MCVDeploy=no
InitialVeteran=no
FixedAlliance=no
HarvesterImmune=no
FogOfWar=no
Inert=no
IonStorms=no
Meteorites=no
Visceroids=no

[Ranking]
ParTimeEasy=00:01:00
ParTimeMedium=00:01:00
ParTimeHard=00:01:00
UnderParTitle=GUI:NoUnderParTitle
UnderParMessage=GUI:NoUnderParMessage
OverParTitle=GUI:NoOverParTitle
OverParMessage=GUI:NoOverParMessage

[Basic]
Briefing=Brief:TRN01
NextScenario=ALL01T.MAP
AltNextScenario=GDI9C.MAP
NewINIFormat=4
CarryOverCap=0
EndOfGame=no
SkipScore=no
OneTimeOnly=no
SkipMapSelect=no
Official=yes
IgnoreGlobalAITriggers=no
TruckCrate=no
TrainCrate=no
Percent=0
Theme=No theme
MultiplayerOnly=1
TiberiumGrowthEnabled=yes
VeinGrowthEnabled=no
IceGrowthEnabled=no
TiberiumDeathToVisceroid=no
FreeRadar=no
InitTime=10000

[Lighting]
Ambient=0.870000
Red=0.870000
Green=0.870000
Blue=1.000000
Ground=0.000000
Level=0.059000
IonAmbient=0.870000
IonRed=0.300000
IonGreen=0.400000
IonBlue=0.750000
IonGround=0.000000
IonLevel=0.000000

[Preview]
Size=0,0,78,79

[PreviewPack]
1=kRAAIAiorFCgrFCosFCosIkAtFgBAUiorEhaAaCshQKwRAKoAHwCUAJIAFQDyAA4vAANmI
2=RAoJBAuMRguMRYwMhYwLYAyFhYAaoAsMDcAqwEsAKsASAtvAADcGg4YFw4YBZ0FWwZbAH8
3=HQKYoEiImFUDWFMCoKhISgCosGwBA5CgQKCsSFIdmKR0IVQDaABkCHwgrAQBsIRIwEoAyG
4=BgFowcNv0CwCmMACosACAnvAAIiIRAiHhAeHRAqHBMGSiMA1AXAAOIlDh4jCiAjCiIkDCI
5=kCiIlDCYnEC0HrQDxgKkSEQFrAGsH6wcCcC0WLioUKikULiMQEYpiIhMOnA4aB5MOgHEWL
6=jAeAFYNyhcA6ghvDvkPiAhvABUD3w4AYhAyIxkMkgzpDKsWLQbA4CMMHiIMCkUANQeRQKA
7=XAIBiDB4jHQDTAG8BbwdXAh0CQGgUKiYRAt0PwNgTDB4ZDi0M3QAbBmUPJwdUFm0HkxYAr
8=jAUNDQUVxghAJAAVQhbAHUIS+8ALwCrAp0AEAETmTAWFg3BXBgOLiQUKB8KxwHApCAQIB8
9=aFG0ckgVUBdUGKw6rAGMGVA7aADcAnwgrR8wrAQDgJAwkJw4WBxIAFAISAABwKhIsFRgUD
10=sFeECQbDiQiECsNLcSkKBIWEMD0NRo0NBorAFYYQaYqEDI0GCotFC8Aiq8AEBAiABkILwC
11=dAD0P0gDTCVIDAWIeDi4mEiweEQRfGhQEUgAA6iQSJiAOLwFWAGoAEtUmKBAQDeUGyssA4
12=QCcB1AAbwdQAFsW2VcMLxWUBcnPAtQHcgABbRQqKxYyJRIRHcGuJRQyMxgyMhgXBpON5ig
13=SRJASBsGmKRAkJwwoKxAUAJYFl410NRIP0gA3JVEAqgVeEBMN1RggF6wAkgGSAACkIhIaE
14=xEEaioZEq8oQLIvFjAsNwIyBJLMLRQkGhyVHJ8HSlEA2xVXFkpRAD8IHw7xCBcF0xDhiAw
15=kGiZVJZsK1wLRHd5DaBIVAFo0MxopBq0G1QGrBwDsLxYsLxQWFhYAUIB2NR4BGgbT168WN
16=hYf2hUzBa8AkAcSADccQGMQKh0RBd0qFQqfKGVBtBlHVC8BUwNRBRcEUU7sF5NnFCsT8RT
17=SXKIrBlYlCAC/A6EWQO4vFjIxGBERF9EsLhYVQDAQJEBuFjIyIoAzFhTO5CcSEAEZAIBzG
18=DAwHRyRCBcHUxYehzEWExStzmIkEAnCAAIqKhQyLhQ0LhYwLjUcryqUBdESrxoKzwUArRY
19=wLRQvAiskUQdaAC/iaBIqEhpKCQL3HGsOqQgrDe1AACAALcMsLhQUBqMCgRIyLhYuKxQdS
20=escAJ8VoRHS3KouFBEIEhXVy2YqEhDdsjMaFgcUHSseWZTxFhItwADeGQwoIBIiGxAuIQ4
21=yIxA0JhIwIxAXHFEYlQAlHIo7BhoGPzdvKG8CKwK9AOcBQaoUMCgSLioSKhALrzIZHHMVZ
22=wazAG8HYgc0ACsQ1kcuFE4mFAIbBlAH2gAVCpQa0gAjB9FWbBb0MBY0Ft2vFi4uh+gSFgB
23=WAdQdEwizxOESKhIAIAEuAzMEIzfvIN8FyZsI6wBdAADtFCIdDiQTiLEYEMQoLRIXGJcAk
24=g/VABJAKBNpqRda1BcTWx2mHZMlEgAXHSUDEjMWVgovA68AkA3TEBQCHFQsFA4SKtJZkB3
25=OahQgFDySgCYOESPShjAxGOsqLBIWDpMdlsQqLhIUx3AsFBEIFQka1fAWKhME0YjoFBAN6
26=ydrEa8DqwTQBZUQqQaD3hoMIiAOJiMQKB0OEhAKIBwOEgDan64UEhIQAFEerwFnE1Al3SW
27=tAm0HrQMjBxAHHhYtDlMHEABtA9EGk2OsERiZRRYQAdUBlARA9DEaNC8YEAcWARECEgGUN
28=FAEERWSABUclA4ShvQrF1uUFglVGlEIKw6oHMBsIRAoEwWAYA4kHQohCNIKrU5mFY2gDi8
29=NUAZQA2kGq4BkKBIsU27SFAOvAK0Tn4dsFBEFFx6NjwO3AJ8rcxY7axQVAZAEEgASja4wH
30=QbVI1EcVAdQAFMEE43sLRQiSjnDsjIaEg8tCrldFhQFEgATJGsjgKolECAdMwZROZIG7wU
31=AohwQJB8IvQlRAu3GNjIYFusyMBYSACsB6QLVAknjABYE6gAVBVEL+kAKEAxVyF4fHhIAL
32=ACpAJEF1QzUAJIALQ5vCO0A0s5kJhATK9INgK4tGDIuHQeXDgB6Mx4yIQgaBUCtFCYmEBI
33=ckgAbq/IWFSlA5CMSKCcUEQFXFZcDqQyQKxKCZikQTpIpBdLb4hoMF8OoHRAdgO0WKQdJB
34=UquFxKRPhKY7BISB5IALQGrARoD4R6J2wOVhWYnJZsnFBYGUgAtBhaUrCkSY1IXIlQAkoA
35=uKQiiCtkCEzxI+QvQHZIALwOvDudYkhMBEwfWCtsGSL3NEiIlCJ4Jk09oFSfCHQ4gGg4eG
36=BAkIQ4tDC0G7czmKAwIZghSIoPwLhQiIg4iGAwqKhYuJRImIRAUHRYGVzIVABIAFALUBq0
37=G0QLRHRAB0gAUAJYCif0CkQ7vF+kBVgxSCSsGUgbXBcGyLho0MBoyLxoSANIAFYDsLBU1W
38=A3TAG8IJwaAlCYlEi4I6QzTApQMmgDVi3AWFxZQBBNcJB4HJS9dR5QpCNN5agm9ChAE0xY
39=WHZIAH6wwFgkVTKoI4QgvBRc/k7NkIB/HbCcUEh+UAVIALwFQkOInCKYKkhspB2sE0wuyA
40=B0aWQaWAFcFFQASABAAUsA4MRwSBJPHODAcCosACqvBOjIeFQhpCPcAoTXWAdEs1ROWBm0
41=OVgfSACk2qwrvAUw3BxA6AHAiECoI1QyJNw0Kr4AsJBUKgFQ0MBgTBNc8ly5VLdAAbRgQD
42=pIAMQdlNVEEUgAKhQDWBBsVZxTvAJXGPAAACcLAOjEcEQCKhQAWB9IAEQOvAWkL0AlSACs
43=Q7w7WAFZTKgplCJmI6hQvBesAUixVEhIElCAW2qImDikCKwEWzSYqEhVCbBQ2lD1QpHIWF
44=gBTBZYiKwEtABIPEgA3EGQdHYPsFAn5AJAFkwBVDNPVdjAaEwBpBonmANAAaQCtAC8BXoE
45=yHikAlQAUAJWHtC8Tc1ovAtsOliOIwwmrAFME0gAVANQGlQARCBIG0yjbAHswbeEgIxAUE
46=F2HpA4tBi0AEAHVEVYuFuCoKhASABL2NDQYCHAKQPY1GCAiEBs65xBbApclZxlLV8DwLhg
47=pCzKGMh4QBwnCAAnUABgAS98B3ACVh7IeEQRSABYAVQJtDwqFA9mF5g4rFK8aFAyTLu0G6
48=wBpBpIulwIrAFMFkQ4vAVBAdBg1iKmLdDQItwlQBxEHaQFV3hQQCi8DrRjTAdIAECLTDFU
49=ElgxSABEMrwFRAK8AieYA0ABpAK0AFAFJ4wApAK0ACdcAEABVAm0WkQFVB5YFkw3pBpUvY
50=AZIuwzXAJYH0A9TGe0D7Q5A6CoUICMOFAgSFdI82bUxGBMHALQyGDYzGjzVBu88rQGCUhE
51=OJhsQJh8QKh8QLw1RAtIALQeUB1IAKQFtABUEqwWKhQAWBZ8Aog23AIqLAD/O+DIgEgAC+
52=jEeODEiNjIkODIiMi0TQGAWAdUHlAORBpMH1grTAFUHkgPVFe0Xbx0rBCSIFDAUbmoIlw5
53=UCBcOER0UB1crUTyWQHQIkI0WNAjfDEn1AADgGw4uJBARAVMvkwNfAtQkkoAtFBQDsQXlB
54=VIEmQajAG8AsQCMlwDRAXUAwARxHDYvHDQuHiAjGCopHhwfGhQWGBYYGB4jGhofGB4hGDg
55=xIBQBUgAXAVIAFQevB0o9gHIeEq0wKAimE5fGpCgSFA+XziImEBUAFwaRCNMc0QXWHMk/C
56=y3G4icQCEyOICQdABOBIiYaP9Hm8jEYFAFJ/QKSAMqrAFEEVQbpAhsATV0AyhoAEAEThzA
57=eEwcWBlXG0BIWGkARPQAQAEFRFhIVFigpHBQO2AHrChcGiPUUVwdXNe8AoETUCp8FlgTSA
58=C8lSSMLUxVYDojTDS8FGqWmEBMBEcjwKxQJDQuXD5LRZiYQLx6RAtIAKwNtAa0ALwOJxQA
59=SDAnLABcICcsAFwCCuDEeNjEgICIYFhkYECQGngcsB1UAEQCVACIAFMgoJxoRTvgUCNIAL
60=wdlABcCOwKAYDgzIhYAUQ+pJi8Eb16sJVUuErMqEhbOsDIYFQeTD1cXFAaIgZPpEBQy1i7
61=RAVYQCJsJlBWSAAi9DoixCK0CSoUAHwOUBFIAIQR2AGsASwUAAPAvIhwgGh0G1AaSACQGj
62=E4APwCXB0FeIBgyLRwuLBoJFQeSAAG2MSIyLyAuLBwRCZAQ1QhpA5EmFg0SLFMMUBPpnSw
63=rFF3UFxcTJdEy0gbal2YOFDvaBtAyl4aqEhEmFgfbDopPB0nlBlQKagMdAAsRANEAtYDxH
64=CsIkyOBti8gICYcGBwYGgb7BkxLAAtBgRIWF93WGhgVh6YlGh4QAECaHhoUFx0QiecC1gN
65=RDusDbQASue4wGlvuCacOM0ckCLISyREPKQFtABYXkx2UFZIHuxYInw6vB2sBFwa1lTIeD
66=BEAHQDWD1KAMRwXy+wqGhYE8hXKlADLewDSANIACpQAFgBqAAqUgBIWEAfAYiMaOCctm4N
67=xHBUFVgWpcXQI0wiUFa8HUgDpBRAOlQ/rAG0AEyvWFgnRBInpAC0A7QAtB60DFQAWCtUAM
68=wfJ68HxHjIRK0BlGhgbDJMB0gYXBdUAEgAQAEtCABQAicIACpoAFAC+AFcHSdcD0AQXDtM
69=WEyXpBdIGFJZqLQiBEBUAFQ2pJKsAUx2SABQI0w6VABIALQkT5rQwGisAUAfSABIA0gALX
70=QDWA1kAkg5SAC9HchA5QF40LyAUmtQWJCtXBQptAJgPUQCqABcAkgArAE2FABABCcIAIwE
71=XB0uXA8jxDGsOrQ2UBonCABEIKyRUJh4H0yvRJKoAEh4jHZIG1z4JIRBUB2oAFACVBsxjA
72=OkHVzLjOgCaHRgSFDkHYQUbBxMFqwBKhQAUAJIAKQCQAFIADAsAKQCtABBBETcelBHBaCk
73=aODMkOjMaPNclaTmXFZcGm0cuCW8MKRTUBeMOiIMJlgZWAG0OVQ/RB1YAUgAvHe0RUQdLt
74=wKTzrIeNgqDB1cEaATVAAtLAAqOAC0AydEAEABSABQAkgAQAFIAEABSAAnIABMAYsAWFxg
75=ISgiSrToyGwcRFBMOngcmDSkO3xWTje0WEg5pB1AAWyvI2wvRB1IAEgbjBxtH4AjvEhQAk
76=gAJ4wDzDr/ONC8eCEMIETCNAwdjBPEsEwWSACkAkABSACsATAUAEgDJwgAKXcASExYQEYi
77=VinMiLwRVBUipCSEdM6vlDC0V1A7U5KQoEBAAVwXRAVMOkABSB5MAagARB0k1Ej0V3Sxbg
78=SwUCp2EtC4Ir8neIRoVHJIAGiutBJQFEABVABIAEABSABAAagATAEqCAAwUAA7RwBYbGAh
79=ciXgyJgcTEmULVxWTDpMr0Qa3la0ULzprB+0PHxZkD5MHKwZQAFEHawcnR0oSSSYItVXSF
80=gHSPa0V0Q7RFa0OUI60LhEOwRwgJBoiJRoSEtIhytsDjP8AifIA1QDKiwAKjgAXAJYAYgA
81=RCkDwKxw4MB4tDm0AFgQXLCksKTsSJBAGbQeRBdIALRXBaCsUIiYSKiwEQAAsRAAIAAEUK
82=i0UKisUKCsUKCsUIiUOICMMHiIMCkUAAUoiJAwiJAoqIAETARLAOjIeEgAA+DMiOjIgEAB
83=AAboxHDgyIDgyIjgxHjQvICAkGhYaGBASFg0CwBEWEAnCAAqjACwAqQCKiwAhAIDWGBggI
84=xoSAx4DZQPoAFQEUgABbC0WMDAWLC4SgBQAIAATBZLGJCcOFQbB4iQQJCUQKCsSKhIAAGw
85=UKiwxB0BeIwogEgAAYgweIxAHGgASANcBQOQmDiosEhPCtDAaEsAwLhgSAxIAEcO4MRwVA
86=BcHbQAVx7YwIAxsAMv/ALIIbwCVACQGnACTAFIALgBgAEISExYaHRg4MSA6MRwLKwNWBCZ
87=GgBlFLDMHEgVAAOImDiIlDCYpECwuFCwtFCYpEiQpEhIFUsAqLBYUAVEAkw6VCFEOJQAAT
88=B4fHhIAKwBQARQCOQjfwW4tFikDmAcXCwpvANEHQN4jGhYZGDYNyfMApgWbBk2RAA7XAAI
89=YGxgoKRw4MyQ6MxsSZQtZDW8HbQADLi8WLjAWJigQJCgQKi0WEwWrDp8F4A6RAJUA0Q+vB
90=qkO1gcSABQAlxZdSSceAdQHVACSAAopAOMHC5kBwTEgLCoaEhUL6wKKrADTAFIALQbtABY
91=AagAWAEnIgBIWK462MQovAxYEFRRtBu0AEg8qDZMGQnAxGC4wGCIlECImEhMHFQ5vAWsAa
92=w6XRqAXHSUV6wBjB9IWnx3vB1YHEgAuArAOidMB0EByHR1TjpQXPR1KcwCN5QHKowAWBwn
93=CACdAli1OchEHZRXlAxESlgrA8C0WNC8aCcIALyJrB8CqKhQwKBEHWRQvAJEHUgArDq0OU
94=4ceIitkTBAH092gJAwQHwDkJxAmJxAUAVIAKR3A8i8aNjAaHwdhDuUDwF42Lx4XHRAMcBV
95=lBXMAScIA0ABXAJUAKgATAFIACcsAKABBUhYUFhgiIxwVTnglBtAN0gAJ9wKkDVwjFwRKl
96=wApB0CsKhQqJx8j1gEQARMPUABqAD8dFiRUDilHSisHKQ4fAUCsFDIuGBIVwOwsFjAtGBO
97=AeDAZJJYK0yvA8CweHB8aFgTbDf0FSuMA1gZSACoA0ABSAAqLABYAUgAhAIDSFBYeIRoTB
98=ykvJ0LcEQ4rBBCEMC4kDWMqVwXpAKsHOxVYAQCuKhIqJxEO2gerAdQBUQdrDrEVpw4VANI
99=A1QATCInXANUKkQLRDhUOUwQVABcyyvECpQVzBzwF3gBTAFIALQDJyAAuAEnFABeAkRYTH
100=wDeIBg4MyYmNnyVsRwQGdIALwR5Bp4OgOgqEiwpEi4WFwUWBNNOrhYOoghvAXsWGQgrFj8
101=OLwgfAKsBKxVvF+kzqQCAtC4cNC45FZcFCzMAmAcIAZEACnsAFBfhMsojAN+KcBoWBxIAL
102=wRSDBIAKwBtE68EUQFTDFUG3QDhMsPkHg4iGQweGgwiIA4mIxAkGwwtCRABGgAAoA4oJRA
103=tAMCkIhAmHRI6mwfRGJYClAmXEdUAEQ7CdjAeMi0eICQaIiUaNRXJ2gDJyAAVBioAEQCJy
104=AALSwAWAHoAC4UEpyAvBdUS6w3tABEGkgAYBYieCN8zlhMXFwodwC0ULhUsQXEWMDIYMDI
105=WE0WwFzsDYxAoHQ4SEAogHA4uMBQ0NBqA8DE1AMDkIxAiGgwrDq+X8i4IiAhpSngMKQkRB
106=rkFytkB7ACVAOoAFgBoAFUAIwBQDpIfkB/vG5AGUgArBmsSVgBXB1MN7guWAFMEFBWSAC8
107=hlwv9ANsW0AcVBh0AEYdwFhcGljuVwCQoEhQzgbAsFi4uFjY1GhwAgi8WMCwUIiIOIhgMF
108=gKVAxUAEgPtB60D0wNJxwWVx7YwIBeO0hUL/wgTBk7CABskQKAYNjIkMZ0xHAqjgaQoCJo
109=J6QaSEu4EFQVRDW0G7QASAZEHU1AwF13sE46WLhcNQrEWKioSMi8WLiwUNDEWalYWlLIuG
110=AfAALY2HC4mEignFBwZDhgWDiojECodHTMbBycX7yAA5iUSLikSLQPXAvIAAXEcNi8cLCo
111=cEioJ2wdXoxQWCM4ISewA7w4JzkASOyRI+wnrDpgCpRXYAGYzVwOSACsjlh2JwgAQARXPL
112=CkUEgwTAEppQNgXDUDsLxYmKRQQAFUHgOgrECwvFBIHkc4yNBgTDcHmJxIiHxAmHxAkFx0
113=rPFZ8aBAnXQJRClYIqArRAtUDEgAXAu0ALQ8UFBEswOIjGiIkGhI7ayXLjALvB1UAEgAlx
114=5YYGBQuQJofGB4hEWwiKzNvDW0AFQM3zWsUKj8EUwQXAJYAUgAXCBc6awE3FaMOgawwFiQ
115=oDigpEBYcwmgpFDIsFCQnEiQmEC0KgOYmECglECsB0A6SQC4XCZcIwK8WMjEYEe2mKBIIc
116=wpJywALpQHRFAm7DNUWkoYWGQ1BCWYHC0cBFrNgIgrhC9QU0yOrBCsAaRKrAG1D9Aj7CSs
117=BFA4QBysOkABRB1hOsAiKDdJdaCQHVAaIvQolDm3kLC4WCGzJLC4UCGsNFA+SABEAlgBlL
118=0BSKi0WFxKQWeQXFkmBCVIPEgAVC0qlAdNtVgnfDfoOWwcKiwAoB9a60xYVDwq7DZACrQJ
119=XDi0PLQAUB1kApBcTASkWSpOB8DAZFlXzIiYOLw4KhQAJBAoRI+UG2TstBtXANDEaEgAfA
120=sCzHjYxGhEAlQeUwiYpECsPW4llDgkNCInnAtUEivUEuQaZB0qLABUHkgAhAJAsmTsIywh
121=WA1MOqS/vBQndANEC20BxNyYTD1IbEw6SACsOlqs0KxZNGBYFqwHVFdPFpioSF47mKwiiD
122=e0AAK4rFCwoHhbBri0UMC8YMi8YFQbVAZLOZCYOEgGSwCAkCgh9DdsHECaJIw/I9QwQwSo
123=sEhILSd8BzDUEiIkKfQbbAGYHCcEBAFYXGCARHdelch4vB1cEVRyrBZMHFALRBFIACfEB0
124=wNvOlQHUyvZJJAzYxSRG5Adq0H0FnuuCLENwGouFCwSSGkJcw7WxmwtFBYCkgAWjeAkCKk
125=QlQAIrwzJBY8uFAqZAdUIUx5SKIifDECoEigmEhILSn8BSMGNIRgZLOoGyewA1gBrAFUAI
126=gAQ7igpHAhrCJcGlAdUhqwpFK/UKhIh5RspBdUOazrRB12V8RYdQDIW69IsMDEsEhvXDhc
127=WUSMtHWsB1QnKDYHuGBDDejMeEsA4Mx4WApcHVhVWB9IVEABeAHAWCJgO1gBXQKII6BDvH
128=1IBkYR4MhMXgSIyLyAuLBwUFNQ6Sf4BjkgAC1UPkQmTBMnZAcqDAVQFEQdVDmoAFiRRHRY
129=OifUFUsVuLxgXDXMHCPYMrQYXCBMFk9D4MhwXI9MAVQAQCusGUw3uD1cAn6SnEBIA3JWtF
130=BAuEwQVNJUAE4T6MRcIwF4gJRoWxZoeGhs7kg2JwQHQAFIAEQCqADsAUghSLEnjDN8CFKP
131=xHBUDEQ7tK6sKEwcSABQPkR6dVfAjTrEzDpMc0xMRxHIqFC/VoiYQFEC0FaoyHBQcQPQvG
132=DAqFBYzUg5XI/8rWBVrFVEDrwaQyKAjDC8WUharHYmrDcpDinEeH3OiCKsN0jPQKwrbA4n
133=mAOkHSdcIZySQBlMMUgAVDZYFkAQZq2gSFwCJwQETAFhBMh4HFg6fnS8WExzRDJyO7RYXC
134=BMAUQ7rDpMAUQ1vDisHLQetDm0G1gZMwgAvB1AH0w6RAVIAEAlJ0wfRBFVEuCeHci0VG8B
135=cHiEYERxK+gKnh1QVCLEOk/TeIhoXAVAB6wTVDAnCAAnNAdIOUAETBxKAKiwIigoXFasr0
136=QRTHNEGk6jmKhoTrQ5RAJQGlgcSAAqjANSC9jIbEZEOCuAA4iTpAKksK0BkCRMUpx0UB1I
137=AFhbUA5cEUQdtgDgwFySAXhwfGB8kpQbvB1kViZXPuDMiEgAvAWkHawBJxQArBxYAUgMXF
138=lMH0hUrJEqTAesB1YSoKgldCSQdyI8IEATpHErjAO8GioWAJQwaBuEArQ5WAFAB0QmTCVQ
139=RFhMMDQNQBNLAODEgEBwVDYn9De8WUg8THMuVD5Yc0gALDwsUAgn3ASslH5ZqFBMHEgArD
140=qsHFwRVFesAVyJRBSsr1RUQOtcFCIoMUXsmCIMXExwtDYnRANQGqgAvAJINlwjWGdcCFcJ
141=kJxAKBUApCLEQ1QDJ2wCzTHEKJxcXHe8WSTMLKRWXAVAUlFruFiFmMpEAid0A0wBVANIAE
142=R3tBhcg1AOZJImLDOs6AnIwGDo0Hjo0IDYzHBIHlwaTB9AHFQATFhcQS6sCqQ4lAA2vAOs
143=HycUAJUeQFAgJNwlTBO8FFgTRg6orCtcIXYDyHiYVSKMV0QFQCJYHDRUCFUkxCKtSdAjxC
144=tcVlTYRx2IlDh2V8RYrDpID1x0Xx3YzGhEDk8ckJgwSAC26pCYjBO+46RAVTmInFO8F6Q4
145=rAG8AitEAJwgvAIufAcpbCxUMLQSXAhQIEAQWBBkHZxTXCCsNFhAWARcAkQCSI1YAWoAtF
146=BEAlwgJxQAQCK8BUQCRAtIV6gATK9EGkhytANMN1sNiJgwSJOkAls6qLhQpJInMDhAAbwX
147=1Dkp7AO8AlcA8AAAJwgAbAqMBLwFVIFYK1AaSBUn2AJUGHBcIqxVInQtVr3YwEQvIlRHhd
148=pQJ3QDRAVAClgHrCJMFkgAXBrKAMRwxhekSEw6dVfAzDpYHFQeWChccU5zmKwiFDZcO1xW
149=A6i4WJioUFwC1HWsOoQ1zDecF1wOqABcU0gYSABEGieYA0ABRJJABFQDSABVQrgjNCJADU
150=wWKxQAIyRlXA5IHlwRXFlAbVQVbgecQFAFSACkAiQsWkBqXMXeGqBIWEasAbQnQA1IKnVX
151=yGzNTDpkHVQeI5Q6TFis60wEpDtcDlg6SBUimSS0I5wghB1UD0gA3B2mApg4QBlcBVAFQA
152=FAHCcIAFgBTDQkZCVcJlBKXC9YBEwKJD8pyMBoIaAxXClUJEwZRB1QDky1YgGcQCoUAKQ7
153=pAJVFcgmjDysHCoUAFgTXD5QOCc8HUQdQHaJDEBaHLjAIiQ+WBBR0chUnCIZWUjkO4QdnD
154=isHFhYSABMCkgAWBZUUUgkSAlMFieYA0ABXAJcX0gAvBqVUUgqFABRnrAk2WiYIpQ3SEJA
155=NFwjdh6kSFIRwMAiLSeQbAEojDxcAlAOSABcC+QFdANUJEQISwB4iDAqTAe+dJCcd+GYoD
156=ghmEVER0gARiawvFlkSFhhRDVYBwO4sFCwqEginSOsIthuXAtYHEgAWBxUEkwESA+kFEQd
157=XB1QAlQApzigkGBIAEQaULwDwMRY0MhoUGtIAGYFsFB1ALSWALBQVAloAJwptAl8CEgPI5
158=x0ZQWwIhRIUBGsAbw4vB2sAUg5TBO0V0w6SABJOZgmLDasBEQLUFZYE1SxIkMurFCgItUk
159=QECUXJK8sHwLdBJBE1BMEEQgQBxADXUAuHACWAdfRMjIWFR+TAG0ALRCvAJcHVA7WChQKb
160=wCWARME0QLTFtUAHgBiAy8C1QARALdC7BoLSQELlB0WC7MAZwFrAe8O0A0fDUjvFdQHVx0
161=XB1QEVACWBxMT1A7QBBYWFIXuKwj3j2sULQeRAVUSDYUAEA0SAC8NbwmRBpU81wFQgrYyC
162=KAQs0BzCLIMKwBvB1MATNkAUAKSAC8F1IaqKgidzmgpEhDH5iYQFgKVANUAEAopA5MH0wB
163=JOR0B5CgQKCsSMDIWMARAADTBDYIBsRYsLxYmKRQACkAAAADkJwwoKxAoLBIsLxQoLBQmK
164=xIoKhASAAHwLBYsKRQqLRQqEgDC7hYqLhYoKhIiJQwgJQoVwCQmDBIAAaYoECwuFCouFBW
165=ALi8UAsEUMDEWJioSLQACMjAYOjQeLC0ULis3AICoJxIwKwrvABQDmAHnAutAdBcBU0NsG
166=gPXBFAELcJoKxQRwuQpEhIAG4BpEgpEgMAqFwFCLBQkKBAoKxIuMRYqgCoqFEaWEQIUAJI
167=AL4F0Lh8EVAOC6CkQLi0WMioULioUKikcgKwqEEZWC28AwOImDCYqEBMEFQJpAgGyMhg0N
168=Bo2MxwSABcKSd8AawEA9DMYMDAWFgNSACkAjYUAFwIBNjUcLjAWMhAFpcAwMhgVA+0DEsw
169=oKRIRx2IlDjGAqxQWAFQKQKooEiosFwUAVC4xGBYB08QmKRQVABYJW4owFC8BUMTmKRAVg
170=CQoM8lyLBQTBxcOEA3WBNYJUABTTewXC9APQK4UNDMaFoBqLhfJlC4wFc2YNjQZBRUDEMB
171=2MhoSAAPyMRg0MRgyLhYsMBYkKA4mKA4fkesSFQkQAGBEFhcBWoAxFhUSAm4uFjIzGDY1G
172=CovFBIBrQAphSgtH9N0NRggB+HPqxIqEQ4QE9LAKhQwEQdiwDAyFhIAFg6JxQGAcC4UMDs
173=ELQJJyQCSBtUIUg8fBpMSZ9ZmKRIdCGMVUQvRDhYBEwWrweQnDhDYYiYOFg9YUPAREFBVU
174=i0RQLItFjAtK86QMDAbC50G0g2ArxYuLBQSiG4rFkTYEAZRBRUDAOQoDCosEBYE0wQTCJQ
175=AkABRSPYREcEvFiYjECQbEAEKLwDrBBaOqCYdFdUJFwXTDpLJ9CsUKwQXDhFC8iEDkQXWA
176=pEAkQ7vGtcBUgMVC1sdowcWAFHDtDQYFAvXAVIG0McmJwwVABMB6QCvAtGSsCwdAydVkBU
177=BlwjQwTAzFhEGrw1RDVIhCpcAFxEVCdICXYbxGBREchCIsBYrBm0AKwQA4iMQJhoMFQMQB
178=xbT6icUEABaIEpTAdUCUwQvCxEFESMpAICuLBYuKTcWUgSSABQDoCOXV9IvDu0AEwTrDpM
179=BIgAQBloVEwiWBzVCcBMlL84SMjQTVJobjS0WFQDWwqYpDhXb9C4WFACWBlIG7wCVDl2Qq
180=xARB3eGsRgSAMqLwCgtEhcZQOQfDiQdDhda7BQTQaUSLikSKigUKiMOkwHQFhIgaQprAdc
181=FJwybE9ACkQgvALEWZSxSAZcnlgTVB5MAViLTBNEQcwEKdwNMLwGpAJEC1gHVBhMUkAcSA
182=BAHEgzRAhIAEdfiJwwSABYLqwBvCBUDEQgtCFAAX4XuFhUBgiQiECIeDjAqEi4mHSTRJKs
183=r7QeZJJVfshEekViWEAWWA1ABFxTVJNcHUgJMRQASMxQg2jJWCh8oTa8ALQ2pBpQF2gAlD
184=akArwXSAxWFdC8UI9UWnQ5egSgMJQAfZWY7AG8BbwCvCOsWLQeApCISGhMXHRETVDgaABQ
185=HUgAWBlIALQ5dABYWIC4rAG8ZSAhFABEKUswqLRIUBSsE4QpRL8pCABUTkgPiABIqEAQMI
186=wASCFIACtcANQGbnaIhFQ5BECojECodEBQGkQOVDNEsAmosFCosFCosFCgrFARAAA=

[Map]
Theater=TEMPERATE
Size=0,0,40,80
LocalSize=2,7,36,67

[Waypoints]
0=50027
1=87082
26=64074
27=65088
28=69054
29=76082
30=51036
31=40056
32=59058
33=66092
34=63072
35=83110
36=73105
37=111081
38=107074
39=90060
40=61031
41=53020
42=40021
43=34044
44=28051
45=42073
46=28062
47=87077
98=60061
99=60061

[IsoMapPack5]
1=QBAAIAAFKAABAD8AAAABAgAnAAIAPwAAAAIGACjIAQEDAgApSAFQAlgCBAAmAAMA//9RAQ
2=ZPBQMAQEUBAGwFqAFFCClABHACAQACACooKwAlAAT5BiYoKQAnSQFAUAWVDQSQCZUNBEwC
3=SABkCCcpACtMBUwCBAAAAgAkAAXxCSUoKQAmKCkAJ0kBQXAFZhMFAGkBAXUYBWwCZQgqQA
4=SPAQIAKygpACxJAVBYAgEBBgAjUBrZHCQoKQAlSAFdAwBZACZMAMEEJ0kBQVgClRgGlA2V
5=GAZMAkgAdxgGAE1EAV0EK0wAaAxNBSzIAQEDBgAtSAHTCSIAB+0bIygpACRIAWAIXQQlKC
6=kAJkgB2QYnSQFAZARmHgcAaQEBZR4HbgIAAG8QBwBTcQEGRB4niQEsWAbFCC0oKQAuKCsA
7=IQAI+REiKCkAI0gBbAlZESQoKQAlSAHRCSYoKQAnSQFAUAVFHijIAZUjCEwCSABlEwiEE1
8=UuK0IErgFXAgYALEgBQAFpLS0oKQAuSAHJDC8oKwAgAAnxFCEoKQAiSAHFCCMoKQAkKCkA
9=JUgB0QkmSQFScAV3WgkAPmkBAkVgCWABeScpQASMAX8VCQBUbAFnKQkAq/8VCQCmqQEt7w
10=UGAC4oKQAvSAHVDTAoKwAfAArpFyAoKQAhSAFkDF0rIigpACMoKQAkKCkAJUgB3QomSAFw
11=d1kGJ8gBUUAoSAGQCX1BCoUBAHUYCpQYlS4KKBcDCgCl9BjMBXQYJykAL/MJBgAwSAHBDz
12=EoKwAeAAvhGh8oKQAgSAGHDwYAISgpACIoKQAjKCkAJCgpACVIAckMJkgBbBtZSCfIAVlI
13=KEgBnAptGwuEAY8bCwAxcAFnNAsAr6EaLE0Fp6kBLUkBpKkBLkkBqqkBL0gBdAZZJzAoKQ
14=AxSAHNEDIoKwAdAAz5HB4oKQAfSAHFCCAoKQAhKCkAIigpACMoKQAkKCkAJUgB1Q0mSQFD
15=dAluUgwAaAGVOQxsAqxSJykAKkwFZR4CfZkMkB9ZiixVAjR0BWeMDACxuRwuVALJDC9JAb
16=K1AjBJAY+tBTFIAWQBXSAySAHNBTMoKwAcAA3xHx0oKQAeSAHZBh8oKQAgKCkAISgpACIo
17=KQAjKCkAJCgpACVIAcEPJigpACdIAX0gBHWcDYkiBWc/DQCNZA93Wg0Ah6kBK0wFaCJBBC
18=xIAXwgVSMtyAFVIy5JAVdvBQYAL0kBkakBMEkBg6kBMUgBkwkGADJIAXACSSIzSAHFEzQo
19=KwAbAA7pIhwoKQAdSAHZBh4oKQAfKCkAICgpACEoKQAiKCkAIygpACQoKQAlKCkAJkgB2R
20=EnSQFCeA12Iw4AaAFBRilVAox0AncjDgCGqQErVAJkAVVlLCgpAC1IAWAlTSYuSQFVZAR0
21=IydtAzBUApEJBk5MDgDBJTJUAsElM0gBdAZBJTRIAcUTNSgrABoAD+ElGygpABxIAdkGHS
22=gpAB4oKQAfKCkAICgpACEoKQAiKCkAIygpACQoKQAlKCkAJkgBxRMnSQFAZA9uJg8AaAGP
23=Jg8AkHQCbyYPAIqpAStMBWYBAAJV0w+EAUkBLShVAC5IAWwmTaovSAGMUn2kD+ElMVUCiG
24=AHZEonVQAzVALZJzRIAXwDWSc1SAHRFDYoKwAZABD5JxooKQAbSAHZBhxIAdkGHUgB1QIe
25=KCkAHygpACAoKQAhKCkAIigpACMoKQAkKCkAJSgpACZIAdUNJ0kBQFgNQbQoyQEDbXMQTA
26=JIAGQpJykAK0AETgIAAGQpJ1UALShVAC5IASKYJIYpEADJTjBUApxXdk8QAMWXMlQCkzUG
27=ADNIAc1SNEgB0So1SAGXDQYANkgB3RU3KCsAGAAR8SoZKCkAGkgB2QYbKCkAHCgpAB0oKQ
28=AeKCkAHygpACAoKQAhKCkAIigpACMoKQAkKCkAJSgpACZIAd0VJ0gBYOBJQyjIAYVVEYwU
29=RSkqVAKMAWzAJ1UALFUCTFgCRSktSAFwKkU0LsgBWaAvSAHZJzBIAdlTMUgB2ScySAElUS
30=YzSAHNMTRIAcktNUgBzQU2SAFQDSLVJjdIAckXOEgBdJFLFxcAEuktGCgpABlIAdkGGigp
31=ABsoKQAcKCkAHSgpAB4oKQAfKCkAICgpACEoKQAiKCkAIygpACQoKQAlSQGsreEmSQGqqQ
32=EnSAF0Lk0mKMgBlVoSmBWULicpACtABGgtTQUsyAFdKy1IAcWBLkgBwSUvSAHVDTBIAdUN
33=MUkBjmQLf4MSAK2tEDNVAoy1AjRIASfVBRL5ijZUAt0KN0gBJ9cFEgBAuQY5VAJoAUNGFg
34=AT4TAXKCkAGEgBaAVFNBkoKQAaKCkAGygpABwoKQAdKCkAHigpAB8oKQAgKCkAISgpACJJ
35=Aa6tGyNIAd0VJEkBsLUCJUkBqakBJkkBO2gTIhYkEwBoAVUYKFQCcQIAZYwThAFJASooVQ
36=ArSQFVfAIiJDEnxQMtVQKQtQIuSQGKqQEvSAHJLTBIASUhIDFIAcEEMkkBsbkRM0gBJy0G
37=E+EwNVQC2TI2KCkAN0gB2TI4SQFAVA1JQznIAVlIOkgBUAIEAAACABUAFPkyFigpABdIAY
38=MEBgAYKCkAGSgpABooKQAbKCkAHCgpAB0oKQAeKCkAHygpACAoKQAhKCkAIkkBr6UeI0kB
39=qqkBJEgBJZU0JUkBOGsTBgAmSAF5MgIi90AUAI10AiLvNBQAhakBKUAEnCBtwBRsAmUeK1
40=QCZDRBkyxJAY98AiKcKsAEItcxFACsoQ8vQQSiqQEwSAEl6S4xSAHFEzJIAYAPbsAUANGY
41=NFQC2TI1KCkANigpADdIAcHKOEkBQa0QOcgBAQECADpIAXACRTQ7KCkAFFg10VYVKCkAFk
42=gBjwUGABcoKQAYKCkAGSgpABooKQAbKCkAHEkBJ2sIBQAdSgEJAk8BBQAeSQEoRAEBAAUA
43=H0gBZAFZdCAoKQAhKCkAIkgBxRMjSAHRNSRJATx/BgIAJUgBfDZNGyZIAYwmfTYVqFl8Ni
44=cpAClBBIq5BipIAWQBXSArSAElIUEsSQGMeAJ9NhUk4C19NhUmyTUvQQSn/zYVAKWpATFU
45=AoAPdZwVJEQqfTYVaAlpxzRABNl0NUgB1Tk2KCkAN0gBhxMGADhJAUFAB4VrFSbxRTpUAl
46=ACfUw7KCkAPCgrABMAFv1tFCgpABVIAZkGBkEBFoQBSS0XUAGMAXRwJ1UAGShVABpIAd02
47=G0gB3TYcSQEjfAZ0OdgGdzkWACS1Ah9ABM0FIEgBzTwhSAF8A0EPIkgBJzUHFiNcTlUCJF
48=QCatIBAlU5FiQVJAJWcBYAjDF1ORYoNQcWJvUqKVgGnAp0cNgRIqUgFibxRSxABNUuLUgB
49=1S4uSQGHfAYiHDDYBiJPKxYArfU5FiSsLHQ51A12ORYAySI0RQgIqVk1KCkANigpADdIAd
50=EfOEkBRLUNOcgBWRw6SAFwAlVPOygpADwoKQA9KCkAElBvzSYTKCkAFEgBhQgGSUAXhAFF
51=KRYoVQAXKCkAGCgpABkoKQAaSQEGtRgbSQGNbwgFABxIAZQjbDzcCmw8JykAH0AEi5sFAC
52=BIAUUYAF14IWgBZwgGACJIAd0VI0gBYDtJWSTIAVHEJUgBaAVJByZIASeNBxegZ2R21A1s
53=4ScpACpMBdkGK0kBMmwBbuEXACKAN1EfLVQCJQUtLkkBkqEEL0kBsKE7MEgB0fAxSQGAVA
54=IBAQUAMsgBAQIFADNJASt5BgRPChcAB3cjBAA1VALJATZIAYM7BAA3SQH/RggABUV2F+lv
55=OVQCej0EBkatFwBqAQUCTvwXACN7IAIAPEAEZAxRHz0oKQA+KCkAEUDj2ScSKCkAE0gBmQ
56=YGUbYYhAFFHhUoVQAWKCkAFygpABgoKQAZKCkAGkgBJ+UHGLBsZT8YoDBkP8gMZD8nKQAf
57=WAaQKmQ/VAJ3IwUAIVQCnBFlPxj9ICNVAkN5AgZOgxgAaAFZXiVUAnACUR8mSAEn5QcY6X
58=ooVALBBCkoKQAqKCkAK0gBZD9RCSxIAWQ/VfQtyQEDbbUYQDZMCHR7qAFd8TBBBIBQNUEE
59=MckBBGY/GAB2AgUERj8YAIibZj8YAJBhZT8Yr8AEADZZBv5FCABkP1gcaAFlPxi7lQYAOU
60=EEg1QCVQ06yAFFEztIASOgJWU/GFAlRxMCAD1UAkQYcbk+SQEiUAJJIj9IAWQBSwEQABkj
61=LFNNPBFIASc9CBmcA1UCE1QCjAF8QSdVABUoVQAWKCkAFygpABhIAdGYGUgBzbUaSAGTHw
62=UAG0gBmDJ9QRkoPAjIDHxBJykAH0wFjBB8QVQC/EFIAXgCfUEZKDwIJykAJFgGfEFJZCXI
63=AUlkJkgBkUsCV6wZAE6lCChVAkqpASlJAUipASrIAUktK0kBRbUCLMgBQSstSAFoQwEFAg
64=AuSQE1QARNMS/IAQEDAgAwSAFkP1VgMcgBRXwyygEIA15BGQCBfQNFgRm4wX1BGaRVfkEZ
65=ACc/CBkAHUkMAH5BGQBwQFFLOVAJagEFBUSBtAJVDTvUAlUNPEgBnOZ8QdcNAgA+VQIEZC
66=ki1GrHKQIAQFQCZAxLQw8AGoQBSQEQSQFUUAFdIBFIASeUCMMEBgATVAJcAyIFIhQoKQAV
67=KCkAFigpABdIAcUIGEgBTRUAQRoZSQGRaQgFQwEaAIWpARtQASMYKnVEGqgidIbAD3REJy
68=kAH0wFdAZRCSBIAYQed4YaAAh5HAVdxRqpLQVGcBoAlA13hhoAi38GBgAlWQZGqQEmyAFN
69=PCdIASLsP1EfKEgBi9IGAClIAdW9KkkBqEByVWUrSQGmqQEsSQFFUAlVTy3JAQV0RN8VAg
70=AvVAJdAwBdKzAoKQAxSQGARggKAl7FGgBqAQsCV0QaACxxBQJURMEaA1iPwRoDVYYaqEN0
71=hsgBdUQalkQIBVSGqgEJBFREqgEKA1zFqAFJDDxBD7JAD1kRPUgBiE53RBoAJqEPP1QCRF
72=p9FUBIAc2JQUgBfANZBg5QeskBDygpABBIASIwWVUjEUgBxT8SKCkAEygpABRIAYQIIq0h
73=G4QBWQYWVALZBhcoKQAYSAGFEwVJVhtQO1gFbUcbrGhljBv5ihxMBZWRBFMkGwAJf0EEAB
74=5UAotDBAAfKCkAIEkBIEwJXa8hSAGNcwRZCxtcy1gCbUcb+UgkQASMJm9HGwBYXANdFSZU
75=AmJGAgZGjBsAaAFZwShVApChBClIAYNcBgAqSAEjFCQiv2UbALFgMCKtIRsjDFpRCS1BBE
76=JYBkFRLkgBRAFhMC9IAYEaAUSMwxoBADFUAp0VAUxH2CdsR8gXbEfJFwJNRxtMIVgJbEfI
77=AWxHzAVtRxtYZEAEbUcbRCRIAWxHyQEDTUcb6UM8QA/JQz1JASVIBV1BPkgBZAEBAAMAP0
78=gBgGcir3sbAAZjMAIAQVQCgQQCVB0nvwINAByQAkUIDigpAA8oKQAQSAFkSgECAgARyAFd
79=KxJIAWixTSYTSAHBRhQoKQAVKCkAFigpABdIAXJsAQVR4hydbQJlShzxHxpABJwRZ0ocAJ
80=JsAQcFABwAHAAGAgAAEQAAqBAAIAUABAAdABwAAGAABAQAHgAcACGpAR9KAQICTwEEACAo
81=KQAhSQElUAJZBiJKAa4BTwEFACNJASREAQEABQAkSQEoqQElSQGwYwQGACZJAaqpASdJAY
82=9jBAYAKEgBhwgGAClJAZC1AipJAYOpAStJAYupASxJAUGpAS3IAQEBAgAuSAGTCQIAL0kB
83=Bn8VAQAwSAGXAgEAMUkBALUCMmgBZwgCADMoKQA0SQH+ZxMCADVJAR1jBAMANkkB/3cCBA
84=A3SQGwawEFADhJAaapATlJAQV/CgQAOkkBBGsBAwA7SAGPBQMAPEkBqG8FAwA9SAGbBgMA
85=PkgBZAwBAAMAP0kBjm8BAwBASQEmawECAEFJASKpAUJIAWQBWRdDKCkADFg11QINKCkADi
86=gpAA8oKQAQKCkAEUkBMVwGTRYSSQE0SAFROxPIAQEDBgAUSQE3VAIBAAYAFcgBAQEGABZJ
87=AYBUGEEEF8gBAQQFABjIAQEFBAAZSQEgewYEABpJAQh/IAQAGygpABxJASOhBB1IAWQBTU
88=ceaAGtBR9IAY0mBV5MHQCNJgVTUB0ApEAPAQAFACJBBKWpASNIAZhTfkwdAIFRBVgAAR0A
89=//9EC39MHQCNRAFVGCdNBYapAShJAa9kCH5MHQDBUSpUAoMwBgArSAHFCCxJAUFYBgECBg
90=AtyQEDf0wdAJJUAk0xL1QCJ54JHQCECH1MHUhfRwQBADJABIVgAVxMnUkAWQY0VAInnAnE
91=IXxM2AZ9TB1AYkUIBF9MHQCtfxUFADlYBk02AE0mOkgBJ5wJ2Bx/TB0Ah1QGRUo9QQSxeA
92=Z8TMAPf0wdAIyhBEBABM0FQUgByU5CSAFIHHEUQ0gB1U9ESAF0BkkXC1iCyQEMKCkADSgp
93=AA4oKQAPKCkAEEkBrHsRAgARSQGmqQESSAHRCRNIAWBRXRsUSAF0T01SFcgBSRIWSQGAWA
94=ZZLRfKAQcCVk8eAHYCCANVTx5QRlkJA1RPJykAG0wFgTADW2YeAI9cA1knHVUCrlAJSQEe
95=SAGblQQAH0gBjAV3nB4Ak2wFd08eAKtsBXZPHgAn9QkeciQAAHVPHulOJUUIkXgGd08eAI
96=ipASdUAtGYKEkBhbUCKUkBiakBKkkBiqkBK0kBUqkBLEkBPWkBAlZPHgCcYnVPHrBWdpwe
97=AFohAAB1nB6gO3VPHrBAdU8e4VEzUAmPGwEANEgBhEJ0nMAEdU8eqU4DVJxAGmQed08eAL
98=FoAXZPHgBUM7ZPHgAn9wkeAJBwFHdPHgCGqQE9SAxkAUFRPigpAD9JAYx4AnScJ60AQVQC
99=cAJNBUIoKQBDSAGPGwIAREgBgwQCAEUoKQAKWDXVAgsoKQAMKCkADSgpAA4oKQAPKCkAEE
100=kBr2wbb1IfAKepARJVAqipARNJAaapARRIAdUNFSgpABZJAbKhBBdJAYBJAQpuUh8AagEL
101=Ak1SH7EqAk1SH0CZTQgDRaIfXJSJARxZBpJEAUFRHUgBnExl7x+sPG1SH6g4bFLRCQRCCR
102=8AiBdvUh8AqUEPAGTvzAVvUh8AgbUCJVwKagEBBUXvH+VVJ1QCnDZm7x8A1U8pVALNnypJ
103=ATtkE2WiH1TZW0wCACxUAnACRYEtSQGNbAFvUh8Ah6kBL1QCnDZtUh+oQ25SHwCEYGxSzA
104=Vmoh8AmKBsUsgXbFLZHAJE72DCQAtsUsAEbFLBBARFoh9cDUAEZe8fXBtIAWXvH0DFiQE8
105=WAPJTj1IAYhvZqIfAMkBP1QChBNsUtEUA0TvJ4EAQkAEjxsDAENIAd2kREgB0aNFSAFMDX
106=WBRigrAAkAIJACQSUKKCkACygpAAwoKQANKCkADkkBj2MHAgAPSAFkAUUIECgpABEoKQAS
107=KCkAE0gBmXQCTPcn4QEVVALFCBYoKQAXKCkAGEgBiOhlVSCsUmZVIAAjvCNlVSC5oARXpy
108=AAsGRKIo0oIKhOZFUngQAfUQmyoQQgSAHNqiFIASUhICIoKQAjSAGZFARRWyCGVQMEXA+p
109=AQRkVagBAQUGACdMBXjBWfgoyQEBbfcgSONXGwYAKlQCZFVdxStIAUwCbTEsSQGRbAF1py
110=C0T2VVIKyUdacgoEZlVSCgRmVVIOGpMkUIhmQIZVUgQBVMAWVVIKt6AQA1QATBqTZIAYQe
111=ZFXBBANAFNgGZlUgACXpIzpMBUgJYak7SAGUZXSnwA8ijCjcFWRVJykAP00Fg3wGZVUgrM
112=tkVScpAEIogQBDSAHRVkRIAdFWRUgB0VZGSAFsCVFLRygpAAhAi9UCCSgpAAooKQALSAHR
113=KgxIAY9oAgANKCkADkgBkBR9VyGzbAIAEFQCmBFkrYBOZTQSVALBiBNIAdEJFCgpABVIAd
114=kGFkgBgwcCABdJAQMiuChlrSFQRkQWflchAIT6df8hsDV/VyEACWwFdP8nKQAdRAjVAh4o
115=KAB4s9UCIFUCB7kGIUgBhVUDRERwWVUNA0Q5JykAJEEEgVpeBgNJESGIWUkHJtQCSV8nSA
116=F8V1lTKMgBWRcpSQE4TgkBAlxXhBtpIitUApBsZ60hAKpcCkU0LVQCkJh9VyHpWS9UAtUj
117=MEgBmEh/VyEAkF0KAGWtIbREf1chAIu1AjRMBdGuNUgBkFZlrSG1WgJU/yf5BDhABFEZAE
118=nzOSgpADpIAcElO0gBlFp9VyGgZ3xX0BR8VycpAD9NBYpsEHxXxB58VycpAEJABIgXZK3J
119=FwNV/yGtywNV/yGndgIARkwFyVlHSAF4CkElSCgpAAdYNdUCCCgpAAkoKQAKSAHFrQtIAc
120=0FDEgByS0NSAHJWQ4oKQAPKCkAEEgBnIN0WpARaTgSVALFCBNJAYhgC3WyIv02FVQC2QYW
121=SAFYFnkGF2gBbwUDABhJAaxkPyJNKyKkrXVaIqz3dloiAIBndVois2wDAB1YBo9oAwAeSA
122=GJQwNA0ifYAGycyWQhQQQndQ0CQAF8sk0BAlRaJykAJFwCdFpdPCXKAQoCUi8iAIcTAgAn
123=VQKmcRQCXEYn8QMpVAJICWEaKkgBlw0CACtIAcktLEgBI4Ahd7IiAIxwBXVaIqRVdrIiAJ
124=dEAgAwTAUnVwsiALB0DXZaIgCAD3RawA90skgBZHZ2siIA1Q02RAjBXDdIASP9KwJUstMJ
125=AwA5VAIjZzkDADooKQA7SQGqdA10WtAUdFrQFHRa0BQiRDVAD3QYdFonWQZBRAjBMEJIAX
126=wDTWhDKCkAREkBkHgCdVoi4VxGVALNtUdIAYcLAgBISAFoBUVFSSgpAAZYNdUCBygpAAgo
127=KQAJKCkACkgByS0LSAGXRAIADEgBwVwNKCkADigpAA8oKQAQSQGGeA1sXYR+bTwSVQKOtQ
128=ITSAFkAVEUFEgB1Q0VSAHZBhZIAVADeQYXSAEjcDVvXSMAraktGVQCiENuXSMAmMxtXSOg
129=Z2xdJykAHUwFiBdtXSOgRm9dIwCssAlw7SNVLANJgiNAV0wTbl0jAFiwbRAjRAjdKyRIAS
130=PhIgJEuCdtAyZVAqtwCW1dI7RwbV0jt3ACAClBBLChBCpIAZQNb10jAIxQDUkdLFQCyS0t
131=SAHdIC5JAay5Bi9IAZxMbF3TFAEAMVQChBNvXSMAsWwFbV0jRBlAC21dI0AViQE1TQWMRA
132=FVDTZIAYhOZLhUGHBhbF1IAWAEb10jAK9wCWxdwxoDADtZBpGhBDxJAYqpAT1IAWQBUVY+
133=KCkAPygpAEBIAYAPZLgnWQZCVQKJfAZluCOkzmS4Jw0CRUEEkqEERkgBZAFJDEdIAdleSE
134=gBVONlNElIAZ8gAgBKSAGOBQIAImgzyQEGtPxtBQcoKQAISAGTSwIACUgBzQUKSAGfFQIA
135=C0gBjEdlYCSwSyIMIycpAA4ogQAPKCkAECgpABFIAcE7EkgB0QkTSAHVAhRIAdUCFUgBxT
136=8WSAFANX0VF0gBjEdlYCSwS3e9JACPYBZnYCQAsrE1G00FkLUCHEgBgMp2vSQAnAplYCSs
137=UmVgJKJGAwAi5CnQCXz50QkiRAiUIyIOIyQAmasCTALECGVgJKStd70kAKVsEGVgJCQcMG
138=VgJCSgJWRgJ9kAKkwIkHdmYCQAnBUiDSMk/botQAScFXS90BR2vSQAlE9lYCShRgJFYCSk
139=dmZgJACcQWVgJPleNFAJZCJVKTVIAcE7NkgByQw3SAHBvzhIAcG/OUgBmAZlYCRI2FEBAk
140=VgJCSPKAIAPEEECaFnPUgB2QY+SAGQFHa9JADBXEBUAow8ZGAnLQZCVAJUCiLFJEMoKQBE
141=KCkARSgpAEZIAcU0R0gB2QZIKCkASUgBxTRKSAGDBAIASygoACLINNQCIuRTyQEGuCR9TA
142=coKQAIKCkACUkBjXMFAgAKSAGUGH1iJfFhDChVAA0oKQAOKCkADygpABAoKQARKCkAEigp
143=ABMoKQAUKCkAFUgB0TUWSAHRNRdIAdUuGEgB1S4ZSAHBkxpJAftsUmfDJQDzqQEcVQLxqA
144=EiIFiI0n5iJQDMBSK8RcAEIpg7mFNlwyWoTiJtLyXsaHCr1C5gToBnfWIl5WAmVA0nZRgl
145=JGRaf2IlAKlsEHxi0AkibC8nKQArWAbJZCwoKQAtSQGSrTEuSAHBBC9JAbCxCTBJAaapAT
146=FIAZN3AgAySQGstQIzSAEjDyMCADRIAc0FNUkBkL0KNkkBhqkBN0kB+bkGOEgB1S45SAHZ
147=XjpIAZS1f2IlAPetBTxVAvWpAT1IAVhucUs+aAF8CnxiI/hdeV5AVAKAD31iJbt/AwBCVQ
148=KLrQVDSAFkAUG/REgBgFEiFyQlAIl7AgMARlQCnxUDAEdIAXACTQVIKCkASUgB3cVKSAHR
149=xEtIAY8FAgBMKCkAA6SJfRUEKCgAIoBBzAUipFaPEAIAB0EEhXsCAgAIKCkACUgByWQKKC
150=kACygpAAwoKQANKCkADigpAA8oKQAQKCkAESgpABIoKQATKCkAFCgpABVIAYsiAgAWSAFs
151=FFEwF2gBuZUYSQGwZDR3yCYAqqkBGlQCjBt1ZSYmlSkcVQL8oQQdSQGQdAl1ZSbwYSIgTc
152=AEIohEJaAwIuw1zXMiWAaEVXXIJlABSAh1yCYkeCp3ZSYAsGgMd8gmAKepASdFBaWpAShI
153=AclZKUkBsrUCKkgBhKJ1yCagcnTIkD1pOC1ABIAPdcgm+VMvVAKUe3fIJgCvsQkxVQKoqQ
154=EySAHNEDMoKQA0SQGpoQQ1SAFMGGkMNkgBgIgiHyUmAPahBDhVAu+pATlIAdFhOkgB2QY7
155=SQH4oQQ8SAHVAj1IAdFsPkgB0Ww/KCkAQEgB0SpBSAGYBnRlxB4iHiUmAMk4REAEkEB0ZS
156=eBAEZVAox8BndlJgCFqQFIVQKHqQFJSAFkAU1oSkgByZtLSAGUAnRl0wkCAE0oVABw/sEE
157=A6jldSMEKCkABSgoACKQTowQbWgn9cgIQATBZwkoKQAKKCkACygpAAwoKQANKCkADigpAA
158=8oKQAQKCkAESgpABIoKQATKCkAFCgpABUoKQAWSAGUkSI1SSe86SI2SScAzTEZQATRzxpJ
159=AYhgIW9oJwCKqQEcVAKAUSIlJif5zB5UAohDIiUmJ7zFIiYmJwAj42QCACFABN1BIkgB1Q
160=0jSAGFYANKEScAxTQlVAJwDUF9JkgBlA1zMicAq71MKFUCqqkBKUgBlERkzicBBitVAolo
161=CG5oJwCcQSLdPSflay5ABAn2AQAAAAIALwAnAO0RAABmDwAgCAEAAAACADAAJwDxqAEDMQ
162=AnAP//lQIySQH3tQIzSQHvqQE0KCkANUgB2QY2SQGSVAYBAAIAN0kB9q0FOEkB8KkBOUgB
163=fANBBDooKQA7SAHNBTxIAckMPSgpAD4oKQA/SAHVDUBIAUAJaRdBaAFjCwMAQkkBjakBQ0
164=kBg6kBREkBiKkBRUkBhakBRkgBwQRHKCkASCgpAElJAYetBUpJASZrAQIAS0oBAwJPAQIA
165=TEkBIkQBXRBNSAFkAUkBTigrAAEAKJACVQICKCkAAygpAAQoKQAFSAGLFwIABkgBhxMCAA
166=coKQAIKCkACSgpAAooKQALKCkADCgpAA0oKQAOKCkADygpABAoKQARKCkAEigpABMoKQAU
167=KCkAFUkBhncbAgAWSQGwrTwXSQGmqQEYSQEkoQQZSQEJrSYaKCkAGygpABwoKQAdKCkAHi
168=gpAB8oKQAgSQEjvQohSQGutQ0iSAHVDSNIAdUNJEgBzQUlSQGsrQUmSQGkqQEnSQGlqQEo
169=SAHZXilJAYypDCpJAYapAStIAcEELEkBkLUCLUkBi6kBLkkB+rEJL0kB7akBMCgpADFIAc
170=FcMkkBebkGM8gBAQECADRJAV21AjXIAVUCNkgB2QY3SAHdCjgoKQA5SAHBBDooKQA7SQFe
171=sQk8yAFRCT1JAX+1Aj7IAVUCP0gB2XRASAFAVqRr3FdmaygAiyIDAENABIsiAwBESAFsCQ
172=EAAwBFSAGLIgMARkgB3W1HSAGLWQMASCgpAElIAcUISkgBxQhLKCkATEkBBqFGTUgBgwQC
173=AE4oKQBPKCsAAgApnANNFgMoKQAEKCkABUgBiBdmaykAmBFkaycpAAhABNUCCSgpAAooKQ
174=ALKCkADCgpAA0oKQAOKCkADygpABAoKQARKCkAEigpABMoKQAUKCkAFSgpABZIAYuQAgAX
175=SQGtpUoYSQGPbx4CABlIAc1SGkkBjbUCG0kBiakBHEgB2VMdSQGspQgeSQGmqQEfSAHFCC
176=AoKQAhSQGvoQQiSQGoqQEjSQGqqQEkSAFkDFUuJUkBq7UCJkkBp6kBJ0kBqakBKEgBzQUp
177=SAGXRAIAKkkBhnsCAgArSQH5rQUsSAHZES1IAdUCLkgB1QIvSAHdxTBIAdFhMSgpADJIAW
178=RrAQICADPIAV21NEgBZGtVAjXIAVUCNkkBWq0QN8gBUWE4SQFbtQI5yAFVAjpJAVy1AjtI
179=AWRrUQk8yAFRCT1IAWRrVQI+yAFVAj9IASdkDURVtVpBVQKRcAlnaykAiKkBQ1QCyQFESQ
180=GLtQJFSAFkAVFsRigpAEdIAYQpZGvLWQMASVQCkyoDAEpIAdkGSygpAExIASdkDVgRZARk
181=aycpAE9ABHACQTtQKCkAA1g11QIEKCkABUgBjBBlayooZA0nKQAIQAQnZA0nVQAKKFUACy
182=gpAAwoKQANKCkADigpAA8oKQAQKCkAESgpABIoKQATKCkAFCgpABUoKQAWSAGAJWdrKgCx
183=tU8YVALBGhlJAYVrHgIAGkgBzQUbSQGwrQUcSAHVyB1IAdleHkgB2V4fSAHRViAoKQAhSA
184=F4Cl0rIigpACMoKQAkKCkAJUgBxRMmSAHZBidIASVRJihIASVBJClIAcEEKkgBJSUmK0gB
185=1WUsSAHRxC1IAc1SLkgB0RQvSAHNBTBIASdnDSoAZWMLAgAyVAJoAVFhM8gBTV00SAFkaw
186=EEAgA1yAEBBQIANkgBZGtBBDfIAVFhOEgBZGtVAjnIAVUCOkgBZGtdCjtIAWRrUQk8yAFR
187=CT1JAXStED7IAU0FP0gB1RhASAHV/0FIAdX/QigpAEMoKQBEKCkARUgBhdwCTdYqYQwAUW
188=xHVAKMAWdrKgCQbAFlayr5dEpBBIm1AktIAdl0TEgBJ2YNKgAlXSJOVAJoBVk9T0kBsq1H
189=UEgB1QJRKCkABECh1QIFKCkABkgBjBBt1ivxbAhUAidkDSdVAAooVQALKCkADCgpAA0oKQ
190=AOKCkADygpABAoKQARKCkAEigpABMoKQAUKCkAFSgpABYoKQAXSQGHZxoCABhIAckiGUkB
191=jLUCGkgBg54CABtIAYcpAgAcSQGtoSUdSAHZUx5IAdnBH0gBxSkgSAHVAiFIAXgKSS0iKC
192=kAI0gB1WUkSQHzvQolSAHBZyZIAdkGJ0gBxWAoSAHFYClIAcFnKigpACtIAcEELCgpAC0o
193=KQAuSAHZBi9IAc0FMCgpADFIAXlpA2VrK5FsBGzWqAFZXjRBBEa9FTVJAUWpATZJATqpAT
194=fIAQEBAgA4SQE/tQI5yAFVAjpJATu1AjvIAVUCPEkBRLUCPUkBc3cfAgA+yAFBBD9IAd0V
195=QEgB1RhBSAHNJkJIAXQGSS1DKCkARCgpAEVJASRkBGdrKwAJtd5HVALJAUgoKQBJKCkASi
196=gpAEsoKQBMSQEjsQlNSAElXSJOSQGmtRhPSAF8A1kRUEgB3UxRSAHVAlIoKwAFACyQAk0F
197=BigpAAdIAc1SCEgBzVIJSAHRbApIAdUCCygpAAxIAcEEDSgpAA4oKQAPKCkAECgpABEoKQ
198=ASKCkAEygpABQoKQAVKCkAFigpABdJAYp8GGZrLADVZRlVApK1AhpIAWQBWRwbKCkAHEgB
199=wcodSQH7uSceSAHBqR9IAdkGIEgB0WEhSAHRQCIoKQAjSAHZBiRIAdkGJUgB2QYmSAHZBi
200=dIAcVKKEgBaLxFEynIAUlOKkgBdMhVAivIAVUCLEgB2QYtKCkALigpAC9IAdEJMMgBWQYx
201=SQFffBFmaywAaAFVAjNUAsFnNMgBVQI1SQFCvSA2SAFhBAIiBkMsAGgBTXM4VAJka1UCOc
202=gBVQI6SAFka1UCO8gBVQI8SQFFsQk9SAFka0EEPsgBQQQ/SAHBGkAoKQBBKCkAQkgBzSZD
203=SAHdbURIAXwZVSNFKCkARigpAEcoKQBISAHFoklIAdkGSigpAEsoKQBMKCkATSgpAE5JAa
204=u1GE9JAaipAVBJAaWpAVFIAd0KUigpAFMoKwAGAC2cA10VB0gBzVIISAGbAgIACUkBjm8B
205=AgAKSQGsvQoLSAHJegxIAdXeDUkBiK0FDkgB3W0PKCkAECgpABEoKQASKCkAEygpABQoKQ
206=AVKCkAFkkBhqkMF0gBZAFJFxhIAdGNGUkBqrEUGkgBwQQbSAHJLRxIAdUCHSgpAB5IAdFh
207=H0gBwTsgSAHRQCEoKQAiKCkAIygpACRIAdkGJUgB2QYmSQF6ew0CACfIAUlZKEgBcGFJTi
208=nIAUlOKkgBZGtVAivIAVUCLEgBIiQmWRwtyAFFCC5IASIkJlUCL0gB0QkwyAFZBjFIAXhp
209=UQkyyAFVAjNIAXRlVQI0yAFVAjVIAdnXNkgBdGVdCjfIAVUNOEkBPrEqOcgBVQI6SAFwCU
210=0FO8gBVQI8SAHRCT1JAXWxHz7IAUEEP8gBTRBASAHBJUEoKQBCKCkAQygpAERIAd0rRUgB
211=JXkgRigpAEdIAcEESEgB3QpJSQH1qRdKSAF0EV0VSygpAEwoKQBNSAHBXE5JAam5Bk9IAd
212=kGUEgBxbhRSAHVAlIoKQBTKCkAVCgrAAcALogFQQ8IKCkACUgB3W0KSAHdeAtJAaKhDwxI
213=ASXdMg1JAaa1Ag5JAYx7CQIAD0gB0WwQSAHJbxFIAdUCEigpABMoKQAUKCkAFSgpABZIAc
214=UIF0kBi6kMGEgBZAFJFxkoKQAaSAHJ0htIAc3LHEgBzQUdSAElLSceSAHNMR8oKQAgKCkA
215=ISgpACIoKQAjKCkAJCgpACUoKQAmSAFka1lIJ8gBSVkoSAFxYQQiskkuAGkBBSIGQy4AZG
216=tVAitABGgBVQIsSAFka0UILcgBRQguSAFka0VVL0gBZAhZBjDIAVkGMUgByWQyyAFNBTNI
217=AXDPQSU0yAFVAjVJAUO9NjZIAXgGVQ03yAFVDThIAWRrVQI5yAFVAjpIAWRrVQI7yAFVAj
218=xJAUSxCT1IAWRrVQI+yAFRFD/IAVEUQEgB1S5BKCkAQigpAEMoKQBESAHJOEVIAck4Rigp
219=AEdIASW5VEhJAfStEElIAc0FSkgB2T1LSAHN4UxIAcEETUgBwWdOSAHVAk8oKQBQSAHBBF
220=FIAcEEUigpAFMoKQBUKCkAVSgrAAgAL5QGQTAJKCkACkgBxcMLSQGnqRcMSAHRbA1IAdHl
221=DkgBJ2cNLwCKewkCABBVAq65BhFIAcEEEkgB0WwTKCkAFCgpABVJAYalCBZJAaylCBdJAa
222=ipARhJAaqpARlIAdXTGkgBdAZVGBtIAcnSHEgByZsdSAHBOx4oKQAfKCkAICgpACEoKQAi
223=KCkAIygpACQoKQAlSQFlZw8CACbIAV1XJ8gBQVEoSAEl+SUpSAHVWipIAWRVXRUryAFZBi
224=xIAcEELUkBPLkcLsgBQQQvSAFwYVkGMMgBVQIxyAFVDTLIAUFcM0gBZGtVAjTIAVUCNUkB
225=Rb0KNkgByQw3yAFRCThJAT2hBDnIAVUCOkgBcAlBDzvIAVUCPEgBzQU9yAFVAj5JAXepIj
226=/IAVUCQEgBYIhFCEHIAVUCQkgB2TJDKCkARCgpAEVIAd1iRkgBeApFCEcoKQBIKCkASUgB
227=2WlKSQHytRhLSAHJb0xJAbC1Ak1IAclZTkgBxUpPSAHFSlBIASUlMVFIAcEPUigpAFMoKQ
228=BUKCkAVSgpAFYoKwAJADCACEkXCigpAAtJAZN/AgIADEgB3W0NSAEnZg0wAMndD1QCaAVF
229=CBBIAcUTEUkBjHsCAgASSAEnZQ0wJCdHAgAUKFUAFUgBJ2UNMCZBUBdUAs0mGEgBJXkgGU
230=gB2TIaSAHNaBtIAdUCHCgpAB0oKQAeKCkAHygpACAoKQAhKCkAIigpACMoKQAkKCkAJUkB
231=ZUwbUVYmyAFNtSfIAU21KEgB0WEpyAFFSipIAWRrWV4ryAFFCCxIAc3ALUgBeF5BBC7IAU
232=EEL0gBcAlVAjDIAVUCMUgBbAVVLjLIAUkMM0gBcM9VAjTIAVUCNUgByQw2SAF4BlEJN8gB
233=UQk4SAF0ZVUCOcgBVQI6SAFka1UCO8gBVQI8SAHNBT3IAVUCPkgBZGtNBT/IAVUCQEgBZG
234=tVAkHIAVUCQkgBfPFRFENJAYBEKUkBRMgBXRVFSAHZ10ZIAXwDQQRHSAHdQUhIAcU/SUgB
235=zWhKSAElwUpLKCkATEkB/eVrMCa5Pk5UAtEJT0gBzUdQSAHJelFIAcEPUkgBzQVTSAHBBF
236=RIAcEEVSgpAFYoKQBXKCsACgAxiAVUGAoLADEAAAAAAAACAAwAEQAASg8AIAExAAAAQAAF
237=AgANADEAsQGJAQ5IAUABAgAAAgAPSQGNbwECABBJAYWpARFJAYOpARJJAYapARNJAa6lCB
238=RJAZC1AhVIAcEEFkgBcAJdChdJAfitBRhJAbKpARlJAfapARpJAe2pARsoKQAcKCkAHSgp
239=AB4oKQAfKCkAICgpACEoKQAiKCkAIygpACQoKQAlSQFjdxQCACbIAQEBAgAnSQGCVAIBLA
240=IAKEkBO0QTAQICACnIAQEDAgAqSQE9VAJNGyvIAVkGLEkBQrUCLUgBwQQuyAFBBC9JATqh
241=BDDIAVUCMUkBPFQCSQwyyAFJDDNJAT61AjTIAVUCNUkBQ1QCQQ82SAHJDDfIAVEJOEgBcA
242=lBBDnIAVUCOkgBcAlVAjvIAVUCPEgBzQU9yAFVAj5IAc0FP8gBVQJASQFdSCIBBAIAQcgB
243=AQUCAEJJAVxUAkEEQ0kBgEgBVRhEyAFdFUVIAcE7RkkB76kXR0gB1QJISQH0tQJJSgH//2
244=oIAEooKQBLKCkATCgpAE1IAd1XTkkB+qUIT0kB8qkBUCgpAFFIAcEPUkgBwQ9TSQHwrQVU
245=SQGwqQFVSQGmqQFWSAFQEX1iVygpAFgoKwALADKcA1EqDCgpAA0oKQAOKCkAD0kBjHQFZm
246=syANlpEVQCyQESSQGGoQQTSQGtrRAUSAFwAkkMFUkBkm8BAgAWSQGyoQQXSAHRHxhIAdkc
247=GUgB2RwaKCkAGygpABwoKQAdKCkAHigpAB8oKQAgKCkAISgpACIoKQAjKCkAJCgpACVJAW
248=NcFV1BJsgBXUEnSQFDqRcoSAHVTynIAVlIKkgBdFpZBivIAVkGLEkBRbkGLUgBwQQuyAFB
249=BC9IAWRrWQYwyAFVAjFIAWwFWScyyAFJDDPIAVUCNMgBVQI1SQFGqQw2SAF4BlEJN8gBUQ
250=k4SAF8FVUCOcgBVQI6SAF0ZVUCO8gBVQI8SAHNBT3IAVUCPkgBzQU/yAFVAkBJAT+hD0HI
251=AVkRQkgB2RFDSQF0RCldFUTIAUEERUgBzTxGKCkAR0gB1VpISAHZaUkoKQBKKCkASygpAE
252=woKQBNKCkATigpAE8oKQBQSAF0EVkRUUgBxbhSSAHZEVMoKQBUSQHxrRtVSQGvqQFWSQGm
253=qQFXSAHRCVgoKQBZKCsADAAznANVDQ0oKQAOKCkAD0gBJ2UNMyhkDScpABJBBIZvCAIAE0
254=kBq6EPFEkBqKkBFUkBqqkBFkkBk60FF0gBZAFBDxhIAdkcGUgB2RwaKCkAGygpABwoKQAd
255=KCkAHigpAB8oKQAgKCkAISgpACIoKQAjKCkAJCgpACVJAWJoE27WMwBoAV1BJ1QCJ2YNMw
256=DVTylUAmgBXUwqSAF0T0EaK8gBWQYsSAHZBi1IAcEELsgBQQQvSAFkCFkGMMgBVQIxSAHJ
257=ZDLIAUkMM8gBUWE0yAFVAjVJAUS9KzZIAckMN8gBUQk4SAFs7EkMOcgBVQI6SAFoDFUCO8
258=gBVQI8SAHNBT3IAVUCPkgBzQU/yAFVAkBIAWRrWRFByAFZEUJIAc2JQ0kBdaUpRMgBWQZF
259=yAFZBkZIAdk9R0gBwdVISAEnZw0zAP2tG0ooVQBLKCkATEgBZAxVGE1IAdkGTigpAE8oKQ
260=BQSAHNBVFIAclOUkgBzRBTKCkAVEgByd1VSAHRbFZIAcFcV0kBpqUTWEgB3QpZKCkAWigr
261=AA0ANJwDURQOKCkAD0gBJ2UNNChkDScpABJBBIpgB2VrNCY9KRRVAvmhDxVIAXwDXQoWKC
262=kAFygpABhIAdkcGUgB2RwaKCkAGygpABwoKQAdKCkAHigpAB8oKQAgKCkAISgpACIoKQAj
263=KCkAJCgpACVIAXhpRT8myAFBRidIAd1XKEgB3UwpyAFBRipIAXRaWQYryAFZBixIAd1MLU
264=gBwQQuyAFBBC9IAWRrWQYwyAFVAjFIAWwFTSYyyAFJDDNIAWwFVQI0yAFVAjVIAckMNkgB
265=eAZRCTfIAVEJOEgBdGVVAjnIAVUCOkgBdBhVAjvIAVUCPEgBzQU9yAFVAj5IAc0FP8gBVQ
266=JASAF0DVkRQcgBWRFCSAHBJUNIAWRrTQVEyAEBBAIARcgBAQUCAEZIAcHVR0gB1URIKCkA
267=SUgB1WVKKCkAS0gB3W1MSAHBBE0oKQBOKCkAT0kB+6FRUEkB86kBUUgB3UxSKCkAU0gB2R
268=FUSAElYTNVSQH8uQZWSAEnZw00AKe1AlhVAqqpAVlIAdUYWigpAFsoKwAOADWcA00mD0kB
269=kHMBAgAQSAElCSgRSQGKtQISSAElhScTSAFwAlkGFEgBJRk1FUgB1QIWSQGsrRAXSQGqqQ
270=EYSAEnZg01AMUeGlQCyQEbKCkAHCgpAB0oKQAeKCkAHygpACAoKQAhKCkAIigpACMoKQAk
271=KCkAJUkBZmAWbtY1AGgBQUYn1AJBUShIAd1MKcgBTUcqSAFkuFEfK8gBWQYsSQFGuRwtSA
272=HBBC7IAUEEL0gBaFlZBjDIAVUCMUgBcFZVDTLIAUkMM0gBZGtVAjTIAVUCNUgByQw2SAHJ
273=DDfIAVEJOEgBIsApSQw5yAFVAjpIAXAJVQI7yAFVAjxIAc0FPcgBVQI+SAHNBT/IAVUCQE
274=gB0RRByAFZEUJIAcEaQ8gBTQVESQFzsSpFyAFVAkZIAc08R0gBJUkwSEgB0cRJSAHBZ0oo
275=KQBLKCkATCgpAE1JAfepLU5IAcUIT0gBxQhQKCkAUUgBJS0yUkgBzRBTSAEnZg01ACUJKF
276=VVAqS9ClZJAaWpAVdIAdUNWEgB1Q1ZSQGuoQRaSAFgHl0rWygpAFwoKwAPADacA0EEEEkB
277=knMBAgARSAFkAVUCEigpABMoKQAUSAEnZA0nBQEWVAIlkTkXSAHFExhIAcXvGSgpABpIAc
278=UeGygpABwoKQAdKCkAHigpAB8oKQAgKCkAISgpACIoKQAjKCkAJCgpACVJAWZQG1VEJsgB
279=Ra0nyAFFrShJAUa5JylIAd3FKkgBdFpZXivIAUUILEgBxbgtSAHBBC7IAUEEL0gBYFFZBj
280=DIAVUCMUgBbAVdKzLIAUFRM0gBbAVVAjTIAVUCNUkBQrkRNkgBeAZRCTfIAVEJOEgBdGVV
281=AjnIAVUCOkgBdGVVAjvIAVUCPEgBzQU9yAFVAj5IAc0FP8gBVQJASAFkjFkRQcgBWRFCSA
282=FwFF0KQ8gBTQVESAFka1UCRcgBVQJGSAHNPEcoKQBIKCkASUgB0VZKSAHJZEsoKQBMSAHZ
283=SE1IAdlITkgByWRPSAHZBlBJAZFAO10VUUkBi6kBUkgB3bpTSAHFCFRIAcEPVUgB0WxWSQ
284=GpqS1XSAHZBlhIAdUNWUkBsaEEWkgBJdUmW0gBcA1BD1woKQBdKCsAEAA3nANBBBEoKQAS
285=KCkAEygpABRIAcEPFUgB1ZEWKCkAF0gB2REYSAGDCwIAGUgBzX4aSAHFCBtIAcEwHCgpAB
286=0oKQAeKCkAHygpACAoKQAhKCkAIigpACMoKQAkKCkAJSgpACZJAXxoEyJuUDcAaAFNRyhV
287=Ami1AinIAVUCKkgBZLhVIyvIAVUCLEgByW8tSAHBUS7IAUEEL0gBaFlZBjDIAVUCMUgByW
288=QyyAFBUTNIAdFWNMgBVQI1SAHJDDZIAdEJN8gBUQk4SAHBDznIAVUCOkgBdGVBDzvIAVUC
289=PEgB1Rg9yAFVAj5IAc0FP8gBVQJASAHNBUHIAVUCQkgBzRBDyAFVAkRIASUxQ0XIAVUCRk
290=gBwTtHKCkASCgpAElIAdVESkgBcC5dFUtIAdVlTEgBxbhNSAHVAk5IAdUCT0gB1QJQSAEl
291=xSRRSAElxSRSSAElsSdTSAHVT1RIAdVPVUgB3VdWKCkAV0gByRdYKCkAWUgBzQVaSAHBBF
292=tIAdl0XEgB1RhdKCkAXigrABEAOJwDWRwSKCkAEygpABRIAcUTFUgByQwWKCkAFygpABhI
293=AcEPGUgBzX4aSAHFCBtIAcUIHCgpAB0oKQAeKCkAHygpACAoKQAhKCkAIigpACMoKQAkKC
294=kAJSgpACZIAXhpRa0nyAFJWShIAWRrVQIpyAFVAipIAXxMVQIryAFVAixIAd3bLUgBYFxB
295=BC7IAUEEL0gBYFFVAjDIAVUCMUgBbGhdKzLIAUFRM0gBbAVVAjTIAVUCNUgBJZFENkgBYA
296=RRCTfIAVEJOEgBwQ85yAFVAjpIAXRlTQU7yAFVAjxIAdUYPcgBVQI+SAHNBT/IAVUCQEgB
297=zQVByAFVAkJIAc0QQ8gBVQJESQF4a0YCAEXIAUkXRkkBf7UCR8gBVQJISAHZPUkoKQBKSA
298=HVREtIAXQGXSBMSAHdYk1IAdUCTkgBzUdPSQH1tchQSAEl6VpRSAHNBVJJAbChBFNIAcnS
299=VEgBxQhVSAHZEVYoKQBXKCkAWCgpAFlIAdXeWigpAFtIAcUIXEgB1RhdSAHNEF4oKQBfKC
300=sAEgA5nANZHBMoKQAUSAElISsVSAHdChYoKQAXKCkAGCgpABlIAc1+GkgB2QYbKCkAHCgp
301=AB0oKQAeKCkAHygpACAoKQAhKCkAIigpACMoKQAkKCkAJSgpACYoKQAnKCkAKEkBe2weIj
302=5rOQBoAV1BKlUCbLUCK0kBZ6kBLMgBQQQtSAF4U0ElLsgBVQIvSAF001UCMMgBVQIxSAFk
303=a1leMsgBWVMzSAHRVjTIAVUCNUgB0Xc2SAF4BlEJN8gBUQk4SAFkYFUCOcgBVQI6SAHNBT
304=vIAVUCPEgBdHBNBT3IAVUCPkgBzQU/yAFVAkBIAc0FQcgBVQJCSAHBGkPIAVUCREgBZGtB
305=GkXIAUkXRkgBZGtVAkfIAVUCSEgBxT9JKCkASkgBJfFQS0gB3dBMSQGRqS1NSAElhSdOSA
306=Enzho5ACU5WlBUAiVZJ1FIASVlT1JIASWJQ1NIAdVPVEgBzRBVKCkAVigpAFcoKQBYSAHB
307=61lIAdUNWkkBsqV2W0gB2XRcSAHdCl1IAdFsXkgBcBhVLl8oKQBgKCsAEwA6nANBBBQoKQ
308=AVSAHRbBZIAcl6F0gByQwYKCkAGSgpABooKQAbKCkAHCgpAB0oKQAeKCkAHygpACAoKQAh
309=KCkAIigpACMoKQAkKCkAJSgpACYoKQAnKCkAKEgBeGldQSnIAV1BKkgBZGtZSCtIAWRrQQ
310=QsyAFBBC1IAWRrVQIuyAFVAi9IAWBRVQIwyAFVAjFIAWwFRSkyyAFdCjNIAWwFVQI0yAFV
311=AjVIASUoNwc2ADoAOwEAAAICEQAAYg8AIAoANwA6ADsBAAADAgA4SAEFPgEAAAICADnIAV
312=UCOkkBO7UCO8gBVQI8SQE9tQI9yAFVAj5IAc0FP8gBVQJASAHNBUHIAVUCQkkBP6UIQ8gB
313=VQJESQE6VAIBAAIARcgBAQECAEZKAXUAQwACAEfIAVUCSMgBXRVJSQHwuQZKSgH//40FSy
314=gpAExJAfehBE1JAe+pAU5JAe2pAU9IAdUCUEkB8bUCUUkBr6kBUkkBqqkBU0kB9qkBVEgB
315=xQhVSQHytQJWSAHVAldIAdUCWEgB0RRZSQGurQVaSQH7qQFbSAHZBlwoKQBdKCkAXkgB0R
316=RfSAHRFGBIAVwdQjcAYSgrABQAO5ACRSkVKCkAFigpABdJAfqhDxhIAdEUGUgBzRAaKCkA
317=GygpABwoKQAdKCkAHigpAB8oKQAgKCkAISgpACIoKQAjKCkAJCgpACUoKQAmKCkAJygpAC
318=goKQApKCkAKigpACtJAWN7HwIALMgBQUYtSAF4U0kiLsgBVQIvSAF4XlUCMMgBVQIxSQE8
319=VCNRSzLIAVlTM0gB0VY0yAFVAjVJAUVMBUUINkgBeAZJATfIAVEJOEgBeAZVAjnIAVUCOk
320=gBzV07yAFVAjxIAcUIPcgBVQI+SAHNBT/IAVUCQEgBzQVByAFVAkJIAcEaQ8gBVQJESAFk
321=CEEaRcgBSRdGSQF1QCVJAUfIAQEEAgBIyAEBBQIASUgB3UFKSAHVT0soKQBMSAHBBE0oKQ
322=BOKCkATygpAFAoKQBRSAHRCVIoKQBTSAHBUVRIAdVlVUkBsr0rVkkB/KkBV0kBrqkBWEgB
323=1QJZSQGvtQJaSQGmqQFbSAHNXVxIAd0VXSgpAF4oKQBfSAHBD2BIAVAjpGsnOQ1iKFcAFQ
324=A8nANBOxYoKQAXKCkAGCgpABlIAdWGGkgBzRAbKCkAHCgpAB0oKQAeKCkAHygpACAoKQAh
325=KCkAIigpACMoKQAkKCkAJSgpACYoKQAnKCkAKCgpACkoKQAqKCkAK0gBZGtZSCzIAU1HLU
326=gBZGtVAi7IAVUCL0gBYFFVAjDIAVUCMUgBeMFNJjLIAVlTM0gBbAVVAjTIAVUCNUkBRKk4
327=NkgBbF1RCTfIAVEJOEgBZGtVAjnIAVUCOkgBzV07yAFVAjxIAcUIPcgBVQI+SAHNBT/IAV
328=UCQEgBzQVByAFVAkJIAXAUVQ1DyAFVAkRIAWwQSRdFyAFJF0ZJAUapF0dIAXBsQQRIyAFB
329=BEnIAVEJSkgB3UFLKCkATCgpAE0oKQBOKCkATygpAFAoKQBRKCkAUkgByVlTSAHZ4lRJAf
330=ilE1VIAdUCVkkBsLUCV0kBoqkBWEkBqqkBWUkB/akBWkkBq6kBW0gB0WxcSAHBXF1IAcEa
331=XigpAF8oKQBgSQH1pQhhSAGTaAIAYigpAGMoKwAWAD2cA1knFygpABgoKQAZSAHVexpIAc
332=EPGygpABwoKQAdKCkAHigpAB8oKQAgKCkAISgpACIoKQAjKCkAJCgpACUoKQAmKCkAJygp
333=ACgoKQApKCkAKigpACtJAWJgHW3WPU4hAABVRC1UAnhTUR8uyAFVAi9JAUK5JzBJAUOpAT
334=FIAWRrRUoyyAFZUzNIAdFWNMgBVQI1SAHZUzZIAXgGSQw3yAFJDDjIAVUCOcgBVQI6SAF8
335=YlUCO8gBVQI8SAFoDFUCPcgBVQI+SAHNBT/IAVUCQEgBYBpRFEHIAVkRQkgBzRBDyAFNBU
336=RIAWRrTQVFyAFNBUZIAcUeR0gBZGtVAkjIAVnXScgBWddKSAHdQUtJAV69K0zIAUkMTUkB
337=W7UCTsgBVQJPSQFctQJQSQFdqQFRyAFBBFJIAd0KU0gBxdlUSAHVAlVIAdUCVkgBJakmV0
338=kBsbE1WEkB+akBWUgByW9aSAHJb1tJAamhBFxIAcFcXUgByQxeKCkAX0gBwX1gSAHZ4mFI
339=AckMYkkBk7UYY0gBZAFRNWQoKwAXAD6QAlUCGCgpABkoKQAaSAHNEBtIAc0QHCgpAB0oKQ
340=AeKCkAHygpACAoKQAhKCkAIigpACMoKQAkKCkAJSgpACYoKQAnKCkAKCgpACkoKQAqKCkA
341=K0kBYlQbWUgsyAFBRi1IAcFRLsgBVQIvSQFtTAVdIDDIAVk9MUkBbLUCMkkBa6kBM8gBQQ
342=Q0SQFutQI1yAFVAjZIAXRaQQ83yAFJDDjIAVUCOcgBVQI6SAF0ZVUCO8gBVQI8SAFka1UC
343=PcgBVQI+SAHNBT/IAVUCQEgBdGVJF0HIAU0QQkgBzRBDyAFNBURIAXwKTQVFyAFNBUZJAU
344=KpTkdIAd2DSEkBd60bScgBTQVKSAHJZEtIAWRrURRMyAFJDE1IAWRrVQJOyAFVAk9IAXgG
345=RQhQSAFka0EEUcgBQQRSSQFatQ1TyAFNBVRIAWwFXRVVyAFVAlZIAcFRV0gB3W1YSAHVAl
346=lIAclvWkgByW9bSAHF2VxIASVpKV1IAdnXXkgBxQhfSAEnZg0+AMUIYVQCJcEpYkgB3W1j
347=SAFkF1EUZCgpAGUoKwAYAD+cA0EEGSgpABooKQAbSAHNEBxIAc0QHSgpAB4oKQAfKCkAIC
348=gpACEoKQAiKCkAIygpACQoKQAlKCkAJigpACcoKQAoKCkAKSgpACooKQArSQFhaBpu1j8A
349=aAFZMi1VAnC1Ai7IAVUCL0gBZGtZPTDIAVk9MUgBZGtBBDJIAWRrQQQzyAFBBDRIAWRrVQ
350=I1yAFVAjZJAWipDDfIAUUIOEgBIhgqXSs5yAFVAjpIAWRgVQI7yAFVAjxIAc0FPcgBVQI+
351=SAHNBT/IAVUCQEgBZGtNEEHIAU0QQkgBdHBdCkPIAU0FREgBZGtNBUXIAU0FRkgBJYk4R0
352=gBJ2YNPwBka00FSVQCaAFNBUpIAclkS0gBZGtR2kzIAVHaTUkBglAfAScCAE7IAQEoAgBP
353=yAEBKQIAUEgBdGVZBlHIAVkGUkgBZGtVDVPIAVUNVEgBbAVVAlXIAVUCVkkBgEgMTRtXyA
354=FNG1hIAc1SWSgpAFpIAdFsW0kBjbkGXEkBi6kBXUgB1VpeSAHFCF8oKQBgSAHFCGFIAc3h
355=YkkBpbWRY0kBkbEJZEkBh6kBZUgBZAFRFGYoKwAZAECQAgEAAgAaKCkAG0gB2dccSAHNEB
356=0oKQAeKCkAHygpACAoKQAhKCkAIkgBJZk6IygpACRIAd0KJUgBwQQmSAHVAicoKQAoKCkA
357=KSgpACooKQArSAF4aVkyLMgBWTItSAFka1UCLsgBVQIvSAFka1k9MMgBWT0xSAHBDzIoKQ
358=AzKCkANEgBZGtZBjXIAVkGNkkBaEAoSQw3yAFJDDhIAXRlVQI5yAFVAjpIAXRlVQI7yAFV
359=AjxIAc0FPcgBVQI+SAHNBT/IAVUCQEgBdGVRNUHIAV1MQkgBZGtdCkPIAU0FREgBZAhNBU
360=XIAU0FRkgBbAVVAkfIAVUCSEgB3QpJSAHdbUpIAc0FS8gBTQVMyAFFCE3IAVUCTkgBxQhP
361=yAFVAlBIAcUIUcgBVQJSSAEiKCFJAVNIAWiFUQlUSAFka10rVcgBXStWSAFka00bV8gBTR
362=tYSAHRNVkoKQBaSQH0pWBbSQGSWDJdClxIASUtU11IAdkGXigpAF8oKQBgKCkAYUgB0Wxi
363=SQGxvQpjSAEljShkSQGQqQxlSAHRd2ZIAXACQQ9nKCsAGgBBkAJVAhsoKQAcSAHRbB1IAc
364=VgHigpAB8oKQAgSAHJFyFIAc3sIkgBgwsCACMoKQAkSAHZ7SVIAcEEJkgB2YonSAHRCSgo
365=KQApKCkAKigpACtJAXtoCG7WQQBoAQEBAgAtVQJ9tQIuyAFVAi9IAd0KMCgpADEoKQAyKC
366=kAMygpADQoKQA1KCkANkkBZqkMN8gBSQw4yAFdQTlIAdFLOsgBQQQ7SAHJxzxIAXxMVS49
367=yAFBBD5IAdkGP8gBVQJASAF8V10KQcgBXUxCSAFsc0UIQ8gBTQVESAFka00FRcgBTQVGSA
368=F8ClUCR8gBVQJISAHdCknIAVUCSkgBzQVLyAFVAkzIAUUITcgBVQJOSAHFCE/IAVUCUEgB
369=xQhRyAFVAlJIAWQeSQFTSAFka1EJVMgBVQJVSQFGqVlWSQF0vStXyAFNG1hIAck4WUgB3U
370=xaSAFoBV0gW0gB2WlcSAHNBV0oKQBeKCkAXygpAGAoKQBhSAHZdGJIASVBRWNIAdlTZEgB
371=JXEqZUgB1XBmSQGPcxACAGdIAWQBWRFoKCsAGwBCkAJVAhwoKQAdKCkAHigpAB8oKQAgSA
372=HBDyFIAcUTIkgBlAlma0IAwQ8kKFUAJSgpACZIAcUIJ0gBySIoKCkAKSgpACooKQArSAF5
373=aQJla0KEa0U0LVQCZGtVAi7IAVUCL0gB3YMwSAHJDDEoKQAyKCkAMygpADQoKQA1KCkANk
374=kBZlAbXQo3yAFRrjjIAVGuOUgB0Us6yAFNBTtJAUatRzxIAXxMURQ9yAFBBD5IAdkGP8gB
375=VQJASAF0ZVkyQcgBXUxCSAFka0UIQ8gBTQVESAFkCE0FRcgBTQVGSAHFCEfIAVUCSEgBZA
376=hNBUnIAVUCSkgBzQVLyAFVAkzIAU0FTcgBVQJOSAHFCE/IAVUCUEgBxQhRyAFVAlLIAUUI
377=U8gBVQJUSAFsc1UCVcgBVQJWSAEicCpVAlfIAVUCWEkBf1QuVQJZyAFVAlpIAc1dW0gBwT
378=tcKCkAXSgpAF4oKQBfKCkAYEgB2XRhSAHZaWJIAdl0Y0gB3QpkKCkAZUgB2QZmSQGMpRNn
379=SAEluShoSAFwAl0VaSgrABwAQ5ACVQIdKCkAHigpAB8oKQAgSAEl5VQhSAGfBgIAIkgBJd
380=ErI0kBg3sCAgAkSAHJ6CVIAXACSQwmSAHF5CdIAdUYKEgB0WEpKCkAKkgBwQQrKCkALEgB
381=zQUtSAHBBC5IAdEfL0gB1Q0wSAHdeDFIAc0FMigpADMoKQA0KCkANSgpADYoKQA3SQFkYA
382=sipnhDAGgBWT05VALJTjrIAVUCO0kBROZrQwB4tlEfPVQCaAFBBD5IAdkGP8gBVQJASAFk
383=VU1oQcoBAwJKNUMAbHNFCENUAmgBTQVESAFka00FRcgBTQVGSAHFCEfIAVUCSEgBdA1NBU
384=nIAVUCSkgBzQVLyAFVAkzIAU0FTcgBVQJOSAHFCE/IAVUCUEgBxQhRyAFVAlLIAUUIU8gB
385=VQJUSAFka1UCVcgBVQJWSAFka1UCV8gBVQJYSAFka1UCWcgBVQJaSAHJOFsoKQBcKCkAXS
386=gpAF4oKQBfKCkAYCgoAARhAEMA7wEAEQAAjw8AIAgAAAIAYgBDAO0BAGgBAWMAQwDJAWQo
387=KQBlSQHwoQRmSQGQSAVZBmdJAYapAWhIAWQBVQJpKCkAaigrAB0ARJwDQQQeKCkAHygpAC
388=BJAfypDCFIAZMFAgAiSAHVDSNIAdUNJEgBwQQlSQGPbwECACZKAf//TwECACdIAdEJKEgB
389=1QIpKCkAKkkB+rUNK0kB9KkBLEgBzQUtSQH2tQIuSAHBBC9IAcEEMEgBxQgxSAHNJjIoKQ
390=AzKCkANCgpADUoKQA2KCkAN0kBY0QXVSM4yAEBAQIAOUkBO0wQAQICADrIAQEDAgA7SQFF
391=VAJNBTxJAT9IAUEEPcgBQQQ+SAHZBj/IAVUCQEkBPEwFWQZByAFJDEJJATpUAkUIQ8gBTQ
392=VESQFCVAJNBUVJAUOpAUZIAd0KR8gBTQVISAFkCE0FScgBXQpKSAFkE1UCS8gBVQJMSQE9
393=sQlNyAFVAk5IAcUIT8gBVQJQSAHFCFHIAVUCUkkBPqUIU8gBVQJUSAHdClXIAVUCVkgB1R
394=hXSQF2vStYyAFBBFnIAVEfWkgByThbKCkAXCgpAF1JAfKhD15IAc0FXygpAGAoKQBhKCkA
395=YigpAGMoKQBkKCkAZUgB3QpmSQH1qQxnSQGMvRVoSQGFqQFpSQGHqQFqSAFkAV0raygrAB
396=4ARZACVQIfKCkAICgpACEoKQAiKCkAI0gB1Q0kSQGJbwgCACVJAYOpASZIAcEPJ0gBxWAo
397=KCkAKUkBja0FKkgBzQUrSAHNBSwoKQAtSAHNcy5IAcEELygpADBIAcl6MUgB0WwySAHBJT
398=NIAcEwNCgpADUoKQA2KCkAN0kBY0QTTTw4yAFRVjlIAc1oOkgB1U87yAFJQzxIAd1MPcgB
399=VQI+SAHNBT/IAVUCQEgBZGtJDEHIAUkMQkgB1U9DSQFvTBBZMkTIAVkGRUkBbrUCRsgBVQ
400=JHSQFEsUBISAF0DV0KScgBXQpKSAF8YlUCS8gBVQJMSAFkYFUCTcgBVQJOSAHFCE/IAVUC
401=UEgBxQhRyAFVAlJIAWQeRQhTyAFVAlRIAd0KVcgBVQJWSQFDsRRXSAFka1UCWMgBAQQCAF
402=nIAQEFAgBaSAHRNVsoKQBcSAHNql1JAa6xCV5IAdGuX0gB2QZgSAHFP2FIAdUCYkgB1QJj
403=SAHVAmRIAd0KZUgBzVJmSAHVWmdIAdVaaCgpAGkoKQBqSAHdV2tIAWA0XTZsKCsAHwBGkA
404=JVAiAoKQAhKCkAIigpACNJAY53BQIAJEgBZAFZBiVIAd1tJkgB2REnSAHBfSgoKQApSAHB
405=BCooKQArSAHBGixIAd0VLUgB2WkuKCkALygpADBJAZJzEAIAMUgBZAFZETIoKQAzSAHdbT
406=RIAd0rNUgB3Ss2KCkAN0kBZmsIAgA4yAFdVznIAVlIOkgB1U87yAFVRDxIAd1MPcgBVQI+
407=SAHNBT/IAVUCQEgB3UxBSAHFdkJIAclkQ0gBZGtVDUTIAVkGRUgBZGtVAkbIAVUCR0kBbL
408=0VSEkBa6kBScgBSRdKSQFqtQJLyAFVAkxJAWm1Ak3IAVUCTkkBZ7UCT8gBVQJQSAHRFFFI
409=AWAaXStSyAFBBFNIAWjoVQJUyAFVAlVIAWCIVQJWyAFVAldJAXSpDFjIAVUCWUgBzTFaKC
410=kAW0gBJX0mXEkBrLlpXUkBpakBXkgBJ2YNRgDJZGBUAmQMQQ9hSAHVsmJJAZN7AgIAY0gB
411=1QJkSAHZaWVIASUlJmZJAf2pDGdIASWpJmhJAYilCGkoKQBqSAHZBmtIAXwDQQ9sKCkAbS
412=grACAAR5wDQQQhKCkAIigpACNIAdUNJEkBhXQFbtZHANVlJlQCyQEnKCkAKCgpACkoKQAq
413=SAHFEytIAc1oLEgB0XctSAHVAi4oKQAvSAHB1TBIAcEEMUgBwSUySAHZdDNIAdl0NEgBeB
414=VNGzVIAdkyNkgBwTs3SAFka1FWOMgBTao5yAFNqjpJAW1oCCI2KEcAaAFJQzxUAsFcPUgB
415=wVw+yAFBBD9IAcFcQMgBVQJBSAHBXELIAVUCQ0kBfqkMRMgBVQJFSAFka1kRRsgBWRFHSA
416=FgD0EESEgBYA9Jb0nIAVUYSkgBYA9VAkvIAVUCTEgBYA9VAk3IAVUCTkgBZGtVAk/IAVUC
417=UEgBzX5RSAFka0EEUsgBQQRTSAFka1UCVMgBVQJVSAFka1UCVsgBVQJXSQF4rRtYyAFJF1
418=lJAX+1AlrIAVUCW0gBJ2cNRwCvrV1dVQKpqQFeSQH4qQFfSAFgCEE7YEgB3WJhSQGPeAIi
419=nDUnVQtjVQKRtQJkSAHVZWUoKQBmSQGLoQRnSQEhqQFoSAFEGCKlNmlJASK1AmpIAdFha0
420=gB2QZsSAF8A1kRbSgpAG4oKwAhAEicA0EEIigpACMoKQAkSAHdCiVIAdlpJigpACcoKQAo
421=KCkAKSgpACooKQArSAHZdCxIAdEJLUgB1QIuKCkAL0gBwQQwSAHBBDFIAdl0MkgBjxcCAD
422=NIAdHaNEkB+60xNUgB2Wk2KCkANygpADhJAXtoCCKeNUgAaAFZPTpUAnhpQUY7yAFZLTxI
423=AcFcPUgBwVw+yAFBBD9IAcFcQMgBVQJBSAHBXELIAVUCQ0gBZGtJDETIAVUCRUgB3RVGSA
424=HF70coKQBISAHBBEkoKQBKSAHNBUtIAcEETCgpAE1JAWW5HE7IAVkcT8gBTRBQSAElnSpR
425=SQFGuSdSSAHVAlNIAclvVEkBRaEEVUgBIhApTUdWyAFdCldIAWRrXQpYyAFNG1lIAWRrVQ
426=JayAFVAltIAd0VXEkB770KXUkB86kBXkgByW9fSAHVZWBIAd1BYUgB1URiSAHZq2NIAdVl
427=ZEgBRA11ZWUoKQBmKCkAZ0kBJbUjaEgBZAEBAAMAaUkBJm8BAgBqSAHFCGtIAd1tbEgByX
428=ptSAFoBV0gbigpAG8oKwAiAEmcA0EEIygpACQoKQAlSAHRbCZIAcEaJygpACgoKQApKCkA
429=KigpACsoKQAsKCkALSgpAC4oKQAvKCkAMCgpADFJAYp7FAIAMkgBZAFdFTNJAfmtMTRJAb
430=KpATVIASWNKDZIAck4N0gBwVE4SAF4aVk9OcgBSSg6SAFka0nHO8gBScc8SAHFCD0oKQA+
431=KCkAPygpAEAoKQBBSAHVDUJIAcUIQygpAEQoKQBFSAElvSNGSAHdNkdIAdkcSEgBwRpJSA
432=HNBUpJAa6lHktIAcEETEgB1Q1NSQFlSAhNG07IAU0bT8gBTRtQSQFFpQhRSAFwH1EqUsgB
433=VWVTSQFoRAhVAlTIAVUCVUgBZGtZJ1bIAUkMV0gBxQhYyAFNBVlIAWyJRQhayAFVAltIAd
434=EUXEgBzWhdSAEliSJeSAElWSdfSAHVAmBJAYy5EWFIAcFRYkgB0a5jSAFEDXlpZGgBbwUD
435=AGUoKQBmKCkAZygpAGgoKQBpKCkAaigpAGtKAQYCVwkCAGxIAdFhbUgBxdluSAFYA2EPby
436=gpAHBIAcc0IwBKnANVEyQoKQAlKCkAJkgB3QonSAHNGygoKQApKCkAKigpACsoKQAsKCkA
437=LSgpAC4oKQAvKCkAMEgBzSYxSAGIE2RrJ5ECM1QCJd0nNEkB8bVENUgBwRo2SAHFNDdIAc
438=lvOEgBwVE5SAHNPDpIAdFhO0gB1QI8SAHVAj1IAdUCPigpAD8oKQBASAHZXkFIAc0QQkgB
439=0RRDSAHFCERIAcVKRUgBJaUrRkgB0SpHSAHBtEhIAdWySUkBrLkcSkkBoqkBS0kBpqkBTE
440=gB1Q1NSAFgiFU5TsgBVVpPSAFk71UCUMgBVQJRSAF8YlVlUsgBVWVTSAFka1UCVMgBVQJV
441=SAFsBUUIVsgBRQhXyAFNBVjIAU0FWUgBZGtVAlrIAVUCW0gB3SBcSAHdK11IASXhTl5IAd
442=lpX0gBxT9gSQGMbwECAGFIASWxJ2JIAdGuY0gBVBJhXGRoAWwFZGvDRgMAZlQCmzIDAGdI
443=AXwDQdVoKCkAaSgpAGpJASdnBAIAa0kBI6kBbEgBZAFZDG0oKQBuKCkAbygpAHBJAa25Mn
444=FIAdsGJABLhAFFCCUoKQAmKCkAJ0gB0WwoSAHdQSkoKQAqKCkAKygpACwoKQAtKCkALigp
445=AC8oKQAwSQGGdBAiBEMnOQIyVAJwAkUTM0gB2Ug0SAHFVTVJAa+hGjZJAaqpATdIASWRLj
446=hIAZwrIjYoSwAlQS86KFUAO0gBwXI8SAHNBT1IAdUNPkgByUM/SAHZaUBJAbC1DUFIASXN
447=MEJIAd14Q0gB2UhESAHZBkVJAZBnGgIARkgBxSlHKCkASEkBiqEESUgBzRtKSQGntQ1LSQ
448=GlqQFMSAHRFE1IAWRrVVpOyAFVWk9IAWRrVQJQyAFVAlFIAXRlUdpSyAFR2lNJAXyhD1TI
449=AU1oVUgBbAVFCFbIAUUIV8gBRQhYyAFFCFlIAcElWigpAFtIAdE1XEgBzWhdKCkAXigpAF
450=9IAWgQWT1gSQGObAFkayc9CGJUAnACQQRjaAGty2RJAa5oImRrzAVna0sAq7UCZ0EEqqkB
451=aEgBhAgiNCgnrQBqVALB1WtJAY1kBG/WSwCLqQFtVQKwZwgCAG5JAaSpAW8oKQBwSAHNn3
452=FJAaahBHJIAWAIXxUlAEyEAUkBJigpACcoKQAoSAHNiSlIAclDKigpACsoKQAsKCkALSgp
453=AC4oKQAvKCkAMEkBhmgPZGsnDQIyVAJwAlkRM0gB0VY0SAHRVjVIASW9LjZIAdmgN0kBrK
454=0bOEgBwVE5SQH8tQI6SAHRVjtIAcElPEgByWQ9SAHVDT5IAclDP0gBJW0vQEgBTExppkEo
455=KQBCKCkAQygpAEQoKQBFSAElFS9GSQGQcxsCAEdJAYqpAUhIAckMSUgByQxKSAHZBktJAb
456=G1GExIAdEUTUgB1VpOSAHVI08oKQBQSAHBBFEoKQBSKCkAU0gBZGtNaFTIAVEPVUgBZGtN
457=aFbIAU1oV0gB0QlYSAHVDVkoKQBaSAHBBFtIAdknXEgBdBxVOV1IAd1XXkkBhXsCAgBfKC
458=kAYEgBySJhSAF8A1kGYkgB1SNjSAEl7TRkSQGtaCJka8xHZmtMAIAlbtZMAMnSaE0FCaFy
459=aSgpAGpIAcHVa0kBjngNZGvTCQIAbVQCcAJNEG5IAc1Hb0gB2WlwKCkAcUkBpXsRAgBySA
460=HZBnMoKwAmAE2QAlEJJygpAChIAd1BKUgB1fQqSAHRbCsoKQAsKCkALSgpAC4oKQAvKCkA
461=MEgBJ2QNJ+EBMlQCkBAiBEMnVQA0KFUANSgpADYoKQA3SAHRHzhIAdVlOUgB0Qk6KCkAO0
462=gBgzACADxIAcEEPSgoAAE+AE0AEQAAfhAAIAr8AQAAAAIAPwBNAAACiQFASQH9dwIDAEFJ
463=AZFQAgEAAwBCSQGJqQFDSQGFqQFESQGHqQFFSQEmawECAEZJAQOxCUcoKQBISQEloQRJSQ
464=GPawEDAEpJAQatBUtIAYMPAgBMSQGybRACQwFNAPipAU5RAaypAU9JAaapAVBJAfqpAVFJ
465=Ae2pAVIoKQBTKCkAVCgpAFUoKQBWSQHyuQZXSQH0qQFYSgH//1cUAgBZSAGfFQIAWkgB1Q
466=1bSAHZBlxJAfW5Bl1JAYxUBlUpXkkBg6kBX0kBiqkBYEkBIakBYUgBwSViSAHVI2NIAXwD
467=VS5kSQGrfwoDAGVJAaqpAWZJASdnBAIAZ0kBI6kBaEgBZAFBD2lIAZ82AgBqSAGTNQIAa0
468=kBhmcEAgBsSQGwcwkCAG1IAZ8KAgBuSAF8A0UIb0kBr6EEcEkBoqkBcSgpAHJJAaa1AnNI
469=AdkGdCgrACcATpACUQkoKCkAKSgpACpIAcElK0gBwSUsKCkALSgpAC4oKQAvKCkAMEkBhn
470=MMAgAxSAFkAVUNMigpADNJAUxYAgEBBgA0SQFISAEBAAYANcgBVQI2SQFFtQI3yAEBAQIA
471=OEgBcAJRCTlIAcFROkgB3UE7SAHBBDxIAdFWPUgBwTs+SAHBOz9IAcE7QEkBk3wGZ2tOAP
472=l4J2ZrTgCfCgMAQ0EEkKEEREgBiyIDAEVIAclvRkgBlzkDAEcoKQBISAHBBElIAYgiZmtO
473=AMFyS1UCInwKZ2tOAPtgD2ZrTgDNXU5ABJ9MAgBPSQGpoQRQSAF0Bl0gUUkB9rUCUkgB0W
474=xTKCkAVCgpAFVJAfCtBVZIAcUIV0kBjW8BAgBYSAGUGGZrTgCcFWRr3yACAFtABIsiAgBc
475=KCkAXUgBlyMCAF5JAYqxCV9IAWQBURRgaAGtiWFoAXsCAwBiKCkAYygpAGRJAbFwFGRrx1
476=UDAGZUAs0mZ0kBHmcIAgBoSAFYQmGkaSgpAGpIAdkRa0gB2RFsSAF0BlkRbSgpAG4oKQBv
477=KCkAcEgB1S5xSAHRbHJJAadnEwIAc0kBpqkBdEgB3Qp1KCkAKFg11QIpKCkAKkgBxRMrSQ
478=GIZwQCACxIAYdKAgAtKCkALigpAC8oKQAwSQGGuQYxSAFkAUEaMkgBeGkBAgYAM8kBA2dr
479=TwCwcBRna08ApKkBNkEEpqkBN0gBcmwEBkVrT1hZAwAABQIAOVQCzTw6SAHJDDtJAa57Bg
480=IAPEgB1QI9aAGhOz5oAXsCAwA/KCkAQEkB93gGZmtPAJRPZ2tPAI+tBUNABJcNAwBESQGO
481=tQJFSAHVAkZIAZSRZmtPAJc5AwBIVAJoBUmxSUgBwQRKSQGHewIDAEtIAcFGTEgB0WxNSA
482=GBfQJKNU8AnExma08A1QJQQQSufxUCAFFIASdmDU8AwcpTVALRbFQoKQBVSAGPGwIAVkgB
483=aBBZMldJAZBsAWZrTwDZPVlUApQYZWtPpIxma08AzZRcQATNlF0oKQBeKCkAXygpAGBIAd
484=GYYUgB0SpiSAF8DlUjYygpAGQoKQBlSAGUDWZrTwCbaQMAZ1QCyQFoKCkAaSgpAGpJAYVV
485=IwRu1k8AaAFBRmxUApQNbdZPhAFRH24oVQBvSQGwWAZVAnBIAdlpcUgB3ZlySAGcBmRrJ1
486=kGdChVAHUoKQB2KCsAKQBQlAZdCiooKQArKCkALEkBkGgEZmtQANFsLlQCyQEvKCkAMEkB
487=hq0FMUgBZAFdCjJJAVRsAWVrULA1ZGsnKQA1QQSvbxsGADZJAaWpATdJAUK5BjjIAV2UOU
488=kBrGMEAgA6SAGDcgIAO0kBp7UCPEkBqqkBPUgBXA9pmz5oAXAJZmtQANlpQFQCjFJla1Ao
489=Zw1QAIytBUNBBIWpAURIAYwbbNbLFwMARlUCjqEER0gB3W1ISAGbwQMASUgBgCVs1tgnZ2
490=tQAIe5BkxABNFsTUgB0VZOSAHdbU9JAbChGlBIAdk9UUgBJXkrUkgBbAlJHVNIASUBJ1RI
491=AdFsVSgpAFZJAfGxCVdIAZwVZGvAGm3WUO1oWkAE2RFbSAHJZFxIAc0bXUgB1SNeKCkAXy
492=gpAGAoKQBhSAHdIGJJAYtjFgMAY0gBZAFRbGRIASMwIm/WUAD+cBRka9kRBEVrULFsBEzW
493=JykAaVgGn20EAGpJAYZ7BgUAa8gBAQEGAGxJAUdvDAYAbcgBVQJuSQFGtQJvyAFRS3BIAd
494=2ZcUgBfANRKnIoKQBzKCkAdCgpAHUoKQB2KCkAdygpACpAodEJKygpACwoKQAtSQGQZwQC
495=AC5IAdWcLygpADBJAYqhBDFIAWQBRRMySAFka0EaM0gBI9ssBQA0SQEJY8oFADVJAShxBQ
496=VFa1GvtQYAN1UCg0AlWQY4yQECbtZRAJRwZ2tRAKVABEkMO0AEYAhJATwoKQA9aAFrDAIA
497=PmgBZARma1EAj1IDAEBUApBLZGsnVQBCVAInZQ1RrIlt1lEkmCRla1G8g2drUQCSvQpHWA
498=bRCUhIAYAlZGsnBQFKVALRS0soKQBMSQGFpQhNSAHdbU5IAd1tT0gBwVxQKCkAUSgpAFIo
499=KQBTSAHBclRIAdFsVUgBgIht1lH921dUAiXBNFhIAZDEZmtRAM1oWlQCwRpbKCkAXEgB1S
500=NdSAHBGl4oKQBfKCkAYEgBl0QDAGFIAYhDIjUoUX0dAFlpY1QCjwEDAGRIAYwQZGvMEGdr
501=UQAdZARla1GtfgVGa1EATEECAAAFAGlYBskBakgBZWsCZ2tRAKxoQ2drUQCmqQFtQASX/w
502=YAbkkBRH8KBgBvyAGEa8cTAgBxVAJ8A0VKcigpAHMoKQB0KCkAdSgpAHYoKQB3KCsAKwBS
503=jAlRCSwoKQAtKCkALigpAC8oKQAwKCkAMSgpADJIAXThXWIzSQEGYFx7aVIArngceWlSoJ
504=N6aVIAbmgEBVhpqAEBBQUAOFgGdAJJBznJAQd7aVIAq2QIYdVSrCYiCShSty4CAD1MBclD
505=PkgBhBp5aVLxYUBUAiMgNntpUgCRZAQiCShSJEAkInA1JykAREwF3UFFSAHdTEYoKQBHSQ
506=GPpQhISAHBBElJAYy1AkpIAdVPSygpAEwoKQBNSQGGrQVOSAFkAUlOTygpAFBIAdHEUUgB
507=1XBSSQGLcwUDAFNIAdVwVEgB1XBVKCkAVkgB3W1XSAGcV2HVUu1oWVQCyRdaSAElvTlbSA
508=HVAlxIAcmFXUgB1WVeSAHNG19IAcElYEgBYBNVGGFIAZQNemlSAIQTYNUnKQBkQASQNXhp
509=yzgEAGb0AnhpXDZ4PXppUgCJLQZYaVQCIsVFBkHVUiStLAZD1VIAr2wFemlSACNYJ2PVUg
510=CqtQJuXQqPaBN6aVIAZGsBBAYAcFQCaQEFeGknBQxyVAJoBVFhcygpAHQoKQB1KCkAdigp
511=ACxUMdkGLSgpAC5IASI8NFFhL0kBR2cEBgAwyAFVAjFIAXRlAQIGADLJAQMihidTAFRfYY
512=g0VQKtdBhhZ1Mo4QxTgWcIYGeqAQkEQGeoAQEKAwA5WAZtaAthZ1Mo4QxT6dI8QARJHABN
513=AD1oAWUTA13QU6CTYWdTsGx90FOoLWFnUybdJ0JZBu9kE2JnUwDJAURUApi2ftBTAJQufd
514=BT9XBHQATJZEhIAdVaSUgBxUpKKCkASygpAEwoKQBNSAEn4QxTYBdttU9VAo1zAQMAUEgB
515=0QlRSAHNBVJIAXwDWVNTSAHNBVRIAc0QVUgB3dtWSAHFa1dIAYRVYWdTJGdEAwBZVALFHl
516=pIAZvXAwBbSAHRH1xIAdUNXUgB2WleSQGOewIDAF9IAWQBWRFgSAHVZWFIAZQNYWdTJNc8
517=BABjVQKmaS0EXdBTo54EAGVUAowFYGfXAgUAZ/QCYmdTAJB3YWdTJKwsYWdTqLFgZ9gnY2
518=dTALFoDGNnUwCRaBN/0FMAiqkBb10KQ6kBcMgBSdJxSAFwAllIcigpAHMoKQB0KCkAdSgr
519=AC0AVCEEV1NPBgAuyAFZXi9JAbCtEDBIASNbMgYAMUkBqrUCMkgBJX0mM0gBI1hTb8tUAK
520=1gBGtkVAAkfBFuy1QAwQQ3TQUfdAJqZFQAiAFrZFQABHTTa2RUAK9kCG/LVACpqQE8WAaQ
521=CW7LVAAjCCgiqSZUuGlpZFS4aWlkVOFcQVgGI7g+bstUACP4MGlkVCQoTSKpJlS8K2lkVC
522=YBJ0ZYBsFRR0gB3VdIKCkASSgpAEooKQBLKCkATCgpAE1IAc21TkgB3QpPSAHdClAoKQBR
523=KCkAUkgBzQVTSAHNBVQoKQBVSQGGZykDAFZIASObUAMAV0gBIz80AwBYSAHNXVlIASUhK1
524=pIASNkI2hkJ6EEXFQCzQVdKCkAXkgBJckqX0gB3WJgSAGMXSKoJiK0LlMQBABiVAJCAQAA
525=a2RUALF9NgRJZFS8pGlkVLVlBU3LVLTea2RUAI9/BgYAaEUIrngGa2RUAI61AmpUAoRKaG
526=TUDWhkJykAbUAEaQUAa2RUAK6lCG9UApgcbstUAHRlWcxxVAJoAVnMckgBmAYieEHTCQIA
527=dChXAC4AVbtIBgAvKCkAMEgBjBtyYVUAxWAyVALBXDNJAaxsEHNhVQCnqQE1VAKMaHFhVb
528=C5fcVVInBNbSY4QAQnMQxVJilYOlQCRHtScwA7SAEl/SA8SAGMMXFhVaQpcWFVKDEMVSgw
529=DNQYfsVVACOYL3FhVSZxQENQCcU/REgBJVEmRUkBkHgjfcVV/WJHVALBUUgoKQBJKCkASi
530=gpAEsoKQBMSAHFVU1IAXgKRa1OSQGMbwEDAE9IAd0KUCgpAFEoKQBSKCkAUygpAFQoKQBV
531=SAHRbFZJAYe9CldIAcUeWEgB2cFZSAGLQwMAWkgB0R9bKCkAXCgpAF0oKQBeSAGULnzF1y
532=4DAGBUAocIBABhKCkAYkgBaBCRYVW4XnBh2AZwYVgyqUNmTQWNcQUGXsVVAIAlcWFVrGhx
533=YVUk4Dh9xVW4q3NhVQCRuQZsRQiJqQFtSAGQH3Bh3EEioiVVANm2cEEEQq0FccgBQUxySA
534=FwAknHcygpAC9Ai4wbIpkkVvFhMVQCJUEkMkkBsLUYM0kBqakBNEgBiHpvwFYAr7UCNlQC
535=wQQ3SAFEcLleVqxdbcBWJDtEAwA6QASNXQNYXsAEIn0xVu1dPUAEnBUimCTIDG3AViTAKW
536=/AVgCmYA94XsgXel5WANnBQ0QI3aRESAHdQUVIAYQeel5WANlTR1QC2VNIKCkASSgpAEoo
537=KQBLKCkATCgpAE1IAdG5TkgB0QlPKCkAUCgpAFEoKQBSKCkAU0gBwVxUSQGGdR8DSTVWJm
538=FqVlQCzbVXSAHVGFhIAc0bWUgB3VdaSQEDeO1uwFYAyQFcKFUAXSgpAF5IAdW9X0gBnQoE
539=WF7QKnheJykAYkAEiAxswNA1eV5Wt7IFAGVABExMIjEtZkkBkHQYeV5WpIx6XlYA3VdpQQ
540=SwaDh4XsA7e15WAKi1AmxABNVabUkBjrEJbkkBraEEb0kBj7UCcEkBQakBccgBAQECAHJI
541=AXACSRIwROeMG326V69SBQAyVAKDUQUAM0gBjAV9uleoQ2FcV7wVfbpXnQMAfLrECCKRI1
542=ck/0EEADlECJEJBEBcwARgXMMEAwA8QQQCuTI9SAGMBWBcB1cAAAAAAAADAD8RAADpDwAg
543=CABXAKsBAAAAAwBASwGpAQBpAUFIAUABaQFCSQH6tQJDSQHwqQFESgH//0sEAwBFSQGRRA
544=FFCEZJAYOpAUcoKQBIKCkASSgpAEooKQBLKCkATCgpAE0oKQBOKCkATygpAFAoKQBRKCkA
545=UkkBhq0QU0gBZAFFE1RJAY5vAQMAVUkB9rUYVkkB76kBVygpAFhJAfG1AllKAQACXwYDAF
546=pJAfl3AgQAW0gBkx8EAFwoKQBdKCkAXigpAF8oKQBgKCkAYUkBIVgKAQAEAGJJASWpAWNI
547=AWQBAQAFAGRJAa13DQUAZUkBJHsCBQBmSQEoqQFnSQGMawEGAGhIAZcuBgBpSQGHtQJqSQ
548=GxZwgGAGtJAY21AmxJAYWpAW1IAYMlBgBuSAHNBW9JAZKhBHBJAUFIAQECBgBxyAEEAwIA
549=MQBYAJMfBgAySQEmQARdFTNJASKpATRJAZCpATVIAYsMBQA2SAFwAk0FN0kBj28BBQA4SA
550=FkAVUCOUgBkwkEADpIAZMJBAA7SQGsdxgEADxJAaapAT1JAQa5Mj5IAYcIAwA/SAGUGGlZ
551=WJACRT9BVQKwewYDAEJJAaqpAUNIAdFAREkB87UCRUgBxT9GSQGMbwgDAEdIAZ8rAwBIKC
552=kASSgpAEooKQBLKCkATCgpAE0oKQBOKCkATygpAFAoKQBRKCkAUigpAFNIAZ82AwBUSQGG
553=pRNVSAHNc1ZJAe21GFcoKQBYSQH0tQJZSAEnKgtYAJAfallYAIQeaFnDOwQAXU0FrnsGBA
554=BeSAGbPQQAXygpAGBIAd1XYUgB3VdiSAFgE1U5YygpAGRJAatwCWpZWACAMGhZRDRrOAUA
555=Z0AEiS0GSllYAIgtaFknKQBqQASQH2hZJ1UAbFQCzQVtKCkAbkkBi3MQBgBvSAGLFwYAcE
556=kBQrcCMgBZ/VczSAGLTgUANEgBi04FADVJAZBsBXNWWQCJqQE3VQKIqQE4SAHVAjlIAZUN
557=BVJWWQCMUnNWWQCvZB5zVlkAqakBPUwFlw0DAD5IAZQNc1ZZAPtgBHJWWQDVkUFABM1SQk
558=gB1QJDSAEn/xVZAJN4EX+vWQD4pQhGQASEKXFWWaQpcFYnKQBJQASPJgMASigpAEsoKQBM
559=KCkATSgpAE4oKQBPKCkAUEgBiyIDAFFIAd0KUigpAFNIAcEEVEkBir0VVUgBZAFNc1ZIAY
560=FRA16LWQDNG1hUAs0bWUgBJ9IKWQCMXXJWWQCUWnNWWQCwcB9wViepBV5YBoQ/clZZAMVV
561=YFQCxVVhSQGPcRAFXa9ZYQEAkFbQCXyv0AlwVsQIclZZAIQIclZZAIgtcFbdKwZcrycpAG
562=pIDIgicFYnVQBsKFUAbUgBiCJ8rydNCm9UAosXBgAzTM7JATRIAYxHelNaAIxHeVNa6Rc3
563=QASEdm2qWqdKBQA5VQL1dCN6U1oAhAh4U8QIe1NaAP1jBAQAPU0FsqkBPkgBjAV4U8wFeV
564=Na/UxBQASMBW2qWq+JAwBDVALJkERIAd1XRUgBwTtGSAGMJnlTWih4CicpAElABIwmeFMn
565=VQBLKFUATCgpAE0oKQBOKCkAT0gB0aNQSAGYI3tTWgCQbwEDAFJUApcuAwBTSAFwAkFRVC
566=gpAFUoKQBWSAGITnlTWqlOA0aJWgBc4CJtJFlABJxBInggzDF6U1oAjDF5U1r1T11NBQFg
567=nmyqxAh5U1qnSgQAYEAEl/QFAGFIAZAUeFPfCgUAY1QCiFl4U8QIeFPECHpTWgCFCAZMqt
568=gneFMnKQBpRAifKwYAaigpAGtIAZt0BgBsSAGDDwYAbUgB1U9uKCsANABb9ac1SAGURGFR
569=W+1SN1UCr3hIY1FbAKipATlVAqapATpIAYlOBVH7W+1SPFQClFphUVu9VwRepFsAnVcEUf
570=tbuKthUVsoIQpbhDhJOEJECNE1Q0gByU5ESAGEBHykJ9kARlQCJyEKWyggCicpAElABIAl
571=YFEnVQBLKFUATCgpAE0oKQBOKCkAT0kBhmcPAwBQSAFkAVEUUSgpAFIoKQBTSQGRZARz+1
572=sAiakBVVQCj8sDAFZIAYQ/YVFboEZgUSehBFlABJ1tBEk1W+X6W1UCsXQuYlFbACMQKX6k
573=WwAjEClhUVuhRgVS+1sAjewFQlFbAIgXYFHcK2FRW6hZYFHMEGNRWwCwawwGAGVVDaqpAW
574=ZIAZwrYFHYJ2BRJykAaUAEnCtgUdcNBgBrVAJtHwBgUSedCW1UAsNRNQBc9U82SAHVTzdI
575=AYxHaU5cgAhRuTlUApAfbJ8nVQA7VAKPcwUAPEgBwfY9SQGsaBdrTlwApqkBP1QCgARpTl
576=yzzwMAQVQCI8QkbJ/cCm+fXAD8ewYDAERBBI90EGhOJ1UARlUCjLUCR0gBkB9p81z1T0ko
577=VQBKKCkASygpAEwoKQBNKCkATigpAE8oKQBQSAGUOW2fXOVKUlQCI3QwbJ8n6QJUVAJgE1
578=lTVUgB3UxWSAHJm1dIASXlM1hIAY0FBFjUxAhoTtQjbZ9c5XZcTAWQCWlOXLBWa05cAJBo
579=CGtOXACIqQFgTQWKqQFhSAFkAUk4YmgBaKZpTlynVQYAZFQCjBtoTs8bBgBmVAKQKmhO0C
580=poTicpAGkogQBqSAGUDWhOJ0UJbFQC30w2AF39TDdIAd1MOEgBgL9h613hnjpVArBkP3+Z
581=XQCpqQE8VAKMR32ZXSY1KD5VAqVgBH2ZXayfcEvQCXFLXflIQkwFnCBxS12EAUU0RFQC2U
582=hFSQGJfwIDAEZIAZAfYetd5UpIKFUASSgpAEooKQBLKCkATCgpAE0oKQBOKCkATygpAFBJ
583=AYahD1FIAWQBRRNSSQGQbAFxS12siX6ZXQDRmFVABCUtJ1ZoAW8FBABXSAEj9SoEQOvYHH
584=FLXbCNcUtduO1wSycpAFxYBphTc0tdAKxzKgUAXlUCpKkBX0kBqqkBYEgBcA1FSmFIAYxS
585=fZldrFJzS10AjGQEcktdAIwbcUtduPhxS12wVnBL3CtwSycpAGldCoqlCGpIAdlIaygpAD
586=dME9UCOCgpADlIAdFLOkgB0Zg7SAFsCV0VPEgBJxoJXgCYim+UXgCtbBt4SCdVAEDsBXlI
587=XoAIWTJCVAKEHnlIXrBWb5ReAJJoBG6UXgCUe3lIXrwgeUheKBkJXrt0AwBJUAndTEooKQ
588=BLKCkATCgpAE0oKQBOKCkATygpAFAoKQBRSAHBk1JIAWATSRdTSAHRFFRIAdUCVWgBcIJ4
589=4tgceUheoGd5SF7tR1lMBdVEWkkBkWkIBVnJXq1SBUR+0R8FSzVeAK9wKnpIXgCYdGyUyA
590=x44sgteOJUAmwQe0heALJ7BgYAY0gMJxoJXgDdQWVVAquhBGZJAaqpAWdIAZRleEgnrQBp
591=VALVRGooKQA4UPPVAjkoKQA6SAHNRztIAc1HPEkBBGQTf45fAJJkHmNGXwCxYA9jRl8Ajr
592=UCQEwFhAhhRl+wbHHaX7xiYUZf7ZRETAWIDGFGX6gtYUZfvGJhRl+kHnHaX+VKSVgGiCIi
593=HSVf5UpLVALZSEwoKQBNKCkATigpAE8oKQBQKCkAUUgBmHQiQS9feRkAgEYnKQBUQASYAi
594=K8T1QCaCJgRkgBeAJgRicpAFhsBWAEf45fAPdjJQUAWlQCI0glYkZfAMkBXFQCI+g5YUZf
595=JAg+YkZfAIw8Y0ZfAKalCGBMBYgtYEZUDWgMY0ZfAI1sEGNGXwCGqQFkTQWweAZ9jl+0T3
596=yOyAx8jkQIrQVoTAXdQWkoKwA5AGDt1jpIAWgFAQAGADtJAQWhDzxIAZg9aUNgpIFrQ2AA
597=kXAFaUNgpzQEAEBNBYW1AkEoKQBCSAGHzgQAQ0gBh3YEAERIAZwKakNgAITkaEPIDGlDYC
598=RAL2lDYCaVP0lYBidpCGDljEtUAidoCNsRAwBNKFUATigpAE9IASP8ICKILSetAFFUApAq
599=aUNgbhgAAGnSYLCCaNInkwJVAGDtXVZIAZAFaUNghQEAbIlIAXgnaUNgJNQxaENUAmgEaU
600=NgtDluiWAAiCJrQ2AArHQ5a0NgAKKpAV9JDKmpAWBIASdoCFAJaAxrQ2AAjHwKaEPAGmjS
601=3AprQ2AAsWQIaENYBq0FZ1AJ3UFoKCsAOgBh/UE7SAGENCLRK2GnPwUAPfQCcEDUAnFAYa
602=h6cUBh/UFBTQWKdw0EAEJIAZzFcUBhvBVxQGGzHwQARUAEI4M3BABGSAGAD3BAyAxxQGHh
603=iElABIyUfIPfFQMAS1UCkHcNAwBMSAHdQU0oKQBOSAGbEQMAT0gBkB9wQMgXItErYfWRUk
604=AEweBTSAGYwXFAYb82BABVVAKfNgQAVkgBfA5FP1dIAZgGcUBhtERwQMgXcEDECHBAwCVx
605=QGGoenFAYShBGWGoen2DYYQMUftgSAyQH3yDVALwQNAqcEDcCnBAJykAZVkGi2wIcEDMJn
606=yDJysAOwBi5T88SAGAMHk9YuU/PvQCeD3UAnk9Yv3FQUAEmKB5PWKkdnk9Yii5B2LpQ0VM
607=BdknRkgByUNHSAGAD3k9YvGCSVQC1chKSAHdNksoKQBMSAHFP01IAc08TkkBrnheeD3MG3
608=k9YnYgAAB5PWL1e1JMBc08U0gBh60EAFRIAZhIeT1ipDR4PdgGbX5i7TxYTAWDCwUAWUkB
609=kWwBeD3EHng9JykAXEAEiJB6PWIAmDJtfmK4dHg9yAwi/CDcIHg91A1sftAqeD3cCnk9Yr
610=xXbH7EHng9JysAPABj7Tw9SAGLLQUAPkgBnysFAD9IAZQCYTtjpz8EAEFUAiOQRGE7Yyhh
611=B2MoYQdjKGEHY+ElRlgGJZEuR0gBZCJJZEhJAY9vAQQASUgBlA19eGP5PUtUAtnBTEgBhB
612=NzuWMAsLU5TlQChKJgO8AaYTtjoOthO2O4MnG5Y+V2U1gG1TlUKCkAVUgBgL9iO2MAI6gx
613=YDvTCQUAWEAEeBVJb1koKQBaSAGQrmA7xB58eEQIcAViO2MAlE9hO2O8TGA7xBNgO8UTBk
614=ZzYwCd5gZAQ8QpYTtj9TlkVA2YXmA7xR4GSbFk9zk+AGQkzCVpOGS/NgUAQPQCaDjUAmk4
615=ZKCpb3NkAJB8FWmxZLTpabFkoA9osSetAEdQCd1iSEgBzSZJSAGbHAQASkgBmV4ESbFk/b
616=pMVALNPE1IAcE7TkgBwTtPSAGIpmk4ZP02UVQC0QlSSAGXZQQAUygpAFQoKQBVSAGMfmk4
617=ZCbBSldUAiXBSlhIAYgXbXNkqC1tc2SwVmk4ZLBWaThkYCIiYV9dWQaxaE5oOFQCpa1fVA
618=KTCQYAYEgBhEpoONAJaDjYJ2g4J4UGZEwFyzg+AGX9Nj9IAZQjcTVl/TZB9AJxNWW8YnA1
619=JykAREAEhClwNSdVAEZUApMqBABHSAHBO0hIAdUjSUkBr2AaczVlAKqpAUtUAolZBF3mZb
620=cjBABNVAKDkwQATkgBkBQIAwBPAGUAJQAAAAARAADhB5QPBQMAUABlAAAAQAACBABRAGVc
621=AEsABABSKCkAUygpAFQoKQBVKCkAVigpAFdpAQKFCFhJAZBEAQEABQBZSQGIqQFaSQGDqQ
622=FbSQGKqQFcSAFkAU0FXUkBj28BBQBeSQEAcwkFAF9JAYx3AgYAYEgBhwgGAGFJAYa1AmJK
623=Af//TwEGAGMoKAABPwBmANUCQEkBJlwDSQxBSQEiqQFCSAFkAVUCQ0kBkW8BBQBESQGJqQ
624=FFSQGHqQFGSAGHCAQAR0kBA2cTBABISAGTCQQASUgBaAUBAAQASigpAEtIAZ8gBABMSAGH
625=HgQATUgBzQVOSgGwAVMBBABPSQGmqQFQSQGTUAJRCVFJAa61AlJIAZMUBABTSQGFoQRUSA
626=GTFAQAVUgBcAJZBlYoKQBXSQEkewIEAFhJAQmpF1lJASi1AlpJAY5rAQUAW0gBZAFJIlxJ
627=AY1vAQUAXUkBhqkBXkgBJ1oGZgAnWgZmAIw8ejJmAJscBgBiTAUnAQZn7DEBQQBnAIcpBQ
628=BCSAGbJwUAQ0gBZAxBD0QoKQBFSQGQewIFAEZIAYUeBUIwZwCFHgVAMNAJYjBnANkySkwF
629=nwoEAEtJAbC5J0xJAaSpAU1JAaqpAU5IAYhOYzBnAKu1AlBUAs0FUUkBorUCUkgB2QZTSA
630=GTHwQAVEgBjFJiMGcAj0cEAFZVAotrFwQAV0gBZAFZMlgoKQBZaAGtMVpIAZAJYjBnANkc
631=XFQCnAphMGewKn5iZwAnAwZnAJJgC3xiJ30FYVgG1y5BAGj1LkJIAdUuQ0gBlCNtXWh9Bw
632=BVLkVUAowBaS1ooDtqLWgAzRBIQATFE0lIAcEwSkgBnApqLWgAnApvXWgAsa0mTUEEkWML
633=BABOSQGKqQFPSQGroQRQSAHdK1FJAaW1AlJIAZRPbV1osEtpLWi8IGstaACurQVWTAV4Cl
634=0rVygpAFgoKQBZaAHoLSdtA1tUAs0bXEgBhBNrLWgAIXQJay1oACWpAV9ABNEqYCgrAEIA
635=af0rQ0gBnCBxKmm/IAUARVQCYAhdK0ZJAZBsAXEqaShQBScpAElABNkRSkgB3StLSAGcCn
636=EqaeFcTVQCzV1OSAHVLk9JAa+pIlBIASdSBWkAJ1EFaaBGcSppcREATSZUTAWMAXEqaeVg
637=VlUCqrEJV0gBwQRYKCkAWWgB8Spp4UZbVQKKcwUFAFxIAcUpXUgBxSleSAHFKV8oKwBDAG
638=rlKURIAYQeeSdq5SlGVAJ4CkUpR0gB1WVISAHNJkkoKQBKKCkAS0kBhX0GBV+vagCLqQFN
639=VAKNRwVNUmq0kXh/1Q0EWuJqAMUpUU0Fqb0gUkgBYAhNJlNIAYQIbVJqkAJVAlVVArGtBV
640=ZJAZF8Anl/avGCWFQCjRAEWOJYBvknargyeX9q9U9cTAXNJl1IAc0mXigrAEQAa+0mRUgB
641=zSZGSAGcQX5MawDJTkhUAiehBGu5aQVB1WvhUUtABMm8TEkBrHUYBUHVa6xHYyVrAI9hGg
642=VB1WvtJlBMBcFRUSgpAFJIAYwQfUxr5YFUVALJIlVIAd0gVkkBsnQNYSVrsB9h1WvtXVlA
643=BJ8gBABaSAHFSltIAZQCfEwnHQRdVALDJUUAbPUjRkgB1SNHSAGEE2nHbPUuSVQCaBtRS0
644=pIAc0mS0gBJ0sEbACvcBRpImwoSQRs+V5PTAXdTFAoKQBRSAHdeFJIAYwQaSJs7RtUVALZ
645=J1UoKQBWKCkAV0gBmBxqImwAI0wgIkklbKElBUkibO2UW0wF0R9cKCsARgBt/SBHSAGMEH
646=EfbeVrSVQCJ/EDbYQBXSBLVQKOcAFgZydVAE1VAq29IE5JAYyhBE9IAdFLUEgBIyMgBQBR
647=SAHFgVJJAay5BlNJAaapAVRJAY2lCFVIAdknVigpAFdIAZdEBQBYSAHFP1lIAYgicB8nbQ
648=NbVALTH0cAbuUeSEgBxR5JSAHFP0pIAYNRBQBLSQGGrRBMSAFkAVEfTUkBrbEUTkgB3UFP
649=SAHNBVBJAbChBFFIASOnIAUAUkkBp7UCU0kBpakBVEkBjGMLBQBVSAHBJVZIAdUjV0gBzR
650=tYSAHNG1lIAcEaWigrAEgAb+0bSUgBzRtKSAHNG0tJAZK1DUxJAaytEE1IAZjBf3hvAKa1
651=Ak9VAoytBVBJAYepAVFJAbGhBFJJAY+1AlNIAdUCVEgB2QZVSAHVGFZIAdUYV0gB1RhYSA
652=HVGFkoKwBJAHD1GEpIAdUYS0gB1RhMSQGvrRBNSAEn6QJw6W9PVQKQpRNQSAHRKlFJAYW1
653=AlJIAdUCU0gB1QJUSAHdFVVIAd0VVkgB3RVXSAHdFVgoKwBKAHH9FUtIAd0VTEgB3RVNSA
654=HdFU5IAd0VT0kBqrUYUEgB3RVRSAHJZFJIASeRAnEkZyMFAFRUAsUTVUgBxRNWSAHFE1co
655=KwBLAHLlE0xIAcUTTUgBxRNOSAHdNk9IAcGIUEgBfCRNXVEoKQBSSAHNR1NIAc0QVEgBzR
656=BVSAHNEFYoKwBMAHPtEE1IAc0QTkgBiJt9xXOhngVA6ycpAFEogQBSKCkAU0gB1Q1USAHV
657=DVUoKwBNAHT1DU4oKQBPSAGBGgZJDHSGAQAGSJAnKQBSKIEAU0gB3QpUKCsATgB1/QpPKC
658=kAUEgBlAlxCXWEAV0KUlQCxQhTKCsATwB25QhQKCkAUSgpAFIoKwBQAHftBVEoKAABAAAA
659=ABEAAA==

[Terrain]
27047=TREE04
27046=TREE04
27048=TREE04
29049=TREE05
28050=TREE05
21040=TREE05
22040=TREE05
22038=TREE04
22039=TREE04
22037=TREE03
31052=TREE04
33066=TREE04
35067=TREE04
35068=TREE04
34068=TREE04
38072=TREE04
40073=TREE04
40075=TREE04
30064=TREE05
32065=TREE05
34065=TREE05
35069=TREE05
37070=TREE05
38071=TREE05
42075=TREE05
44076=TREE05
44077=TREE05
45069=TREE08
44067=TREE08
42067=TREE08
43068=TREE08
39070=TREE08
41071=TREE08
43071=TREE10
44071=TREE10
42071=TREE04
44072=TREE04
45070=TREE04
45071=TREE04
34051=TREE05
37053=TREE05
39055=TREE05
38053=TREE05
31049=TREE04
36051=TREE04
37054=TREE04
38056=TREE04
16051=TREE04
17051=TREE04
20053=TREE04
22053=TREE04
25054=TREE04
27057=TREE04
30056=TREE04
30061=TREE04
31063=TREE04
23053=TREE05
22051=TREE05
21052=TREE05
17049=TREE05
26056=TREE05
24056=TREE05
24055=TREE05
31057=TREE05
31056=TREE05
32063=TREE05
32064=TREE05
32057=TREE10
34049=TREE10
33047=TREE10
36047=TREE10
35047=TREE10
36048=TREE10
29047=TREE10
20050=TREE10
22054=TREE10
32061=TREE10
33062=TREE10
34062=TREE10
31065=TREE10
36067=TREE10
44069=TREE10
43070=TREE10
47071=TREE10
47070=TREE10
41072=TREE10
45077=TREE10
44075=TREE10
32034=TREE10
35039=TREE10
32033=TREE10
30033=TREE04
33034=TREE04
35041=TREE04
37042=TREE04
36043=TREE05
61074=TREE22
59073=TREE21
61075=TREE21
66090=TREE21
68091=TREE21
67091=TREE22
73070=TREE10
74069=TREE10
72069=TREE04
66032=TREE04
65030=TREE04
61029=TREE04
60027=TREE04
60025=TREE04
55024=TREE04
56025=TREE05
56026=TREE05
58027=TREE05
62028=TREE05
62027=TREE05
57024=TREE05
68033=TREE05
67031=TREE05
63030=TREE05
62030=TREE05
64032=TREE10
67034=TREE10
64028=TREE10
63028=TREE10
59029=TREE10
59030=TREE10
58026=TREE10
59025=TREE10
61030=TREE10
65032=TREE10
62031=TREE12
63029=TREE12
60033=TREE10
60035=TREE10
57037=TREE10
45014=TREE10
48015=TREE10
49015=TREE08
48013=TREE04
46013=TREE04
53019=TREE04
41018=TREE04
42020=TREE04
40020=TREE04
38020=TREE04
39021=TREE04
42021=TREE05
67101=TREE10
69101=TREE10
73104=TREE10
75104=TREE10
75105=TREE10
75107=TREE10
76109=TREE10
78111=TREE10
79112=TREE10
77108=TREE10
80104=TREE10
69103=TREE08
71101=TREE08
69100=TREE08
74102=TREE08
76106=TREE08
77111=TREE08
78113=TREE08
78109=TREE08
82104=TREE08
83106=TREE04
82108=TREE04
77104=TREE04
76103=TREE04
76105=TREE04
71099=TREE04
72104=TREE04
70102=TREE04
66100=TREE04
67100=TREE04
77106=TREE04
77107=TREE04
84108=TREE10
84109=TREE10
110075=TREE04
111078=TREE04
108076=TREE04
109079=TREE04
107076=TREE04
110084=TREE04
110085=TREE04
107084=TREE04
106072=TREE04
114080=TREE04
113078=TREE04
94086=TREE04
97087=TREE04
98089=TREE04
109086=TREE05
107082=TREE05
109083=TREE05
109077=TREE05
108074=TREE05
107071=TREE05
108073=TREE05
109073=TREE05
106073=TREE07
112076=TREE07
111076=TREE07
111082=TREE07
99088=TREE07
100091=TREE10
106080=TREE10
99064=TREE10
99063=TREE10
95062=TREE10
89059=TREE10
88061=TREE10
90062=TREE10
86058=TREE10
84056=TREE10
87057=TREE08
88059=TREE08
96063=TREE08
97063=TREE08
92064=TREE08
90059=TREE04
89057=TREE04
88062=TREE04
97065=TREE04
95060=TREE04
95064=TREE04
95065=TREE05
96061=TREE05
88056=TREE05
99068=TREE05
61035=TREE07
101067=TREE07
52085=TREE02
54085=TREE04
53086=TREE05
54089=TREE06
50085=TREE07
60090=TREE08
58090=TREE11
60087=TREE04
64098=TREE05
59087=TREE05
59085=TREE06

[Structures]
1018610=Neutral,CAOILD,256,73,94,0,None,0,0,1,0,0,None,None,None,0,0
1018613=Neutral,CAOILD,256,79,95,0,None,0,0,1,0,0,None,None,None,0,0
1018617=Neutral,CAOILD,256,73,53,0,None,0,0,1,0,0,None,None,None,0,0
1018620=Neutral,CAOILD,256,81,54,0,None,0,0,1,0,0,None,None,None,0,0
1018623=Neutral,CAOILD,256,43,73,0,None,0,0,1,0,0,None,None,None,0,0
1018626=Neutral,CAOILD,256,48,70,0,None,0,0,1,0,0,None,None,None,0,0
1018630=Neutral,CAOILD,256,19,49,0,None,0,0,1,0,0,None,None,None,0,0
1018633=Neutral,CAOILD,256,23,45,0,None,0,0,1,0,0,None,None,None,0,0

[OverlayPack]
1=CQAAIIH//v4f/4H/gBwAACCB//4sCP+BrP78C/+Brf/3CS0IgbD+3AH/gf+AMQAAIIH/5w
2=AAgan++gP/gbFQCYGo/vYB/4Gw0BMGgav++AX/aA3+DBD///cBLwT/wQEdAIAbAAAggf/+
3=JRL/gaj++wP/gan+/Af/gar+3wH/gf+AOAAAIIH//iAC/4Gp9ekBgar+AAL/9iEC/rAN/4
4=Ksq/4WAv//2QNbBP8DAkUSga3+/QP/gbH+yAH/gf+AQAAAIIH//jgC/4Gw/jEE/4Go/tMD
5=/4Gv/ioC/4Gp/vkD/4Gu//IBPwqBZv7/Af//AAJXEv7nAf+Bq/4YBP//qQNqDIAtAAAggf
6=/+XQD/gbH+5wP/gan+EgL/gaj+8w//gav+/wH/gaz+BAT/gbD+rAP/gf+ACQAAIIH//v4f
7=/4H/gAkAACCB//7+H/+B/4AJAAAggf/+/h//gf+ACQAAIIH//v4f/4H/gAkAACCB//7+H/
8=+B/4AJAAAggf/+/h//gf+ACQAAIIH//v4f/4H/gAkAACCB//7+H/+B/4AJAAAggf/+/h//
9=gf+ACQAAIIH//v4f/4H/gAkAACCB//7+H/+B/4AJAAAggf/+/h//gf+ACQAAIIH//v4f/4
10=H/gAkAACCB//7+H/+B/4AJAAAggf/+/h//gf+ACQAAIIH//v4f/4H/gAkAACCB//7+H/+B
11=/4AJAAAggf/+/h//gf+ACQAAIIH//v4f/4H/gAkAACCB//7+H/+B/4AJAAAggf/+/h//gf
12=+ACQAAIIH//v4f/4H/gAkAACCB//7+H/+B/4AJAAAggf/+/h//gf+ACQAAIIH//v4f/4H/
13=gA==

[OverlayDataPack]
1=CQAAIIEA/v4fAIEAgAkAACCBAP7+HwCBAIAJAAAggQD+/h8AgQCACQAAIIEA/v4fAIEAgA
2=kAACCBAP7+HwCBAIAYAAAggQD+VhIAgQH+/wEA/wACVxL+qAkAgQCACQAAIIEA/v4fAIEA
3=gAkAACCBAP7+HwCBAIAJAAAggQD+/h8AgQCACQAAIIEA/v4fAIEAgAkAACCBAP7+HwCBAI
4=AJAAAggQD+/h8AgQCACQAAIIEA/v4fAIEAgAkAACCBAP7+HwCBAIAJAAAggQD+/h8AgQCA
5=CQAAIIEA/v4fAIEAgAkAACCBAP7+HwCBAIAJAAAggQD+/h8AgQCACQAAIIEA/v4fAIEAgA
6=kAACCBAP7+HwCBAIAJAAAggQD+/h8AgQCACQAAIIEA/v4fAIEAgAkAACCBAP7+HwCBAIAJ
7=AAAggQD+/h8AgQCACQAAIIEA/v4fAIEAgAkAACCBAP7+HwCBAIAJAAAggQD+/h8AgQCACQ
8=AAIIEA/v4fAIEAgAkAACCBAP7+HwCBAIAJAAAggQD+/h8AgQCACQAAIIEA/v4fAIEAgAkA
9=ACCBAP7+HwCBAIA=

[AITriggerTypesEnable]
09A9AEEC-G=yes
09A9ADAC-G=yes
09A9AC6C-G=yes
09A9AB2C-G=yes
09D69C6C-G=yes
09D69B2C-G=yes
09D699EC-G=yes
09D698AC-G=yes
09D6976C-G=yes
09D6962C-G=yes
09D694EC-G=yes
09D693AC-G=yes
09D6926C-G=yes
09D6912C-G=yes
09D68EEC-G=yes
09D68DAC-G=yes
09D68C6C-G=yes
09D68B2C-G=yes
09D689EC-G=yes
09D688AC-G=yes
09D6876C-G=yes
09D6862C-G=yes
09D684EC-G=yes
0822C53C-G=yes
09D6826C-G=yes
09D6812C-G=yes
09D77EEC-G=yes
09D77DAC-G=yes
09D77C6C-G=yes
082A321C-G=yes
09D779EC-G=yes
09D778AC-G=yes
09D7776C-G=yes
09D7762C-G=yes
09D774EC-G=yes
09D773AC-G=yes
09D7726C-G=yes
09D7712C-G=yes
09D76EEC-G=yes
09D76DAC-G=yes
09D76C6C-G=yes
09D76B2C-G=yes
081BC2DC-G=yes
081CB34C-G=yes
081CCEEC-G=yes
081CCDAC-G=yes
081CCC6C-G=yes
081CCB2C-G=yes
081CC9EC-G=yes
081CC8AC-G=yes
09D75EEC-G=yes
09D75DAC-G=yes
0ABD04EC-G=yes
0ABD03AC-G=yes
0ABD026C-G=yes
0829E6CC-G=yes
0ABD1EEC-G=yes
0ABD1DAC-G=yes
0ABD1C6C-G=yes
0ABD1B2C-G=yes
0ABD19EC-G=yes
0ABD18AC-G=yes
0ABD176C-G=yes
0ABD162C-G=yes
09D74C6C-G=yes
0AD4A34C-G=yes
0AD46C8C-G=yes
0ABD112C-G=yes
09CB082C-G=yes
09CB2D5C-G=yes
09CB29DC-G=yes
09CB265C-G=yes
09CB251C-G=yes
09CB219C-G=yes
09CB3DDC-G=yes
09CB3A5C-G=yes
09CB360C-G=yes
09CB328C-G=yes
09CB4EEC-G=yes
09CB4B6C-G=yes
09CB47EC-G=yes
09CB446C-G=yes
09CB5C7C-G=yes
09CB587C-G=yes
09CB04AC-G=yes
09CB166C-G=yes
0AC28EEC-G=yes
0AC2933C-G=yes
0AC2AEEC-G=yes
0AC2A73C-G=yes
09D6CACC-G=yes
09D6C0FC-G=yes
09D6F9FC-G=yes
09D6F8BC-G=yes
09D6F1CC-G=yes
09D6F08C-G=yes
09D689BC-G=yes
09D6887C-G=yes
09D6873C-G=yes
09D6BEAC-G=yes
09D6B83C-G=yes
09D69EEC-G=yes
09D698BC-G=yes
09D6977C-G=yes
09D6963C-G=yes
09D73EEC-G=yes
09D73DAC-G=yes
09D73C6C-G=yes
0829FBDC-G=yes
082B641C-G=yes
0829F4CC-G=yes
0829F38C-G=yes
0839004C-G=yes
08395C7C-G=yes
083974AC-G=yes
0A7D2EEC-G=yes
081DAE4C-G=yes
081DAD0C-G=yes
081DABCC-G=yes
081DA4CC-G=yes
081DA38C-G=yes
081DBEEC-G=yes
081DBDAC-G=yes
081DB5EC-G=yes
081DB4AC-G=yes
081DB36C-G=yes
081DB22C-G=yes
081EAEEC-G=yes
081EADAC-G=yes
081EAC6C-G=yes
081EAB2C-G=yes
09EC1C6C-G=yes
09EC1B2C-G=yes
09EC19EC-G=yes
081E245C-G=yes
081E231C-G=yes
081E3B3C-G=yes
081E39FC-G=yes
09EC13AC-G=yes
09EC126C-G=yes
09EC112C-G=yes
09EC0EEC-G=yes
09EC0DAC-G=yes
09EC0C6C-G=yes
09EC0B2C-G=yes
0A7DDEEC-G=yes
0A7DDAEC-G=yes
0A7DE8CC-G=yes
0A7DE78C-G=yes
0A7DE64C-G=yes
0A7DE50C-G=yes
0820474C-G=yes
08205EEC-G=yes
0820567C-G=yes
08206EEC-G=yes
08207D1C-G=yes
0820773C-G=yes
0820715C-G=yes
07A0D95C-G=yes
0A7D8BCC-G=yes
082023CC-G=yes
08203B8C-G=yes
081E28EC-G=yes
0821096C-G=yes
09CD912C-G=yes
081C36AC-G=yes
081C55FC-G=yes
081C54BC-G=yes
081C4BBC-G=yes
081C4A7C-G=yes
081CD93C-G=yes
081CE6EC-G=yes
081CCBBC-G=yes
081CC55C-G=yes
081C990C-G=yes
081C879C-G=yes
081CBEEC-G=yes
081CB6CC-G=yes
081CFB7C-G=yes
081CF51C-G=yes
0818746C-G=yes
081CEE0C-G=yes
081C45AC-G=yes
08187A5C-G=yes
08383E4C-G=yes
083041AC-G=yes
08382CEC-G=yes
08382BAC-G=yes
0837C0EC-G=yes
083790CC-G=yes
09ECCDAC-G=yes
083CEB8C-G=yes
083CEA4C-G=yes
083A423C-G=yes
08338EEC-G=yes
0833ABFC-G=yes
0833AABC-G=yes
0833A97C-G=yes
08339B5C-G=yes
08339A1C-G=yes
083398DC-G=yes
0832E3AC-G=yes
0832E26C-G=yes
0832E12C-G=yes
0832F46C-G=yes
0834105C-G=yes
08342E0C-G=yes
083426CC-G=yes
0834258C-G=yes
0834244C-G=yes
0834382C-G=yes
08326AFC-G=yes
083269BC-G=yes
0832687C-G=yes
083260FC-G=yes
08327EEC-G=yes
0ADED91C-G=yes
0ADED7DC-G=yes
0ADEEE2C-G=yes
0ADEECEC-G=yes
0ADEEBAC-G=yes
0ADEE69C-G=yes
0ADEFEEC-G=yes
0ADEFDAC-G=yes
0ADEFC6C-G=yes
0ADEFB2C-G=yes
0ADEF53C-G=yes
0ADEF3FC-G=yes
0ADEF2BC-G=yes
0ADEF17C-G=yes
0ADEB66C-G=yes
0ADEEA6C-G=yes
0ADEE92C-G=yes
0832430C-G=yes
08325DDC-G=yes
08325C9C-G=yes
083256BC-G=yes
0832557C-G=yes
0AE054FC-G=yes
0AE06B6C-G=yes
0AE061CC-G=yes
0AE07DDC-G=yes
0AE0772C-G=yes
0AE075EC-G=yes
0AE074AC-G=yes
0AE0736C-G=yes
0AE1585C-G=yes
0956409C-G=yes
09E21EEC-G=yes
09E23BDC-G=yes
09E232BC-G=yes
09F4320C-G=yes
09F4740C-G=yes
09F444EC-G=yes
09F443AC-G=yes
0828194C-G=yes
082815FC-G=yes
0828138C-G=yes
0828111C-G=yes
08282DBC-G=yes
08282B4C-G=yes
082825CC-G=yes
0828228C-G=yes
08475AFC-G=yes
0847577C-G=yes
0847772C-G=yes
084775EC-G=yes
08473BBC-G=yes
08473A7C-G=yes
0847338C-G=yes
084727BC-G=yes
0847267C-G=yes
08474A1C-G=yes
0847EC4C-G=yes
0847EA2C-G=yes
0847E8EC-G=yes
0847BD7C-G=yes
0847D86C-G=yes
0847D72C-G=yes
0847FC6C-G=yes
0847FB2C-G=yes
0847F2BC-G=yes
0847CEEC-G=yes
0847CDAC-G=yes
0847CC6C-G=yes
0847C64C-G=yes
0847C50C-G=yes
0847C3CC-G=yes
0847EEEC-G=yes
08479D8C-G=yes
084722FC-G=yes
084C08DC-G=yes
08312EEC-G=yes
08312DAC-G=yes
0831262C-G=yes
083124EC-G=yes
083123AC-G=yes
08313BFC-G=yes
0831387C-G=yes
0831319C-G=yes
08310CAC-G=yes
08310B6C-G=yes
08310A2C-G=yes
0831104C-G=yes
08311EEC-G=yes
083E873C-G=yes
083EA80C-G=yes
083EA6CC-G=yes
083EA58C-G=yes
083EBE2C-G=yes
083E3B5C-G=yes
083E329C-G=yes
083E4E2C-G=yes
083E4BBC-G=yes
083E45CC-G=yes
083E435C-G=yes
085314BC-G=yes
0853660C-G=yes
0853628C-G=yes
08532EEC-G=yes
0848A11C-G=yes
0848F64C-G=yes
0AFCC56C-G=yes
0AFCE64C-G=yes
0AFCF76C-G=yes
0AFCF0CC-G=yes
08531B4C-G=yes
0AFCEEEC-G=yes
0AFCEDAC-G=yes
085343AC-G=yes
09A45EEC-G=yes
09A45DAC-G=yes
08534DBC-G=yes
0853426C-G=yes
0AFD0EEC-G=yes
0AFD2EEC-G=yes
0AFD26CC-G=yes
0AFD258C-G=yes
0AFD3DEC-G=yes
0AFD3CAC-G=yes
0AFD392C-G=yes
0AFD31DC-G=yes
0AFD49EC-G=yes
0AFD48AC-G=yes
083689AC-G=yes
0836886C-G=yes
0836A8BC-G=yes
0ABE9B2C-G=yes
0ABE99EC-G=yes
0ABE98AC-G=yes
0ABE976C-G=yes
0836B84C-G=yes
0836B3CC-G=yes
0836B15C-G=yes
0836C54C-G=yes
0836DEAC-G=yes
0A34B5AC-G=yes
0836EC7C-G=yes
083BDEEC-G=yes
083BD62C-G=yes
083BEE2C-G=yes
083BE53C-G=yes
0823C4EC-G=yes
085887CC-G=yes
0858868C-G=yes
0858DC1C-G=yes
0858D6FC-G=yes
0858D37C-G=yes
0858D23C-G=yes
0858F51C-G=yes
0858A8DC-G=yes
0858A13C-G=yes
0858CEEC-G=yes
0858CB6C-G=yes
0858CA2C-G=yes
0858C8EC-G=yes
0858C2BC-G=yes
0858E15C-G=yes
0858B85C-G=yes
0858B25C-G=yes
0858B11C-G=yes
0858647C-G=yes
083BE69C-G=yes
083BFAAC-G=yes
083BF72C-G=yes
083BF5EC-G=yes
083BF4AC-G=yes
083BF12C-G=yes
0858D9AC-G=yes
08588C5C-G=yes
083BEB7C-G=yes
08589EEC-G=yes
08589DAC-G=yes
08589C6C-G=yes
083BEA3C-G=yes
083CAEAC-G=yes
083CA6EC-G=yes
083CA5AC-G=yes
083CBE2C-G=yes
083CBCEC-G=yes
083CCE6C-G=yes
083CC73C-G=yes
083CC5FC-G=yes
083CC27C-G=yes
083CD9FC-G=yes
083CD67C-G=yes
083CD1BC-G=yes
083CEEEC-G=yes
0834618C-G=yes
08347EEC-G=yes
08347C7C-G=yes
0835F97C-G=yes
0834633C-G=yes
0835FAFC-G=yes
083C876C-G=yes
083C841C-G=yes
0835F13C-G=yes
08402EEC-G=yes
08402C7C-G=yes
08427E4C-G=yes
0842768C-G=yes
0840115C-G=yes
0840192C-G=yes
08425EBC-G=yes
08425C9C-G=yes
084000AC-G=yes
084267AC-G=yes
08426EEC-G=yes
0840065C-G=yes
0840051C-G=yes
084003DC-G=yes
0841467C-G=yes
0A53C15C-G=yes
0A53DDCC-G=yes
0A53D60C-G=yes
0A53D4CC-G=yes
0A53F1CC-G=yes
0A53F08C-G=yes
0A545C5C-G=yes
0A54549C-G=yes
0A54535C-G=yes
0A542AFC-G=yes
0A544EEC-G=yes
0A54489C-G=yes
0A54449C-G=yes
0A546BFC-G=yes
0A54644C-G=yes
0855374C-G=yes
08554E2C-G=yes
08554CEC-G=yes
0855AEAC-G=yes
0855A7BC-G=yes
0855A54C-G=yes
0855A40C-G=yes
0855A2CC-G=yes
0855A18C-G=yes
0855B97C-G=yes
0855B60C-G=yes
0855CC7C-G=yes
0855C52C-G=yes
0855DEAC-G=yes
0855DC3C-G=yes
0855D59C-G=yes
0855D32C-G=yes
0855EC7C-G=yes
0855EA0C-G=yes
0855E60C-G=yes
0855E28C-G=yes
0855FBFC-G=yes
0855F98C-G=yes
0855F71C-G=yes
0855F4AC-G=yes
0854F03C-G=yes
08559C7C-G=yes
085528DC-G=yes
085513DC-G=yes
0A54247C-G=yes
08360EEC-G=yes
086258FC-G=yes
086256AC-G=yes
08623BBC-G=yes
08623A7C-G=yes
086233CC-G=yes
08622EEC-G=yes
086227AC-G=yes
0862266C-G=yes
083A461C-G=yes
083A5EAC-G=yes
083A5D6C-G=yes
083A561C-G=yes
083A54DC-G=yes
083A504C-G=yes
083A6EEC-G=yes
083A67EC-G=yes
083A66AC-G=yes
084B8EEC-G=yes
084B941C-G=yes
083BFDCC-G=yes
083BFB5C-G=yes
083BF55C-G=yes
083BF2EC-G=yes
083C636C-G=yes
083C622C-G=yes
083C60EC-G=yes
083AD20C-G=yes
083AD0CC-G=yes
083AD6AC-G=yes
083B72DC-G=yes
083E470C-G=yes
083AC71C-G=yes
083CF0EC-G=yes

[Triggers]
07D5520C=Americans,<none>,Lake Sounds,0,1,1,1,0
07D5670C=Americans,<none>,Bird Sounds,0,1,1,1,0
07D57DAC=Americans,<none>,Bird Sounds 2,0,1,1,1,0
07D578AC=Americans,<none>,Wind Sounds,0,1,1,1,0

[Events]
07D5520C=1,8,0,0
07D5670C=1,8,0,0
07D57DAC=1,8,0,0
07D578AC=1,8,0,0

[Actions]
07D5520C=7,99,7,_Amb_WavesLake,0,0,0,0,AA,99,7,_Amb_WavesLake,0,0,0,0,AB,99,7,_Amb_WavesLake,0,0,0,0,AC,99,7,_Amb_WavesLake,0,0,0,0,AD,99,7,_Amb_WavesLake,0,0,0,0,AE,99,7,_Amb_WavesLake,0,0,0,0,AF,99,7,_Amb_OceanLight,0,0,0,0,AG
07D5670C=10,99,7,_Amb_BirdsJungle1,0,0,0,0,AH,99,7,_Amb_BirdsJungle2,0,0,0,0,AI,99,7,_Amb_BirdsTemperate2,0,0,0,0,AJ,99,7,_Amb_BirdsTemperate1,0,0,0,0,AK,99,7,_Amb_BirdsTemperate1,0,0,0,0,AL,99,7,_Amb_BirdsTemperate2,0,0,0,0,AM,99,7,_Amb_BirdsTemperate1,0,0,0,0,AN,99,7,_Amb_BirdsTemperate1,0,0,0,0,AO,99,7,_Amb_BirdsTemperate2,0,0,0,0,AP,99,7,_Amb_BirdsTemperate1,0,0,0,0,AQ
07D57DAC=4,99,7,_Amb_BirdsTemperate2,0,0,0,0,AR,99,7,_Amb_BirdsTemperate1,0,0,0,0,AS,99,7,_Amb_BirdsBeach,0,0,0,0,AT,99,7,_Amb_BirdsPark,0,0,0,0,AU
07D578AC=1,99,7,_Amb_WindPlains,0,0,0,0,AV

[Tags]
07D567FC=0,Snd Lake,07D5520C
07D57E9C=0,Snd Bird,07D5670C
07D5799C=0,Snd Bird 2,07D57DAC
07D576AC=0,Snd Wind,07D578AC

[Digest]
1=JeA5DBiRACPjwr2NC5tX9xlg6JQ=
