[SpecialFlags]
TiberiumGrows=no
TiberiumSpreads=yes
TiberiumExplosive=no
DestroyableBridges=yes
MCVDeploy=no
InitialVeteran=no
FixedAlliance=no
HarvesterImmune=no
FogOfWar=no
Inert=no
IonStorms=no
Meteorites=no
Visceroids=no

[Ranking]
ParTimeEasy=00:01:00
ParTimeMedium=00:01:00
ParTimeHard=00:01:00
UnderParTitle=GUI:NoUnderParTitle
UnderParMessage=GUI:NoUnderParMessage
OverParTitle=GUI:NoOverParTitle
OverParMessage=GUI:NoOverParMessage

[Basic]
Briefing=Brief:Sov11
NextScenario=ALL01T.MAP
AltNextScenario=GDI9C.MAP
NewINIFormat=4
CarryOverCap=0
EndOfGame=no
SkipScore=no
OneTimeOnly=no
SkipMapSelect=no
Official=yes
IgnoreGlobalAITriggers=no
TruckCrate=no
TrainCrate=no
Percent=0
Theme=No theme
MultiplayerOnly=1
TiberiumGrowthEnabled=yes
VeinGrowthEnabled=no
IceGrowthEnabled=no
TiberiumDeathToVisceroid=no
FreeRadar=no
InitTime=10000

[Lighting]
Ambient=0.870000
Red=0.870000
Green=0.870000
Blue=1.000000
Ground=0.000000
Level=0.059000
IonAmbient=0.870000
IonRed=0.300000
IonGreen=0.400000
IonBlue=0.750000
IonGround=0.000000
IonLevel=0.000000

[Preview]
Size=0,0,78,79

[PreviewPack]
1=bRAAIAaosFCgrFCosFBCAaisrQFYbAEBsFCotFsBSKisSABAAcgA7AQgAbwAD5iEQKCQQL
2=jEYLjAWMDIWMDEWO0BYHgBRQLIRAKoAGwEdAMojAAgK7wAA3BoOGBcOHEatFgWdRugchpI
3=oJwdA5igSIiYOK8BoKhIaACXA5CgQFgEXgKYpEQFUCBUAHAgpCBcAkgABLCESMCESLh4Fo
4=AWZB10G6QCKkQDKCwAkAVABGAiICm8AAiIhECIeEB4dECocEwZdBV+HbBQUBcEiJQ4eIwo
5=gEgACIgweIwwiJQwmJxAtB60A8YCpEhEBawBJ+wDTBwJwLRYuKhQqKRQuIxARimIiC1PB1
6=iwwLA4VQBgXBpkHYQCXAJgPXwdfDvsASAZvABUD3w4AohAyIxIVBtME1QAVFSnMoiQMEgA
7=AoCMMICIYgGIkEseMHiItABAH0EBKEAEvALsBNYhqLB0QgKooFComMQLBWBMMHhkOMDItD
8=kq/AKsAbwCjBkBwFDQ0KAfXFy8AqwEiELcX7wCfAW8PoAlK7wAWDcFcGA4uJBQoHzcOFQb
9=TBwCkIBAgHxIUWxPQFJccawcSBhUOawBnRowKSwApB3UHrwCA4CQMJCcOKwlRAtIAAHAqE
10=iwWHxQOwN4QJBsOJBkO1A4SAB/F5CgSFhDA9DUaNDQaKwBVA8DmKhAyNBgTC68ArQY5D6w
11=IGwH7D2sAWwfZgLIWEgMBYh4OLiYSLB4VFRkGtwRApBImIA4vAisMUAfS1SYoEBQF9VXjF
12=Q5xDvEApxZQARIIUgAdCGEAlwUVCRQFyc8C6QCTApIAAOorFjIlEhEdwa4lFDIzGDIyGBU
13=A06UmKBJEkBIGwiYpECQnDCgrECwvJw1Achg0NRIG0gAhCN8WUABkDs4/A4CkIhIaExQCG
14=wcXAt8EZyhAsi8WMCweAdIJ0gwaACVkJBoclRyfB2kGidMB0xYMbwDdCHUPKwovgWQmECd
15=RJXEgER3Wg3AoEhUAWjQzGhYHEgAtBtUEkwcWAF4HAG8ULjASBVLHlDY1JkExI8fvFjYWH
16=/MWIgenAJQF0gA3HEBjECodEQXdKhUKl2hwJUG0GUdUFgEXIB4HGyvSgxQsF5NnFCsT4wW
17=QHMnzA4rDAtcIEwflADEWdwFhFkDuLxYyMRgRERfRLC4WFUAwFiOAbhYyMiKAMxYUzuQnE
18=hABGUCzGhRUB1IAFwdTFh4HIwZv3GIkEAnCAAJqKhQyLhQ0LhYwLhYtHL9qlBEStxoKjwU
19=ArRYwLRQZVzEeIhsTFhqSAC/iaBIqEhpLCQLWFVIAGRWKLwSzR8AgAC3DLC4UFAanDsISM
20=i4WLisUFBMKKBVJ8BOHGCgSgy0UEhyAai4ULBEOEAuAsRYmKhIQ3bIzGhYHFB0rGqsE0i3
21=AAN4ZDCggEiIbEC4hDjIjEDQmEjAjEBccURiVABUcowNVOSIAIRTvHG8oVQ5iABwKew6aB
22=5EJgTAoEi4qEioQC6cyNQbnHHUV2RW3HeIHNAApA5bHLi4WCHAIIsAIKCQSAAi/CBUM0gA
23=A1BQKKCgUIkDQEU40Ft2vFi4uh+gSFgBWAdQdEx5p7aohEhIAEAxSAC4DLwRtNtEX1xxXB
24=dUA7QbpAJYAUgAAYh0OJBOIsRgUy+gtEicYtRpaAZMpiI9IFBcTWx2mHZIVEgATFWcUywc
25=B3UeKEA3TEBTC8DAYFoWsKhIq0hmQBxYHEgAQAEBQIiYOESPahjEYH4dpEhYOkx2WxCouE
26=hXBsCwUEx5VCRrV8BYqE4TxFhIe0A3rJ2sRrwdrBNAFkgApBoPeGgwiIA4mIxAoHQ4SEAo
27=gHA4TJ1EgFwLSEhAAUQ7UAVQAqQybgGwULUJoJQe1AxkGiw8DoxYtA9Ue02OsEZiwFh2GK
28=BIiDlMHDAIAHQeUDtIAKw6ShvQrF1uUFglXziosEisOqFzsFynTBYBgDiQdEiclE4m7CpB
29=K5hWNoA4vDVAGUQppBqsAQKQoDCosE27SETgvAJIBogAZDvcGoxVXDhIRSocB4wBxK2kWe
30=ysdIHccWWkYLxTNrwDlCEBUMjIaEg8tCqkdEQdWXNgKQAACaiUQIB0ODA0OHB8aETmSBus
31=MQOIcECQfECkGrUY2EzTWKBWgcBYvJWkCyqMAORcdBVIG0yOtBjeNaRQUHcqRABAplAgkC
32=NstVQ5vCP0G3Q2TK9INuQCpDt8AqQCS0iYmEBIckgAbK8FyFiopFCQjEhAl0gDKaEDYECs
33=SAmkAqQXS2+IaDBXSKB0QHYDtFikHSQVKrhcSn3ISE1DyJQetAasBLQkRBcnbA60YFYJqJ
34=yCmrBQtB68WV2VsFgflZy4QAFIAEiKUUqQrBkoXQPAnDuMPUgPTOXElacCiJRAQIhdaKBU
35=nwh0OIBoOHhgQJCEOLQwtBsqFABIig/AuFCIiDiIYDCoqFi4lEiYhEBQdEQaXMhUAEgAQC
36=VQGrQbRAtHdJigOEgAUAJYCmQdfCB86UwBSB6nBci4YEgkrBlpG6BUxgRo0MBoyLxoSANI
37=AFYDsLBV1WCsAbwgtDYqFABQMmgDVC1UeITOT3CQlEBsWFQkhCakMlFHqCb0KAMwMDhweG
38=hIM0gAUBRIACRVMqgjhCBcFEgAXP5OzZCAfx2wnFBIflAFSABQBUgAQhyYoCKYKkhsJ6QD
39=VBtAB2gAng7IuGQaeAEsfzrgxHBIEl8a4MBwKiwAvF+/BejIeFQhpCNsGUL0qFBE10gMRL
40=N9RKhYZHQ5tCFERETarCtMBEgAMNwcQOgBwIhAqCNUMiTcNCq/ALCQSFsx0MBgTBNc8ly5
41=VLdAAVS3TpGInFEdMCekA1A+tBUqFANhMaRwCFBovAJXGPAAACcIAFgBSABIHlcA6MRwdg
42=DIeFgBRA68BVBTJ7wbUBFcCLw7WBloAGjtSF1sXmUjqMy+rAFIsaTXUIBYalDUpAisHFs0
43=mKhIVAkCsLBQsLQirCJcfVgBTBZYiKwEtABIPEgAvEEnPAJQMnQVjBZAFkwBVDNPVdjAaE
44=wBrBknmANAAaQCtAC8BawBcgXIeEwBUAJXHtC8aEgAUAtIAG06nCPVJJhE0WwcTBNIAEgD
45=TB9UAEgAShuIlEzKaISsAbeEgIxASHt2HpA4tBi0AEAHVEVYuFuCoKhASABL2NDQYCHAKQ
46=PY1GCAiEBs65xBUAtsOr5WvGjcGkgVAsh4wLhgpCxwF4QgQBwnCABwAlgEnALMAVgBSACk
47=ApQAUB20RUAEVAlsDQGwUJiUSEVEHVHRYGYXmDisUqwuUDJMu7QbrAGmGpCYTF7cPlwIZD
48=gjDERBAdBg1iKnLdDQWCGgJUAcRB3UBgKAQFBAKFwFQCLoAHzpUIxMMVQSVABQFEQyvAVk
49=AkoYyHgnmANAAUAEJ1wAXAU0LACUBlQDUAVUCbRaRAVUHlwOTDekGlS9QBmsIlwCWB9DPb
50=CkSLQPtDkDoKhQgIw4UCBIV8ZWxGBMHALQyGDYzGjzVBu88rQGCUhEOJhsQJh8QKh8QLw1
51=J3wBSAyoAKQFtABUEqgASBVgAYQ1YAFIGKwBlAAwdABHAuDIgEoA6MRQdwaI2MiQ4MiIyL
52=RNAYBIA1QeTA1EGkwfWCtMAVQeVABIAEhdSAC8dKwQUCBfAsCkSFCzTCJQIFw4RHRY8Vyt
53=pHRIOVkB0CN8MSfUAAOAbDi4kEBEBSQ8NUQ7aACUV1AOXC9gGZwXYAE+RAMzvAAAD9i8cN
54=C4eICMYKikeHB8aFBYYFhgYHiMaGh8YHiEYODEgMQLKQQTSA9IACc0AVAaZLYjp06QoEhA
55=HF84iJhAVABYHGIfwGBYFlhzJPwstxuInEAhMjiAkHQATwSImEh0OV3jxHAFXAV8dEr/rF
56=AnrAFYLrARpAhsASrsA1gfSACkApQAJ78A2MB4TBxYGVcbQEhYaQBE9ABAAQVEWEhUWKCk
57=cFA7bApQCIgAbhCwUFw7XNe8AkQCSBUlVEojFDmsT6yUJIwtTFVhOsBsc7wUapaYQEwERS
58=PAWRmoRbNYXD5DHJiYQMwKI5wjrA20BrQAXA4nFANMAcwumBMrLAB0Mwh42MSAgIhgWGRg
59=QJAaeBywHVQARAJUAIgAUyCgnGhFO+CcCDV8AQGA4MyISANcXKSYvBG9erCVVLhKzKhIWz
60=rAyGBUHkw9XFxQGiJNN6RdGkhpvbQi1VqYeAFwuVQDpCa0CSoUACh0AyrsBowBaANgHITp
61=BcRwwLyIcIBodBtQGkgAkBoxOAD8AlwdBXiAYMi0cLiwaCRUHkgABtjEiMi8gLiwcEQmQE
62=NUIbQMRJhYNEixTDFAT0hyRDUCsKxQwKQiWC5Ml0TLXOZIeFyVUO9pG7Qi7DOkAkAcTDqs
63=u0Q7SAAn9BxQKWgMKUQDxDgsRACsIkyOBti8gICYcGBwYGgb7BkxLAAtBgRIWF93WGhgVh
64=6YlGh4QAECaHhoUFx0QiecC1ARRDusDbQASee4nXS4IiU7WFgZSABtHJAj+DwCkCiIkCik
65=BbQAQGFMdkAcSB4qfDq8HawEKL4DxHAoRACUTmgDQAHsH18vsKhoWBPIVypQAy3sA0gDSA
66=AqUABYAagAKlIASFhAHwGIjGjgnLa4DVQVWBa0AEi0SABQVrwdUAKkFEA6VD+sAbQAXJhU
67=A0AHiAB86bwCKhQAtB60DCgUAJQbSC3HAsR4yEStAZRoYGwyTAdIGFwXVABIAEABLQgAUA
68=InCAAqaABQAvgBXB0nXA9QDlw7TFhMl6RurnaotGQ7VABEGqSSrAFMdkgAQByMOpxZlMxP
69=mtDAaCc8C0AEtAlEGkgMVADMWEg5SACcHaQCVAMD4MR40LyAUmtQWJCtXBQptAJgPUQCqA
70=BcAkgArAE2FABABCcIAIwEXB0uXA9Sg7RYKE8HtFCAISREQFiUV7w4XDtQmFBWXHRQIGgA
71=hB1AAVQbSABc+HYGiDBEAqgAUAJEHUQaVAC0G2ABKbwDrOgCaHRgSFDkHYQUbBxMFqwBKh
72=QAUAJIAKQCQAFIADAsAKQCtABBBETcelBHBaCkaODMkOjMaPNdlciE5rwaVDxYHCpkClAX
73=jDp8sFgZWAG0AFQ/RB20Obx3tEXIG1QbqADsOisMHVwRoBNUAC0sACo4ALQDJ0QAQAFIAF
74=ACSABAAUgAQAFIACcgAEwBiwBYXGAhKCJKtOjIbBxEUEw6eBxUyVDOlABEOEsAsLhYSB68
75=HVgBrDqsHLgcJ4wDI9VIMKRZKIwDtBvnHdC8eCEMIETCNAwdjBPEsEwWSACkAkABSACsAT
76=AUAEgDJwgAKXcASExYQEYiVinMiLwRWRbARLCEdCrsFUBzUDtTkpCgQEAB3BojXGxIHqQ4
77=TAdEHSQ0SbRXJLw8JEw9KHQSAcRw0LhLAHh4hCGkJ0SkIuQjKEQDWBOoFUABSACsAVQATA
78=EqCABEAkgAIAhHAFhsYCFyJeDI2BykaFxWTDpMr0QavHFMGbzprB98kkA9TOsnVEEjjCSk
79=HSR8TKwcJnxPIiw5SPa8C0gqRFa0OUI60LhEOwRwgJBoiJRoSEtIhytsDlgZSAAtRAMnOA
80=AqaABMAUgAJ2gAQAFYAYgAUNcDwKxw4MB4SA/JAMQl3EO8a8TsUhqwULQeZjWQMLRXBaCs
81=UIiYSKiwEQAAShAAIAAHUKi0UKisUKCsUKCsUIiUOICMMICIMKCQIC8IAApAoJBAqLBYqL
82=BQ6Mh4SAAD4MyI6MiAQAFIAAAD4MiA4MiI4MR40LyAgJBoWGhgQEhYNAsARFhAJwgAKowA
83=sAKkAiosAIQCA1hgYICMaEgMTA1qAMRwVwDgxHC8EQqwtFjAwFiwuFCwtFAAgwCIlDBLAJ
84=CcOFQbA4iQQJCUQFQbiAABSKisSEABZB0BiDB4jEQdfBpIGy0IAE8K0MBoSAABwLhgqJAj
85=RQ7onA5gAUYgxHBXHtjAgDGwAy/8AsghvAJUAJAacAJMAUgAuAGAAQhITFhodGDgxIDoxH
86=AsrA1YEJsaAKCsfBesAWobmDhbHJikQKwfA5ikSJCkSKwiTBxIAEQCRB0DeIwogIwo4Bwq
87=ZAdsH7QbUAVLALi0WKwcTCtoDym8A0QdA3iMaFhkYNg3J8wCmBZsGTZEADtcAAhgbGCgpH
88=DgzJDozGxJJ7QFrBy0AAi4vFi4wFiYoECQoEQdYD2sOkhRaACUM1QDS1eIkDBIADakA1gH
89=QChbHJigSCekA7wdcB2MOmABRDsExICwqGhIVC+sCiqwA0wBSAC0G7QAWAGoAFgBJyIASF
90=iuOtjE/mXEcFgQXFC0G7QASDygN0QaCMDEYLjAYIiUQIiYVDlgc1ACWD1UAHIXpEgnTAdS
91=HYiQJ2QHdDlQIFx3dkKcQFsciJg4tAZcGsw6WBzoAFR1TjpQXPR1KcwCN5QHKowAWBwnCA
92=CdAli1OchEHZRX/EdIDwPAtFjQvGgnCAAqBAQCqKhQwKBkHUgVSABMHFQASAApTQcohB0E
93=MFBQKJiYQK8cgJAwQXyQWRycXZJQXQWQcB0ESMi8aNjAaFwdpDtID1+S2Lx4XHRAMcBVlB
94=XMAScIA0ABXAJUAKgATAFIACcsAKABBUhYUFhgiIxwVTngmChAN0gAXFZYFmkAkHQwpFC8
95=Arg6tDwDsKhQqJxQpG5AFow6ZKpAB0w6QDdEktQblJOsHKwlXAVbBMi4YEhXA7CwWMC0YE
96=4B4MBkoVAdTBwDwLB4cHxoWBNsN/QVK4wDWBlIAKgDQAFIACosAFgBSACEAgNIUFh4hGhM
97=HCiGF8RwRDhAEGgAzBwuJBGsHLQbeAQErFC4qEionFytdJZcF0gAXAJEHaSS3B2cOKgDVA
98=BIACdcA1QqUB0nHAdYHC7ECpQVzBzwF3gBTAFIALQDJyAAuAEnFABeAkRYTHwDeIBg4MyY
99=mdl4rA1ADUdNoKBQ8OAoTAfEO4RZXBRYE006uFk6sCmcDoSSQBlIAKxYvDhYAVgftACsOq
100=xVvF+kzqQCAtC4cNC45FZcFCzMAmAcIAZEACnsAFBfhMuAc4hXWBxIVNwRMcQffDu8EUQF
101=TDGkBbQAD5B4OIhkMHhoMIiAOJiMQJBsMEgbSADUPwKAOKCUQLQDApCIQJh0dJBUXZkNWF
102=ImwLh0AFQtCdjAeMi0eICQaIiUaNRXJ2gDJyAAVBioAEQCJyAALSwAWAHoAC4UEpAdfBec
103=MqQ45DtsHMQClANYhVxcuJSsGQTAyGDAyFi4TbLEbxbAtFBcHQ2gdDhIQCiAcDi4wFDQ0G
104=C4SANJALRUcgRQkIxAiGgwrDq+X8i4IiAhpSngMKQkRBrkFytkB7ACVAOoAFgBoAFUAIwB
105=QDpIfkB/3G7EUHyJrEkwDAtMEFBWSADchpyzUDK0UVkcwFQYRR3AYO5+GsBYVwCQoEghIC
106=EGwLBYuLhY2NRoTPEJ0LxYwLBQiIg4iGAwtCS0QrQetA9MDSccFlce2MCAXjtIVC/8IEwZ
107=OwgAbJECgGDYyJAnhA4qjAas+qQaAlBMKKCceHBUFUxMVEtcVtQA7EADwKhIsLBQZB1vOl
108=ioqFzFA1i4sFDQxFmpWFpSyLhoHgPY2HC4mEhUCQhwZDhgWDiojECodHTMZFydLKBcCAWk
109=SJiUSLikSLQPKqwBA9i8cLCocEioJ2wdXoxQWCM4ISewA7w4JzkASOyRI+wnrDpsCoQXwg
110=HEcFwOSACsjgO4pFCopFAn9AFdOLBFAqgifC5UXcQdQDoFwFiwvFiYpFBAN0ABA6CsQLC8
111=UEgeRzjI0GBUcgeYnEiIfECYfECQXHSs8VrxoEi0CUQpWCJcO0QFWBBUDEgAXAu0ALQ8UF
112=BEswOIjGiIkGhI7ayXLjALvB1UAEgAlx5YYGAh+CECaHxgeIRFsIiszVA7VAyoAFQMtBgB
113=uKxQqPwRSANcAlgBSABcIFzprAQqTAcGsMBYkKA4oKRAWXOgSCQFsFCQnEiQmEC0KgOYmE
114=CglECsB7TzpCkDuLxYyMRgR7aYoEgqLAAulgfIeIhRIrwqVFpIGCJULIQaZO/0G2wBsAIs
115=FABazYCIKYYvxHBIHkyOrBCsAaw6rAG1D9CEzqwEtI1IOUw6pB1hOsAiKDdJdaCQHUBVIv
116=QolDm3kLC4WCGzJLC4UCGsNEg5iQBYdAB8ngFIqLRYXEpBZ5BcWSYEJUg8SABULSqUB021
117=WCd8NyewA0wcKiwAWAFIAFrrTFhUPCrsNkAKtAlcOMxzlJBQHSdEAEwErE8qTAdUV0gAR5
118=WImDi8OCoVAJgjEChEj5QbjKAjPDhXHtDEaEgAfAsEzHjYxGiwtCKsKFMImKRArD1uJZQ4
119=JIQptJlkEVY8yIBcO9SWWBlIACqMA6wBVABIAEgDXHck7DYjLCFYDUw6pL+8FGwKhB1gAZ
120=B67AQiRCe8y6w6WqzQrFk0YFgWrAdUV0M3mKhIXTuYIwA7tABcYgywoFDIsFC4tFDAvGDI
121=vGC8HUg5IjEstH0giCMsPGwcQJopjD9iBLBISC0nfAcw1BJsWPQbbAGYHCdcDwFYXGCARH
122=dclUwlI3woXBFUcqwWWBxQC0QRSAAnxAdMDfzpbK9cHUFY0IxSRG5Adq8H0LRQUCBVM6hQ
123=OEkhpCVcP1RURFZYCkgAWjeAkCKYP6AcWAG0AypkB1QhTHm00kIToJwo3DdQL7SWUI9ks6
124=gbJ7ADWAGsAVQAiABDuKCkcCGsIlwaSABSGrCkUL9ksLwLpBekd0AEhR1YJzwdRmuwwGSw
125=TFhIGF84wMBgVI20dawHVCcoNge4YFMI6Mx4SwDgzHhYCkAcYCKUV0ABeAHAWCJcPFgBSb
126=SIIqFDSLx9SAZW/ODITF4HiMi8gLiwcGh0YFDpJ/gGOSEAYCQcNyZUPkQRTBNAKNwUJpRA
127=vHfEHZzpVDlEdEwcJ9QVSxW4vGBcNewHXOx0VFxZXCBMFk9D4MhwbAFIG9SQaO1ABGh1jF
128=hUJ0yXTC5yVrRQQLi00lQAbRDEXCMBeICUaFsWaHhobO5INicEB0ABSABEAqgA7AFIIUix
129=KowzWBxUCVQMRDu0rqwofALkXGI6wFh9ksRJ6khMOkxzTExHEcioUL9WiJhAUAJHttjIcE
130=h4A9C8YMCoUFjNSDlcj4SMXa1QQFVIAEA3RA6cGnSxVpCAjNRarHYmrDcpDinEeF6SeIgi
131=rzdYZGBArCtsDieYA6QdXpJUWEQdJ4wzTDFIAFQ2WBZAEGatoEhsHJSTXGJMAWEEyHgcTs
132=2oqHThTHNUaXA7IpUrWEwBRDusOqw3vDisHLQeXHFIG0gAVBtQGlR11wCQKIhpADBYAbB3
133=RAhMOkQFSABAJSdMH0QRRDJcdF4dyLRVb3BUdURxK+gKnR1QThyEaEzTWCJcBUAHrBNUMC
134=cIACo0B0AETBxLAKiwWEwcSABMkVzpRBFMc1QbA6iwSJioQFwRtDlEAlAarFIqjANQC1Q8
135=WAQnjAPFOJAodAPEAp2wkCRMUpx0VAZIAJxBIswmRB1UElQABuDAeNC8eHB8YHySlBu8HW
136=RWJlc+4MyISAC8BaQdrAEnFAC8OFQJSAxcWUwfSFR8Vpx0J0wHrAdWEqCoJXQkkHd8U0gh
137=UFNEdCqMAyosA8wBhR2AYTootDlUAEAHrCVQRFhMLjQN503gxIBAcFQ2J/Q3vFlIPCrECl
138=QYXBrEGojnWAFoAJwIYAGQAqyUflmoUCo8HawcRDhUV6wBXIlEFKyvVFRA61wUIigxReyY
139=IiQgRFNoAFzLlBtEGmgAKSwAdRu4aHhcCFQJVJMoFAAiDFYijCEnYALBAcQixVjgI5xcJz
140=wLJMwspFZYBENSwLRYITxBtBhEAirUA1QDSABEd7QYXINQDio8HazoCMjAYOjQeOjQgNjM
141=IqRRXBpMH0AcVABMWFxBJ6wKrBzMNyl0A6QCtAO0PKwBtABIIZUeQGREI9wlJ5wCWBO8WU
142=ABXBRMgiQMOFQYmFUizCywBVgcM1QITD1QBVUD0CPEK1xWVNhHHYiUOHVXxCUsM0gPXHRf
143=HdjMaFg6TxyQmDBIALbqkJhtE2CAAAMwNDhocGC0GEQXaAAppAO8AjC8A7wCWKOFHUjcOy
144=lsLFQbJdxAK+REIqRIQBxYH6w0WGdQF6QCQAFIALwjRAJEHSgWAMh4vAVEAkQLZB0nnA4j
145=+Da0A0w3fheYMEiTpAJbOqi4UIAd0ACkF6QacAVYji+8A18C8AAAJwgAmDqMslEFlCJYVV
146=grJEQtQBlEpOQddBsm5ERsAUgDQBykGmEBsCVsU1wLWAdQMkgzTBZIAFwaWDpUAEgAxBcj
147=HFu86ayvRI9AAUgGXHFOc5isfM5cO1xWA6i4WJioUF8CYHBgaACMHaQdTA0nCAAn1ANUNl
148=x6VBhMBCeYA0ABUBRQBVQDSABd0bgjEFVADVwyKxQAIyRlXA5cPgNQTCiooFBAbURQbAdA
149=XiLENMQCaSeIQU84XMXeGqBIWEasAbQnQA1ArCpPB7C8UCFlOrAjlDpMWKzrTQSIhDtcDl
150=g6iBwrEAAqJAt8DlaTmDhAGVgcSABAAUAcJwgAWAFXb+DIcCEUSESwKtQG7AEp7EsjRFdQ
151=DkQFSB5sNyNcXawBRjKorIpgnEBVFcgmjDysHCoUALwjUOlIAEg5XOmsOrgTWBxXHpCcSF
152=CnU9HIqFBEHVwmpDtMBFwmwB6UPMwclFdUA0w3SCRiAbRYJ5gDQAFcAkTySAAknCxfHaCg
153=SI1SSDakA0ANXCNOOpCkchHAwCIsJ4wBKIw8UBQj/ClkueQFdANUJGATAowweIgoKkwHRB
154=1IAEircCACoDigrEBcJkgAbhy4WEABWGFMAVgHXjhweMAdjQFoSAaoAFQScQ6wxMtcBVgQ
155=UAJUHliCT2egkGBIAFi4ULxPZ9DIaFBraACEOPwdbHOsdlxfVBX8HSNdLbRkGkAKSgC4sC
156=IgSGVlsCmENewBWEBMK7RXMDwdvD68HUgJV7HAuFhJ8KAi1SRAQJRckrywAzAwOHB0aHUM
157=tFRmItA9UBp4HCNsL6wcSyfIyFhUfkgJtAC0QtwC1Bt8GrwCtBu0AGQLRI9UCfwLpCbfAr
158=BIsCEYRFBNIpReKSwAnAWsBLw7QDRYNCo8HUxYUBFQAkIokJwiWC5cX1hYUBdFHchWJ6xQ
159=tB5EBVRINhQAYjSoSLw1vCZEOFTzTB9Gm9jIIoBCrAGkGiocBzxMAVQGcClJG6hLiligpC
160=LmJpiYfHRQDlQVQCikDkBtTAEk5HQHkKBAoKxIwMhYwBEAANsENggGxFiwvFiYpFAAKQAA
161=AAOQnDCgrECgsEiwvFCgsFCYrEigqEBIAAfAsFiwpFCotFCoSgO4WEABA6CoSIiUMGgAAZ
162=AwkJhoAAaYoECwuFCouFBVALBMBAW4WMDEWJioSLQACcjAYOjQeLC0ULisUKcCoJBAiwAg
163=oJBIAKwBdAADUFAooKRQTBMBuLxY0F4FuFhEEWUOsGAQzgesUEcLkKRISQCgTgGkSCkSAw
164=CoRAUIsFCQoECgrEjAyFhIAAK4xFioqFAahBdRGqzeBdC4fBFADQygpEC4tFjIqFCorFCw
165=qEhSFLCoQRlYXB2kGtwdApgwmKhATBBUCaQOBsjIYNDQaNjMcEgATBZ8FJwLrAQD0MxgwM
166=BYWBBIAKQCNhQAXAgG2NRwuMBYyMRYtwDAyGBUD7QMSzCgpEhHHYiUOKYCqLBME3MXqKBI
167=vB1EC0AHTRCYlCdTJsDAYEQC3AUCtFCYpEBaE5Cgzh/IsEUdUFwaQDdYE1glQAFuN7xQQC
168=JXHtDMaFoBqLh+JrDAVzlg2NBkFEwKQwHYyGhIAAbIxGDQxGDIuFhABAOQoDiYoDh+R6xI
169=VCRAAVRIUAWoAEATVEgJuLhYyMxg2NRgqLxQSAa0AKUUoEQUAqxI0NRggB9sPcwcQE9LAK
170=hQwEQdiABAOkgArDqsB2AQQjfAWEwQpAInJAJIG7RRUBpcEWQpAqhAmKRIVCG8AkQvRDhY
171=BEwWrAdUYENbmJw4QAFhQ8BEQUFbSLRFAsi0WMC0rTpAQwq4wFBAHFQbA8i8WLiwUEYRuK
172=xJTmBAGUQUVAwGkKAwqLBAwLhYQBBMIlACQAFBB9hERwS8WJiMQJBsUW5QUDtMT1QArBAD
173=uKhQoJxIcAX8dEsn0KxQrBBcOEQLpA5EF1gKRAJEO7xrUBFIDFQtbHYpPw7Q0GBQL14FiJ
174=hIG0kAMGAcXn2sSEQCvAtGX8CwdAycVmAcXCNLBsDMWEQavDVENUiEKlwAXERUJ1gQgRZg
175=URHIRlnAWKwZtABIElQeA4iMQJhoMFQMXFZIbAGonFCoQVucLJ4OuFBMELwstDBcC0QCA7
176=iwWLikULQJSBJIAFAOQFV8OLySkCxUDEwTrDpMBIkAQKxhTCJYHNUJwGCglwNIyNBNUmhu
177=NLRYVANbCpikOFVv0FCYSZm0VDNwm3wCcFxdNUBEHacRuMRgSAYqLwCgtEhUQgOQfDiQdD
178=hda7BQTQeUSLikSKigUKiYTTpgTAeoAKQprAdEEVUwkJROQApcHbwCxFmUsUx8XJ5YEFQe
179=TAFYi0gtREHMBCncDTC8BqQCRAtYB6xSQBxIAHQeAbxYiJxwQXQPjEOYAQE4kJg4vCBUDF
180=A7tCFAAVAXtAYEkIhAiHg4wEKmmEi0V6yRtB5AeZx0vB10AFgNQARcU1STXB1ICTEUAEg5
181=UINoyVgofKE2vAC0NsYanDhMFrQVpAJOIpigxzXQvFhcKbwXTBxEBbQAgQEwVSGIQLuEOy
182=dEAEx2rFjUBgGISGhMVAlYHHytXHS0k10XqLTMXbbEfK1QI0SbQB9ANLxlICEUAExMSzCo
183=tEhYFlQVTBOEKUQRKQgAVE5tEFhAEFwFVAAwjAB9AsBAxzDUAG52iIRUOQRAqIxAqHRAWD
184=RpAKxEXwpQqLBQqLBQqLBQoKxQEQAA

[Map]
Theater=TEMPERATE
Size=0,0,40,80
LocalSize=2,7,36,67

[Waypoints]
0=50027
1=87082
26=64074
27=65088
28=69054
29=76082
30=51036
31=40056
32=59058
33=66092
34=63072
35=83110
36=73105
37=111081
38=107074
39=90060
40=61031
41=53020
42=40021
43=34044
44=28051
45=42073
46=28062
47=87077
98=60061
99=60061

[IsoMapPack5]
1=QBAAIAAFKAABAD8AAAABAgAnAAIAPwAAAAIGACjIAQEDAgApSAFQAlgCBAAmAAMA//9RAQ
2=ZPBQMAQEUBAGwFqAFFCClABHACAQACACooKwAlAAT5BiYoKQAnSQFAUAWVDQSQCZUNBEwC
3=SABkCCcpACtMBUwCBAAAAgAkAAXxCSUoKQAmKCkAJ0kBQXAFZhMFAGkBAXUYBWwCZQgqQA
4=SPAQIAKygpACxJAVBYAgEBBgAjUBrZHCQoKQAlSAFdAwBZACZMAMEEJ0kBQVgClRgGlA2V
5=GAZMAkgAdxgGAE1EAV0EK0wAaAxNBSzIAQEDBgAtSAHTCSIAB+0bIygpACRIAWAIXQQlKC
6=kAJkgB2QYnSQFAZARmHgcAaQEBZR4HbgIAAG8QBwBTcQEGRB4niQEsWAbFCC0oKQAuKCsA
7=IQAI+REiKCkAI0gBbAlZESQoKQAlSAHRCSYoKQAnSQFAUAVFHijIAZUjCEwCSABlEwiEE1
8=UuK0IErgFXAgYALEgBQAFpLS0oKQAuSAHJDC8oKwAgAAnxFCEoKQAiSAHFCCMoKQAkKCkA
9=JUgB0QkmSQFScAV3WgkAPmkBAkVgCWABeScpQASMAX8VCQBUbAFnKQkAq/8VCQCmqQEt7w
10=UGAC4oKQAvSAHVDTAoKwAfAArpFyAoKQAhSAFkDF0rIigpACMoKQAkKCkAJUgB3QomSAFw
11=d1kGJ8gBUUAoSAGQCX1BCoUBAHUYCpQYlS4KKBcDCgCl9BjMBXQYJykAL/MJBgAwSAHBDz
12=EoKwAeAAvhGh8oKQAgSAGHDwYAISgpACIoKQAjKCkAJCgpACVIAckMJkgBbBtZSCfIAVlI
13=KEgBnAptGwuEAY8bCwAxcAFnNAsAr6EaLE0Fp6kBLUkBpKkBLkkBqqkBL0gBdAZZJzAoKQ
14=AxSAHNEDIoKwAdAAz5HB4oKQAfSAHFCCAoKQAhKCkAIigpACMoKQAkKCkAJUgB1Q0mSQFD
15=dAluUgwAaAGVOQxsAqxSJykAKkwFZR4CfZkMkB9ZiixVAjR0BWeMDACxuRwuVALJDC9JAb
16=K1AjBJAY+tBTFIAWQBXSAySAHNBTMoKwAcAA3xHx0oKQAeSAHZBh8oKQAgKCkAISgpACIo
17=KQAjKCkAJCgpACVIAcEPJigpACdIAX0gBHWcDYkiBWc/DQCNZA93Wg0Ah6kBK0wFaCJBBC
18=xIAXwgVSMtyAFVIy5JAVdvBQYAL0kBkakBMEkBg6kBMUgBkwkGADJIAXACSSIzSAHFEzQo
19=KwAbAA7pIhwoKQAdSAHZBh4oKQAfKCkAICgpACEoKQAiKCkAIygpACQoKQAlKCkAJkgB2R
20=EnSQFCeA12Iw4AaAFBRilVAox0AncjDgCGqQErVAJkAVVlLCgpAC1IAWAlTSYuSQFVZAR0
21=IydtAzBUApEJBk5MDgDBJTJUAsElM0gBdAZBJTRIAcUTNSgrABoAD+ElGygpABxIAdkGHS
22=gpAB4oKQAfKCkAICgpACEoKQAiKCkAIygpACQoKQAlKCkAJkgBxRMnSQFAZA9uJg8AaAGP
23=Jg8AkHQCbyYPAIqpAStMBWYBAAJV0w+EAUkBLShVAC5IAWwmTaovSAGMUn2kD+ElMVUCiG
24=AHZEonVQAzVALZJzRIAXwDWSc1SAHRFDYoKwAZABD5JxooKQAbSAHZBhxIAdkGHUgB1QIe
25=KCkAHygpACAoKQAhKCkAIigpACMoKQAkKCkAJSgpACZIAdUNJ0kBQFgNQbQoyQEDbXMQTA
26=JIAGQpJykAK0AETgIAAGQpJ1UALShVAC5IASKYJIYpEADJTjBUApxXdk8QAMWXMlQCkzUG
27=ADNIAc1SNEgB0So1SAGXDQYANkgB3RU3KCsAGAAR8SoZKCkAGkgB2QYbKCkAHCgpAB0oKQ
28=AeKCkAHygpACAoKQAhKCkAIigpACMoKQAkKCkAJSgpACZIAd0VJ0gBYOBJQyjIAYVVEYwU
29=RSkqVAKMAWzAJ1UALFUCTFgCRSktSAFwKkU0LsgBWaAvSAHZJzBIAdlTMUgB2ScySAElUS
30=YzSAHNMTRIAcktNUgBzQU2SAFQDSLVJjdIAckXOEgBdJFLFxcAEuktGCgpABlIAdkGGigp
31=ABsoKQAcKCkAHSgpAB4oKQAfKCkAICgpACEoKQAiKCkAIygpACQoKQAlSQGsreEmSQGqqQ
32=EnSAF0Lk0mKMgBlVoSmBWULicpACtABGgtTQUsyAFdKy1IAcWBLkgBwSUvSAHVDTBIAdUN
33=MUkBjmQLf4MSAK2tEDNVAoy1AjRIASfVBRL5ijZUAt0KN0gBJ9cFEgBAuQY5VAJoAUNGFg
34=AT4TAXKCkAGEgBaAVFNBkoKQAaKCkAGygpABwoKQAdKCkAHigpAB8oKQAgKCkAISgpACJJ
35=Aa6tGyNIAd0VJEkBsLUCJUkBqakBJkkBO2gTIhYkEwBoAVUYKFQCcQIAZYwThAFJASooVQ
36=ArSQFVfAIiJDEnxQMtVQKQtQIuSQGKqQEvSAHJLTBIASUhIDFIAcEEMkkBsbkRM0gBJy0G
37=E+EwNVQC2TI2KCkAN0gB2TI4SQFAVA1JQznIAVlIOkgBUAIEAAACABUAFPkyFigpABdIAY
38=MEBgAYKCkAGSgpABooKQAbKCkAHCgpAB0oKQAeKCkAHygpACAoKQAhKCkAIkkBr6UeI0kB
39=qqkBJEgBJZU0JUkBOGsTBgAmSAF5MgIi90AUAI10AiLvNBQAhakBKUAEnCBtwBRsAmUeK1
40=QCZDRBkyxJAY98AiKcKsAEItcxFACsoQ8vQQSiqQEwSAEl6S4xSAHFEzJIAYAPbsAUANGY
41=NFQC2TI1KCkANigpADdIAcHKOEkBQa0QOcgBAQECADpIAXACRTQ7KCkAFFg10VYVKCkAFk
42=gBjwUGABcoKQAYKCkAGSgpABooKQAbKCkAHEkBJ2sIBQAdSgEJAk8BBQAeSQEoRAEBAAUA
43=H0gBZAFZdCAoKQAhKCkAIkgBxRMjSAHRNSRJATx/BgIAJUgBfDZNGyZIAYwmfTYVqFl8Ni
44=cpAClBBIq5BipIAWQBXSArSAElIUEsSQGMeAJ9NhUk4C19NhUmyTUvQQSn/zYVAKWpATFU
45=AoAPdZwVJEQqfTYVaAlpxzRABNl0NUgB1Tk2KCkAN0gBhxMGADhJAUFAB4VrFSbxRTpUAl
46=ACfUw7KCkAPCgrABMAFv1tFCgpABVIAZkGBkEBFoQBSS0XUAGMAXRwJ1UAGShVABpIAd02
47=G0gB3TYcSQEjfAZ0OdgGdzkWACS1Ah9ABM0FIEgBzTwhSAF8A0EPIkgBJzUHFiNcTlUCJF
48=QCatIBAlU5FiQVJAJWcBYAjDF1ORYoNQcWJvUqKVgGnAp0cNgRIqUgFibxRSxABNUuLUgB
49=1S4uSQGHfAYiHDDYBiJPKxYArfU5FiSsLHQ51A12ORYAySI0RQgIqVk1KCkANigpADdIAd
50=EfOEkBRLUNOcgBWRw6SAFwAlVPOygpADwoKQA9KCkAElBvzSYTKCkAFEgBhQgGSUAXhAFF
51=KRYoVQAXKCkAGCgpABkoKQAaSQEGtRgbSQGNbwgFABxIAZQjbDzcCmw8JykAH0AEi5sFAC
52=BIAUUYAF14IWgBZwgGACJIAd0VI0gBYDtJWSTIAVHEJUgBaAVJByZIASeNBxegZ2R21A1s
53=4ScpACpMBdkGK0kBMmwBbuEXACKAN1EfLVQCJQUtLkkBkqEEL0kBsKE7MEgB0fAxSQGAVA
54=IBAQUAMsgBAQIFADNJASt5BgRPChcAB3cjBAA1VALJATZIAYM7BAA3SQH/RggABUV2F+lv
55=OVQCej0EBkatFwBqAQUCTvwXACN7IAIAPEAEZAxRHz0oKQA+KCkAEUDj2ScSKCkAE0gBmQ
56=YGUbYYhAFFHhUoVQAWKCkAFygpABgoKQAZKCkAGkgBJ+UHGLBsZT8YoDBkP8gMZD8nKQAf
57=WAaQKmQ/VAJ3IwUAIVQCnBFlPxj9ICNVAkN5AgZOgxgAaAFZXiVUAnACUR8mSAEn5QcY6X
58=ooVALBBCkoKQAqKCkAK0gBZD9RCSxIAWQ/VfQtyQEDbbUYQDZMCHR7qAFd8TBBBIBQNUEE
59=MckBBGY/GAB2AgUERj8YAIibZj8YAJBhZT8Yr8AEADZZBv5FCABkP1gcaAFlPxi7lQYAOU
60=EEg1QCVQ06yAFFEztIASOgJWU/GFAlRxMCAD1UAkQYcbk+SQEiUAJJIj9IAWQBSwEQABkj
61=LFNNPBFIASc9CBmcA1UCE1QCjAF8QSdVABUoVQAWKCkAFygpABhIAdGYGUgBzbUaSAGTHw
62=UAG0gBmDJ9QRkoPAjIDHxBJykAH0wFjBB8QVQC/EFIAXgCfUEZKDwIJykAJFgGfEFJZCXI
63=AUlkJkgBkUsCV6wZAE6lCChVAkqpASlJAUipASrIAUktK0kBRbUCLMgBQSstSAFoQwEFAg
64=AuSQE1QARNMS/IAQEDAgAwSAFkP1VgMcgBRXwyygEIA15BGQCBfQNFgRm4wX1BGaRVfkEZ
65=ACc/CBkAHUkMAH5BGQBwQFFLOVAJagEFBUSBtAJVDTvUAlUNPEgBnOZ8QdcNAgA+VQIEZC
66=ki1GrHKQIAQFQCZAxLQw8AGoQBSQEQSQFUUAFdIBFIASeUCMMEBgATVAJcAyIFIhQoKQAV
67=KCkAFigpABdIAcUIGEgBTRUAQRoZSQGRaQgFQwEaAIWpARtQASMYKnVEGqgidIbAD3REJy
68=kAH0wFdAZRCSBIAYQed4YaAAh5HAVdxRqpLQVGcBoAlA13hhoAi38GBgAlWQZGqQEmyAFN
69=PCdIASLsP1EfKEgBi9IGAClIAdW9KkkBqEByVWUrSQGmqQEsSQFFUAlVTy3JAQV0RN8VAg
70=AvVAJdAwBdKzAoKQAxSQGARggKAl7FGgBqAQsCV0QaACxxBQJURMEaA1iPwRoDVYYaqEN0
71=hsgBdUQalkQIBVSGqgEJBFREqgEKA1zFqAFJDDxBD7JAD1kRPUgBiE53RBoAJqEPP1QCRF
72=p9FUBIAc2JQUgBfANZBg5QeskBDygpABBIASIwWVUjEUgBxT8SKCkAEygpABRIAYQIIq0h
73=G4QBWQYWVALZBhcoKQAYSAGFEwVJVhtQO1gFbUcbrGhljBv5ihxMBZWRBFMkGwAJf0EEAB
74=5UAotDBAAfKCkAIEkBIEwJXa8hSAGNcwRZCxtcy1gCbUcb+UgkQASMJm9HGwBYXANdFSZU
75=AmJGAgZGjBsAaAFZwShVApChBClIAYNcBgAqSAEjFCQiv2UbALFgMCKtIRsjDFpRCS1BBE
76=JYBkFRLkgBRAFhMC9IAYEaAUSMwxoBADFUAp0VAUxH2CdsR8gXbEfJFwJNRxtMIVgJbEfI
77=AWxHzAVtRxtYZEAEbUcbRCRIAWxHyQEDTUcb6UM8QA/JQz1JASVIBV1BPkgBZAEBAAMAP0
78=gBgGcir3sbAAZjMAIAQVQCgQQCVB0nvwINAByQAkUIDigpAA8oKQAQSAFkSgECAgARyAFd
79=KxJIAWixTSYTSAHBRhQoKQAVKCkAFigpABdIAXJsAQVR4hydbQJlShzxHxpABJwRZ0ocAJ
80=JsAQcFABwAHAAGAgAAEQAAqhAAIAUABAAdABwAAGAABAQAHgAcACGpAR9KAQICTwEEACAo
81=KQAhSQElUAJZBiJKAa4BTwEFACNJASREAQEABQAkSQEoqQElSQGwYwQGACZJAaqpASdJAY
82=9jBAYAKEgBhwgGAClJAZC1AipJAYOpAStJAYupASxJAUGpAS3IAQEBAgAuSAGTCQIAL0kB
83=Bn8VAQAwSAGXAgEAMUkBALUCMmgBZwgCADMoKQA0SQH+ZxMCADVJAR1jBAMANkkB/3cCBA
84=A3SQGwawEFADhJAaapATlJAQV/CgQAOkkBBGsBAwA7SAGPBQMAPEkBqG8FAwA9SAGbBgMA
85=PkgBZAwBAAMAP0kBjm8BAwBASQEmawECAEFJASKpAUJIAWQBWRdDKCkADFg11QINKCkADi
86=gpAA8oKQAQKCkAEUkBMVwGTRYSSQE0SAFROxPIAQEDBgAUSQE3VAIBAAYAFcgBAQEGABZJ
87=AYBUGEEEF8gBAQQFABjIAQEFBAAZSQEgewYEABpJAQh/IAQAGygpABxJASOhBB1IAWQBTU
88=ceaAGtBR9IAY0mBV5MHQCNJgVTUB0ApEAPAQAFACJBBKWpASNIAZhTfkwdAIFRBVgAAR0A
89=//9EC39MHQCNRAFVGCdNBYapAShJAa9kCH5MHQDBUSpUAoMwBgArSAHFCCxJAUFYBgECBg
90=AtyQEDf0wdAJJUAk0xL1QCJ54JHQCECH1MHUhfRwQBADJABIVgAVxMnUkAWQY0VAInnAnE
91=IXxM2AZ9TB1AYkUIBF9MHQCtfxUFADlYBk02AE0mOkgBJ5wJ2Bx/TB0Ah1QGRUo9QQSxeA
92=Z8TMAPf0wdAIyhBEBABM0FQUgByU5CSAFIHHEUQ0gB1U9ESAF0BkkXC1iCyQEMKCkADSgp
93=AA4oKQAPKCkAEEkBrHsRAgARSQGmqQESSAHRCRNIAWBRXRsUSAF0T01SFcgBSRIWSQGAWA
94=ZZLRfKAQcCVk8eAHYCCANVTx5QRlkJA1RPJykAG0wFgTADW2YeAI9cA1knHVUCrlAJSQEe
95=SAGblQQAH0gBjAV3nB4Ak2wFd08eAKtsBXZPHgAn9QkeciQAAHVPHulOJUUIkXgGd08eAI
96=ipASdUAtGYKEkBhbUCKUkBiakBKkkBiqkBK0kBUqkBLEkBPWkBAlZPHgCcYnVPHrBWdpwe
97=AFohAAB1nB6gO3VPHrBAdU8e4VEzUAmPGwEANEgBhEJ0nMAEdU8eqU4DVJxAGmQed08eAL
98=FoAXZPHgBUM7ZPHgAn9wkeAJBwFHdPHgCGqQE9SAxkAUFRPigpAD9JAYx4AnScJ60AQVQC
99=cAJNBUIoKQBDSAGPGwIAREgBgwQCAEUoKQAKWDXVAgsoKQAMKCkADSgpAA4oKQAPKCkAEE
100=kBr2wbb1IfAKepARJVAqipARNJAaapARRIAdUNFSgpABZJAbKhBBdJAYBJAQpuUh8AagEL
101=Ak1SH7EqAk1SH0CZTQgDRaIfXJSJARxZBpJEAUFRHUgBnExl7x+sPG1SH6g4bFLRCQRCCR
102=8AiBdvUh8AqUEPAGTvzAVvUh8AgbUCJVwKagEBBUXvH+VVJ1QCnDZm7x8A1U8pVALNnypJ
103=ATtkE2WiH1TZW0wCACxUAnACRYEtSQGNbAFvUh8Ah6kBL1QCnDZtUh+oQ25SHwCEYGxSzA
104=Vmoh8AmKBsUsgXbFLZHAJE72DCQAtsUsAEbFLBBARFoh9cDUAEZe8fXBtIAWXvH0DFiQE8
105=WAPJTj1IAYhvZqIfAMkBP1QChBNsUtEUA0TvJ4EAQkAEjxsDAENIAd2kREgB0aNFSAFMDX
106=WBRigrAAkAIJACQSUKKCkACygpAAwoKQANKCkADkkBj2MHAgAPSAFkAUUIECgpABEoKQAS
107=KCkAE0gBmXQCTPcn4QEVVALFCBYoKQAXKCkAGEgBiOhlVSCsUmZVIAAjvCNlVSC5oARXpy
108=AAsGRKIo0oIKhOZFUngQAfUQmyoQQgSAHNqiFIASUhICIoKQAjSAGZFARRWyCGVQMEXA+p
109=AQRkVagBAQUGACdMBXjBWfgoyQEBbfcgSONXGwYAKlQCZFVdxStIAUwCbTEsSQGRbAF1py
110=C0T2VVIKyUdacgoEZlVSCgRmVVIOGpMkUIhmQIZVUgQBVMAWVVIKt6AQA1QATBqTZIAYQe
111=ZFXBBANAFNgGZlUgACXpIzpMBUgJYak7SAGUZXSnwA8ijCjcFWRVJykAP00Fg3wGZVUgrM
112=tkVScpAEIogQBDSAHRVkRIAdFWRUgB0VZGSAFsCVFLRygpAAhAi9UCCSgpAAooKQALSAHR
113=KgxIAY9oAgANKCkADkgBkBR9VyGzbAIAEFQCmBFkrYBOZTQSVALBiBNIAdEJFCgpABVIAd
114=kGFkgBgwcCABdJAQMiuChlrSFQRkQWflchAIT6df8hsDV/VyEACWwFdP8nKQAdRAjVAh4o
115=KAB4s9UCIFUCB7kGIUgBhVUDRERwWVUNA0Q5JykAJEEEgVpeBgNJESGIWUkHJtQCSV8nSA
116=F8V1lTKMgBWRcpSQE4TgkBAlxXhBtpIitUApBsZ60hAKpcCkU0LVQCkJh9VyHpWS9UAtUj
117=MEgBmEh/VyEAkF0KAGWtIbREf1chAIu1AjRMBdGuNUgBkFZlrSG1WgJU/yf5BDhABFEZAE
118=nzOSgpADpIAcElO0gBlFp9VyGgZ3xX0BR8VycpAD9NBYpsEHxXxB58VycpAEJABIgXZK3J
119=FwNV/yGtywNV/yGndgIARkwFyVlHSAF4CkElSCgpAAdYNdUCCCgpAAkoKQAKSAHFrQtIAc
120=0FDEgByS0NSAHJWQ4oKQAPKCkAEEgBnIN0WpARaTgSVALFCBNJAYhgC3WyIv02FVQC2QYW
121=SAFYFnkGF2gBbwUDABhJAaxkPyJNKyKkrXVaIqz3dloiAIBndVois2wDAB1YBo9oAwAeSA
122=GJQwNA0ifYAGycyWQhQQQndQ0CQAF8sk0BAlRaJykAJFwCdFpdPCXKAQoCUi8iAIcTAgAn
123=VQKmcRQCXEYn8QMpVAJICWEaKkgBlw0CACtIAcktLEgBI4Ahd7IiAIxwBXVaIqRVdrIiAJ
124=dEAgAwTAUnVwsiALB0DXZaIgCAD3RawA90skgBZHZ2siIA1Q02RAjBXDdIASP9KwJUstMJ
125=AwA5VAIjZzkDADooKQA7SQGqdA10WtAUdFrQFHRa0BQiRDVAD3QYdFonWQZBRAjBMEJIAX
126=wDTWhDKCkAREkBkHgCdVoi4VxGVALNtUdIAYcLAgBISAFoBUVFSSgpAAZYNdUCBygpAAgo
127=KQAJKCkACkgByS0LSAGXRAIADEgBwVwNKCkADigpAA8oKQAQSQGGeA1sXYR+bTwSVQKOtQ
128=ITSAFkAVEUFEgB1Q0VSAHZBhZIAVADeQYXSAEjcDVvXSMAraktGVQCiENuXSMAmMxtXSOg
129=Z2xdJykAHUwFiBdtXSOgRm9dIwCssAlw7SNVLANJgiNAV0wTbl0jAFiwbRAjRAjdKyRIAS
130=PhIgJEuCdtAyZVAqtwCW1dI7RwbV0jt3ACAClBBLChBCpIAZQNb10jAIxQDUkdLFQCyS0t
131=SAHdIC5JAay5Bi9IAZxMbF3TFAEAMVQChBNvXSMAsWwFbV0jRBlAC21dI0AViQE1TQWMRA
132=FVDTZIAYhOZLhUGHBhbF1IAWAEb10jAK9wCWxdwxoDADtZBpGhBDxJAYqpAT1IAWQBUVY+
133=KCkAPygpAEBIAYAPZLgnWQZCVQKJfAZluCOkzmS4Jw0CRUEEkqEERkgBZAFJDEdIAdleSE
134=gBVONlNElIAZ8gAgBKSAGOBQIAImgzyQEGtPxtBQcoKQAISAGTSwIACUgBzQUKSAGfFQIA
135=C0gBjEdlYCSwSyIMIycpAA4ogQAPKCkAECgpABFIAcE7EkgB0QkTSAHVAhRIAdUCFUgBxT
136=8WSAFANX0VF0gBjEdlYCSwS3e9JACPYBZnYCQAsrE1G00FkLUCHEgBgMp2vSQAnAplYCSs
137=UmVgJKJGAwAi5CnQCXz50QkiRAiUIyIOIyQAmasCTAKUpGUTJVEBsGAPd70kAKWpASdUAp
138=gGZWAkJKAlZGDADyIMIycpACtNBZB8FSINIyT9ui1UApwVdL3QFHa9JACUT2VgJKFGAkVg
139=JKR2ZmAkAJxBZWAk+V40UAlkDFUpNUgBwTs2SAHJDDdIAYgaZWAkRNRVBQJUvYwCIjkjOk
140=AEweA7SQEJtWU8KCkAPUgB3cU+SAGQFHa9JADBXEBUAow8ZGAnLQZCVAJMDWkMQygpAEQo
141=KQBFKCkARkgBxTRHSAHZBkgoKQBJSAHFNEpIAYMEAgBLKCgAIsg01AIi5FPJAQa4JHU5By
142=gpAAgoKQAJSQGNcwUCAApIAZQYfWIl8WEMKFUADSgpAA4oKQAPKCkAECgpABEoKQASKCkA
143=EygpABQoKQAVSAHRNRZIAYAzIm0vJfE1GFQC1S4ZSAHBkxpJAftsUmfDJQDzqQEcVQLxqA
144=EiIFiI0n5iJQDMBSK8RcAEIpg7mFNlwyWoTiJtLyXsaHCr1C5gToBnZMMjgFlxKiZUDSdl
145=GCUkZFp/YiUAqWwQfGLQCXxiJykAK1gGnNt8YidVAC1VApKtMS5IAcEEL0kBsLEJMEkBpq
146=kBMUgB1XAySQGstQIzSAEjDyMCADRIAc0FNUkBkL0KNkkBhqkBN0kB+bkGOEgB1S45SAHF
147=YDpIAZW1AkfDJQD3rQU8VQL1qQE9SAFYbn0gPmgBfAp8YtQjIhYkJQCAD31iJbt/AwBCTQ
148=WLrQVDSAFkAUG/REgBgFEiFyQlAIl7AgMARlQCnxUDAEdIAXACTQVIKCkASUgB3cVKSAHR
149=xEtIAY8FAgBMKCkAA6SJfRUEKCgAIoBBzAUipFaPEAIAB0EEhXsCAgAIKCkACUgByWQKKC
150=kACygpAAwoKQANKCkADigpAA8oKQAQKCkAESgpABIoKQATKCkAFCgpABVIAYsiAgAWSAFs
151=FFEwF2gBpZcYSQGwZDR3yCYAqqkBGlQCjBt1ZSYmlSkcVQL8oQQdSQGQdAl1ZSbwYSIgTc
152=AEIohE3KQi7DXFoiJYBoRVdcgmUAFICHXIJiR4KndlJgCwaAx3yCYAp6kBJ0UFpakBKEgB
153=yVkpSQGytQIqSAGEoiIdJSagcnRlkD1pOC1ABIAPdcgm+VMvVAKUe3fIJgCvsQkxVQKoqQ
154=EySAHNEDMoKQA0SQGpoQQ1SAFMGGkMNkgBgIgiHyUmAPahBDhVAu+pATlIAdFhOkgB2QY7
155=SQH4oQQ8SAHVAj1IAdFsPkgB0Ww/KCkAQEgB0SpBSAGYBnRlxB4iHiUmAMk4REAEkEB0ZS
156=eBAEZVAox8BndlJgCFqQFIVQKHqQFJSAFkAU1oSkgByZtLSAGUAnRl0wkCAE0oVAAi2CvC
157=BAMAiEB1IwQoKQAFKCgAIpBOjBBtaCf1yAhABMFnCSgpAAooKQALKCkADCgpAA0oKQAOKC
158=kADygpABAoKQARKCkAEigpABMoKQAUKCkAFSgpABZIAZSRZM4ibCNAHSI1SSfxzxlABNHP
159=GkkBiFwDWScbSQGKqQEcSAGAUSIlJif5zB5UAohDIiUmJyTkVCImJicAI+NkAgAhQATdQS
160=JIAcU/I0gBhWADSvsnAMU0JVQCcA1BfSYoKQAnSQGrvUwoSQGqqQEpSAGURGTOJwEGK1UC
161=iWgIbmgnAJxBIt09J+VrLkAECfYBAAAAAgAvACcA7REAAGgPACAIAQAAAAIAMAAnAPGoAQ
162=MxACcA//+VAjJJAfe1AjNJAe+pATQoKQA1SAHZBjZJAZJUBgEAAgA3SQH2rQU4SQHwqQE5
163=SAF8A0EEOigpADtIAc0FPEgByQw9KCkAPigpAD9IAdUNQEgBQAlpF0FoAWMLAwBCSQGNqQ
164=FDSQGDqQFESQGIqQFFSQGFqQFGSAHBBEcoKQBIKCkASUkBh60FSkkBJmsBAgBLSgEDAk8B
165=AgBMSQEiRAFdEE1IAWQBSQFOKCsAAQAokAJVAgIoKQADKCkABCgpAAVIAYsXAgAGSAGHEw
166=IABygpAAgoKQAJKCkACigpAAsoKQAMKCkADSgpAA4oKQAPKCkAECgpABEoKQASKCkAEygp
167=ABQoKQAVSQGGdxsCABZJAbCtPBdJAaapARhJASShBBlJAQmtJhooKQAbKCkAHCgpAB0oKQ
168=AeKCkAHygpACBJASO9CiFJAa61DSJIAdUNI0gB1Q0kSAHNBSVJAaytBSZJAaSpASdJAaWp
169=AShIAdleKUkBjKkMKkkBhqkBK0gBwQQsSQGQtQItSQGLqQEuSQH6sQkvSQHtqQEwKCkAMU
170=gBwVwySQF5uQYzyAEBAQIANEkBXbUCNcgBVQI2SAHZBjdIAd0KOCgpADlIAcEEOigpADtJ
171=AV6xCTzIAVEJPUkBf7UCPsgBVQI/SAHZdEBIAUBWpGvcV2ZrKACLIgMAQ0AEiyIDAERIAW
172=wJAQADAEVIAYsiAwBGSAHdbUdIAYtZAwBIKCkASUgBxQhKSAHFCEsoKQBMSQEGoUZNSAGD
173=BAIATigpAE8oKwACACmcA00WAygpAAQoKQAFSAGIF2ZrKQCYEWRrJykACEAE1QIJKCkACi
174=gpAAsoKQAMKCkADSgpAA4oKQAPKCkAECgpABEoKQASKCkAEygpABQoKQAVKCkAFkgBi5AC
175=ABdJAa2lShhJAY9vHgIAGUgBZAFRHxpJAY1vAQIAG0kBiakBHEgB2VMdSQGspQgeSQGmqQ
176=EfSAFoBUUIICgpACFJAa+hBCJJAaipASNJAaqpASRIAdkGJUkBq7UCJkkBp6kBJ0kBqakB
177=KEgBzQUpSAGXRAIAKkkBhnsCAgArSQH5rQUsSAHRbC1IAdUCLkgB1QIvSAHdxTBIAdFhMS
178=gpADJIAWRrAQICADPIAV21NEgBZGtVAjXIAVUCNkkBWq0QN8gBUWE4SQFbtQI5yAFVAjpJ
179=AVy1AjtIAWRrUQk8yAFRCT1IAWRrVQI+yAFVAj9IASdkDURVtVpBVQKRcAlnaykAiKkBQ1
180=QCyQFESQGLtQJFSAFkAVFsRigpAEdIAYQpZGvLWQMASVQCkyoDAEpIAdkGSygpAExIASdk
181=DVgRZARkaycpAE9ABHACXUFQKCkAA1g11QIEKCkABUgBjBBlayooZA0nKQAIQAQnZA0nVQ
182=AKKFUACygpAAwoKQANKCkADigpAA8oKQAQKCkAESgpABIoKQATKCkAFCgpABUoKQAWSAGA
183=JWdrKgCxtU8YVALBGhlJAYVrHgIAGkgBzQUbSQGwrQUcSAHVyB1IAdleHkgB2V4fSAFgCE
184=UpICgpACEoKQAiKCkAIygpACQoKQAlSAHFEyZIAdEJJ0gBJVEmKEgBJUEkKUgBwQQqSAEl
185=JSYrSAHVZSxIAdHELUgBzVIuSAEnZg0qAM0FMFQCJ2cNKgBlYwsCADJUAmgBUWEzyAFNXT
186=RIAWRrAQQCADXIAQEFAgA2SAFka0EEN8gBUWE4SAFka1UCOcgBVQI6SAFka10KO0gBZGtR
187=CTzIAVEJPUkBdK0QPsgBTQU/SAHVGEBIAdX/QUgB1f9CKCkAQygpAEQoKQBFSAGF3AJN1i
188=phDABRbEdUAowBZ2sqAJBsAWVrKvl0SkEEibUCS0gB2XRMSAEnZg0qACVdIk5UAmgFUUBP
189=SQGyrUdQSAHVAlEoKQAEQKHVAgUoKQAGSAGMEG3WK/FsCFQCJ2QNJ1UACihVAAsoKQAMKC
190=kADSgpAA4oKQAPKCkAECgpABEoKQASKCkAEygpABQoKQAVKCkAFigpABdJAYdnGgIAGEgB
191=ySIZSQGMtQIaSAGAnm7WKwCHKQIAHFUCraElHUgBaAVZJx5IAdnBH0gBxSkgSAHVAiFIAc
192=0FIigpACNIAdVlJEkB870KJUgBwWcmSAHZBidIAcVgKEgBxWApSAHBZyooKQArSAHBBCwo
193=KQAtKCkALkgB2QYvSAHNBTAoKQAxSAF5aQNlayuRbARs1qgBWV40QQRGvRU1SQFFqQE2SQ
194=E6qQE3yAEBAQIAOEkBP7UCOcgBVQI6SQE7tQI7yAFVAjxJAUS1Aj1JAXN3HwIAPsgBQQQ/
195=SAHdFUBIAdUYQUgBzSZCSAF0BlkyQygpAEQoKQBFSQEkZARnaysACbXeR1QCyQFIKCkASS
196=gpAEooKQBLKCkATEkBI7EJTUgBJV0iTkkBprUYT0gBfANZEVBIAd1MUUgB1QJSKCsABQAs
197=kAJNBQYoKQAHSAHNUghIAc1SCUgB0WwKSAHVAgsoKQAMSAHBBA0oKQAOKCkADygpABAoKQ
198=ARKCkAEigpABMoKQAUKCkAFSgpABYoKQAXSQGKfBhmaywA1WUZVQKStQIaSAFkAVkcGygp
199=ABxIAcHKHUkB+7knHkgBwakfSAHZBiBIAdFhIUgB0UAiKCkAI0gB2QYkSAHZBiVIAdkGJk
200=gB2QYnSAHFSihIAWi8RRMpyAFJTipIAXTIVQIryAFVAixIAdkGLSgpAC4oKQAvSAHRCTDI
201=AVkGMUkBX3wRZmssAGgBVQIzVALBZzTIAVUCNUkBQr0gNkgBYQQCIgZDLABoAU1zOFQCZG
202=tVAjnIAVUCOkgBZGtVAjvIAVUCPEkBRbEJPUgBZGtBBD7IAUEEP0gBwRpAKCkAQSgpAEJI
203=Ac0mQ0gB3W1ESAF8GVUjRSgpAEYoKQBHKCkASEgBxaJJSAHZBkooKQBLKCkATCgpAE0oKQ
204=BOSQGrtRhPSQGoqQFQSQGlqQFRSAHdClIoKQBTKCsABgAtnANdFQdIAc1SCEgBmwICAAlJ
205=AY5vAQIACkkBrL0KC0gByXoMSAHV3g1JAYitBQ5IAd1tDygpABAoKQARKCkAEigpABMoKQ
206=AUKCkAFSgpABZJAYapDBdIAWQBSRcYSAHRjRlJAaqxFBpIAcEEG0gByS0cSAHVAh0oKQAe
207=SAHRYR9IAcE7IEgB0UAhKCkAIigpACMoKQAkSAHZBiVIAdkGJkkBensNAgAnyAFJWShIAX
208=BhSU4pyAFJTipIAWRrVQIryAFVAixIASIkJlkcLcgBRQguSAEiJCZVAi9IAdEJMMgBWQYx
209=SAF4aVEJMsgBVQIzSAF0ZVUCNMgBVQI1SAHZ1zZIAXRlXQo3yAFVDThJAT6xKjnIAVUCOk
210=gBcAlNBTvIAVUCPEgB0Qk9SQF1sR8+yAFBBD/IAU0QQEgBwSVBKCkAQigpAEMoKQBESAHd
211=K0VIASV5IEYoKQBHSAHBBEhIAd0KSUkB9akXSkgBdBFdFUsoKQBMKCkATUgBwVxOSQGpuQ
212=ZPSAHZBlBIAcW4UUgB1QJSKCkAUygpAFQoKwAHAC6IBUEPCCgpAAlIAd1tCkgB3XgLSQGi
213=oQ8MSAEl3TINSQGmtQIOSQGMewkCAA9IAdFsEEgByW8RSAHVAhIoKQATKCkAFCgpABUoKQ
214=AWSAHFCBdJAYupDBhIAWQBSRcZKCkAGkgBydIbSAHNyxxIAc0FHUgBJS0nHkgBzTEfKCkA
215=ICgpACEoKQAiKCkAIygpACQoKQAlKCkAJkgBZGtZSCfIAUlZKEgBcWEEIrJJLgBpAQUiBk
216=MuAGRrVQIrQARoAVUCLEgBZGtFCC3IAUUILkgBZGtFVS9IAWQIWQYwyAFZBjFIAclkMsgB
217=TQUzSAFwz0ElNMgBVQI1SQFDvTY2SAF4BlUNN8gBVQ04SAFka1UCOcgBVQI6SAFka1UCO8
218=gBVQI8SQFEsQk9SAFka1UCPsgBURQ/yAFRFEBIAdUuQSgpAEIoKQBDKCkAREgByThFSAHJ
219=OEYoKQBHSAEluVRISQH0rRBJSAHNBUpIAdk9S0gBzeFMSAHBBE1IAcFnTkgB1QJPKCkAUE
220=gBwQRRSAHBBFIoKQBTKCkAVCgpAFUoKwAIAC+UBkEwCSgpAApIAcXDC0kBp6kXDEgB0WwN
221=SAHR5Q5IASdnDS8AinsJAgAQVQKuuQYRSAHBBBJIAdFsEygpABQoKQAVSQGGpQgWSQGspQ
222=gXSQGoqQEYSQGqqQEZSAHV0xpIAXQGVRgbSAHJ0hxIAcmbHUgBwTseKCkAHygpACAoKQAh
223=KCkAIigpACMoKQAkKCkAJUkBZWcPAgAmyAFdVyfIAUFRKEgBJfklKUgB1VoqSAFkVV0VK8
224=gBWQYsSAHBBC1JATy5HC7IAUEEL0gBcGFZBjDIAVUCMcgBVQ0yyAFBXDNIAWRrVQI0yAFV
225=AjVJAUW9CjZIAckMN8gBUQk4SQE9oQQ5yAFVAjpIAXAJQQ87yAFVAjxIAc0FPcgBVQI+SQ
226=F3qSI/yAFVAkBIAWCIRQhByAFVAkJIAdkyQygpAEQoKQBFSAHdYkZIAXgKRQhHKCkASCgp
227=AElIAdlpSkkB8rUYS0gByW9MSQGwtQJNSAHJWU5IAcVKT0gBxUpQSAElJTFRSAHBD1IoKQ
228=BTKCkAVCgpAFUoKQBWKCsACQAwgAhJFwooKQALSQGTfwICAAxIAd1tDUgBJ2YNMADJ3Q9U
229=AmgFRQgQSAHFExFJAYx7AgIAEkgBJ2UNMCQnRwIAFChVABVIASdlDTAmQVAXVALNJhhIAS
230=V5IBlIAdkyGkgBzWgbSAHVAhwoKQAdKCkAHigpAB8oKQAgKCkAISgpACIoKQAjKCkAJCgp
231=ACVJAWVMG1FWJsgBTbUnyAFNtShIAdFhKcgBRUoqSAFka1leK8gBRQgsSAHNwC1IAXheQQ
232=QuyAFBBC9IAXAJVQIwyAFVAjFIAWwFVS4yyAFJDDNIAXDPVQI0yAFVAjVIAckMNkgBeAZR
233=CTfIAVEJOEgBdGVVAjnIAVUCOkgBZGtVAjvIAVUCPEgBzQU9yAFVAj5IAWRrTQU/yAFVAk
234=BIAWRrVQJByAFVAkJIAXzxURRDSQGARClJAUTIAV0VRUgB2ddGSAF8A0EER0gB3UFISAHF
235=P0lIAc1oSkgBJT1VSygpAExJAf3lazAmuT5OVALRCU9IAc1HUEgByXpRSAHBD1JIAc0FU0
236=gBwQRUSAHBBFUoKQBWKCkAVygrAAoAMYgFVBgKCwAxAAAAAAAAAgAMABEAAEoPACABMQAA
237=AEAABQIADQAxALEBiQEOSAFAAQIAAAIAD0kBjW8BAgAQSQGFqQERSQGDqQESSQGGqQETSQ
238=GupQgUSQGQtQIVSAHBBBZIAXACXQoXSQH4rQUYSQGyqQEZSQH2qQEaSQHtqQEbKCkAHCgp
239=AB0oKQAeKCkAHygpACAoKQAhKCkAIigpACMoKQAkKCkAJUkBY3cUAgAmyAEBAQIAJ0kBgl
240=QCASwCAChJATtEEwECAgApyAEBAwIAKkkBPVQCTRsryAFZBixJAUK1Ai1IAcEELsgBQQQv
241=SQE6oQQwyAFVAjFJATxUAkkMMsgBSQwzSQE+tQI0yAFVAjVJAUNUAkEPNkgByQw3yAFRCT
242=hIAXAJQQQ5yAFVAjpIAXAJVQI7yAFVAjxIAc0FPcgBVQI+SAHNBT/IAVUCQEkBXUgiAQQC
243=AEHIAQEFAgBCSQFcVAJBBENJAYBIAVUYRMgBXRVFSAHBO0ZJAe+pF0dIAdUCSEkB9LUCSU
244=oB//9qCABKKCkASygpAEwoKQBNSAHdV05JAfqlCE9JAfKpAVAoKQBRSAHBD1JIAcEPU0kB
245=8K0FVEkBsKkBVUkBpqkBVkgBUBF9YlcoKQBYKCsACwAynANRKgwoKQANKCkADigpAA9JAY
246=x0BWZrMgDZaRFUAskBEkkBhqEEE0kBra0QFEgBcAJJDBVJAZJvAQIAFkkBsqEEF0gB0R8Y
247=SAHZHBlIAdkcGigpABsoKQAcKCkAHSgpAB4oKQAfKCkAICgpACEoKQAiKCkAIygpACQoKQ
248=AlSQFjXBVdQSbIAV1BJ0kBQ6kXKEgB1U8pyAFZSCpIAXRaWQYryAFZBixJAUW5Bi1IAcEE
249=LsgBQQQvSAFka1kGMMgBVQIxSAFsBVknMsgBSQwzyAFVAjTIAVUCNUkBRqkMNkgBeAZRCT
250=fIAVEJOEgBfBVVAjnIAVUCOkgBdGVVAjvIAVUCPEgBzQU9yAFVAj5IAc0FP8gBVQJASQE/
251=oQ9ByAFZEUJIAdkRQ0kBdEQpXRVEyAFBBEVIAc08RigpAEdIAdVaSEgB2WlJKCkASigpAE
252=soKQBMKCkATSgpAE4oKQBPKCkAUEgBdBFZEVFIAcW4UkgB2RFTKCkAVEkB8a0bVUkBr6kB
253=VkkBpqkBV0gB0QlYKCkAWSgrAAwAM5wDVQ0NKCkADigpAA9IASdlDTMoZA0nKQASQQSGbw
254=gCABNJAauhDxRJAaipARVJAaqpARZJAZOtBRdIAWQBQQ8YSAHZHBlIAdkcGigpABsoKQAc
255=KCkAHSgpAB4oKQAfKCkAICgpACEoKQAiKCkAIygpACQoKQAlSQFiaBNu1jMAaAFdQSdUAi
256=dmDTMA1U8pVAJoAV1MKkgBdE9BGivIAVkGLEgB2QYtSAHBBC7IAUEEL0gBZAhZBjDIAVUC
257=MUgByWQyyAFJDDPIAVFhNMgBVQI1SQFEvSs2SAHJDDfIAVEJOEgBbOxJDDnIAVUCOkgBaA
258=xVAjvIAVUCPEgBzQU9yAFVAj5IAc0FP8gBVQJASAFka1kRQcgBWRFCSAHNiUNJAXWlKUTI
259=AVkGRcgBWQZGSAHZPUdIAcHVSEgBJ2cNMwD9rRtKKFUASygpAExIAWQMVRhNSAHZBk4oKQ
260=BPKCkAUEgBzQVRSAHJTlJIAc0QUygpAFRIAcndVUgB0WxWSAHBXFdJAaalE1hIAd0KWSgp
261=AFooKwANADScA1EUDigpAA9IASdlDTQoZA0nKQASQQSKYAdlazQmPSkUVQL5oQ8VSAF8A1
262=0KFigpABcoKQAYSAHZHBlIAdkcGigpABsoKQAcKCkAHSgpAB4oKQAfKCkAICgpACEoKQAi
263=KCkAIygpACQoKQAlSAF4aUU/JsgBQUYnSAHdVyhIAd1MKcgBQUYqSAF0WlkGK8gBWQYsSA
264=HdTC1IAcEELsgBQQQvSAFka1kGMMgBVQIxSAFsBU0mMsgBSQwzSAFsBVUCNMgBVQI1SAHJ
265=DDZIAXgGUQk3yAFRCThIAXRlVQI5yAFVAjpIAXQYVQI7yAFVAjxIAc0FPcgBVQI+SAHNBT
266=/IAVUCQEgBdA1ZEUHIAVkRQkgBwSVDSAFka00FRMgBAQQCAEXIAQEFAgBGSAHB1UdIAdVE
267=SCgpAElIAdVlSigpAEtIAd1tTEgBwQRNKCkATigpAE9JAfuhUVBJAfOpAVFIAd1MUigpAF
268=NIAdkRVEgBJWEzVUkB/LkGVkgBJ2cNNACntQJYVQKqqQFZSAHVGFooKQBbKCsADgA1nANN
269=Jg9JAZBzAQIAEEgBJQkoEUkBirUCEkgBJYUnE0gBcAJZBhRIASUZNRVIAdUCFkkBrK0QF0
270=kBqqkBGEgBJ2YNNQDFHhpUAskBGygpABwoKQAdKCkAHigpAB8oKQAgKCkAISgpACIoKQAj
271=KCkAJCgpACVJAWZgFm7WNQBoAUFGJ9QCQVEoSAHdTCnIAU1HKkgBZLhRHyvIAVkGLEkBRr
272=kcLUgBwQQuyAFBBC9IAWhZWQYwyAFVAjFIAXBWVQ0yyAFJDDNIAWRrVQI0yAFVAjVIAckM
273=NkgByQw3yAFRCThIASLAKUkMOcgBVQI6SAFwCVUCO8gBVQI8SAHNBT3IAVUCPkgBzQU/yA
274=FVAkBIAdEUQcgBWRFCSAHBGkPIAU0FREkBc7EqRcgBVQJGSAHNPEdIASVJMEhIAdHESUgB
275=wWdKKCkASygpAEwoKQBNSQH3qS1OSAHFCE9IAcUIUCgpAFFIASUtMlJIAc0QU0gBJ2YNNQ
276=AlCShVVQKkvQpWSQGlqQFXSAHVDVhIAdUNWUkBrqEEWkgBYB5dK1soKQBcKCsADwA2nANB
277=BBBJAZJzAQIAEUgBZAFVAhIoKQATKCkAFEgBJ2QNJwUBFlQCJZE5F0gBxRMYSAHF7xkoKQ
278=AaSAHFHhsoKQAcKCkAHSgpAB4oKQAfKCkAICgpACEoKQAiKCkAIygpACQoKQAlSQFmUBtV
279=RCbIAUWtJ8gBRa0oSQFGuScpSAHdxSpIAXRaWV4ryAFFCCxIAcW4LUgBwQQuyAFBBC9IAW
280=BRWQYwyAFVAjFIAWwFXSsyyAFBUTNIAWwFVQI0yAFVAjVJAUK5ETZIAXgGUQk3yAFRCThI
281=AXRlVQI5yAFVAjpIAXRlVQI7yAFVAjxIAc0FPcgBVQI+SAHNBT/IAVUCQEgBZIxZEUHIAV
282=kRQkgBcBRdCkPIAU0FREgBZGtVAkXIAVUCRkgBzTxHKCkASCgpAElIAdFWSkgByWRLKCkA
283=TEgB2UhNSAHZSE5IAclkT0gB2QZQSQGRQDtdFVFJAYupAVJIAd26U0gBxQhUSAHBD1VIAd
284=FsVkkBqaktV0gB2QZYSAHVDVlJAbGhBFpIASXVJltIAXANQQ9cKCkAXSgrABAAN5wDQQQR
285=KCkAEigpABMoKQAUSAHBDxVIAdWRFigpABdIAdkRGEgBgwsCABlIAc1+GkgBxQgbSAHBMB
286=woKQAdKCkAHigpAB8oKQAgKCkAISgpACIoKQAjKCkAJCgpACUoKQAmSQF8aBMiblA3AGgB
287=TUcoVQJotQIpyAFVAipIAWS4VSMryAFVAixIAclvLUgBwVEuyAFBBC9IAWhZWQYwyAFVAj
288=FIAclkMsgBQVEzSAHRVjTIAVUCNUgByQw2SAHRCTfIAVEJOEgBwQ85yAFVAjpIAXRlQQ87
289=yAFVAjxIAdUYPcgBVQI+SAHNBT/IAVUCQEgBzQVByAFVAkJIAc0QQ8gBVQJESAElMUNFyA
290=FVAkZIAcE7RygpAEgoKQBJSAHVREpIAXAuXRVLSAHVZUxIAcW4TUgB1QJOSAHVAk9IAdUC
291=UEgBJcUkUUgBJcUkUkgBJbEnU0gB1U9USAHVT1VIAd1XVigpAFdIAckXWCgpAFlIAc0FWk
292=gBwQRbSAHZdFxIAdUYXSgpAF4oKwARADicA1kcEigpABMoKQAUSAHFExVIAckMFigpABco
293=KQAYSAHBDxlIAc1+GkgBxQgbSAHFCBwoKQAdKCkAHigpAB8oKQAgKCkAISgpACIoKQAjKC
294=kAJCgpACUoKQAmSAF4aUWtJ8gBSVkoSAFka1UCKcgBVQIqSAF8TFUCK8gBVQIsSAHd2y1I
295=AWBcQQQuyAFBBC9IAWBRVQIwyAFVAjFIAWxoXSsyyAFBUTNIAWwFVQI0yAFVAjVIASWRRD
296=ZIAWAEUQk3yAFRCThIAcEPOcgBVQI6SAF0ZU0FO8gBVQI8SAHVGD3IAVUCPkgBzQU/yAFV
297=AkBIAc0FQcgBVQJCSAHNEEPIAVUCREkBeGtGAgBFyAFJF0ZJAX+1AkfIAVUCSEgB2T1JKC
298=kASkgB1URLSAF0Bl0gTEgB3WJNSAHVAk5IAc1HT0kB9bXIUEgBJelaUUgBzQVSSQGwoQRT
299=SAHJ0lRIAcUIVUgB2RFWKCkAVygpAFgoKQBZSAHV3looKQBbSAHFCFxIAdUYXUgBzRBeKC
300=kAXygrABIAOZwDWRwTKCkAFEgBJSErFUgB3QoWKCkAFygpABgoKQAZSAHNfhpIAdkGGygp
301=ABwoKQAdKCkAHigpAB8oKQAgKCkAISgpACIoKQAjKCkAJCgpACUoKQAmKCkAJygpAChJAX
302=tsHiI+azkAaAFdQSpVAmy1AitJAWepASzIAUEELUgBeFNBJS7IAVUCL0gBdNNVAjDIAVUC
303=MUgBZGtZXjLIAVlTM0gB0VY0yAFVAjVIAdF3NkgBeAZRCTfIAVEJOEgBZGBVAjnIAVUCOk
304=gBzQU7yAFVAjxIAXRwTQU9yAFVAj5IAc0FP8gBVQJASAHNBUHIAVUCQkgBwRpDyAFVAkRI
305=AWRrQRpFyAFJF0ZIAWRrVQJHyAFVAkhIAcU/SSgpAEpIASXxUEtIAd3QTEkBkaktTUgBJY
306=UnTkgBJ84aOQAlOVpQVAIlWSdRSAElZU9SSAEliUNTSAHVT1RIAc0QVSgpAFYoKQBXKCkA
307=WEgBwetZSAHVDVpJAbKldltIAdl0XEgB3QpdSAHRbF5IAXAYVS5fKCkAYCgrABMAOpwDQQ
308=QUKCkAFUgB0WwWSAHJehdIAckMGCgpABkoKQAaKCkAGygpABwoKQAdKCkAHigpAB8oKQAg
309=KCkAISgpACIoKQAjKCkAJCgpACUoKQAmKCkAJygpAChIAXhpXUEpyAFdQSpIAWRrWUgrSA
310=Fka0EELMgBQQQtSAFka1UCLsgBVQIvSAFgUVUCMMgBVQIxSAFsBUUpMsgBXQozSAFsBVUC
311=NMgBVQI1SAElKDcHNgA6ADsBAAACAhEAAGIPACAKADcAOgA7AQAAAwIAOEgBBT4BAAACAg
312=A5yAFVAjpJATu1AjvIAVUCPEkBPbUCPcgBVQI+SAHNBT/IAVUCQEgBzQVByAFVAkJJAT+l
313=CEPIAVUCREkBOlQCAQACAEXIAQEBAgBGSgF1AEMAAgBHyAFVAkjIAV0VSUkB8LkGSkoB//
314=+NBUsoKQBMSQH3oQRNSQHvqQFOSQHtqQFPSAHVAlBJAfG1AlFJAa+pAVJJAaqpAVNJAfap
315=AVRIAcUIVUkB8rUCVkgB1QJXSAHVAlhIAdEUWUkBrq0FWkkB+6kBW0gB2QZcKCkAXSgpAF
316=5IAdEUX0gB0RRgSAFcHUI3AGEoKwAUADuQAkUpFSgpABYoKQAXSQH6oQ8YSAHRFBlIAc0Q
317=GigpABsoKQAcKCkAHSgpAB4oKQAfKCkAICgpACEoKQAiKCkAIygpACQoKQAlKCkAJigpAC
318=coKQAoKCkAKSgpACooKQArSQFjex8CACzIAUFGLUgBeFNJIi7IAVUCL0gBeF5VAjDIAVUC
319=MUkBPFQjUUsyyAFZUzNIAdFWNMgBVQI1SQFFTAVFCDZIAXgGSQE3yAFRCThIAXgGVQI5yA
320=FVAjpIAc1dO8gBVQI8SAHFCD3IAVUCPkgBzQU/yAFVAkBIAc0FQcgBVQJCSAHBGkPIAVUC
321=REgBZAhBGkXIAUkXRkkBdUAlSQFHyAEBBAIASMgBAQUCAElIAd1BSkgB1U9LKCkATEgBwQ
322=RNKCkATigpAE8oKQBQKCkAUUgB0QlSKCkAU0gBwVFUSAHVZVVJAbK9K1ZJAfypAVdJAa6p
323=AVhIAdUCWUkBr7UCWkkBpqkBW0gBzV1cSAHdFV0oKQBeKCkAX0gBwQ9gSAFQI6RrJzkNYi
324=hXABUAPJwDQTsWKCkAFygpABgoKQAZSAHVhhpIAc0QGygpABwoKQAdKCkAHigpAB8oKQAg
325=KCkAISgpACIoKQAjKCkAJCgpACUoKQAmKCkAJygpACgoKQApKCkAKigpACtIAWRrWUgsyA
326=FNRy1IAWRrVQIuyAFVAi9IAWBRVQIwyAFVAjFIAXjBTSYyyAFZUzNIAWwFVQI0yAFVAjVJ
327=AUSpODZIAWxdUQk3yAFRCThIAWRrVQI5yAFVAjpIAc1dO8gBVQI8SAHFCD3IAVUCPkgBzQ
328=U/yAFVAkBIAc0FQcgBVQJCSAFwFFUNQ8gBVQJESAFsEEkXRcgBSRdGSQFGqRdHSAFwbEEE
329=SMgBQQRJyAFRCUpIAd1BSygpAEwoKQBNKCkATigpAE8oKQBQKCkAUSgpAFJIAclZU0gB2e
330=JUSQH4pRNVSAHVAlZJAbC1AldJAaKpAVhJAaqpAVlJAf2pAVpJAaupAVtIAdFsXEgBwVxd
331=SAHBGl4oKQBfKCkAYEkB9aUIYUgBk2gCAGIoKQBjKCsAFgA9nANZJxcoKQAYKCkAGUgB1X
332=saSAHBDxsoKQAcKCkAHSgpAB4oKQAfKCkAICgpACEoKQAiKCkAIygpACQoKQAlKCkAJigp
333=ACcoKQAoKCkAKSgpACooKQArSQFiYB1t1j1OIQAAVUQtVAJ4U1EfLsgBVQIvSQFCuScwSQ
334=FDqQExSAFka0VKMsgBWVMzSAHRVjTIAVUCNUgB2VM2SAF4BkkMN8gBSQw4yAFVAjnIAVUC
335=OkgBfGJVAjvIAVUCPEgBaAxVAj3IAVUCPkgBzQU/yAFVAkBIAWAaURRByAFZEUJIAc0QQ8
336=gBTQVESAFka00FRcgBTQVGSAHFHkdIAWRrVQJIyAFZ10nIAVnXSkgB3UFLSQFevStMyAFJ
337=DE1JAVu1Ak7IAVUCT0kBXLUCUEkBXakBUcgBQQRSSAHdClNIAcXZVEgB1QJVSAHVAlZIAS
338=WpJldJAbGxNVhJAfmpAVlIAclvWkgByW9bSQGpoQRcSAHBXF1IAckMXigpAF9IAcF9YEgB
339=2eJhSAHJDGJJAZO1GGNIAWQBUTVkKCsAFwA+kAJVAhgoKQAZKCkAGkgBzRAbSAHNEBwoKQ
340=AdKCkAHigpAB8oKQAgKCkAISgpACIoKQAjKCkAJCgpACUoKQAmKCkAJygpACgoKQApKCkA
341=KigpACtJAWJUG1lILMgBQUYtSAHBUS7IAVUCL0kBbUwFXSAwyAFZPTFJAWy1AjJJAWupAT
342=PIAUEENEkBbrUCNcgBVQI2SAF0WkEPN8gBSQw4yAFVAjnIAVUCOkgBdGVVAjvIAVUCPEgB
343=ZGtVAj3IAVUCPkgBzQU/yAFVAkBIAXRlSRdByAFNEEJIAc0QQ8gBTQVESAF8Ck0FRcgBTQ
344=VGSQFCqU5HSAHdg0hJAXetG0nIAU0FSkgByWRLSAFka1EUTMgBSQxNSAFka1UCTsgBVQJP
345=SAF4BkUIUEgBZGtBBFHIAUEEUkkBWrUNU8gBTQVUSAFsBV0VVcgBVQJWSAHBUVdIAd1tWE
346=gB1QJZSAHJb1pIAclvW0gBxdlcSAElaSldSAHZ115IAcUIX0gBJ2YNPgDFCGFUAiXBKWJI
347=Ad1tY0gBZBdRFGQoKQBlKCsAGAA/nANBBBkoKQAaKCkAG0gBzRAcSAHNEB0oKQAeKCkAHy
348=gpACAoKQAhKCkAIigpACMoKQAkKCkAJSgpACYoKQAnKCkAKCgpACkoKQAqKCkAK0kBYWga
349=btY/AGgBWTItVQJwtQIuyAFVAi9IAWRrWT0wyAFZPTFIAWRrQQQySAFka0EEM8gBQQQ0SA
350=Fka1UCNcgBVQI2SQFoqQw3yAFFCDhIASIYKl0rOcgBVQI6SAFkYFUCO8gBVQI8SAHNBT3I
351=AVUCPkgBzQU/yAFVAkBIAWRrTRBByAFNEEJIAXRwXQpDyAFNBURIAWRrTQVFyAFNBUZIAS
352=WJOEdIASdmDT8AZGtNBUlUAmgBTQVKSAHJZEtIAWRrUdpMyAFR2k1JAYJQHwEnAgBOyAEB
353=KAIAT8gBASkCAFBIAXRlWQZRyAFZBlJIAWRrVQ1TyAFVDVRIAWwFVQJVyAFVAlZJAYBIDE
354=0bV8gBTRtYSAHNUlkoKQBaSAHRbFtJAY25BlxJAYupAV1IAdVaXkgBxQhfKCkAYEgBxQhh
355=SAHN4WJJAaW1kWNJAZGxCWRJAYepAWVIAWQBURRmKCsAGQBAkAIBAAIAGigpABtIAdnXHE
356=gBzRAdKCkAHigpAB8oKQAgKCkAISgpACJIASWZOiMoKQAkSAHdCiVIAcEEJkgB1QInKCkA
357=KCgpACkoKQAqKCkAK0gBeGlZMizIAVkyLUgBZGtVAi7IAVUCL0gBZGtZPTDIAVk9MUgBwQ
358=8yKCkAMygpADRIAWRrWQY1yAFZBjZJAWhAKEkMN8gBSQw4SAF0ZVUCOcgBVQI6SAF0ZVUC
359=O8gBVQI8SAHNBT3IAVUCPkgBzQU/yAFVAkBIAXRlUTVByAFdTEJIAWRrXQpDyAFNBURIAW
360=QITQVFyAFNBUZIAWwFVQJHyAFVAkhIAd0KSUgB3W1KSAHNBUvIAU0FTMgBRQhNyAFVAk5I
361=AcUIT8gBVQJQSAHFCFHIAVUCUkgBIighSQFTSAFohVEJVEgBZGtdK1XIAV0rVkgBZGtNG1
362=fIAU0bWEgB0TVZKCkAWkkB9KVgW0kBklgyXQpcSAElLVNdSAHZBl4oKQBfKCkAYCgpAGFI
363=AdFsYkkBsb0KY0gBJY0oZEkBkKkMZUgB0XdmSAFwAkEPZygrABoAQZACVQIbKCkAHEgB0W
364=wdSAHFYB4oKQAfKCkAIEgByRchSAHN7CJIAYMLAgAjKCkAJEgB2e0lSAHBBCZIAdmKJ0gB
365=0QkoKCkAKSgpACooKQArSQF7aAhu1kEAaAEBAQIALVUCfbUCLsgBVQIvSAHdCjAoKQAxKC
366=kAMigpADMoKQA0KCkANSgpADZJAWapDDfIAUkMOMgBXUE5SAHRSzrIAUEEO0gBycc8SAF8
367=TFUuPcgBQQQ+SAHZBj/IAVUCQEgBfFddCkHIAV1MQkgBbHNFCEPIAU0FREgBZGtNBUXIAU
368=0FRkgBfApVAkfIAVUCSEgB3QpJyAFVAkpIAc0FS8gBVQJMyAFFCE3IAVUCTkgBxQhPyAFV
369=AlBIAcUIUcgBVQJSSAFkHkkBU0gBZGtRCVTIAVUCVUkBRqlZVkkBdL0rV8gBTRtYSAHJOF
370=lIAd1MWkgBaAVdIFtIAdlpXEgBzQVdKCkAXigpAF8oKQBgKCkAYUgB2XRiSAElQUVjSAHZ
371=U2RIASVxKmVIAdVwZkkBj3MQAgBnSAFkAVkRaCgrABsAQpACVQIcKCkAHSgpAB4oKQAfKC
372=kAIEgBwQ8hSAHFEyJIAZQJZmtCAMEPJChVACUoKQAmSAHFCCdIAckiKCgpACkoKQAqKCkA
373=K0gBeWkCZWtChGtFNC1UAmRrVQIuyAFVAi9IAd2DMEgByQwxKCkAMigpADMoKQA0KCkANS
374=gpADZJAWZQG10KN8gBUa44yAFRrjlIAdFLOsgBTQU7SQFGrUc8SAF8TFEUPcgBQQQ+SAHZ
375=Bj/IAVUCQEgBdGVZMkHIAV1MQkgBZGtFCEPIAU0FREgBZAhNBUXIAU0FRkgBxQhHyAFVAk
376=hIAWQITQVJyAFVAkpIAc0FS8gBVQJMyAFNBU3IAVUCTkgBxQhPyAFVAlBIAcUIUcgBVQJS
377=yAFFCFPIAVUCVEgBbHNVAlXIAVUCVkgBInAqVQJXyAFVAlhJAX9ULlUCWcgBVQJaSAHNXV
378=tIAcE7XCgpAF0oKQBeKCkAXygpAGBIAdl0YUgB2WliSAHZdGNIAd0KZCgpAGVIAdkGZkkB
379=jKUTZ0gBJbkoaEgBcAJdFWkoKwAcAEOQAlUCHSgpAB4oKQAfKCkAIEgBJeVUIUgBnwYCAC
380=JIASXRKyNJAYN7AgIAJEgByeglSAFwAkkMJkgBxeQnSAHVGChIAdFhKSgpACpIAcEEKygp
381=ACxIAc0FLUgBwQQuSAHRHy9IAdUNMEgB3XgxSAHNBTIoKQAzKCkANCgpADUoKQA2KCkAN0
382=kBZGALIqZ4QwBoAVk9OVQCyU46yAFVAjtJAUTma0MAeLZRHz1UAmgBQQQ+SAHZBj/IAVUC
383=QEgBZFVNaEHKAQMCSjVDAGxzRQhDVAJoAU0FREgBZGtNBUXIAU0FRkgBxQhHyAFVAkhIAX
384=QNTQVJyAFVAkpIAc0FS8gBVQJMyAFNBU3IAVUCTkgBxQhPyAFVAlBIAcUIUcgBVQJSyAFF
385=CFPIAVUCVEgBZGtVAlXIAVUCVkgBZGtVAlfIAVUCWEgBZGtVAlnIAVUCWkgByThbKCkAXC
386=gpAF0oKQBeKCkAXygpAGAoKAAEYQBDAO8BABEAAI8PACAIAAACAGIAQwDtAQBoAQFjAEMA
387=yQFkKCkAZUkB8KEEZkkBkEgFWQZnSQGGqQFoSAFkAVUCaSgpAGooKwAdAEScA0EEHigpAB
388=8oKQAgSQH8qQwhSAGTBQIAIkgB1Q0jSAHVDSRIAcEEJUkBj28BAgAmSgH//08BAgAnSAHR
389=CShIAdUCKSgpACpJAfq1DStJAfSpASxIAc0FLUkB9rUCLkgBwQQvSAHBBDBIAcUIMUgBzS
390=YyKCkAMygpADQoKQA1KCkANigpADdJAWNEF1UjOMgBAQECADlJATtMEAECAgA6yAEBAwIA
391=O0kBRVQCTQU8SQE/SAFBBD3IAUEEPkgB2QY/yAFVAkBJATxMBVkGQcgBSQxCSQE6VAJFCE
392=PIAU0FREkBQlQCTQVFSQFDqQFGSAHdCkfIAU0FSEgBZAhNBUnIAV0KSkgBZBNVAkvIAVUC
393=TEkBPbEJTcgBVQJOSAHFCE/IAVUCUEgBxQhRyAFVAlJJAT6lCFPIAVUCVEgB3QpVyAFVAl
394=ZIAdUYV0kBdr0rWMgBQQRZyAFRH1pIAck4WygpAFwoKQBdSQHyoQ9eSAHNBV8oKQBgKCkA
395=YSgpAGIoKQBjKCkAZCgpAGVIAd0KZkkB9akMZ0kBjL0VaEkBhakBaUkBh6kBakgBZAFdK2
396=soKwAeAEWQAlUCHygpACAoKQAhKCkAIigpACNIAdUNJEkBiW8IAgAlSQGDqQEmSAHBDydI
397=AcVgKCgpAClJAY2tBSpIAc0FK0gBzQUsKCkALUgBzXMuSAHBBC8oKQAwSAHJejFIAdFsMk
398=gBwSUzSAHBMDQoKQA1KCkANigpADdJAWNEE008OMgBUVY5SAHNaDpIAdVPO8gBSUM8SAHd
399=TD3IAVUCPkgBzQU/yAFVAkBIAWRrSQxByAFJDEJIAdVPQ0kBb0wQWTJEyAFZBkVJAW61Ak
400=bIAVUCR0kBRLFASEgBdA1dCknIAV0KSkgBfGJVAkvIAVUCTEgBZGBVAk3IAVUCTkgBxQhP
401=yAFVAlBIAcUIUcgBVQJSSAFkHkUIU8gBVQJUSAHdClXIAVUCVkkBQ7EUV0gBZGtVAljIAQ
402=EEAgBZyAEBBQIAWkgB0TVbKCkAXEgBzapdSQGusQleSAHRrl9IAdkGYEgBxT9hSAHVAmJI
403=AdUCY0gB1QJkSAHdCmVIAc1SZkgB1VpnSAHVWmgoKQBpKCkAakgB3VdrSAFgNF02bCgrAB
404=8ARpACVQIgKCkAISgpACIoKQAjSQGOdwUCACRIAWQBWQYlSAHdbSZIAdkRJ0gBwX0oKCkA
405=KUgBwQQqKCkAK0gBwRosSAHdFS1IAdlpLigpAC8oKQAwSQGScxACADFIAWQBWREyKCkAM0
406=gB3W00SAHdKzVIAd0rNigpADdJAWZrCAIAOMgBXVc5yAFZSDpIAdVPO8gBVUQ8SAHdTD3I
407=AVUCPkgBzQU/yAFVAkBIAd1MQUgBxXZCSAHJZENIAWRrVQ1EyAFZBkVIAWRrVQJGyAFVAk
408=dJAWy9FUhJAWupAUnIAUkXSkkBarUCS8gBVQJMSQFptQJNyAFVAk5JAWe1Ak/IAVUCUEgB
409=0RRRSAFgGl0rUsgBQQRTSAFo6FUCVMgBVQJVSAFgiFUCVsgBVQJXSQF0qQxYyAFVAllIAc
410=0xWigpAFtIASV9JlxJAay5aV1JAaWpAV5IASdmDUYAyWRgVAJkDEEPYUgB1bJiSQGTewIC
411=AGNIAdUCZEgB2WllSAElJSZmSQH9qQxnSAElqSZoSQGIpQhpKCkAakgB2QZrSAF8A0EPbC
412=gpAG0oKwAgAEecA0EEISgpACIoKQAjSAHVDSRJAYV0BW7WRwDVZSZUAskBJygpACgoKQAp
413=KCkAKkgBxRMrSAHNaCxIAdF3LUgB1QIuKCkAL0gBwdUwSAHBBDFIAcElMkgB2XQzSAHZdD
414=RIAXgVTRs1SAHZMjZIAcE7N0gBZGtRVjjIAU2qOcgBTao6SQFtaAgiNihHAGgBSUM8VALB
415=XD1IAcFcPsgBQQQ/SAHBXEDIAVUCQUgBwVxCyAFVAkNJAX6pDETIAVUCRUgBZGtZEUbIAV
416=kRR0gBYA9BBEhIAWAPSW9JyAFVGEpIAWAPVQJLyAFVAkxIAWAPVQJNyAFVAk5IAWRrVQJP
417=yAFVAlBIAc1+UUgBZGtBBFLIAUEEU0gBZGtVAlTIAVUCVUgBZGtVAlbIAVUCV0kBeK0bWM
418=gBSRdZSQF/tQJayAFVAltIASdnDUcAr61dXVUCqakBXkkB+KkBX0gBYAhBO2BIAd1iYUkB
419=j3gCIpw1J1ULY1UCkbUCZEgB1WVlKCkAZkkBi6EEZ0kBIakBaEgBRBgipTZpSQEitQJqSA
420=HRYWtIAdkGbEgBfANZEW0oKQBuKCsAIQBInANBBCIoKQAjKCkAJEgB3QolSAHZaSYoKQAn
421=KCkAKCgpACkoKQAqKCkAK0gB2XQsSAHRCS1IAdUCLigpAC9IAcEEMEgBwQQxSAHZdDJIAY
422=8XAgAzSAHR2jRJAfutMTVIAdlpNigpADcoKQA4SQF7aAginjVIAGgBWT06VAJ4aUFGO8gB
423=WS08SAHBXD1IAcFcPsgBQQQ/SAHBXEDIAVUCQUgBwVxCyAFVAkNIAWRrSQxEyAFVAkVIAd
424=0VRkgBxe9HKCkASEgBwQRJKCkASkgBzQVLSAHBBEwoKQBNSQFluRxOyAFZHE/IAU0QUEgB
425=JZ0qUUkBRrknUkgB1QJTSAHJb1RJAUWhBFVIASIQKU1HVsgBXQpXSAFka10KWMgBTRtZSA
426=Fka1UCWsgBVQJbSAHdFVxJAe+9Cl1JAfOpAV5IAclvX0gB1WVgSAHdQWFIAdVEYkgB2atj
427=SAHVZWRIAUQNdWVlKCkAZigpAGdJASW1I2hIAWQBAQADAGlJASZvAQIAakgBxQhrSAHdbW
428=xIAcl6bUgBaAVdIG4oKQBvKCsAIgBJnANBBCMoKQAkKCkAJUgB0WwmSAHBGicoKQAoKCkA
429=KSgpACooKQArKCkALCgpAC0oKQAuKCkALygpADAoKQAxSQGKexQCADJIAWQBXRUzSQH5rT
430=E0SQGyqQE1SAEljSg2SAHJODdIAcFROEgBeGlZPTnIAUkoOkgBZGtJxzvIAUnHPEgBxQg9
431=KCkAPigpAD8oKQBAKCkAQUgB1Q1CSAHFCEMoKQBEKCkARUgBJb0jRkgB3TZHSAHZHEhIAc
432=EaSUgBzQVKSQGupR5LSAHBBExIAdUNTUkBZUgITRtOyAFNG0/IAU0bUEkBRaUIUUgBcB9R
433=KlLIAVVlU0kBaEQIVQJUyAFVAlVIAWRrWSdWyAFJDFdIAcUIWMgBTQVZSAFsiUUIWsgBVQ
434=JbSAHRFFxIAc1oXUgBJYkiXkgBJVknX0gB1QJgSQGMuRFhSAHBUWJIAdGuY0gBRA15aWRo
435=AW8FAwBlKCkAZigpAGcoKQBoKCkAaSgpAGooKQBrSgEGAlcJAgBsSAHRYW1IAcXZbkgBWA
436=NhD28oKQBwSAHHNCMASpwDVRMkKCkAJSgpACZIAd0KJ0gBzRsoKCkAKSgpACooKQArKCkA
437=LCgpAC0oKQAuKCkALygpADBIAc0mMUgBiBNkayeRAjNUAiXdJzRJAfG1RDVIAcEaNkgBxT
438=Q3SAHJbzhIAcFROUgBzTw6SAHRYTtIAdUCPEgB1QI9SAHVAj4oKQA/KCkAQEgB2V5BSAHN
439=EEJIAdEUQ0gBxQhESAHFSkVIASWlK0ZIAdEqR0gBwbRISAHVsklJAay5HEpJAaKpAUtJAa
440=apAUxIAdUNTUgBYIhVOU7IAVVaT0gBZO9VAlDIAVUCUUgBfGJVZVLIAVVlU0gBZGtVAlTI
441=AVUCVUgBbAVFCFbIAUUIV8gBTQVYyAFNBVlIAWRrVQJayAFVAltIAd0gXEgB3StdSAEl4U
442=5eSAHZaV9IAcU/YEkBjG8BAgBhSAElsSdiSAHRrmNIAVQSYVxkaAFsBWRrw0YDAGZUApsy
443=AwBnSAF8A0HVaCgpAGkoKQBqSQEnZwQCAGtJASOpAWxIAWQBWQxtKCkAbigpAG8oKQBwSQ
444=GtuTJxSAHbBiQAS4QBRQglKCkAJigpACdIAdFsKEgB3UEpKCkAKigpACsoKQAsKCkALSgp
445=AC4oKQAvKCkAMEkBhnQQIgRDJzkCMlQCcAJFEzNIAdlINEgBxVU1SQGvoRo2SQGqqQE3SA
446=ElkS44SAGcKyI2KEsAJUEvOihVADtIAcFyPEgBzQU9SAHVDT5IAclDP0gB2WlASQGwtQ1B
447=SAElzTBCSAHdeENIAdlIREgB2QZFSQGQZxoCAEZIAcUpRygpAEhJAYqhBElIAc0bSkkBp7
448=UNS0kBpakBTEgB0RRNSAFka1VaTsgBVVpPSAFka1UCUMgBVQJRSAF0ZVHaUsgBUdpTSQF8
449=oQ9UyAFNaFVIAWwFRQhWyAFFCFfIAUUIWMgBRQhZSAHBJVooKQBbSAHRNVxIAc1oXSgpAF
450=4oKQBfSAFoEFk9YEkBjmwBZGsnPQhiVAJwAkEEY2gBrctkSQGuaCJka8wFZ2tLAKu1AmdB
451=BKqpAWhIAYQIIjQoJ60AalQCwdVrSQGNZARv1ksAi6kBbVUCsGcIAgBuSQGkqQFvKCkAcE
452=gBzZ9xSQGmoQRySAFgCF8VJQBMhAFJASYoKQAnKCkAKEgBzYkpSAHJQyooKQArKCkALCgp
453=AC0oKQAuKCkALygpADBJAYZoD2RrJw0CMlQCcAJZETNIAdFWNEgB0VY1SAElvS42SAHZoD
454=dJAaytGzhIAcFROUkB/LUCOkgB0VY7SAHBJTxIAclkPUgB1Q0+SAHJQz9IASVtL0BIAUxM
455=aaZBKCkAQigpAEMoKQBEKCkARUgBJRUvRkkBkHMbAgBHSQGKqQFISAHJDElIAckMSkgB2Q
456=ZLSQGxtRhMSAHRFE1IAdVaTkgB1SNPKCkAUEgBwQRRKCkAUigpAFNIAWRrTWhUyAFRD1VI
457=AWRrTWhWyAFNaFdIAdEJWEgB1Q1ZKCkAWkgBwQRbSAHZJ1xIAXQcVTldSAHdV15JAYV7Ag
458=IAXygpAGBIAckiYUgBfANZBmJIAdUjY0gBJe00ZEkBrWgiZGvMR2ZrTACAJW7WTADJ0mhN
459=BQmhcmkoKQBqSAHB1WtJAY54DWRr0wkCAG1UAnACTRBuSAHNR29IAdlpcCgpAHFJAaV7EQ
460=IAckgB2QZzKCsAJgBNkAJRCScoKQAoSAHdQSlIAdX0KkgB0WwrKCkALCgpAC0oKQAuKCkA
461=LygpADBIASdkDSfhATJUApAQIgRDJ1UANChVADUoKQA2KCkAN0gB0R84SAHVZTlIAdEJOi
462=gpADtIAYMwAgA8SAHBBD0oKAABPgBNABEAAJIQACAK/AEAAAACAD8ATQAAAokBQEkB/XcC
463=AwBBSQGRUAIBAAMAQkkBiakBQ0kBhakBREkBh6kBRUkBJmsBAgBGSQEDsQlHKCkASEkBJa
464=EESUkBj2sBAwBKSQEGrQVLSAGDDwIATEkBsm0QAkMBTQD4qQFOUQGsqQFPSQGmqQFQSQH6
465=qQFRSQHtqQFSKCkAUygpAFQoKQBVKCkAVkkB8rkGV0kB9KkBWEgBbBRZIllIAZ8VAgBaSA
466=HVDVtIAdkGXEkB8bkGXUkBjH8GAgBeSQGDqQFfSQGKqQFgSQEhqQFhSAHBJWJIAdUjY0gB
467=fANVLmRJAat/CgMAZUkBqqkBZkkBJ2cEAgBnSQEjqQFoSAFkAV0VaUgBnzYCAGpIAZM1Ag
468=BrSQGGZwQCAGxJAbBzCQIAbUgBnwoCAG5IAXwDRQhvSQGvoQRwSQGiqQFxKCkAckkBprUC
469=c0gB2QZ0KCsAJwBOkAJRCSgoKQApKCkAKkgBwSUrSAHBJSwoKQAtKCkALigpAC8oKQAwSQ
470=GGcwwCADFIAWQBVQ0yKCkAM0kBTFgCAQEGADRJAUhIAQEABgA1yAFVAjZJAUW1AjfIAQEB
471=AgA4SAFwAlEJOUgBwVE6SgH//18CAgA7SAFAAWVmPEgB0VY9SAHBOz5IAcE7P0gBwTtASQ
472=GTfAZna04A+XgnZmtOAJ8KAwBDQQSQoQRESAGLIgMARUgByW9GSAGXOQMARygpAEhIAcEE
473=SUgBiCJma04AwXJLVQIifApna04A+2APZmtOAM1dTkAEn0wCAE9JAamhBFBIAXQGXSBRSQ
474=H2tQJSSAHRbFMoKQBUKCkAVUkB8K0FVkgBxQhXKCkAWEkBjXsCAgBZSAGcFWRrJ8EIW1QC
475=fANBD1xIAc2UXUgBlSMCR2tOAIpnBAIAX1QCZAFNBWBoAa2JYWgBewIDAGIoKQBjKCkAZE
476=kBsXAUZGvDDwMAZlQCzSZnSQEeZwgCAGhIAVhCeT1pKCkAakgB2RFrSAHZEWxIAXQGWRFt
477=KCkAbigpAG8oKQBwSAHVLnFIAdFsckkBp2cTAgBzSQGmqQF0SAHdCnUoKQAoWDXVAikoKQ
478=AqSAHFEytJAYhnBAIALEgBh0oCAC0oKQAuKCkALygpADBJAYa5BjFIAWQBQRoySAF4aQEC
479=BgAzyQEDZ2tPALBwFGdrTwCkqQE2QQSmqQE3SAFybAQGRWtPWFkDAAAFAgA5VAKbXgIAOk
480=gByQw7SQGuewYCADxIAdUCPWgBoTs+aAF7AgMAPygpAEBJAfd4BmZrTwCUT2drTwCPrQVD
481=QASXDQMAREkBjrUCRUgB1QJGSAGUkWVrT7NLAwBIVAJoBUmxSUgBwQRKSQGHewIDAEtIAc
482=FGTEgB0WxNSAGBfQJKNU8AnExma08A1QJQQQSufxUCAFFIASdmDU8AwcpTVALRbFQoKQBV
483=SAGPGwIAVkgBaBBZMldIAdlpWEgB2T1ZSAHNUlpIAc0FW0gBzZRcSAHNlF0oKQBeKCkAXy
484=gpAGBIAdGYYUgB0SpiSAGfCgMAYygpAGQoKQBlSAGUDWZrTwCbaQMAZ1QCyQFoKCkAaSgp
485=AGpJAYVVIwRu1k8AaAFBRmxUApQNbdZPhAFRH24oVQBvSAGDUQIAcEgB2WlxSAHdmXJIAZ
486=wGZGsnWQZ0KFUAdSgpAHYoKwApAFCUBlUNKigpACsoKQAsSQGQaARma1AA0WwuVALJAS8o
487=KQAwSQGGrQUxSAFkAV0KMkkBVGwBZWtQuMFkaycpADVBBK9IIlnXNkkBpakBN0kBQrkGOM
488=gBXZQ5SQGsYARla1Cgcm/WUACntQI8QQSqqQE9SAFcD2mbPmgBcAlma1AA2WlAVAKMUmVr
489=UChnDVAAjK0FQ0EEhakBREgBjBts1ssXAwBGVQKOoQRHSAHdbUhIAZNWAwBJSAGAJWzW2C
490=dna1AAh7kGTEAE0WxNSAHRVk5IAd1tT0kBsKEaUEgB2T1RSAHJx1JIAWwJSR1TSAElASdU
491=SAHRbFUoKQBWSAElLSdXSQGSfwYCAFhIAWQBRQhZSAGUWm7WUADZEVtUAslkXEgBzRtdSA
492=HVI14oKQBfKCkAYCgpAGFIAd0gYkkBi3gNZGvXTwMAZFUCsngcb9ZQAP6pAWZUApkRBEVr
493=ULFsBEzWJykAaUAEn20EAGpJAYZ7BgUAa8gBAQEGAGxJAUd3DQYAbcgBVQJuSQFGtQJvyA
494=FRS3BIAd2ZcUgBfANJInIoKQBzKCkAdCgpAHUoKQB2KCkAdygpACpAodEJKygpACwoKQAt
495=SQGQZwQCAC5IAdWcLygpADBJAYqhBDFIAWQBRRMySAFka0EaM0gBI9ssBQA0SQEJY8oFAD
496=VJAShzBQUANkgBjxsGADdJAYNAJVkGOMkBAm7WUQCUcGdrUQClQARJDDtABGAISQE8KCkA
497=PWgBawwCAD5oAWQEZmtRAI9SAwBAVALRYUFIAdUCQkgBJ2UNUayJbtZRACdlDVG8g2drUQ
498=CSvQpHWAbRCUhIAYAlZGsnBQFKVALRS0soKQBMSQGFpQhNSAHdbU5IAd1tT0gBwVxQKCkA
499=USgpAFIoKQBTSAHBclRIAdFsVUgBgIht1lH921dVAvW5J1hIAZxXIjYoUQDNaFpUAmATRe
500=9bKCkAXEgB1SNdSAHBGl4oKQBfKCkAYEgBl0QDAGFIAYhDIjUoUZgKXQpjVAKMAWZrUQCM
501=EGRrzBBv1lEAHWQEZGvBBAVGa1EATEECAAAFAGlECMkBakgBZWsCZ2tRAKxsG2drUQCmqQ
502=FtQASX/wYAbkkBRH8KBgBvyAGEa8cTAgBxVAJ8A0VKcigpAHMoKQB0KCkAdSgpAHYoKQB3
503=KCsAKwBSjAlRCSwoKQAtKCkALigpAC8oKQAwKCkAMSgpADJIAXyRXWIzSQEGYFx7aVIArn
504=gceWlSoJN6aVIAbmgEBVhpqAEBBQUAOFgGdAJJBznJAQd7aVIAq2QIYdVSrCYiCShSuzIC
505=AD1MBclDPkgBhBp5aVLxYUBUAiMgNmPVUgCRZAQiCihSANFAQ0AEyQFESAHdQUVIAcFnRi
506=gpAEdJAY+lCEhIAcEESUkBjLUCSkgB1U9LKCkATCgpAE1JAYatBU5IAWQBSU5PKCkAUEgB
507=0cRRSAHVcFJJAYtzBQMAU0gB1XBUSAHVcFUoKQBWSAHdbVdIAZxXYdVS7WhZVAJsCUEPWk
508=gBJb05W0gB1QJcSAHJhV1IAdUjXkgBzRtfSAHBJWBIAdkGYUgBlA15aVKg4GDVJykAZEAE
509=kDV4acs4BABm9AJ4aVw2eD16aVIAiS0GWGlUAiKFPQZB1VIkrSwGQ9VSAK9sBXppUgAjWC
510=dj1VIAqrUCbl0Kj2gTemlSAGRrAQQGAHBUAmkBBXhpJwUMclQCaAVRYXMoKQB0KCkAdSgp
511=AHYoKQAsVDHZBi0oKQAuSAEiPDRRYS9JAUdnBAYAMMgBVQIxSAF0ZQECBgAyyQEDIoYnUw
512=BUX2GINFUCrXQYYWdTKOEMU4FnCGBnqgEJBEBnqAEBCgMAOVgGbWgLYWdTKOEMU+nSPEAE
513=SRwATQA9aAFlEwNd0FOgk2FnU7BsfdBTqC1hZ1Mm3SdCWQbvZBMiVkJTAMkBRFQCmLYihi
514=dTAJQufdBT9XBHQATJZEhIAdVaSUgBxUpKKCkASygpAEwoKQBNSAEn4QxTYRcAXVdPVQKN
515=cwEDAFBIAdEJUUgBzQVSSAF8A00FU0gBzQVUSAHNEFVIAd3bVkgBxWtXSAGEVWFnUyRnRA
516=MAWVQCxR5aSAGb1wMAW0gB0R9cSAHVDV0oKQBeSQGOewIDAF9IAWQBWRFgSAHVZWFIAZQN
517=YWdTJNc8BABjVQKmay0EAGRIAY8FBABlSAGMBWFnU7ugBQBn9AJiZ1MAkHdhZ1MkrCxhZ1
518=OosWBn2CdjZ1MAsWgMY2dTAJFoE3/QUwCKqQFvXQpDqQFwyAFJ0nFIAXACWUhyKCkAcygp
519=AHQoKQB1KCsALQBUIQRXU08GAC7IAVleL0kBsK0QMEgBJZ1AMUkBqrUCMkgBJX0mM0gBI1
520=hTb8tUAK1gBGtkVAAkfBFuy1QAwQQ3TQUfdAJqZFQAiAFrZFQABHTTa2RUAK9kCG/LVACp
521=qQE8WAaQCW7LVAAjCCgiqSZUuGlpZFS4aWlkVOFcQVgGI7g+bstUACP4MGlkVCQoTSKpJl
522=S8K2lkVCYBJ0ZYBsFRR0gB3VdIKCkASSgpAEooKQBLKCkATCgpAE1IAc21TkgB3QpPSAHd
523=ClAoKQBRKCkAUkgBzQVTSAHNBVQoKQBVSQGGZykDAFZIASObUAMAV0gBIz80AwBYSAF8A1
524=VaWUgBJckqWkgBI2QjaGQirC1LBAMAXFQCQAFxd10oKQBeSAElySpfSAGPXQMAYEgBjF0i
525=qCbHCAQAYlQChAhrZFQAsX02BElkVLykaWRU/WJmTAWECGtkVACPfwYGAGhVAq54BmtkVA
526=COtQJqVAKESmhk1A1oZCcpAG1ABGkFAGtkVACupQhvVAKYHG7LVAB0ZVnMcVQCaAFZzHJI
527=AZgGInhB0wkCAHQoVwAuAFW7SAYALygpADBIAY8bBgAxSAHFYDJIAcFcM0kBrGwQc2FVAK
528=epATVUAoxocWFVsLl9xVUick0AAHFhVSgxDFUmKVg6WAZEe1JzADtIASX9IDxIAYwxcWFV
529=Jv0gPlUCq3QNcWFVKDAM1Bh+xVUAI5gvcWFVJnFAQ1gGJcUkREgBJVEmRUkBkHgjfcVV/W
530=JHVALBUUgoKQBJKCkASigpAEsoKQBMSAHFVU1IAXgKTVJOSQGMbwEDAE9IAd0KUCgpAFEo
531=KQBSKCkAUygpAFQoKQBVSAHRbFZJAYe9CldIAcUeWEgB2cFZSAGLQwMAWkgBaAVZEVsoKQ
532=BcKCkAXSgpAF5IAZQufMXULnFhVYAISThhQASMAXBhJ1UAY1QCmAZwYdgGcGFYMnM1BQBm
533=QQSNfQYGXsVVAIAlcWFVrGhxYVUk4Dh9xVW4q3NhVQCRuQZsRQiJqQFtSAGQH3FhVbCjIq
534=IlVQDZtnBBBEKtBXHIAUFMckgBcAJJx3MoKQAvQIuIQyKZJFbxYTFUAiVBJDJJAbC1GDNJ
535=AampATRIAYh6b8BWAK+1AjZUAsEEN0gBRHC5XlasXW3AViQ7RAMAOkAEjV0DWF7ABCJ9MV
536=btXT1ABJwVIpgkyAx5XlYkwClvwFYApmAPeF7IF3peVgDZwUNECN2kREgB3UFFSAGEHnpe
537=VgDZU0dUAtlTSCgpAEkoKQBKKCkASygpAEwoKQBNSAHRuU5IAdEJTygpAFAoKQBRKCkAUi
538=gpAFNIAcFcVEkBhnUfA0k1ViZhalZUAs21V0gBfANVWlhIAc0bWUgBgFF7XlYAA3jtbMAn
539=KQBcQATVAl0oKQBeSAGMtXleVpgKTV1gVAKPAQQAYSgpAGJIAYgMbMDQNXleVreyBQBlQA
540=RMTCIxLWZJAZBoCHleVqSMel5WAN1XaUEEsGg4eF7AO3teVgCotQJsQATVWm1JAY6xCW5J
541=Aa2hBG9JAY+1AnBJAUGpAXHIAQEBAgBySAFwAkkSMETnhD99ulevUgUAMlQCg1EFADNIAY
542=wFfbpXqENhXFe8FX26V50DAHy6xAh9ulck/0EEADlECJEJBEBcwARgXMMEAwA8QQQCuTI9
543=SAGMBWBcB1cAAAAAAAADAD8RAADrDwAgCABXAKsBAAAAAwBASwGpAQBpAUFIAUABaQFCSQ
544=H6tQJDSQHwqQFESgH//0sEAwBFSQGRRAFFCEZJAYOpAUcoKQBIKCkASSgpAEooKQBLKCkA
545=TCgpAE0oKQBOKCkATygpAFAoKQBRKCkAUkkBhq0QU0gBZAFFE1RJAY5vAQMAVUkB9rUYVk
546=kB76kBVygpAFhJAfG1AllKAQACXwYDAFpJAfl3AgQAW0gBTAICAAAEAFwoKQBdKCkAXigp
547=AF8oKQBgKCkAYUkBIWsIBABiSQElqQFjSAFkAQEABQBkSQGtdw0FAGVJASR7AgUAZkkBKK
548=kBZ0kBjGsBBgBoSAGXLgYAaUkBh7UCakkBsWcIBgBrSQGNtQJsSQGFqQFtSAGDJQYAbkgB
549=zQVvSQGSoQRwSQFBSAEBAgYAccgBBAMCADEAWACHPwYAMkkBJkAEXRUzSQEiqQE0SQGQqQ
550=E1SAGLDAUANkgBcAJNBTdJAY9vAQUAOEgBZAFVAjlIAZMJBAA6SAGTCQQAO0kBrHcYBAA8
551=SQGmqQE9SQEGuTI+SAGHCAMAP0gBlBhpWViQAkU/QVUCsHsGAwBCSQGqqQFDSAHRQERJAf
552=O1AkVIAcU/RkkBjG8IAwBHSAGfKwMASCgpAEkoKQBKKCkASygpAEwoKQBNKCkATigpAE8o
553=KQBQKCkAUSgpAFIoKQBTSAGfNgMAVEkBhqUTVUgBzXNWSQHttRhXKCkAWEkB9LUCWUgBJy
554=oLWACQH2pZWACEHmhZzyYEAF1sBWsMBABeKCkAXygpAGBIAd1XYUgB3VdiSAF0BlU5Yygp
555=AGRJAatsEGpZWACAMGhZVA1rOAUAZ0AEiS0GSllYAIgtaFknKQBqQASQH2hZJ1UAbFQCzQ
556=VtKCkAbkkBi3MQBgBvSAHFVXBJAUK3AjIAWf1XM0gBi04FADRIAYtOBQA1SQGQbAVzVlkA
557=iakBN1UCiKkBOEgB1QI5SAGVDQVSVlkAjFJzVlkAr2Qec1ZZAKmpAT1MBZcNAwA+SAGUDX
558=NWWQD7YARyVlkA1ZFBQATNUkJIAdUCQ0gBJ/8VWQCTeBF/r1kA+KUIRkAEhClxVlmkKXBW
559=JykASUAEjyYDAEooKQBLKCkATCgpAE0oKQBOKCkATygpAFBIAYsiAwBRSAHdClIoKQBTSA
560=HBBFRJAYq9FVVIAWQBTXNWSAGBUQNei1kAzRtYVALNG1lIASfSClkAjF1yVlkAlFpzVlkA
561=sHAfcVZZsEtxVlmEDEG0X0QIxVVgSAHFVWFJAY9pBAVcr88FBQBjVAKQCXyv3DZyVlkAhA
562=hyVlkAhAhyVlkAiC1wVt0rBlyvJykAalAJiCJwVidVAGwoVQBtSAGIInyvJ00Kb1QC0VYz
563=TM7JATRIAYxHelNaAIxHeVNabRgAXW03QQSufCBtqlqnSgUAOVUC9bUCOkgBhAh4U8QIe1
564=NaAP1jBAQAPUEEsqkBPkgBjAV4U8wFeVNa/UxBQASMBW2qWq+JAwBDVALJkERIAd1XRUgB
565=wTtGSAGMJnlTWih4CicpAElABIwmeFMnVQBLKFUATCgpAE0oKQBOKCkAT0gB0aNQSAGYI3
566=tTWgCQbwEDAFJUApcuAwBTSAFwAkFRVCgpAFUoKQBWSAGITnlTWqlOA0aJWgBc4CJtJFlA
567=BJxBInggzDF6U1oAjDF5U1qsR3tTWgABYJ54U8cIBABf5wgEAGBIAZf0BQBhSAGQFHhT3A
568=p4U9AJeFPECHlTWu1SZlgGhQgGTKrYJ3hTJykAaUAEnysGAGooKQBrSAGbdAYAbEgBgw8G
569=AG1IAdVPbigrADQAW/WnNUgBlERhUVvtUjdVAq94SGNRWwCoqQE5VQKmqQE6SAGJTgVS+1
570=sAhAhgUcQIYVFbvVcEXqRbAJ1XBFH7W7irYVFbKCEKW4Q4SThCXArRNUNIAclOREgBhAR8
571=pCfZAEZUAichClsoIAonKQBJQASAJWBRJ1UASyhVAEwoKQBNKCkATigpAE9JAYZnDwMAUE
572=gBZAFRFFEoKQBSKCkAU0kBkWQEc/tbAImpAVVUAo/LAwBWSAGIkGFRW7g9YFEnoQRZQASd
573=bQRJNVvl+ltVArF0LmJRWwAjECliUVsAIxApYlFbAIFGBUJRWwCN7AVCUVsAiBdgUdwrYV
574=FbqFlgUcwQY1FbALBrDAYAZVUNqqkBZkgBnCtgUdgnYFEnKQBpQAScK2BR1w0GAGtUAm0f
575=AGBRJ50JbVQCw1E1AFz1TzZIAY9HBQA3SAHFojhIAYQIbp9cAJAfafNckAJdpDtABI9zBQ
576=A8SAHB9j1JAaxoF2tOXACmqQE/VAKABGlOXLPPAwBBVAIjxCRsn9wKb59cAPx7BgMAREEE
577=j3wNaE4nVQBGVQKMtQJHSAGQH2nzXPVPSShVAEooKQBLKCkATCgpAE0oKQBOKCkATygpAF
578=BIAZQ5bZ9c5UpSVAIjdDBsnyfpAlRUAmATWVNVSAHdTFZIAcmbV0gBJeUzWEgBjQUEWNTE
579=CGhO1CNtn1zldlxMBZAJaU5csFZrTlwAkGgIa05cAIipAWBNBYqpAWFIAWQBUTViaAFopm
580=lOXKdVBgBkVAKMG2hOzxsGAGZUApAqaE7QKmhOJykAaSiBAGpIAZQNaE4nRQlsVALfTDYA
581=Xf1MN0gB3Uw4SAGAv3FLXeGeOlUCsGQ/f5ldAKmpATxUAoxHfZldJjUoPlUCpWAEfZldrJ
582=9wS9AJcUtd+UhCTAWcIHFLXYQBRTREVALZSEVJAYl/AgMARkgBkB9h613lSkgoVQBJKCkA
583=SigpAEsoKQBMKCkATSgpAE4oKQBPKCkAUEkBhqEPUUgBZAFFE1JJAZBsAXFLXayJfpldAN
584=GYVUAEJS0nVmgBbwUEAFdIASP1KgRA69gccUtdsI1xS1247XBLJykAXFgGmFNzS10ArHMq
585=BQBeVQKkqQFfSQGqqQFgSAFwDUVKYUgBjFJ9mV2sUnNLXQCMZARyS10AjBtxS124+HFLXb
586=BWcEvcK3BLJykAaV0KiqUIakgB2UhrKCkAN0wT1QI4KCkAOUgB0Us6SAHRmDtIAWwJXRU8
587=SAEnGgleAJiKb5ReAK1sG3hIJ1UAQOwFeUhegAhZMkJUAoQeeUhesFZvlF4AkmgEbpReAJ
588=R7eUhevCB5SF4oGQleu3QDAElQCd1MSigpAEsoKQBMKCkATSgpAE4oKQBPKCkAUCgpAFFI
589=AcGTUkgBYBNJF1NIAdEUVEgB1QJVaAFwgnji2Bx5SF6gZ3lIXu1HWUwF1URaSQGRaQgFWc
590=lerVIFRH7RHwVLNV4Ar3AqekheAJh0bJTIDHjiyC144lQCbBB7SF4AsnsGBgBjSAwnGgle
591=AN1BZVUCq6EEZkkBqqkBZ0gBlGV4SCetAGlUAtVEaigpADhQ89UCOSgpADpIAc1HO0gBzU
592=c8SQEEZBN/jl8AkmQeYUZfrOFjRl8AjrUCQEwFhAhhRl+wbHHaX7xiYUZf7ZRETAWIDGFG
593=X6gtYUZfvGJhRl+kHnHaX+VKSVgGiCIiHSVf5UpLVALZSEwoKQBNKCkATigpAE8oKQBQKC
594=kAUUgBmHQiQS9feRkAgEYnKQBUQASYAiK8T1QCaCJgRkgBeAJgRicpAFhsBWAEf45fAPdn
595=NAUAWlQCI0glYkZfAMkBXFQCI+g5YUZfJAg+YkZfAIw8Y0ZfAKalCGBMBYgtYEZUDWgMY0
596=ZfAI1sEGNGXwCGqQFkTQWweAZ9jl+0T3yOyAx8jkQIrQVoTAXdQWkoKwA5AGDt1jpIAWgF
597=AQAGADtJAQWhDzxIAZg9aUNgpIFqQ2AAnGJpQ2CnNAQAQE0FhWsIBABBKCkAQkgBh84EAE
598=NIAYd2BABESAGcCmpDYACE5GhDyAxpQ2AkQC9pQ2AmlT9JWAYnaQhg5YxLVAInaAjbEQMA
599=TShVAE4oKQBPSAEj/CAiiC0nrQBRVAKQKmlDYG4YAABp0mCwgmjSJ5MCVQBg7V1WSAGQBW
600=lDYIUBAGyJSAF4J2lDYCTUMWhDVAJoBGlDYLQ5bolgAIgia0NgAKx0OWtDYACiqQFfSQyp
601=qQFgSAEnaAhQCWgMa0NgAIx8CmhDwBpo0twKa0NgALFkCGhDWAatBWdQCd1BaCgrADoAYf
602=1BO0gBhDQi0Sthpz8FAD30AnBA1AJxQGGoenFAYf1BQU0FincNBABCSAGcxXFAYbwVcUBh
603=sx8EAEVABCODNwQARkgBgA9wQMgMcUBh4YhJQASMlH2DYWAMAgAAAwBLVQKQcwEDAExIAd
604=1BTSgpAE5IAZsRAwBPSAFoBVkGUEgB2QZRSAHBBFJIAcHgU0gBmMFxQGG/NgQAVVQCnzYE
605=AFZIAZAJcUBhoEZxQGG0RHBAyBdwQMQIcEDAJXFAYah6cUBhKEEZYah6fIPYHGHKYaC0fI
606=NUAvBA0CpwQNwKcEAnKQBlURSLdBRwQCeNB2dUAtNAOwBi5T88SAGAMHk9YuU/PvQCeD3U
607=Ank9YrgRbX5iuKB5PWKkdnk9Yii5B2LpQ0VQCdknRkgByUNHSAGAD3k9YvGCSVQC1chKSA
608=FwGF02SygpAExIAck4TUgByThOSQGueF55PWKUBlkGUFQCjAEijTNisDVtfmKwNW1+Yu08
609=VEwFmEh5PWKkNHg92AZ4PdgGeD3LDAUAWVkGkWwMeD3EHng9JykAXEAEiJB6PWIAmDJtfm
610=K4dHg9yAx4PdwgeD3UDWx+0Cp4PdwKeT1itOlsfic1B2ZUDc88PABj7Tw9SAGLLQUAPkgB
611=nysFAD9IAZQCYTtjpD9hO2MkHDthO2MoYQdjKGEHYyhhB2PhJUZQCSWRLkdIAWQiUaNISQ
612=GPbwEEAElIAZQNfXhj+T1LVALZwUxIAYQTc7ljALC1OU5UAoSiYTtjaAl5f1BUAiX9V1FI
613=AcV2UkgBn+YEAFNIAdU5VCgpAFVIAYC/YDtQCXhpYTtj9fRYQASMDGA7QARsAWA70B9gO8
614=QefHgngQBdWAaUT2E7Y7xMYTtjvExhO2O9TAZOcGMAneYGSDXEKWE7Y/U5ZFAJyThlKCsA
615=PQBk9Tk+SAGEKWk4ZL02BV3xZCQkJmg41AJpOGSgqW9zZACQYBppsWS06WmxZKAPaLEnrQ
616=BHSAzFKUhIAc0mSUgBmxwEAEpIAZleBEmxZP26TFQChBNpOGTtPE5UAsE7T0gBxa1QSAHd
617=NlFIAdEJUkgBlGVoOCeRAlQoVQBVSAGMfmk4ZCbBSldUAiXBSlhIAYgXaThkqC1pOGSwVm
618=k4ZLBWaThkYCIidVxdWQaxaE5oOFQCaENpOGT9NmBABIRKaDjQCWg42CdoOCeFBmRMBcs4
619=PgBl/TY/SAGUI3E1Zf02QfQCcTVlrCZwNScpAERABIhkcDUnVQBGVAKTKgQAR0gBwTtISA
620=HVI0lJAa9gGnM1ZQCqqQFLVAIj/SAEXeZltyMEAE1UAoOTBABOSAGQFAgDAE8AZQAlAAAA
621=ABEAAOEHlA8FAwBQAGUAAABAAAIEAFEAZVwASwAEAFIoKQBTKCkAVCgpAFUoKQBWKCkAV2
622=kBAoUIWEkBkEQBAQAFAFlJAYipAVpJAYOpAVtJAYqpAVxIAWQBTQVdSQGPbwEFAF5JAQBz
623=CQUAX0kBjHcCBgBgSAGHCAYAYUkBhrUCYkoB//9PAQYAYygoAAE/AGYA1QJASQEmXANJDE
624=FJASKpAUJIAWQBVQJDSQGRbwEFAERJAYmpAUVJAYepAUZIAYcIBABHSQEDZxMEAEhIAZMJ
625=BABJSAFoBQEABABKKCkAS0gBnyAEAExIAYceBABNSAHNBU5KAbABUwEEAE9JAaapAVBJAZ
626=NQAlEJUUkBrrUCUkgBkxQEAFNJAYWhBFRIAZMUBABVSAFwAlkGVigpAFdJASR7AgQAWEkB
627=CakXWUkBKLUCWkkBjmsBBQBbSAFkAUkiXEkBjW8BBQBdSQGGqQFeSAEnWgZmACdaBmYAjD
628=x6MmYAmxwGAGJMBScBBmfsMQFBAGcAhykFAEJIAZsnBQBDSAFkDEEPRCgpAEVJAZB7AgUA
629=RkgBhR4FQjBnAIUeBUAw0AliMGcA2TJKTAWfCgQAS0kBsLknTEkBpKkBTUkBqqkBTkgBiE
630=5jMGcAq7UCUFQCzQVRSQGitQJSSAHZBlNIAZMfBABUSAGMUmIwZwCPRwQAVlUCi2sXBABX
631=SAFkAVkyWCgpAFloAa0xWkgBkAliMGcA2RxcVAKcCmEwZ7AqfmJnACcDBmcAkmALfGInfQ
632=VhWAbXLkEAaPUuQkgB1S5DSAGUI21daH0HAFUuRVQCjAFpLWigO2otaADNEEhABMUTSUgB
633=wTBKSAGcCmotaACcCm9daACxrSZNQQSRYwsEAE5JAYqpAU9JAauhBFBIAd0rUUkBpbUCUk
634=gBlE9tXWiwS2ktaLwgay1oAK6tBVZMBXgKXStXKCkAWCgpAFloAegtJ20DW1QCzRtcSAGE
635=E2staAAhdAlrLWgAJakBX0AE0SpgKCsAQgBp/StDSAGcIHEqab8gBQBFVAJgCF0rRkkBkG
636=wBcSppKFAFJykASUAE2RFKSAHdK0tIAZwKcSpp4VxNVALNXU5IAdUuT0kBr6kiUEgBJ1IF
637=aQAnUQVpoEZxKmlxEQBNJlRMBYwBcSpp5WBWVQKqsQlXSAHBBFgoKQBZaAHxKmnhRltVAo
638=pzBQUAXEgBxSldSAHFKV5IAcUpXygrAEMAauUpREgBhB55J2rlKUZUAngKRSlHSAHVZUhI
639=Ac0mSSgpAEooKQBLSQGFfQYFX69qAIupAU1UAo1HBU1SarSReH/VDQRa4moAxSlRTQWpvS
640=BSSAFgCE0mU0gBhAhtUmqQAlUCVVUCsa0FVkkBkXwCeX9q8YJYVAKNEARY4lgG+SdquDJ5
641=f2r1T1xMBc0mXUgBzSZeKCsARABr7SZFSAHNJkZIAZxBfkxrAMlOSFQCJ6EEa7lpBUHVa+
642=FRS0AEybxMSQGsdRgFQdVrrEdjJWsAj2EaBUHVa+0mUEwFwVFRKCkAUkgBjBB9TGvlgVRU
643=AskiVUgB3SBWSQGydA1hJWuwH2HVa+1dWUAEnyAEAFpIAcVKW0gBlAJ8TCcdBF1UAsMlRQ
644=Bs9SNGSAHVI0dIAYQTacds9S5JVAJoG1FLSkgBzSZLSAEnSwRsAK9wFGkibChJBGz5Xk9M
645=Bd1MUCgpAFFIAd14UkgBjBBpImztG1RUAtknVSgpAFYoKQBXSAGYHGoibAAjTCAiSSVsoS
646=UFSSJs7ZRbTAXRH1woKwBGAG39IEdIAYwQcR9t5WtJVAIn8QNthAFdIEtVAo5wAWBnJ1UA
647=TVUCrb0gTkkBjKEET0gB0UtQSAEjIyAFAFFIAcWBUkkBrLkGU0kBpqkBVEkBjaUIVUgB2S
648=dWKCkAV0gBl0QFAFhIAcU/WUgBiCJwHydtA1tUAtMfRwBu5R5ISAHFHklIAcU/SkgBg1EF
649=AEtJAYatEExIAWQBUR9NSQGtsRROSAHdQU9IAc0FUEkBsKEEUUgBI6cgBQBSSQGntQJTSQ
650=GlqQFUSQGMYwsFAFVIAcElVkgB1SNXSAHNG1hIAc0bWUgBwRpaKCsASABv7RtJSAHNG0pI
651=Ac0bS0kBkrUNTEkBrK0QTUgBmMF/eG8AprUCT1UCjK0FUEkBh6kBUUkBsaEEUkkBj7UCU0
652=gB1QJUSAHZBlVIAdUYVkgB1RhXSAHVGFhIAdUYWSgrAEkAcPUYSkgB1RhLSAHVGExJAa+t
653=EE1IASfpAnDpb09VApClE1BIAdEqUUkBhbUCUkgB1QJTSAHVAlRIAd0VVUgB3RVWSAHdFV
654=dIAd0VWCgrAEoAcf0VS0gB3RVMSAHdFU1IAd0VTkgB3RVPSQGqtRhQSAHdFVFIAclkUkgB
655=J5ECcSRnIwUAVFQCxRNVSAHFE1ZIAcUTVygrAEsAcuUTTEgBxRNNSAHFE05IAd02T0gBwY
656=hQSAF8JE1dUSgpAFJIAc1HU0gBzRBUSAHNEFVIAc0QVigrAEwAc+0QTUgBzRBOSAGIm33F
657=c6GeBUDrJykAUSiBAFIoKQBTSAHVDVRIAdUNVSgrAE0AdPUNTigpAE9IAYEaBkkMdIYBAA
658=ZIkCcpAFIogQBTSAHdClQoKwBOAHX9Ck8oKQBQSAGUCXEJdYQBXQpSVALFCFMoKwBPAHbl
659=CFAoKQBRKCkAUigrAFAAd+0FUSgoAAEAAAAAEQAA

[Terrain]
72043=TIBTRE02
51076=TIBTRE01
27047=TREE04
27046=TREE04
27048=TREE04
29049=TREE05
28050=TREE05
21040=TREE05
22040=TREE05
22038=TREE04
22039=TREE04
22037=TREE03
31052=TREE04
33066=TREE04
35067=TREE04
35068=TREE04
34068=TREE04
38072=TREE04
40073=TREE04
40075=TREE04
30064=TREE05
32065=TREE05
34065=TREE05
35069=TREE05
37070=TREE05
38071=TREE05
42075=TREE05
44076=TREE05
44077=TREE05
45069=TREE08
44067=TREE08
42067=TREE08
43068=TREE08
39070=TREE08
41071=TREE08
43071=TREE10
44071=TREE10
42071=TREE04
44072=TREE04
45070=TREE04
45071=TREE04
34051=TREE05
37053=TREE05
39055=TREE05
38053=TREE05
31049=TREE04
36051=TREE04
37054=TREE04
38056=TREE04
16051=TREE04
17051=TREE04
20053=TREE04
22053=TREE04
25054=TREE04
27057=TREE04
30056=TREE04
30061=TREE04
31063=TREE04
23053=TREE05
22051=TREE05
21052=TREE05
17049=TREE05
26056=TREE05
24056=TREE05
24055=TREE05
31057=TREE05
31056=TREE05
32063=TREE05
32064=TREE05
32057=TREE10
34049=TREE10
33047=TREE10
36047=TREE10
35047=TREE10
36048=TREE10
29047=TREE10
20050=TREE10
22054=TREE10
32061=TREE10
33062=TREE10
34062=TREE10
31065=TREE10
36067=TREE10
44069=TREE10
43070=TREE10
47071=TREE10
47070=TREE10
41072=TREE10
45077=TREE10
44075=TREE10
32034=TREE10
35039=TREE10
32033=TREE10
30033=TREE04
33034=TREE04
35041=TREE04
37042=TREE04
36043=TREE05
61074=TREE22
59073=TREE21
61075=TREE21
66090=TREE21
68091=TREE21
67091=TREE22
73070=TREE10
74069=TREE10
72069=TREE04
66032=TREE04
65030=TREE04
61029=TREE04
60027=TREE04
60025=TREE04
55024=TREE04
56025=TREE05
56026=TREE05
58027=TREE05
62028=TREE05
62027=TREE05
57024=TREE05
68033=TREE05
67031=TREE05
63030=TREE05
62030=TREE05
64032=TREE10
67034=TREE10
64028=TREE10
63028=TREE10
59029=TREE10
59030=TREE10
58026=TREE10
59025=TREE10
61030=TREE10
65032=TREE10
62031=TREE12
63029=TREE12
60033=TREE10
60035=TREE10
57037=TREE10
45014=TREE10
48015=TREE10
49015=TREE08
48013=TREE04
46013=TREE04
53019=TREE04
41018=TREE04
42020=TREE04
40020=TREE04
38020=TREE04
39021=TREE04
42021=TREE05
67101=TREE10
69101=TREE10
73104=TREE10
75104=TREE10
75105=TREE10
75107=TREE10
76109=TREE10
78111=TREE10
79112=TREE10
77108=TREE10
80104=TREE10
69103=TREE08
71101=TREE08
69100=TREE08
74102=TREE08
76106=TREE08
77111=TREE08
78113=TREE08
78109=TREE08
82104=TREE08
83106=TREE04
82108=TREE04
77104=TREE04
76103=TREE04
76105=TREE04
71099=TREE04
72104=TREE04
70102=TREE04
66100=TREE04
67100=TREE04
77106=TREE04
77107=TREE04
84108=TREE10
84109=TREE10
110075=TREE04
111078=TREE04
108076=TREE04
109079=TREE04
107076=TREE04
110084=TREE04
110085=TREE04
107084=TREE04
106072=TREE04
114080=TREE04
113078=TREE04
94086=TREE04
97087=TREE04
98089=TREE04
109086=TREE05
107082=TREE05
109083=TREE05
109077=TREE05
108074=TREE05
107071=TREE05
108073=TREE05
109073=TREE05
106073=TREE07
112076=TREE07
111076=TREE07
111082=TREE07
99088=TREE07
100091=TREE10
106080=TREE10
99064=TREE10
99063=TREE10
95062=TREE10
89059=TREE10
88061=TREE10
90062=TREE10
86058=TREE10
84056=TREE10
87057=TREE08
88059=TREE08
96063=TREE08
97063=TREE08
92064=TREE08
90059=TREE04
89057=TREE04
88062=TREE04
97065=TREE04
95060=TREE04
95064=TREE04
95065=TREE05
96061=TREE05
88056=TREE05
99068=TREE05
61035=TREE07
101067=TREE07
52085=TREE02
54085=TREE04
53086=TREE05
54089=TREE06
50085=TREE07
60090=TREE08
58090=TREE11
60087=TREE04
64098=TREE05
59087=TREE05
59085=TREE06

[OverlayPack]
1=CQAAIIH//v4f/4H/gEMAACCB//4sCP+BrP76C/+DGxut//0BLQiDGxsb/vsB/wH9//wBKB
2=YB/P/9ASgW//cBJhqDZmZmAAaBsBIBIAP+0wH/gf+AiQAAIIH/2AAAg2ZmZskQAIGp/u0B
3=/8oeAP7zAf8T/AQBMgeBsVAWgaj+6AH/EfsgASAOgbDQBQaBq/7cAf9h/4FmBgkgBf7vAf
4=8R9jH/MAr+8QH/Zf44CMgODGgN/t0B/8kaBioN/vwB///0ASUIyhkO/vMB//8EAhoS/ioG
5=///pAS8E2TAe/7MBKwCATwAAIIH//kgA/4FmAAH+/AH/EgD//AFLAAH8//0BSwIR/P//AU
6=0E/wACTAT/AQJKAv//AUoAgf8IAv7WA/+BqP77A/+Bqf78B/+Bqv7fAf+B/4B4AAAggf/+
7=IAL/gan16QGBqv4AAv/2IQL+lAP/gWb+/gH/gWYQAf77Af8iAP/7ASoKEfz//wErDP8CAi
8=kO1SwQgqyr/uQB/+8pDP/PAVsE//4BKQoyAjAI4UUS/9UBLBZx1IGt4QgQ/voB///fASgM
9=gbHiBxD+owH/gf+AjwAAIIH//lYA/4JmZlAF/tgB/4Gw3zcAAAH++gH/If7/+gFeAjH/yl
10=4Egaj+6wH/Jf3/4wFcAoGv1kEINAL/3gFbANk+CMxQDIP//6n+7wH//+cBWAjcQQ4QCoGu
11=1D8K/tsB/8NYAP/6AV8O//sBXgL+7AH/gav+CQT/gRvLOhz/8AFqDIEbAAHORhz+owH/gf
12=+AQgAAIIH//kYA/4EbQAHMOACBsf7qAf/TSAD+5wH/gakiARAD/v0B/8lNAoGo/vMP/4Gr
13=/v8B/4Gs/gQE/4Gw/qwD/4H/gAkAACCB//7+H/+B/4AJAAAggf/+/h//gf+ACQAAIIH//v
14=4f/4H/gAkAACCB//7+H/+B/4AJAAAggf/+/h//gf+ACQAAIIH//v4f/4H/gAkAACCB//7+
15=H/+B/4AJAAAggf/+/h//gf+ACQAAIIH//v4f/4H/gAkAACCB//7+H/+B/4AJAAAggf/+/h
16=//gf+ACQAAIIH//v4f/4H/gAkAACCB//7+H/+B/4AJAAAggf/+/h//gf+ACQAAIIH//v4f
17=/4H/gAkAACCB//7+H/+B/4AJAAAggf/+/h//gf+ACQAAIIH//v4f/4H/gAkAACCB//7+H/
18=+B/4AJAAAggf/+/h//gf+ACQAAIIH//v4f/4H/gAkAACCB//7+H/+B/4AJAAAggf/+/h//
19=gf+ACQAAIIH//v4f/4H/gAkAACCB//7+H/+B/4A=

[OverlayDataPack]
1=CQAAIIEA/v4fAIEAgEMAACCBAP4nFACCBAb+/gEAgwcIB/77AQCGBgcACggE/vkBAIQGCg
2=oK//wBKRaDBggI//QBKRqCBAdV8wAIgQP+1QEAgQCAnwAAIIEA2AAAgwQHBP76AQCBA/7/
3=AQCGBwcAAAYH//kBHQCIBwoKCAgKCwsCBv70AQCBBAIAgQsAAYIKBwYJggQG//IBGAKCBg
4=ASAAH/hwYEAAYICgb+8QEAgQciADoJgQcCCP7wAQCCBAcAAYEGRfgaDf78AQCDAwAB/vAB
5=AIEDDf0AAf/6AR4AgQgH/4EI//sBHxIIAf/yAScK/vAHAIEAgGEAACCBAP5IAACEBAcHBv
6=78AQCFBwoKCAj/+wFMAIYHCgAICgr/+gFOAocHCggACgsH/vkBAIcHCwoKCgsI/vkBAIgE
7=CAoLCwsIBP76AQCEBggICv/6AU8GJASCAAP+rxEAgQCAgwAAIIEA/icIAIEE/v4BAIUGCA
8=gHBv77AQCGBwsKCggI//oBKAgCAIQACAoI/vkBAIEGA/+DAAoK//oBKwoIAYQKCgsH/vsB
9=AIMHCgv/+wEtEDQD/v8BAIEG6C0MgQb/1AEuFIED6AEUgQr//AEuEoEGCC2BB+cuGv7RAQ
10=CDBwoI/6YBWhiAkgAAIIEA/lYAAIIEBgAFgQYQBf75AQCFBggICAT++gEAhQcKCggA//oB
11=XQCGBwoLCgAI//kBXgSDBwgKAAH/+QFdBoEGFfyCBwcB/4EG//UBXgKCBAdB94EH//oBXQ
12=aHBAcHBwgIB/75AQCFBgoLCwr/+AFgDoEBEgEoAf72AQASAP7tBwD/+wFeAsRWAgvs/7MB
13=SByANAAAIIEA/kYAAIgECAoKCAgIB/76AQCCBwoAAYIIBP76AQCFBgYACAr+/gEAgwQGA/
14=6vGQCBAIAJAAAggQD+/h8AgQCACQAAIIEA/v4fAIEAgAkAACCBAP7+HwCBAIAJAAAggQD+
15=/h8AgQCACQAAIIEA/v4fAIEAgAkAACCBAP7+HwCBAIAJAAAggQD+/h8AgQCACQAAIIEA/v
16=4fAIEAgAkAACCBAP7+HwCBAIAJAAAggQD+/h8AgQCACQAAIIEA/v4fAIEAgAkAACCBAP7+
17=HwCBAIAJAAAggQD+/h8AgQCACQAAIIEA/v4fAIEAgAkAACCBAP7+HwCBAIAJAAAggQD+/h
18=8AgQCACQAAIIEA/v4fAIEAgAkAACCBAP7+HwCBAIAJAAAggQD+/h8AgQCACQAAIIEA/v4f
19=AIEAgAkAACCBAP7+HwCBAIAJAAAggQD+/h8AgQCACQAAIIEA/v4fAIEAgAkAACCBAP7+Hw
20=CBAIAJAAAggQD+/h8AgQCA

[AITriggerTypesEnable]
09A9AEEC-G=yes
09A9ADAC-G=yes
09A9AC6C-G=yes
09A9AB2C-G=yes
09D69C6C-G=yes
09D69B2C-G=yes
09D699EC-G=yes
09D698AC-G=yes
09D6976C-G=yes
09D6962C-G=yes
09D694EC-G=yes
09D693AC-G=yes
09D6926C-G=yes
09D6912C-G=yes
09D68EEC-G=yes
09D68DAC-G=yes
09D68C6C-G=yes
09D68B2C-G=yes
09D689EC-G=yes
09D688AC-G=yes
09D6876C-G=yes
09D6862C-G=yes
09D684EC-G=yes
0822C53C-G=yes
09D6826C-G=yes
09D6812C-G=yes
09D77EEC-G=yes
09D77DAC-G=yes
09D77C6C-G=yes
082A321C-G=yes
09D779EC-G=yes
09D778AC-G=yes
09D7776C-G=yes
09D7762C-G=yes
09D774EC-G=yes
09D773AC-G=yes
09D7726C-G=yes
09D7712C-G=yes
09D76EEC-G=yes
09D76DAC-G=yes
09D76C6C-G=yes
09D76B2C-G=yes
081BC2DC-G=yes
081CB34C-G=yes
081CCEEC-G=yes
081CCDAC-G=yes
081CCC6C-G=yes
081CCB2C-G=yes
081CC9EC-G=yes
081CC8AC-G=yes
09D75EEC-G=yes
09D75DAC-G=yes
0ABD04EC-G=yes
0ABD03AC-G=yes
0ABD026C-G=yes
0829E6CC-G=yes
0ABD1EEC-G=yes
0ABD1DAC-G=yes
0ABD1C6C-G=yes
0ABD1B2C-G=yes
0ABD19EC-G=yes
0ABD18AC-G=yes
0ABD176C-G=yes
0ABD162C-G=yes
09D74C6C-G=yes
0AD4A34C-G=yes
0AD46C8C-G=yes
0ABD112C-G=yes
09CB082C-G=yes
09CB2D5C-G=yes
09CB29DC-G=yes
09CB265C-G=yes
09CB251C-G=yes
09CB219C-G=yes
09CB3DDC-G=yes
09CB3A5C-G=yes
09CB360C-G=yes
09CB328C-G=yes
09CB4EEC-G=yes
09CB4B6C-G=yes
09CB47EC-G=yes
09CB446C-G=yes
09CB5C7C-G=yes
09CB587C-G=yes
09CB04AC-G=yes
09CB166C-G=yes
0AC28EEC-G=yes
0AC2933C-G=yes
0AC2AEEC-G=yes
0AC2A73C-G=yes
09D6CACC-G=yes
09D6C0FC-G=yes
09D6F9FC-G=yes
09D6F8BC-G=yes
09D6F1CC-G=yes
09D6F08C-G=yes
09D689BC-G=yes
09D6887C-G=yes
09D6873C-G=yes
09D6BEAC-G=yes
09D6B83C-G=yes
09D69EEC-G=yes
09D698BC-G=yes
09D6977C-G=yes
09D6963C-G=yes
09D73EEC-G=yes
09D73DAC-G=yes
09D73C6C-G=yes
0829FBDC-G=yes
082B641C-G=yes
0829F4CC-G=yes
0829F38C-G=yes
0839004C-G=yes
08395C7C-G=yes
083974AC-G=yes
0A7D2EEC-G=yes
081DAE4C-G=yes
081DAD0C-G=yes
081DABCC-G=yes
081DA4CC-G=yes
081DA38C-G=yes
081DBEEC-G=yes
081DBDAC-G=yes
081DB5EC-G=yes
081DB4AC-G=yes
081DB36C-G=yes
081DB22C-G=yes
081EAEEC-G=yes
081EADAC-G=yes
081EAC6C-G=yes
081EAB2C-G=yes
09EC1C6C-G=yes
09EC1B2C-G=yes
09EC19EC-G=yes
081E245C-G=yes
081E231C-G=yes
081E3B3C-G=yes
081E39FC-G=yes
09EC13AC-G=yes
09EC126C-G=yes
09EC112C-G=yes
09EC0EEC-G=yes
09EC0DAC-G=yes
09EC0C6C-G=yes
09EC0B2C-G=yes
0A7DDEEC-G=yes
0A7DDAEC-G=yes
0A7DE8CC-G=yes
0A7DE78C-G=yes
0A7DE64C-G=yes
0A7DE50C-G=yes
0820474C-G=yes
08205EEC-G=yes
0820567C-G=yes
08206EEC-G=yes
08207D1C-G=yes
0820773C-G=yes
0820715C-G=yes
07A0D95C-G=yes
0A7D8BCC-G=yes
082023CC-G=yes
08203B8C-G=yes
081E28EC-G=yes
0821096C-G=yes
09CD912C-G=yes
081C36AC-G=yes
081C55FC-G=yes
081C54BC-G=yes
081C4BBC-G=yes
081C4A7C-G=yes
081CD93C-G=yes
081CE6EC-G=yes
081CCBBC-G=yes
081CC55C-G=yes
081C990C-G=yes
081C879C-G=yes
081CBEEC-G=yes
081CB6CC-G=yes
081CFB7C-G=yes
081CF51C-G=yes
0818746C-G=yes
081CEE0C-G=yes
081C45AC-G=yes
08187A5C-G=yes
08383E4C-G=yes
083041AC-G=yes
08382CEC-G=yes
08382BAC-G=yes
0837C0EC-G=yes
083790CC-G=yes
09ECCDAC-G=yes
083CEB8C-G=yes
083CEA4C-G=yes
083A423C-G=yes
08338EEC-G=yes
0833ABFC-G=yes
0833AABC-G=yes
0833A97C-G=yes
08339B5C-G=yes
08339A1C-G=yes
083398DC-G=yes
0832E3AC-G=yes
0832E26C-G=yes
0832E12C-G=yes
0832F46C-G=yes
0834105C-G=yes
08342E0C-G=yes
083426CC-G=yes
0834258C-G=yes
0834244C-G=yes
0834382C-G=yes
08326AFC-G=yes
083269BC-G=yes
0832687C-G=yes
083260FC-G=yes
08327EEC-G=yes
0ADED91C-G=yes
0ADED7DC-G=yes
0ADEEE2C-G=yes
0ADEECEC-G=yes
0ADEEBAC-G=yes
0ADEE69C-G=yes
0ADEFEEC-G=yes
0ADEFDAC-G=yes
0ADEFC6C-G=yes
0ADEFB2C-G=yes
0ADEF53C-G=yes
0ADEF3FC-G=yes
0ADEF2BC-G=yes
0ADEF17C-G=yes
0ADEB66C-G=yes
0ADEEA6C-G=yes
0ADEE92C-G=yes
0832430C-G=yes
08325DDC-G=yes
08325C9C-G=yes
083256BC-G=yes
0832557C-G=yes
0AE054FC-G=yes
0AE06B6C-G=yes
0AE061CC-G=yes
0AE07DDC-G=yes
0AE0772C-G=yes
0AE075EC-G=yes
0AE074AC-G=yes
0AE0736C-G=yes
0AE1585C-G=yes
0956409C-G=yes
09E21EEC-G=yes
09E23BDC-G=yes
09E232BC-G=yes
09F4320C-G=yes
09F4740C-G=yes
09F444EC-G=yes
09F443AC-G=yes
0828194C-G=yes
082815FC-G=yes
0828138C-G=yes
0828111C-G=yes
08282DBC-G=yes
08282B4C-G=yes
082825CC-G=yes
0828228C-G=yes
08475AFC-G=yes
0847577C-G=yes
0847772C-G=yes
084775EC-G=yes
08473BBC-G=yes
08473A7C-G=yes
0847338C-G=yes
084727BC-G=yes
0847267C-G=yes
08474A1C-G=yes
0847EC4C-G=yes
0847EA2C-G=yes
0847E8EC-G=yes
0847BD7C-G=yes
0847D86C-G=yes
0847D72C-G=yes
0847FC6C-G=yes
0847FB2C-G=yes
0847F2BC-G=yes
0847CEEC-G=yes
0847CDAC-G=yes
0847CC6C-G=yes
0847C64C-G=yes
0847C50C-G=yes
0847C3CC-G=yes
0847EEEC-G=yes
08479D8C-G=yes
084722FC-G=yes
084C08DC-G=yes
08312EEC-G=yes
08312DAC-G=yes
0831262C-G=yes
083124EC-G=yes
083123AC-G=yes
08313BFC-G=yes
0831387C-G=yes
0831319C-G=yes
08310CAC-G=yes
08310B6C-G=yes
08310A2C-G=yes
0831104C-G=yes
08311EEC-G=yes
083E873C-G=yes
083EA80C-G=yes
083EA6CC-G=yes
083EA58C-G=yes
083EBE2C-G=yes
083E3B5C-G=yes
083E329C-G=yes
083E4E2C-G=yes
083E4BBC-G=yes
083E45CC-G=yes
083E435C-G=yes
085314BC-G=yes
0853660C-G=yes
0853628C-G=yes
08532EEC-G=yes
0848A11C-G=yes
0848F64C-G=yes
0AFCC56C-G=yes
0AFCE64C-G=yes
0AFCF76C-G=yes
0AFCF0CC-G=yes
08531B4C-G=yes
0AFCEEEC-G=yes
0AFCEDAC-G=yes
085343AC-G=yes
09A45EEC-G=yes
09A45DAC-G=yes
08534DBC-G=yes
0853426C-G=yes
0AFD0EEC-G=yes
0AFD2EEC-G=yes
0AFD26CC-G=yes
0AFD258C-G=yes
0AFD3DEC-G=yes
0AFD3CAC-G=yes
0AFD392C-G=yes
0AFD31DC-G=yes
0AFD49EC-G=yes
0AFD48AC-G=yes
083689AC-G=yes
0836886C-G=yes
0836A8BC-G=yes
0ABE9B2C-G=yes
0ABE99EC-G=yes
0ABE98AC-G=yes
0ABE976C-G=yes
0836B84C-G=yes
0836B3CC-G=yes
0836B15C-G=yes
0836C54C-G=yes
0836DEAC-G=yes
0A34B5AC-G=yes
0836EC7C-G=yes
083BDEEC-G=yes
083BD62C-G=yes
083BEE2C-G=yes
083BE53C-G=yes
0823C4EC-G=yes
085887CC-G=yes
0858868C-G=yes
0858DC1C-G=yes
0858D6FC-G=yes
0858D37C-G=yes
0858D23C-G=yes
0858F51C-G=yes
0858A8DC-G=yes
0858A13C-G=yes
0858CEEC-G=yes
0858CB6C-G=yes
0858CA2C-G=yes
0858C8EC-G=yes
0858C2BC-G=yes
0858E15C-G=yes
0858B85C-G=yes
0858B25C-G=yes
0858B11C-G=yes
0858647C-G=yes
083BE69C-G=yes
083BFAAC-G=yes
083BF72C-G=yes
083BF5EC-G=yes
083BF4AC-G=yes
083BF12C-G=yes
0858D9AC-G=yes
08588C5C-G=yes
083BEB7C-G=yes
08589EEC-G=yes
08589DAC-G=yes
08589C6C-G=yes
083BEA3C-G=yes
083CAEAC-G=yes
083CA6EC-G=yes
083CA5AC-G=yes
083CBE2C-G=yes
083CBCEC-G=yes
083CCE6C-G=yes
083CC73C-G=yes
083CC5FC-G=yes
083CC27C-G=yes
083CD9FC-G=yes
083CD67C-G=yes
083CD1BC-G=yes
083CEEEC-G=yes
0834618C-G=yes
08347EEC-G=yes
08347C7C-G=yes
0835F97C-G=yes
0834633C-G=yes
0835FAFC-G=yes
083C876C-G=yes
083C841C-G=yes
0835F13C-G=yes
08402EEC-G=yes
08402C7C-G=yes
08427E4C-G=yes
0842768C-G=yes
0840115C-G=yes
0840192C-G=yes
08425EBC-G=yes
08425C9C-G=yes
084000AC-G=yes
084267AC-G=yes
08426EEC-G=yes
0840065C-G=yes
0840051C-G=yes
084003DC-G=yes
0841467C-G=yes
0A53C15C-G=yes
0A53DDCC-G=yes
0A53D60C-G=yes
0A53D4CC-G=yes
0A53F1CC-G=yes
0A53F08C-G=yes
0A545C5C-G=yes
0A54549C-G=yes
0A54535C-G=yes
0A542AFC-G=yes
0A544EEC-G=yes
0A54489C-G=yes
0A54449C-G=yes
0A546BFC-G=yes
0A54644C-G=yes
0855374C-G=yes
08554E2C-G=yes
08554CEC-G=yes
0855AEAC-G=yes
0855A7BC-G=yes
0855A54C-G=yes
0855A40C-G=yes
0855A2CC-G=yes
0855A18C-G=yes
0855B97C-G=yes
0855B60C-G=yes
0855CC7C-G=yes
0855C52C-G=yes
0855DEAC-G=yes
0855DC3C-G=yes
0855D59C-G=yes
0855D32C-G=yes
0855EC7C-G=yes
0855EA0C-G=yes
0855E60C-G=yes
0855E28C-G=yes
0855FBFC-G=yes
0855F98C-G=yes
0855F71C-G=yes
0855F4AC-G=yes
0854F03C-G=yes
08559C7C-G=yes
085528DC-G=yes
085513DC-G=yes
0A54247C-G=yes
08360EEC-G=yes
086258FC-G=yes
086256AC-G=yes
08623BBC-G=yes
08623A7C-G=yes
086233CC-G=yes
08622EEC-G=yes
086227AC-G=yes
0862266C-G=yes
083A461C-G=yes
083A5EAC-G=yes
083A5D6C-G=yes
083A561C-G=yes
083A54DC-G=yes
083A504C-G=yes
083A6EEC-G=yes
083A67EC-G=yes
083A66AC-G=yes
084B8EEC-G=yes
084B941C-G=yes
083BFDCC-G=yes
083BFB5C-G=yes
083BF55C-G=yes
083BF2EC-G=yes
083C636C-G=yes
083C622C-G=yes
083C60EC-G=yes
083AD20C-G=yes
083AD0CC-G=yes
083AD6AC-G=yes
083B72DC-G=yes
083E470C-G=yes
083AC71C-G=yes
083CF0EC-G=yes

[Triggers]
07D5520C=Americans,<none>,Lake Sounds,0,1,1,1,0
07D5670C=Americans,<none>,Bird Sounds,0,1,1,1,0
07D57DAC=Americans,<none>,Bird Sounds 2,0,1,1,1,0
07D578AC=Americans,<none>,Wind Sounds,0,1,1,1,0

[Events]
07D5520C=1,8,0,0
07D5670C=1,8,0,0
07D57DAC=1,8,0,0
07D578AC=1,8,0,0

[Actions]
07D5520C=7,99,7,_Amb_WavesLake,0,0,0,0,AA,99,7,_Amb_WavesLake,0,0,0,0,AB,99,7,_Amb_WavesLake,0,0,0,0,AC,99,7,_Amb_WavesLake,0,0,0,0,AD,99,7,_Amb_WavesLake,0,0,0,0,AE,99,7,_Amb_WavesLake,0,0,0,0,AF,99,7,_Amb_OceanLight,0,0,0,0,AG
07D5670C=10,99,7,_Amb_BirdsJungle1,0,0,0,0,AH,99,7,_Amb_BirdsJungle2,0,0,0,0,AI,99,7,_Amb_BirdsTemperate2,0,0,0,0,AJ,99,7,_Amb_BirdsTemperate1,0,0,0,0,AK,99,7,_Amb_BirdsTemperate1,0,0,0,0,AL,99,7,_Amb_BirdsTemperate2,0,0,0,0,AM,99,7,_Amb_BirdsTemperate1,0,0,0,0,AN,99,7,_Amb_BirdsTemperate1,0,0,0,0,AO,99,7,_Amb_BirdsTemperate2,0,0,0,0,AP,99,7,_Amb_BirdsTemperate1,0,0,0,0,AQ
07D57DAC=4,99,7,_Amb_BirdsTemperate2,0,0,0,0,AR,99,7,_Amb_BirdsTemperate1,0,0,0,0,AS,99,7,_Amb_BirdsBeach,0,0,0,0,AT,99,7,_Amb_BirdsPark,0,0,0,0,AU
07D578AC=1,99,7,_Amb_WindPlains,0,0,0,0,AV

[Tags]
07D567FC=0,Snd Lake,07D5520C
07D57E9C=0,Snd Bird,07D5670C
07D5799C=0,Snd Bird 2,07D57DAC
07D576AC=0,Snd Wind,07D578AC

[Digest]
1=10wjz17IfEhhhMGB2zkBP7T6JXg=
