[GAYARD]
Name=Navy Shipyard
TechLevel=-1

[NAYARD]
Name=Soviet Shipyard
TechLevel=-1

[INGALITE]
Name=Invisible Light Post
Image=GALITE
InvisibleInGame=yes
Insignificant=yes
Selectable=no
Strength=6000
Armor=wood
TechLevel=-1
Nominal=yes
Sight=0
Points=30
Power=0
Crewed=yes
Explosion=TWLT070,S_BANG48,S_BRNL58,S_CLSN58,S_TUMU60
MaxDebris=1
LightVisibility=4000
LightIntensity=0.5
LightRedTint=0.05
LightGreenTint=0.05
LightBlueTint=0.01
ThreatPosed=0
DamageParticleSystems=SparkSys,LGSparkSys
Powered=true

[SpecialFlags]
TiberiumGrows=no
TiberiumSpreads=yes
TiberiumExplosive=no
DestroyableBridges=no
MCVDeploy=no
InitialVeteran=no
FixedAlliance=no
HarvesterImmune=no
FogOfWar=no
Inert=no
IonStorms=no
Meteorites=no
Visceroids=no

[Houses]
0=Americans
1=Alliance
2=French
3=Germans
4=British
5=Africans
6=Arabs
7=Confederation
8=Russians
9=GDI
10=Nod
11=Neutral
12=Special

[Americans]
Country=Americans
TechLevel=8
Credits=0
IQ=0
Edge=North
PlayerControl=no
Color=Green
Allies=Americans,Alliance,Germans,British,GDI,Neutral
PercentBuilt=0
NodeCount=0

[Alliance]
Country=Alliance
TechLevel=8
Credits=0
IQ=0
Edge=North
PlayerControl=no
Color=LightBlue
Allies=Americans,Alliance,French,Germans,British,Russians,Neutral
PercentBuilt=0
NodeCount=0

[French]
Country=French
TechLevel=1
Credits=0
IQ=0
Edge=North
PlayerControl=no
Color=Gold
Allies=Americans,Alliance,French,Germans,GDI,Neutral
PercentBuilt=0
NodeCount=0

[Germans]
Country=Germans
TechLevel=1
Credits=0
IQ=0
Edge=North
PlayerControl=no
Color=Grey
Allies=Americans,Alliance,Germans
PercentBuilt=0
NodeCount=0

[British]
Country=British
TechLevel=1
Credits=0
IQ=0
Edge=North
PlayerControl=no
Color=LightGold
Allies=Americans,Alliance,British,Neutral
PercentBuilt=0
NodeCount=0

[Africans]
Country=Africans
TechLevel=8
Credits=100
IQ=0
Edge=North
PlayerControl=yes
Color=DarkRed
Allies=Africans,Arabs,Confederation,GDI,Neutral
PercentBuilt=0
NodeCount=0

[Arabs]
Country=Arabs
TechLevel=8
Credits=0
IQ=0
Edge=North
PlayerControl=yes
Color=DarkRed
Allies=Africans,Arabs,Neutral
PercentBuilt=0
NodeCount=0

[Confederation]
Country=Confederation
TechLevel=8
Credits=100
IQ=0
Edge=North
PlayerControl=yes
Color=DarkRed
Allies=Africans,Arabs,Confederation,GDI
PercentBuilt=0
NodeCount=0

[Russians]
Country=Russians
TechLevel=8
Credits=0
IQ=0
Edge=North
PlayerControl=no
Color=DarkRed
Allies=Alliance,Russians,Neutral
PercentBuilt=0
NodeCount=0

[GDI]
Country=GDI
TechLevel=1
Credits=0
IQ=0
Edge=North
PlayerControl=no
Color=Green
Allies=Americans,French,Africans,GDI
PercentBuilt=0
NodeCount=0

[Nod]
Country=Nod
TechLevel=1
Credits=0
IQ=0
Edge=North
PlayerControl=no
Color=Gold
Allies=Nod
PercentBuilt=0
NodeCount=0

[Neutral]
Country=Neutral
TechLevel=1
Credits=0
IQ=0
Edge=North
PlayerControl=no
Color=Grey
Allies=Americans,Alliance,British,Arabs,Neutral
PercentBuilt=0
NodeCount=0

[Special]
Country=Special
TechLevel=1
Credits=0
IQ=0
Edge=North
PlayerControl=no
Color=Grey
Allies=Special
PercentBuilt=0
NodeCount=0

[Ranking]
ParTimeEasy=00:01:00
ParTimeMedium=00:01:00
ParTimeHard=00:01:00
UnderParTitle=GUI:NoUnderParTitle
UnderParMessage=GUI:NoUnderParMessage
OverParTitle=GUI:NoOverParTitle
OverParMessage=GUI:NoOverParMessage

[Basic]
Briefing=Brief:ALL03
NextScenario=GDI2A.map
AltNextScenario=GDI9C.MAP
NewINIFormat=4
CarryOverCap=0
EndOfGame=no
SkipScore=no
OneTimeOnly=no
SkipMapSelect=no
Official=yes
IgnoreGlobalAITriggers=no
TruckCrate=no
TrainCrate=no
Percent=0
Theme=No theme
MultiplayerOnly=1
TiberiumGrowthEnabled=yes
VeinGrowthEnabled=no
IceGrowthEnabled=no
TiberiumDeathToVisceroid=no
FreeRadar=no
InitTime=10000

[Lighting]
Ambient=1.000000
Red=1.000000
Green=0.800000
Blue=0.680000
Ground=0.000000
Level=0.000000
IonAmbient=0.870000
IonRed=0.300000
IonGreen=0.400000
IonBlue=0.750000
IonGround=0.000000
IonLevel=0.000000

[Preview]
Size=0,0,118,59

[PreviewPack]
1=ag4AIAVohDhwiEBoiFQASwBAaIhUAGgAnAJgAQlwiDh4eHhITFBAREBIAA9QVFB4fHjAvL
2=DAuKjAuKDIwLBJAMBXALyowEgAhAJAAQzIvKiYkIBQVEhQUEiooJAgA7wAcgjEsFALSAxA
3=DUgAUA5YAQNoVDBoUDDVAEyMAVgBqABbAVQwcKAERAJYAfQAA1BYWEBESFMIOEBAQApcCL
4=wLmBZIFSAB/AIqvABYB1AISAlACnQSAnh4oGhIawBkSKBLAGhQoEgAYAEpUABYAYsAcIhA
5=TCigK7QARAJAAUgAXAJIACcgAFQMUwtAQEBADVoNeIArnAXOKLyoQC4JmJSIWFhQSEhAkI
6=yAWAFIFawuzATUMIwcnAVYMUAEXAtYClALSAxADVk6aCnEBHAs9CfMAVgBSAAneAVMAZwF
7=LR0BQFwQKcwCIAk8AkgSQBO0CUgSzit8eGgqiCdgASpgBUwBSACoA0ABSACMAVwpJxgFJz
8=AFRAIqCAAqXABAH1gfWA1IAEAiQBDMFmhaK9wKvAK8C8wrSV3EzF7MSZQGUAhICUAKSABQ
9=C1gBzCuwJqworFW0AFwCSAC8AkABSAApbAVQCEgAvAi0DzDMAjw8ArQDWBBUEmY+REB0CV
10=xWRCZIV1QASACgAbQAWAEnCABAK0gAKDkASKwQKgwFRAK4AVQAKqwQWAEn2AVUD1AORDtA
11=EFgQWAEw3AonsABAB0gAWAGsLqyLZUTAzIJQCEgJQApIIShsBVwmrCiUJzFcAEAESANKAF
12=AwQBBYECocAah4TBlcDqgATARIDEANWARQBUxwMDwCUFZAE0QFQAREBSekBnCAKtwEQCi4
13=AUQsSABYAagATAHcAv2GZMQsRBFQIEgAUBG0AEABSADsATV9Fnz9s0BUPAFIaGhotD9ABy
14=cJALiAALwLsAJRhsgzvBWMJcSAKiwApCkq9Aq0A5QA1CGMxEAoWAGQd/yhSB4ojAN4ylA4
15=WARIJ0gAWChcBbwRrGpYAVACSDBUA1gEUAVkNZAImAr8JkQCSAC0Ki0UAFwCSACwAlYtaF
16=BMH6AfUCmkVkABpAJUAKwBtABEBUABSAB8ApzjXFYDYGRYWFxgUBFIEkgAWBNMQ0QFTASI
17=KysQAJ0LQCgUA30yUFQY3FOEJjSEBVAsvFlAAUgAhAUwHAFkTUgbnBpgIicsAIgetxIAAC
18=BIAEwHbBYpfBZEAlAXK9wKWAcnCABMCkwBXAhoAPwsZAIpLABYAScIACm8ALwOQCJIALQn
19=QAFIAKwBKhQAUAInCAAJuKyYsKSQWFhYkJCApAhAJWwWjElIFUAWkQVAqCyNAThQAkgDQD
20=FIAFAFWAEqbAWsdsQsKsQKNWwFUAhIALwIUCYnCAAwnAW0VHRR/FmwBSfOAjg8XOEi4CF0
21=CfytpBe0BtQAJwAFQAGsKEABqABELyogACc4AOQOlEtwaEghtCqgAScsAFgBRCm4AbQAhA
22=JoBio4AFAmUBREQUBtUCmcWWwEXAJYAVACSANABEgbMGwFKnwWJ5wFwAFQVkgANL0VUHhV
23=hBq8JtgBpCBWAGhQrCW0AKwlpAW0AAJweHBITHgrzBMmtCDcBdwmlAyMAVcYODw4UjJARE
24=yRKFwAfA5ABEQOdABIAyMgJ+QsVCeEJii8FdUPiGQCrCi0AJkEOOwBdAPEAnyGcClYAUAo
25=WCgDaGhgYGRgQCtIAEABWAFQAkgtzCtQfUgAnFNQy2jMI6QhvKG8ucQFKWwFUFZIALwIxC
26=CMK9QbSBsnCABcAkgAmAGkBbQApCwJoJyQiIR4gIB4mJyQpB0w/CysClgZJwgAjStArytI
27=SEhBAThCAEBA1GZMDUQOSABAASkIACjmCLyoKpwF7ChwKaRcpAK8FKwBtABUBkABSACkES
28=cgAE+IUFRYWBBMPUMBWFxYKEAKTCuoAJQnrAq0AMyFnAKkLFAyTDRUG85MeHikBSoUAGwc
29=sEcpaANIJEwTVBJ0A1wCQQRoIrg0twk4QDhwNUYlUFBINlALegFMUFyFTAFYDVgEjHAovD
30=BICUgAWBlSGjA0mFhcLFK5PEBQAtQMQA1IAIwNQBBIAHFHvCWMM2wEKewbVAmoACfQBFgB
31=vBqkArQAUAInCACMMczZvFZMK1hDQFhYAW4WfHgqnAWkVqwKtAC8WSpsBUAfSABQIEgtpC
32=akBSoUAEAZygBoSLwCrFW8U7QAWAdBEDhYJyR+K3x4RAJYClALUAJDhXh4cLwLrHBcAkgA
33=SAZYBKAcAqCYiGhoRftYSGBAMVwsSABINFgETFlgEEBYKWwFpAK0wLwavEesE6wNhCbMfy
34=c8BUABSACwDpQAbIWEBcwrQBZcGFAXSBUndANYAVACSANsFiI8OCL0N7QtvA6kEaQCUBpY
35=BFAFSAZAB1wI9BJwEaQX5CmEoZwapAIqFAB2BmhItAlICUghdgl8eLQbtwCQnGhIAIEZOJ
36=QYaAxYAVQGUAVUBlgQUhFYYG8rqJyQSAMnCABIV1AsvBHUAEQRLQ4LwLBIGyqsEGRZbARg
37=tawQVAAnSAXsEJQqIxBDhALMK0gYSABAE1gTuBC0AwOoqJiopJhAJUgDQARIAEwWTAS8KS
38=XMQZyGUAJIA0AESABQBVgB5Bd8EWwBTBOIAKw31BWEAmwB/NptK2TMK0gkQCVUVFxotAak
39=GrAatADUFYQatAOkAifMAlAIQxPwAAAnCACgBFQAKlQCfA5EWSk8Arx0bFhBzbxYhWgASI
40=d0FVgEkAVEDlwIVABQEUgAjAEnfBbNKzhMGCZ8K3QMbOhwQUArXBpAPVzvboVgWFAmSCdY
41=BUgGTBZMnX0sTDFcNrRRZBGgQ3wRI/wplBKsJXQbWAGgBGABUPhsBFQMUAtUDCimBpyIbM
42=EBZFiooNTbpAgnRANcGqwBtAC8HVACSABUCawWJ3gFQAFcAtQPQBMtCAApPAJQKVgrvCyk
43=GrQALu4AaEhACkgAtAO0AFwOdBgjDCxAEFgBvAK0AL0soFwaI5hLsCxUAFwsWC6sQ0wBXC
44=9QCEgAQAFYAbwIdSpkxKr0CXwmdBKsGVApoAGUAKwltAZYEFQJWDfMK1irxFNkPgmgoJBg
45=XFhgZFiYmIi0BlAaSAC0KioUAFACLQgATBZAKycIAEANMTwCoBO0AIwTJFwkvCy8oShEA4
46=AEUAikEXwXfOB8FFAL1Bgo3Ap8oawHtABABycLAJiYkFxHWFhAH1AsQ/GIhHhYDTC8IawN
47=qBtkDvwsrAF0ACccELgTjBm8BbQSKtwKRA5IpVRRgARkm4EBOFhYXSxoKTwLXAJYK0gAQA
48=HoANwFUAKMnWAfJ3gFQAFMGVAgTHAnmANgASn0CnoBZEhuBHx4tABkAoAWwAFMAUgAQBmU
49=Bqwf1Bgp3ApwBewEzAFaAWRIvAVkAlAISABRAph8dFQqUPK8CLxWMLwhrAcrpAZECCacIL
50=wCtACkZbQJSB4n3AqsK1grQAGcAtwR9Cd7JXBwaCFrU7i0oEBM7Ch0KkgqWAS0AEABSACV
51=A0C01bw1XFlYbVgNSAAq9AS0ErQAbh9kSEQ+gBBcACOlWoAl/FOsBLQAdBjk8nAFJ9wKUC
52=ZIAEwfJzwFjDF8BVwCSAAsTAS8Aig0BPwIzBYjHEkCSEg4UFQrJAK8FNQAnAv0EnyGtAl0
53=FyYMJkgqQCtAH0ABXGUjWSU4YAAj1CpYJUgASDwk3CVQWVgBSAAnPAVAAZwpYM18AiIlNU
54=BAqVQwWAGIAHQwgAEiHEB+LEBAWCJ8LPQnrG2sFqwxXBRlBUTlBXwrVC9UA1gHTBZIAFgE
55=WAGsB3QAmCsrIABgK2SGcAInjA9QAuT7UAhIALwIvBRQGqABVAC8ESicBSYMO7RaZBeICV
56=ALWBBUEkgb1gl4eEgqjStIQAGcAkEBQKwrI9QqWAF4AkwASIRMK6Q1tABIDycIALwRnCwr
57=bAW8AieYACcgAKwWWBBIAEgSQBNYE8sAaEjAIQohxLCsNEgDQB9YBEhCZgWAeEQCQAFIEk
58=QCSANICbwRZB2YSdwIVB64AYAuiA8mLDmcAjAcAbxZvCavGaCckFCGSABMH1wFWA20A0AQ
59=TJ2sAYQLZEdQAkgSSBVYBFAFvBdYAWwrTFVFNDxoK21YRFQrTCtwR0gGTBnNBERM9yK8Nk
60=RoSCe8GoQRJFUsQKQjpA5ABKABlADMWFACvAWQAnQSUBGoDEABVBKwI1jNSAmkjLwUSANA
61=BLBBSGx9E0wisDmsECoUAKQIrB+kJqQCKCwA7ItcDlgfWApQC2wE9IekBQPAuKiAfHBkIn
62=0EQF/gMDg4IdBAQDpIBrwLIkQgAYiAiIhVPnBUJNYJeHhQd1gWZj5kSEABWAFUKmgJJbhM
63=TCt4BUwAaQA8MVRBRCxIJLwahCYnvBVstYQCQAF0KkgqRAW0AEABSADsAXQDWAFJAFAj4C
64=RYE1gNWEBcHVQbaAAvvGxMKyeQBWQF5IykEXQkJ+wVYFgmODBEVkgARALsgkANWCYktC98
65=KewrvAi0AHwCSAYCnIhgZFhYK2okQEBTLGBgYFxZA5CMiGhsaEwWXBF2CURAWAFQArRCpB
66=G0JKwBvCxAQ7wIVA9UBifcCnEIPHA4VANMHIgDIlRBUCNIAKwHQAGIAHwm7Ch4srQtJ0QA
67=TASsAZwCJVwwWA1IFUBDUAtMAVwLUD5YCnIsuKhALlApQARIAEwEWAFIAEABWAFEBUgDWA
68=G0IbxKZBosxARkAuwrVAZIAFgHdQacIhchaGRYSIG8TcwrQCuoAFiLSABMAQKgkFhgWHBQ
69=AUBAWFgi1Coo3Apk4wFIcHRwU27IxLCsDVgcLQgAvAJQGkgbWBZEKUgAQCvMLkgLRB94iH
70=xZUAJQFEwCvAWoCbwmrAEqFAAqXACkICpsBUwNSAm8HaQ+rHAkPCxQIEAobAR0GCLcYaQg
71=vAtUAwhITFBAREBAQEBQVBEAAPwNACAJUHiAeKBoSKBoSKBk6ABOAWhQWAEFeHx4UFRQOE
72=BgAAZITFB4eHhwiDgnCAAKoJyIYFxYaGRYoJyQoJwFdwBoULgpAQCgSAlaCpiIUAW3CQAA
73=IEgACWhsaJCMiMC8qMi8qEANSAAnWAECaIg4aIQolAG8AkAESAC8BQZAREg4PEAwNDhXAE
74=BISFgTYgFESLwCA8DAsMjEsLQGSAlAASk5ArhYAVACKnwBWAFwAmUOQKQUdh1EQCq8Ayq8
75=AM8EREBArgR8eCx9AUCgCkwKRAVQCFgERBRYKFgBSBgnCABYAVACVANIAFgEWAGvJXCIQE
76=wHSCRIAEMrqKSQSCd9LGh8LFACSAAqxAG0BlgHVwlIUDhcIXYJeHhAK1gluA1ACkgAJ2AC
77=KSwAKLQCUAJIALwFQAdYB24rPEBOK0hITCsGQDg4OMC4oMjA7CtlJjhQEUgAKjwCWAFIAO
78=wNfAuUJ8wrSCEnvANYDScIACq8ADD8BUwiQARIALwFQAGMCtBETB9IHlgKQAdkVAKIgIiI
79=gEABbQ1A3Dh0JEhRVFRIAEBSBWRIqKSYaGhgTARfGmBgWGsAZGBY/FlIGEgAvFlcCytuBX
80=x4fAKQCFglWARIALwRQBOkFFQAUAJIAOQCnCAq7AyYB9wsnFmsAUAHiAArvABQCLwLQApI
81=AFAOSABMIkQFnALMK1gfUCBIISecDkAHTASoAKwBtwBQVFhEHVAaSBu8CKwEKhQApAUqRA
82=BAdlh2VGxoAE5CSEhYAVACUBFIAKxAKmQEvlY4PFx0TCwGODA4OGBkYKig/FlehqCQQBBY
83=EFAaSACkF7x3QApoALA1QjdkSEAESAC8EawTKhQAvAIwFAByCGRIKmwFtAa0FbQAtAa8Aq
84=wBtACsB6QUXETOK3x4rC4qvACsASoUAFAFejFAQEAHQBxMrCecBVgEhQg4tA+0AIUCQLxW
85=XG5kLEKaSEhYWFACrAS0ALQSpBS0AFSEVFdcdMgAAjg4gIB4X3RgaGB0NCdOEHx4vCCkCF
86=ApSADECCmcBSucAinEClwCRBdcBVQAlBXUb0QCSACsCkwETAGoALQVtABADUgAvAJYB0AB
87=hAg23QpAdnVkSLQJvAVoBlzCKTwCXDJiRnx4VAB2LURAfSx8RNR8p7QGtA+0AFwFQASkBb
88=xWSFdAAUQCzDRcepRyrBO0BrQAVA9IAF9ZWFhQQGdAAbQJ/a1IUAJAplgrvCBQHUgArAe0
89=AFgBSADUY5xZtBtUAEgVSABcC7QAQAFIAOwBfIBYAScIALwLVAZEAkAKJwgAKlwAvBekFE
90=gbQBxIJFgBbgRoSLwRbAFQHSkkApQGTDpkDrcPwLioaABO9MCwSIpQCEhaQApYKFxZqA+U
91=Btw4SANABFgEUAUFaEwwaFAwaFR0AEgPUAJYEFQDrAe8O6QRtAC8CLwjXAVYBLwLQAdYAb
92=zOrBa8Ap0FOLwUSCFIAKwBtAO8CLQMpAI2vAC0BlwpQAFIAFwIqACsDVwCuAEnFAC8AkgS
93=RBRYGVAaZBR0dHROvA6kGqQFtA+sASc0AUANvBGsRnAsSi28sEABRAtAClgKSAB0CuzZWA
94=FIAEgDQATMK1grSACELC2cBUAxWBNEBaQgsBduEGhIUAJIA/xWIkQnKrwVpAW8F7QApAJA
95=FkABKhQA3BqcR/QMZCBYBEgAKqQArAFQAjMIAHQSJ6QPIkQhLS0JSEjGjCV4UicEAbwsrB
96=C0A3wIUBFIACc0AY2FwJQqvCxIolAdSwDIxLDtf0hkrXSkzNkxbAVQLFBZSABAAZQtTChA
97=MVgxQEBQKUxhZCAwbAUsvBUn8AJAIowWTG1oAFgBSAOFAkCsLqwBZBr03rwddAzkAmgGLD
98=wUVEvICVwCZClwC1gEqACsB0QXQBZYFlAXSBhYAUiZTJckDC9ECFAFsAhAAUgAtAZkEfyG
99=pBS8AkAESADUKpwsvHSkAljWQFgwLBt4gkQpqAApVAXcAilEAFgTUBRIFV9ZSExITQFQmK
100=9AAUSMrDpsE+wirBNIEkgA9Bh4Rig8BfQYtAZYBCcIAKxJKpwFtCFUAEgJSABEBbQAQAFI
101=AKwBKmQBVBVMK0gVQBZkFFQ/KSQyXCwnDC9YB0gA7BB0ZrwOvBesK7QDrAq0KlDLiB7UhM
102=4NQEBI2FBZSABAAUQ7QBBIA0xS3CkqnAUwLACEAlwFWDRDBzhAOF8scHRwXEEinCZVaWgl
103=3CW8I6QUUBdIADAEBLQDKhQAVCdEBagAvAWsAbwdpB2kC4QpLDwXbVhAfCDka1QbzSt4Ls
104=w1uApUACqcBYwKeCsn6AHcDkHfZMShVB5YCoErqKyFrC5ADUgAvDhYCicIAFQDUAJIA0gA
105=XCZYAdwshIOsH1WxcFgBhFlABFgEA2BgWFhgWEwrRGK/j6CgkFxBA2BkWJiYiGwc9JagDa
106=AWtACkAqQXvAsqFAC0A6QFMFwAtAa8LCssBi9sBXwgMjw7KkwBIp4pZGBAsk9DgHxwRCBc
107=RFACpAusELwRtB5ABEgAWCVYAbQeQAFUIWwNJlw2vAWENSu8EkB8QAdIM1AFSAYnPAu8Eb
108=S0tAm8R1AFWAGsZKwEtAA5nAVAFkgAoBAnFACkJqwHsAInjABAAUgAsAKUAGyLtA+0Brws
109=xAJMTDLcCljNJUE0QNS9rA1I/0gqIpg0TR5AInFDMCMYLyo8C5EOOFgcQCJYIkAFdB5ISo
110=TdvAJALkgAfgJ8eEANWA0sdAZsFrwItABUBlAFSAZIAFgKWAF+WUwwQAFYAawZQARYMbwU
111=NhQAUBdECLxBLDwLZA68JrQAvA70AHQDKkwBVBVYBEgAQAS0AEABJwgA3CxOK2RIvMt8IP
112=xWTAFhKDxMS3j6JTU0RGSAKAYBnIhQbiTsSFwFUixgYCJMOkhaXOBQdFQeXAJMGXQeIjQx
113=uFJwCEAu3QJ4zCtYK1AsnAUttDJ8Gir8AkAoQApECFAFXIBMAShsBUTFKVxFqBUqTAQDkJ
114=CAUFRIQBNMbVwUXIZcLEABKpwFpGgqxAGsAbQAKlQFXAtQAjG8AClMEAOAfHhIUFBiKEA4
115=WMpQy4QdIjA7ZMUn8U1EVB7cI0wKpBq0ElxuUCl4MQFAQFhYdJxIeEgYWB+MKCJcJ7ytvA
116=WcESmtRmRFOEBsK5Q5YAFMCUwBZA5sMVQYMwgASAxkFCLcPczZ+AR0BqQUTJFAHFhAbK8I
117=nJBYWFBISECYlIAqzAVcF1wszAScTUwo6Anc1Cq8ACdoACcgAEAiKCwAKWwFJ90KSCIIUV
118=gcJYw/TBxlI0gibFNGL0hIKGwFXAi8I6wltBhQAkkAoFrHnIi0dVgHSABIS1BNSEVcFyqE
119=AqwH1ACE+7yVTA1IK1QARA6UPGg0TABcHagYVAC0D9QMUFhkbngWQBBIAKwKrA1UBkQCqA
120=Cvl0hMQCE4QrQDMBQAWFhcFFwsQAG8CKQIrBxID6gJVACkAkABUAKcESXsUYwBMZwgvFZI
121=V0ABWCJUFkxDUFBEHVgcXAgtCAD0D3xZjAokFFotPDIixDSkFLwFKkQDpAIxFABVLWRUK4
122=Q7XRBAaFFUD0AZdACMQ6wrWC5IFaQ4nEGsQJUbZCXkPqQOrBBYB0gASydgYFhMKFxZtAO0
123=AF9cyMSwvAhvBFxYaCMMWaQU5AgopBK8EUAKSACsAZwglA/s2SiGAnx4WChQC2kAQHQkWB
124=ZQF0AEfCxkp3gcpBFACi0IAKQLtB5UBkgAWAdYAbwCrD20ALQVtACwCKwBbMEk2EqYc3AC
125=nCx8AiY0JbQJWApIEmAvfVZQWAFMFlAXSABAAUAWQAF0BvQJKswCrAG0AG0oYCK8Y0ABJM
126=QoWAdMB0gAQAG9CGAmDFlMBGgSKyQC3Ia0GKwTbATsKyiEAlzLRJhYckSeTJMjfFheVjhE
127=KJwFUAVQGlxZrBO0ACrUBlgcQAR0ElzhI+xmvK0ijCQiDF90M7wFvCzUEiMsIXQSJ1QFQA
128=GgKycgALgBlAAolAGsKyI0ImQLQDpsIpwXYAGsGfS3pA6sFjAUALyGVAZAKzYcAT18Foxq
129=dBjsK3wgpBTcVjksG2SAXBpAUnUPQCVcUbwUtDZUA0wrVANIAFgEWAEkzDusBLQAtC0qVA
130=W0LbQAbBN9KVBgT0ABJwgAsFBMK4cX8AAAJwgAVAy0CSoUAHRCjCtci1glUCa0frQ8dgC8
131=qLwRtACsB1gEUAVIAEABhCOIkywcAUBMSAMnXCcpPAt8I3wXhBR8IEgFrit4eO3KOGQjLy
132=wbrB8qJAJQGkAoUAVMCEgJXFlEAkABSA9EAkgDTNlQFEgVMMwIrBmsCkwBQAFIAEABqABk
133=FCpUBSlgBUgDJ5QBJ3gFQAGABzQ8FFgrSC0kJD4k9DEinSxQJYRTvCykL7wURBpYFkgGIj
134=UiPEUrOG0BRFgIiC1MG0gAfHpdAjhQHTA8CyeEAkgJfCAkdFonBENFRGRoCSdkBIRTK0xh
135=MpwFIrwhSBJ8EEyCJowwUAh0FYgSvBeIIUA9dCGsAbwLVMZQLEgAUAJYKGgAKmAFTQFoYK
136=xEOFAJpBdAKycIAFQGSABYB7QJQAF4AZR1rCjMKyPsPLwXtAC0LSpsAqwBVCpxKzxsGrQY
137=XA5cKWgAQAOcj50CQGYFREBYWDGcL3xWIrx7rA0qFABYE4gAfCC0FVgBQAGsBEABWAGoAL
138=w1XBBYDWkASCLELlxZUCBsK4QRYAG0EuSh5AgufAG8I3grTFiMPawBtAxUG1gKdEKExSd4
139=BUABsBFUAKQLnQhAK2wFUFYJTDBoVDBoUDBoVDBwEQAAYQeWEQhUMGhMMGhQMHCIOEoAaI
140=RUAAdAeJBIcIhAAAAgSwCgZEhIAAVISEg4PEA4QIEAROwBkwIwNDhIAwFAREi4gAADeIB4
141=UFRQZAUHREBITEhgZGCgaGQISAlLAKBoUFQJgQW4WAEnCAC8AlAOTBCpAGgqPQJ8bwpARE
142=BIAANITFB4fHhIAEABWAFADVgNWAFNEDhCADxASBVSETg8RANgFrwIrAoqFAC8AlARaABG
143=FGhIUAhICWQcZBd0DEgIeQo8XA5UCpQeSgxAQLwUrCUDwMCwyMSwryhoUDBIALQbtAC8Ar
144=gcvAUGgJRIeJBAgJhQSAACeIhIcIwrnAUDwLyoyMCwcBdMEJgrQBBMD7wCLoQCBXh4oJyQ
145=YFxYrA28LHkZZEkVOFAgrAF1AGjUM6QFvBG0AKwKRB1AH0sqeHh4QBBTGsC4oEABVANQAl
146=wsVANQI1A7UBFIErwFKjwFTCKoKlQAhB1ASWgAdQ9kzCt0BlwaRjh4eFwFWAe0DEgVTArA
147=SVYeQEBYAVACtAOsKEAraQBMZCxgAUgtjAFQCEgAhg5AeOwrQAG8LKABQARIAKQRtB4DwL
148=ywwLiotAxYHFwdRB1AHCiGAnx4rFKkJrQApAiVM0hYE0ABnAUrbAWkBbQArAp0J7YefHik
149=GnY5vKhQDkRHWBBIAEQFvyw4QEBYEFgBpBpUJHwprGGUAEAZSABQAlQAtANQBUgGQDRADV
150=AIWAGJAzjsBHcwyLyoUA5MY0geSABQOFAFTFnMK4QpKlQFvAKsJbQJVABTKZioaH1WkEiE
151=TVhITAGsBKQjTAQtCAC8LEgSK4QCdD90ErAFvCx0AFCDRXFkTCtAQJSKUUE8WBSMAeSMKm
152=0FOHgeXYxQXFasDVgcQDq8HWwBgGpILawBRBFIJEwfXAZIElxZTChYEJQtK8QEtCe0ACqU
153=AVAFOQgASA9MDY1DQKwodCpYK1isR1ZUMHBAAVoBUDC8JqgJtAysAUyCWK9qhJRIrAQwbA
154=W8BbQDRBpAGWQU7Ey8CKwErAG0AGUsZCtMAURBcCsvzBSsCnQk7Aq8GkBVJwgAtDC0AKwr
155=3C+coUQIvCxAE1gTWAG8LKQRrBMqFABQJkxhlDBUq61DQCeAAJwCsALUAChuBVAwrBDEAj
156=hsBVQJSACgECcUAKwrpCmwAqwEpAJYFlAXSEVIIVgZTEzMBHTk5BH0ckAHSABABJUVQLQS
157=tABYbWgtYQlArApYIlQBrApmRFAwKGQQQSi8dHXMLloBxLBlLMCUAPxZtAZUCVAIWBNUCU
158=gVJzwLeRCIKzwLtAlcAkgA3BTkFyhEAHwaKdwKRFacKbQYpCykI6QIrAFYB0gAlB5MInQ2
159=jQFAKmwFvAVMQEABtANEF0EWOFwW7ExQCEgArA20ALwFUAJIAJQG3AtYAUgArAQqFACsCn
160=Qh7AqsFq0laEhvfSyobFicv6wupCPEhpTeKNQAWB+UBkQLvCxAFlgWWAFME0wQVABkGsQp
161=qFd0ALQVSAOMBFkWOIQC7CtYCkwrqACsAZQAJ7AAQAGsB7QAtAy0LbQArCtYBCcIAKQFtA
162=xYE1AUSCtIIVgWJ9wKKqwEKiwAvAukCEAKQAGcCHgWWAGkBawKWB9YCqwK1CSEF8QspBqE
163=JmVWvFhYfOy8LLyD1AakBbQAnAW0M1QMUAtYFlQMSBgnPAu8Eew0ZDhMFkwTqACUA+wrTA
164=pIEuwKJ7wVpAW0AEAcQAGkKawBWAFIALwIMGwFpCC0A0QUQRM4XBPsTHpJuKgqPAK8BbQA
165=vAusDUgMJwgAvAIqTAF0HuwK1CS8xbQAXBpIALwaQAFIAIwBpKesWCvUAEAESACMBDB0Bl
166=QYvCxAGVgZWAG8F6w0vCysCqAWxAtACkgArApQLEwBlAAqdAO8GlQGQAFIAEABqACkHTBs
167=BawEtANYEFARSCtIIVgTXFZ0SEGgvEBJImAsUB28BUwKQAFIAEAB6ABkj0wBUAKUCcRurQ
168=o4cAolnCDMGYQXzAFAGUgAvBpAAUgDSABAAagAvAKkArQAKlwATAFQAkgAQAGoALwFlABU
169=D0AZWBlcD0gbXFm0KrwsvGIrDAIqHAGMAUQaSABQGlQATDTgAbQbRHR0Hpwd3K2YBCfkFy
170=h0AEQRQBB8IOxMUClM7rRXvBGsB7QAjAr8C5ybJ+gBQASUA8zZdBvsCissA1QhSBgq9ApY
171=AVAChCPMUqQCUAKoAFgBIBG8AEgJVBu8LEActCpmR7yoSANoAFgKvAtUAKwBlABAGScIAL
172=QbtAC8LKwcoAS8VjCcC6wEVA9MK0g8SCFYEFxWpGisEKQ+vAgrfAGUKlwCUAKcCNQ2jAHM
173=K1gZWAqsCswrhBdwGkwZqAAqPAWkAiqMACosALQDIBW8AJQGRB1QEbQbzBC8C5QDTLg5vB
174=VYHLAdVACoAKxPIl4qaFCkArQAxAUjNCJEDkwrfCDsTLQGpFYwbAWsB7wIKhQAvAIqbAVQ
175=NUgAWBlIDMwrrE+0ADasBFwCSB4qvAMgLbwAAlQwaFAwEQAA

[Map]
Theater=URBAN
Size=0,0,60,60
LocalSize=2,4,56,50

[Waypoints]
0=97052
1=22065
10=92079
13=93077
26=72057
27=58068
28=103066
29=86074
30=56046
31=76027
32=89051
33=82065
34=66080
35=57090
36=42078
37=40045
38=64038
39=57028
40=77051
41=51051
42=32067
43=56078
98=60060

[IsoMapPack5]
1=ig0AIAk8AAEA2gEAAAACADtPANgBAGkBPEoBFgKJAT1JAdK0AgE6AAMAwQQ7SAHBBDwoKQ
2=A9KCkAPkgB2wY5AAT5BjpIAdkGOygpADwoKQA9KCkAPigpAD9IAdMJOAAF8Qk5SAHRCToo
3=KQA7KCkAPCgpAD0oKQA+KCkAPygpAEBIAcsMNwAG6Qw4SAHJDDkoKQA6KCkAOygpADwoKQ
4=A9KCkAPigpAD8oKQBAKCkAQUgBww82AAfhDzdIAcEPOCgpADkoKQA6KCkAOygpADwoKQA9
5=KCkAPigpAD8oKQBAKCkAQSgpAEJIAdsRNQAI+RE2SAHZETcoKQA4KCkAOSgpADooKQA7KC
6=kAPCgpAD0oKQA+KCkAPygpAEAoKQBBKCkAQigpAENIAdMUNAAJ8RQ1SAHRFDYoKQA3KCkA
7=OCgpADkoKQA6KCkAOygpADwoKQA9KCkAPigpAD8oKQBAKCkAQSgpAEIoKQBDKCkAREgByB
8=cCMwAKACZEawEBAgA0yAEBAgIANUgBJxYDCgDJATcoVQA4KCkAOSgpADooKQA7KCkAPCgp
9=AD0oKQA+KCkAPygpAEAoKQBBKCkAQigpAEMoKQBEKCkARUgBwxoyAAuAGkWGM8gBjBu0Ao
10=0bC+EaNkAEJ2wDJ1UAOChVADkoKQA6KCkAOygpADwoKQA9KCkAPigpAD8oKQBAKCkAQSgp
11=AEIoKQBDKCkARCgpAEUoKQBGSAHbHDEADESjSwACADJIAWg4hR4MkB+EHqgBhR4MKMQDJy
12=kAN1gG0R84KCkAOSgpADooKQA7KCkAPCgpAD0oKQA+KCkAPygpAEAoKQBBKCkAQigpAEMo
13=KQBEKCkARSgpAEYoKQBHSAHTHzAADUQfSwACADEoKQAySAEnHQQNKBwEqAGdIA0oHAQnKQ
14=A3WAYnHAQnVQA5KFUAOigpADsoKQA8KCkAPSgpAD4oKQA/KCkAQCgpAEEoKQBCKCkAQygp
15=AEQoKQBFKCkARigpAEcoKQBISAHLIi8ADlwhSwACADAoKQAxKCkAMkgBJ3UEDih0BKgBlS
16=MOKHQEJykAN1gGJ3QEJ1UAOShVADooKQA7KCkAPCgpAD0oKQA+KCkAPygpAEAoKQBBKCkA
17=QigpAEMoKQBEKCkARSgpAEYoKQBHKCkASCgpAElIAcMlLgAPVCRLAAIALygpADAoKQAxKC
18=kAMkgBJ80EDyjMBKgBjSYPKMwEJykAN1gGJ8wEJ1UAOShVADooKQA7SQHTXK9RdzwoKQA9
19=KCkAPigpAD8oKQBAKCkAQSgpAEJIAcEPQygpAEQoKQBFKCkARigpAEcoKQBIKCkASSgpAE
20=pIAdsnLQAQTCdLAAIALigpAC8oKQAwKCkAMSgpADJIASclBRAoJAWoAYUpECgkBScpADdY
21=BsEaOCgpADkoKQA6SQHRuSc7SQG1qQE8yAFZoD3IAUkMPsgBAQMCAD/IAQEEAgBAyAEBBQ
22=IAQcgBAQYCAEJJAdexCUNIAc0QRCgpAEUoKQBGKCkARygpAEgoKQBJKCkASigpAEtIAdMq
23=LAARRCpLAAIALSgpAC4oKQAvKCkAMCgpADEoKQAySAEnfQURKHwFqAFRHzVABNUYNigpAD
24=coKQA4KCkAOSgpADpIASd+BREAfCsBBwIAPFQCaAEBCAIAPcgBAQkCAD7JAQp8K60FC3wr
25=qQEMfCupAQ1+KxEAJ30FEeU/REQI0RRFKCkARigpAEcoKQBIKCkASSgpAEooKQBLKCkATE
26=gByy0rABJcLEsAAgAsKCkALSgpAC4oKQAvKCkAMCgpADEoKQAySAEn1QUSKNQFqAGVLhLt
27=GzZMBc0bNygpADgoKQA5KCkAOkgBJ9UFEpUuDnQuqQEPdC6pARB0LqkBEXQuqQESdC6pAR
28=N0LqkBFHUuEijUBSdlAkRUDcUTRSgpAEYoKQBHKCkASCgpAEkoKQBKKCkASygpAEwoKQBN
29=SAHDMCoAE1QvSwACACsoKQAsKCkALSgpAC4oKQAvKCkAMCgpADEoKQAySAEnLQYTKCwGqA
30=GNMRMoLAYnKQA3WAbRHzgoKQA5SAHVsjpJAdWlgTtIAXleFW0xE5gySQc91QIXbDG1Ahhs
31=MakBGWwxqQEabDGpARtvMRMA270KQ0QIQQkATcBEKCkARSgpAEYoKQBHKCkASCgpAEkoKQ
32=BKKCkASygpAEwoKQBNKCkATkgB2zIpABRMMksAAgAqKCkAKygpACwoKQAtKCkALigpAC8o
33=KQAwKCkAMSgpADJIASeFBhQohAaoAYU0FCiEBicpADdYBtUjOEgB3WI5SQH3uSc6SQHvqQ
34=E7KCkAPEkB8bUCPUkBCqkBPsgBRcM/SAHFCEBIAcUIQSgpAEJIAcUIQ0gB2ZVESAHZEUUo
35=KQBGKCkARygpAEgoKQBJKCkASigpAEsoKQBMKCkATSgpAE4oKQBPSAHTNSgAFUQ1SwACAC
36=koKQAqKCkAKygpACwoKQAtKCkALigpAC8oKQAwKCkAMSgpADJIASfdBhUo3AaoAZ02FSjc
37=BicpADdYBsElOEgBJ98GFQD2rTE6VQLtqQE7KCkAPEkB8LUCPUgBJ94GFQBoAZw2JwUBQE
38=AExQhBKCkAQkgBxQhDSAEn3AYnZQJFVALFE0YoKQBHKCkASCgpAEkoKQBKKCkASygpAEwo
39=KQBNKCkATigpAE8oKQBQSAHIOAMnABYA//+JOChIAUABeX8pKCkAKigpACsoKQAsKCkALS
40=gpAC4oKQAvKCkAMCgpADEoKQAySAEnNQcWKDQHqAGVORYoNAcnKQA3WAbNJjhIASc3BxYA
41=+rE1OlUC8qkBOygpADxJAfS1Aj1JATVIAUk4PsgBVQ0/SAHFCEBIAcUIQSgpAEJIAcUIQ0
42=gBJzQHJ2UCRVQCxRNGKCkARygpAEgoKQBJKCkASigpAEsoKQBMKCkATSgpAE4oKQBPKCkA
43=UCgpAFFIAcA7AiYAFwAquRwnyAFZHChJASVUAkm8KSgpACooKQArKCkALCgpAC0oKQAuKC
44=kALygpADAoKQAxKCkAMkkBLLUNM8gBVS40yAFZETVIAXAUWRE2yAFBBDfIAUEEOEgB3RU5
45=KCkAOigpADsoKQA8SAFhOwQiXiIXAGkBBWzhqQEGbOGpAQdu4RcA3QpBWAbJAUIoKQBDKC
46=kARCgpAEUoKQBGKCkARygpAEgoKQBJKCkASigpAEsoKQBMKCkATUgB3SBOyAFdIE/IAV0g
47=UEgB0RRRKCkAUigrACUAGJg9AQMCACbIAV0gJ8gBXSAoSAFkCF0KKSgpACooKQArKCkALC
48=gpAC0oKQAuKCkALygpADAoKQAxKCkAMkgBZD9ZETPIAVkRNMgBWRE1SAFkHkEENsgBQQQ3
49=yAFBBDhIAd0VOSgpADooKQA7KCkAPEgBeD0jHTAYhD8jHDCoASMcMKgBIx0wGIQ/XSBBWA
50=bJDEIoKQBDKCkARCgpAEUoKQBGKCkARygpAEgoKQBJKCkASigpAEsoKQBMKCkATUgB3SBO
51=yAFdIE/IAV0gUEgB0RRRKCkAUigpAFMoKAACJAAZAI9ruAIAJUgBfApZXibIAVleJ8gBQS
52=UoSAF8ClFLKSgpACooKQArKCkALCgpAC0oKQAuKCkALygpADAoKQAxKCkAMkgBfEFZETPI
53=AVkRNMgBWRE1SAHdFTbIAUEEN8gBQQQ4SAHdFTkoKQA6KCkAOygpADxIAX1BDGWBGZ1BDW
54=SBqQEOZIGpAQ9lgRmcQV0gQVgGyQxCKCkAQygpAEQoKQBFKCkARigpAEcoKQBIKCkASSgp
55=AEooKQBLKCkATCgpAE1IAd0gTsgBXSBPyAFdIFBIAdEUUSgpAFIoKQBTKCkAVCgoAAIjAB
56=oAjalDJEkBhqkBJUgB0fAmyAFdYifIAUkiKEgBJXEqKUgBJXEqKigpACsoKQAsKCkALSgp
57=AC4oKQAvKCkAMCgpADEoKQAySQHz/sUaAMkBNFUC9bUCNUkBMakBNsgBXRU3yAFdFThIAd
58=0VOUgB3RU6KCkAOygpADwoKQA9KCkAPigpAD8oKQBAKCkAQSgpAEJIASdlLhomHSVEVALN
59=EEVIAc0QRigpAEcoKQBIKCkASSgpAEooKQBLKCkATEgB1Q1NSAHdNk7IAV0gT8gBXSBQSA
60=HNEFFIAc0QUigpAFMoKQBUKCkAVUgBywwiABvhRiNJAYOhRiRIASftCBsj1CZN9yZUAngR
61=TRAnyAFNEChIASVJJSlIASVJJSooKQArKCkALCgpAC0oKQAuKCkALygpADAoKQAxSAElUS
62=YySgFaA1cUAgAzSQEyVERZETTIAVkRNUgBbEeGzhsAaAFFrTfUAkWtOEgBJUkwOUgBJUEv
63=OigpADsoKQA8KCkAPSgpAD4oKQA/KCkAQCgpAEEoKQBCSAEndTAbKO0IGyZZMkVABM0QRi
64=gpAEcoKQBIKCkASSgpAEooKQBLKCkATEgB1Q1NSAFwNV02TsgBQSVPyAFBJVBIAd0gUUgB
65=zRBSKCkAUygpAFQoKQBVKCkAVkgB20ghABz5SCJIAdlIIygpACRIASdFCRwoRAmoAUUTJ0
66=AEfBVFEyhJAdBAO0kXKSgpACooKQArKCkALCgpAC1JAdS5Bi5IAcUIL0gB1AIFMAAcANAB
67=AAARAAD2DQAgCAACADEAHADQAQAASAECMgAcADJIAQEDAgAzyAEBBAIANMgBAQUCADVJAT
68=FABAEGAgA2yAEBBwIAN8gBAQgCADhJAfZABFEJOUkB7akBOigpADsoKQA8KCkAPSgpAD4o
69=KQA/KCkAQCgpAEEoKQBCSQHwqQxDSgH//5UYREgBzRBFSAHNEEYoKQBHKCkASCgpAEkoKQ
70=BKKCkASygpAExIAdUNTUkBJqEPTsgBAQECAE/IAQECAgBQSAHNEFFIAc0QUigpAFMoKQBU
71=KCkAVSgpAFYoKQBXSQHxtA0CIAAdAI1UHF0rIUkBg6kBIigpACMoKQAkSQGGoQQlSAHdFS
72=bIAV0VJ8gBXRUoSgEWAlMFAgApKCkAKigpACsoKQAsSQHRuREtSAFQBm1HLkkB3bUCL0gB
73=1QIwSQHXtQIxSAHJDDJIAXxMWUgzyAFZSDTIAVlINUgBfUwJfkwdAGkBCnxMAR0AWANEC3
74=5MHQDdKzlMBd0rOigpADsoKQA8KCkAPSgpAD4oKQA/KCkAQCgpAEEoKQBCSAHFP0NIASec
75=CScNAkVUAs0QRigpAEcoKQBIKCkASSgpAEooKQBLKCkATEgB1Q1NSAHdNk7IAV02T8gBXT
76=ZQSAHdIFFIAc0QUigpAFMoKQBUKCkAVSgpAFYoKQBXKCkAWEgBy04fAB7pTiBIAclOISgp
77=ACIoKQAjKCkAJEgBJ/YJHgDVGCZUAmgBVRgnyAFVGChIAclDKSgpACooKQArKCkALCgpAC
78=1JAdKxSy5IAUBDYVEvKCkAMEgBJ/YJHgDJDDJUAnRPUUszyAFRSzTJAQt1nB79TDZVAvep
79=DDdJAe+pAThIAcktOSgpADooKQA7KCkAPCgpAD0oKQA+KCkAPygpAEAoKQBBKCkAQkgB3U
80=FDSAEn9Qke5WBFVALZEUYoKQBHKCkASCgpAEkoKQBKKCkASygpAExIAdUNTUgBcDVRjU7I
81=AV02T8gBXTZQSAEn9gkeAM0QUlQCyQFTKCkAVCgpAFUoKQBWKCkAVygpAFgoKQBZSAHDUR
82=4AH+FRH0gBwVEgKCkAISgpACIoKQAjKCkAJEgBJ00KHyhMCqgBTRsnQARkHk0bKEgBwUYp
83=KCkAKigpACsoKQAsKCkALSgpAC5IAdlTL0gB2VMwSAEnTQofKEwKrBBJLTNABGwQWRE0yA
84=FZETVIAcFRNkgB3Ss3KCkAOCgpADkoKQA6KCkAOygpADwoKQA9KCkAPigpAD8oKQBAKCkA
85=QSgpAEJIAdVEQ0gBJ00KHyhNCh/9QUZABN0VRygpAEgoKQBJKCkASigpAEsoKQBMSAHVDU
86=1IAXQjQSVOyAFBJU/IAUElUEgBJ0wKJw0CUlQCzRBTKCkAVCgpAFUoKQBWKCkAVygpAFgo
87=KQBZKCkAWkgB21MdACCIPEUTHkkBjHEBAloDIAAnpAonKQAhQATVAiIoKQAjKCkAJEgBJ6
88=UKICikCqgBRR4nQAR8IEUeKEkB06GTKSgpACooKQArSAHJWSwoKQAtKCkALigpAC9JAdSx
89=CTBIAd0KMSgpADJIAWAPWRwzyAFZETTIAVkRNUgBwTA2SAHVLjcoKQA4KCkAOSgpADooKQ
90=A7KCkAPCgpAD0oKQA+KCkAPygpAEAoKQBBKCkAQkgBzUdDSAEnpQogKKUKICikCicpAEdM
91=BckXSCgpAEkoKQBKKCkASygpAExIAdUNTUgBwSVOyAFBJU/IAUElUEgBwSVRSAHVDVIoKQ
92=BTKCkAVCgpAFUoKQBWKCkAVygpAFgoKQBZKCkAWkgBxRNbSAHHExwAIe2qHUkBhbFWHkgB
93=2VMfKCkAICgpACEoKQAiKCkAIygpACRIASf9CiEo/AqoAV0gJ0AEbBBdIChIAcmbKUgBze
94=wqSAHFaytIAcmmLEgByVktKCkALkgBJUUqL0gB0QkwSAHRCTFJAfW1WjJJATipATPIAVkR
95=NMgBWRE1SQH6oQQ2SQHyqQE3KCkAOCgpADkoKQA6KCkAOygpADwoKQA9SAHNPD4oKQA/KC
96=kAQCgpAEEoKQBCSAHdNkNIASf9CiEo/QohKPwKJykAR0wF1Q1IKCkASSgpAEooKQBLKCkA
97=TEgB1Q1NSAFkNEF9TsgBQSVPyAFBJVBIASf8CifhAVJUAsEPUygpAFQoKQBVKCkAVigpAF
98=coKQBYKCkAWSgpAFpIAcUTW0gBxRNcyAFEEwIbACIAkb1XHEgB3VcdKCkAHigpAB8oKQAg
99=KCkAISgpACIoKQAjKCkAJEgBJ1ULIihUC6gBTRAnQARkE1UjKEgB2UgpSAHZSCpJAfSlSi
100=tIASdVCyImISAtVALBXC5IASdWCyIA0QkwVALFCDFJAdixCTJIAXVaBCLmPiIAaQEFIuQ+
101=qQEGIkwrqQEHIkc1IgDnoSU3WAZoAUkXOMgBSRc5SQHpoQQ6KCkAO0kBxLUCPMgBWQY9SA
102=HRQD5IAcU/PygpAEAoKQBBKCkAQkgB1TlDSAEnVQsiKFULIihUCycpAEdMBckMSCgpAEko
103=KQBKKCkASygpAExIAdUNTUgBZDSUWifdBk/UAlEfUEgByS1RSAHdNlIoKQBTKCkAVCgpAF
104=UoKQBWKCkAVygpAFgoKQBZKCkAWkgB1TlbSAHFE1zIAV0rXcgBRxMaACOITlUCG8gBVQIc
105=SAElrSEdSAHZXh4oKQAfKCkAICgpACEoKQAiKCkAIygpACRIASesC6APTSYmVAJwFE0QJ8
106=gBTRAoSAElCUkpKCkAKigpACtIAdVaLCgpAC0oKQAuKCkAL0gB0QkwKCkAMUgBxQgySAFh
107=XAhtXSONXQlsXakBCmxdqQELbV0jjV0DIvRAqAFJZDhECHheSWQ5SAFsXUEaOigpADtIAW
108=xdTRs8yAFFCD1IASetCyP5Uz9UAs1SQCgpAEEoKQBCSAHVT0NIASetCyMorAsnMQFGQATR
109=CUcoKQBIKCkASSgpAEooKQBLKCkATEgB1Q1NSAFwNV02TsgBWRxPyAFNG1BIASWxJ1FIAd
110=UuUigpAFMoKQBUSAHNBVUoKQBWSAHZBlcoKQBYKCkAWSgpAFooKQBbSAHFE1zIAUUTXcgB
111=RRNeSQH5q5sZACSYXlUYGsgBTQUbyAFNBRxIAScFDCQmtS0eVALRYR8oKQAgKCkAISgpAC
112=IoKQAjKCkAJEgBJwQMJw0CJlQCaBdNECfIAU0QKEgB2VMpKCkAKigpACsoKQAsKCkALSgp
113=AC4oKQAvKCkAMCgpADEoKQAySAFlYAxlYCSFYA1kYKkBDmZgJAAlFSQ2TAUlFSQ3KCkAOC
114=gpADkoKQA6SAElzSU7SQEIoTA8yAFFHj1IAScFDCQoBAwnKQBAQATdV0EoKQBCSAHNUkNI
115=AScFDCQoBAwnBQFGQATFCEcoKQBIKCkASSgpAEooKQBLKCkATEgB1Q1NSAFwNU1HTsgBVR
116=hPyAFdNlBJAf25HFFIAd3xUkgB1TlTSAHR8FRIAdEqVUgBwSVWSAHZBldIAdkGWCgpAFko
117=KQBaKCkAW0gBxRNcyAFFE13IAUUTXkgByS1fSAHXDRgAJWjwIp1LGUgBxQgayAFFCBvIAU
118=UIHEgBJ10MJShcDCcpAB9ABMlkICgpACEoKQAiKCkAIygpACRIASddDCXtcyZUAngRTRAn
119=yAFNEChIAckiKSgpACooKQArKCkALCgpAC0oKQAuKCkALygpADAoKQAxKCkAMkgBbBBZPT
120=PIAVkRNMgBWRE1SAHRKjZIAd1MNygpADgoKQA5KCkAOkgBxUo7SAF8YlEJPMgBhcMl6Vk+
121=VALdCj8oKQBAKCkAQSgpAEJIAd0KQ0gBhzsCAERIAdEURUgB0QlGKCkARygpAEgoKQBJSA
122=EltSJKKCkASygpAExIASWtIU1IAcElTsgBQSVPyAFNG1BIAd26UUgByThSKCkAU0gBJ1wM
123=J/EDVVQCwRpWSAEnXQwlJnkrWFQC0QlZKCkAWigpAFtIAcUTXMgBRRNdyAFFE15IAdUjX0
124=gB1SNgSAHLZBcAJoApUUAYKCkAGUgB3QoayAFdChvIAV0KHEgBJ7UMJii0DCcpAB9ABCe0
125=DCdVACEoVQAiKCkAIygoAEHHACe1DCYotAyoAU0QJ0wFZBNNEChIAdUjKSgpACooKQArKC
126=kALCgpAC0oKQAuKCkALygpADAoKQAxKCkAMkgBYA9BJTPIAVkRNMgBWRE1SAElKSw2SAHR
127=SzcoKQA4KCkAOSgpADpIAd1MO0gBdGUBBAIAPMgBAQUCAD1IAd0KPkgB3Qo/KCkAQCgpAE
128=EoKQBCSAHdCkNIAZA8dWUm6W9FVALdQUYoKQBHKCkASEgB2VNJSQHcob9KSAElZSNLKCkA
129=TCgpAE1IAcElTsgBQSVPyAFBJVBIAd02USgpAFIoKQBTSAEntQwmJik3VVQCwRpWSAEntQ
130=wmKLQMJykAWUAEyQxaKCkAW0gBxRNcyAFFE13IAUUTXkgBJ7UMJuH2YFQCwSVhSAHDZxYA
131=J4wqXUEXKCkAGCgpABlIAdUNGsgBVQ0byAFVDRxIAScNDScoDA0nKQAfQAQnDA0nVQAhKF
132=UAIigpACMoKQAkSAEnDA1cZb02JlQCeBFNECfIAU0QKEgBwSUpKCkAKigpACsoKQAsKCkA
133=LSgpAC4oKQAvKCkAMCgpADEoKQAySAFsEE0mM8gBWRE0yAFZETVJAbW9FTbIAUEEN8gBQQ
134=Q4yAFVyDnIAVVlOsgBVWU7yQEGbmgnANEJPdQCUQk+yAFRCT/IAVEJQMgBUQlByAFRCULI
135=AQUGAgBDACcAABEAAI8OACAJAAAAAAIARAAnAPYBiAECRQAnAO2pAUYoKQBHKCkASCgpAE
136=lJAe+tBUooKQBLKCkATEkB8aEETUkBJqkBTsgBAQECAE/IAQECAgBQSQHToQRRKCkAUigp
137=AFMoKQBUSQHUrQVVSQHQqQFWSAHFCFcoKQBYKCkAWSgpAFooKQBbSAHFE1zIAUUTXcgBRR
138=NeSAHVI19JAfK1DWBIAcElYSgpAGJIAcceFQAoRCpLAAIAFigpABcoKQAYKCkAGUgBzRAa
139=yAFNEBvIAU0QHEkBjEwJAQACAB1JAYOpAR4oKQAfKCkAICgpACEoKQAiKCkAIygpACRJAY
140=axCSVIAc0QJsgBTRAnyAFNEChKARYCUwUCACkoKQAqKCkAKygpACwoKQAtKCkALigpAC8o
141=KQAwKCkAMSgpADJIAdkRM8gBWRE0yAFZETVJAbVMMQEHAgA2yAEBCAIAN8gBAQkCADjIAQ
142=EKAgA5yAEBCwIAOsgBAQwCADvIAQENAgA8yAFRCT3IAQEIAgA+yAFRCT/IAVEJQMgBUQlB
143=yAFRCULIAVEJQ0gBWCSlaygoZQ0oKGQNJykAR0wF2UhIKCkASSgpAEooKQBLKCkATEkB8F
144=AfXUFNSAHBJU7IAUElT8gBQSVQSQH3rQVRSAHFdlIoKQBTKCkAVEgB3VdVSQHZuQZWSAHF
145=CFdIAcUIWCgpAFkoKQBaSAHFCFtIAcUTXMgBRRNdyAFFE15JAfypDF9IAc0mYEkB+rUCYU
146=gB3W1iKCkAY0gByQwUSFHZBhUoKQAWKCkAFygpABgoKQAZSAHFExrIAUUTG8gBRRMcSAEn
147=vg0pACe8DScpAB9ABNUCICgpACEoKQAiKCkAIygpACRIASe+DSkAzRAmVAJoAU0QJ8gBTR
148=AoSAHdmSkoKQAqSAHVcCsoKQAsSAHNBS0oKQAuSAHNBS8oKQAwSAHNBTEoKQAySAFsEEVK
149=M8gBWRE0yAFZETVIAX1tDn5tKQBpAQ98bakBEHxtqgERAlxtqQESfG2qARMCXG2pARR8ba
150=gBUQk93ApRCT7IAVEJP8gBUQlAyAFRCUHIAVEJQsgBUQlDSAHRQERIAc21RUgBxWtGKCkA
151=RygpAEgoKQBJKCkASigpAEsoKQBMSAEnvA0n3QZOVAJsJkElT8gBQSVQSAHNEFFIAc0QUi
152=gpAFMoKQBUSAHdClVIASe9DSn1hldUAsUIWCgpAFkoKQBaSAHFCFtIAXgRSThcyAFFE13I
153=AUUTXkgB3eZfKCkAYCgpAGEoKQBiSQHStXBjSAHBGmRIActvEwAqkC5VDRQoKQAVKCkAFi
154=gpABcoKQAYKCkAGUgB3RUayAFdFRvIAV0VHEgBJxUOKigUDicpAB9ABCcUDidVACEoVQAi
155=KCkAIygpACRIAScVDiooFA6oAU0QJ0AEZBNNEChIAc2fKUgB0R8qSQHXtSMrSQHRqQEsSA
156=HNBS1IAc0FLkgBzQUvSAHNBTBIAc0FMUgBzQUySAFgD1EqM8gBWRE0yAFZETVIAWlvFXVw
157=KpRwRXw31QIXdHC1Ahh0cKoBGQJU3qkBGnRwqQEbdHCoAVEJPcQIUQk+yAFRCT/IAVEJQM
158=gBUQlByAFRCULIAVEJQ0gBg0ICAERIAcFGRUgB3VdGKCkARygpAEgoKQBJKCkASigpAEso
159=KQBMSAHNXU1JATi1Lk7IAUElT8gBQSVQSAHVyFFIAdXIUigpAFMoKQBUSQH0sQlVSQHdqQ
160=FWSAHFCFdIAcUIWCgpAFkoKQBaSAHFCFtJATlECFkRXMgBWRFdyAEBAwIAXkgBwSVfKCkA
161=YCgpAGEoKQBiSAHRgmNIAdEqZEgB0SplSAHPRxIAK5gKTUcTKCkAFCgpABUoKQAWKCkAFy
162=gpABgoKQAZSAHBURrIAUEaG8gBQRocSAEnbQ4rKG8OKwCIdxACAB9ABMkBICgpACEoKQAi
163=KCkAI0gB3XgkSAEnbQ4rKGwOqAFNECdABGQTTRAoSAHFNClIAcEwKkgB3W0rSAHdbSxIAc
164=0FLUgBzQUuSAHNBS9IAc0FMEgBzQUxSAHNBTJIAWAPXSszyAEBAQIANMgBAQICADVIAWxz
165=QQQ2yAFBBDfIAUEEOMkBA21zK5F3BGxzqgEFAkTkqQEGbHOoAVEJPdgGUQk+yAFRCT/IAV
166=EJQMgBUQlByAFRCULIAVEJQ0gBdDJRCURIAdlIRUgB2UhGKCkARygpAEgoKQBJSAHFYEoo
167=KQBLKCkATEgBwSVNSAFsc1kRTsgBWRFPyAFZEVDIAQEHAgBRSQHqaxMCAFJJAfBIAVkcUy
168=gpAFQoKQBVKCkAVkkByUwFQRpXyAFZBlhIAcUIWSgpAFpIAWByTRBbyAFNEFzIAU0QXckB
169=CG5zKwBsBQEJAgBfVAJkDEkMYCgpAGEoKQBiSAEnbQ4r4fZkVALRKmUoKQBmSAHYdAIRAC
170=wABVyDQQ8SSAHJDBMoKQAUKCkAFSgpABYoKQAXKCkAGCgpABlIAdlTGsgBSSIbyAFBRhxI
171=ASfGDiwA0WweVgL//1QQZnYsAMkBIChVACEoKQAiKCkAI0gB0QkkSAHRCSVIAc0QJsgBTR
172=AnyAFNEChJAdBQH1EqKSgpACpIAUDPIsE0KygpACxIAc0FLSgpAC5IAc0FLygpADBIAc0F
173=MSgpADJIAdkRM8gBWRE0yAFZETVIAWR2TTE2yAFRQDfIAVFAOMkBCmV2LIV2C2R2qgEMAk
174=R2qAEBDQIAPMwFUQk9yQEIIgw5oARRCT/UAlEJQMgBUQlByAFRCULIAVEJQ0gBUDJpIkRI
175=ASfFDiwoDDknKQBHQATJTkhIAcXkSUkB3KktSkgBJd0nSygpAEwoKQBNSAFkdl0VTsgBXR
176=VPyAFdFVDIAV0VUUgBZHZFKVJJAfBUFEmQUygpAFQoKQBVKCkAVkgBZHZVLlfIAVkGWEgB
177=xQhZKCkAWkgBdHBBD1vIAUEPXMgBQSVdyAFBJV7JAQ5ldixQEUsAAgBgVAJAAXknYSgpAG
178=JIASfFDiwoxA4nJQVlQATFKWYoKQBnSAHTdxAALZB3XVcRyAFdIBJIAdUNEygpABQoKQAV
179=KCkAFigpABcoKQAYKCkAGUgB0VYayAFJDBvIAVknHEgByW8dSAHJbx5IAdF3HygpACAoKQ
180=AhKCkAIigpACNIAdEJJEgB0QklSAHNECbIAU0QJ8gBTRAoSAHVcCkoKQAqKCkAKygpACwo
181=KQAtKCkALigpAC8oKQAwKCkAMSgpADJIAdkRM8gBWRE0yAFZETVIAXx4UUA2yQEPIm06LY
182=V2ECJULKkBEXx4qQESfHiqARMCXHipARR8eKgBUQk9KDEBPsgBUQk/yAFRCUDIAVEJQcgB
183=UQlCyAFRCUNIAclDREgBJx0PLSgcDycpAEdABNVPSCgpAElIASXFRUooKQBLKCkATEgB2V
184=NNSAF8eElkTsgBSWRPyAFBGlBJAfuxglFIAd0KUigpAFNIAdEJVEkBtK0FVcgBVS5WyAFV
185=LlfIAZ54LQBsBUn+WdQCWe1ayAFZ7VtIAWh6WSdcyAFZJ13IAVknXkgBJVVCX0gB2ZVgKC
186=kAYSgpAGJJAdWlE2NIAdEqZEgB2SdlKCkAZigpAGcoKQBoSAHbHA8ALoA0SXoQSAFo800b
187=EcgBTRsSSAGHBAIAEygpABQoKQAVSQH5uREWSAHNBRcoKQAYKCkAGUgByVkayAFRKhvIAU
188=EPHEgBwXIdSAHBch5IASd1Dy4olB4nKQAhKIEAIigpACNJAZB/EQIAJEgB0QklSAHNECbI
189=AU0QJ8gBTRAoSAEndg8uAMkBKihVACsoKQAsKCkALSgpAC4oKQAvKCkAMCgpADEoKQAySA
190=HZETPIAVkRNMgBWRE1SAF1exUizTsuiHpJEjfVAhd0e7UCGHR7qQEZdHupARp0e6kBG3R7
191=qAFRCT3ECFEJPsgBUQk/yAFRCUDIAVEJQcgBUQlCyAFRCUNIAXgrTUdESAHBUUVIAcFRRi
192=gpAEcoKQBIKCkASSgpAEooKQBLKCkATEgBxfpNSAHBJU7IAUElT8gBQSVQSAHZEVFIASUJ
193=M1JIASXpLlNIASWRLlRIAWR2AQcCAFXIAQEIAgBWyAFV/1fIAVHwWMgBUfBZyAFFjFrIAU
194=WMW0gBxRNcyAFFE13IAUUTXkgBJbVDX0gB3Y5gKCkAYSgpAGIoKQBjSAHFKWQoKQBlKCkA
195=ZigpAGcoKQBoKCkAaUgBw30OAC+QI1E1DygpABBIAWx+RZcRyAFFlxJIAZAFbn4vAMkXFF
196=QCyRcVSAHFExZIAdUCFygpABhIAcEPGUgB1SMayAFVIxvIAVUjHEgBJ80PLyhlLi/hfR9A
197=BNl/ICgpACEoKQAiKCkAIygpACRJAY57GAIAJUgBzRAmyAFNECfIAU0QKEgBQGEixSQpKC
198=kAKigpACsoKQAsKCkALSgpAC4oKQAvKCkAMCgpADEoKQAySAHZETPIAVkRNMgBWRE1SAFk
199=F1E1NigpADcoKQA4SAHJIjlIAc0FOigpADsoKQA8KCkAPSgpAD4oKQA/KCkAQCgpAEEoKQ
200=BCKCkAQygpAERIAdFsRUgB0WxGKCkARygpAEgoKQBJKCkASigpAEsoKQBMSAHZdE1IAcEl
201=TsgBQSVPyAFBJVBIAdEfUSgpAFIoKQBTKCkAVEgBbX4ObX4vgfYPbH6oAUnzV8AESfNYyA
202=FJ81nIAQETAgBayAEBFAIAW0gBxRNcyAFFE13IAUUTXkgBxaJfSAHVZWAoKQBhKCkAYigp
203=AGMoKQBkKCkAZSgpAGYoKQBnKCkAaCgpAGkoKQBqSAHXcA0AMJwkRUoOKCkADygpABBIAW
204=SBAQYCABHIAVGjEkgBnAZlgTAmzTAUVALBGhVIAcU/FkgB1QIXKCkAGEgBxbgZSAHNJhrI
205=AU0mG8gBTSYcSAEnJRAwKFdNMACFcBAijz4wAIepASBMBcVgISgpACIoKQAjKCkAJEgBJy
206=QQCDAAJgEAAAACACYAEQAA8A0AIAgwACYBAAABAgAnAKgBAQICAChIAQUWAgAAAAIAKSgp
207=ACooKQArKCkALCgpAC0oKQAuKCkALygpADAoKQAxKCkAMkgBbBBVDTPIAQEBAgA0yAFZET
208=VKAf//mRE2SgHYAYkBN0kB1KkBOCgpADkoKQA6KCkAOygpADwoKQA9KCkAPigpAD8oKQBA
209=KCkAQSgpAEIoKQBDKCkARCgpAEUoKQBGKCkARygpAEgoKQBJKCkASigpAEsoKQBMSQHQuR
210=xNSAHBJU7IAUElT8gBQSVQSAFMI302USgpAFIoKQBTKCkAVEkBtFwKARUCAFXIAUk+VsgB
211=ARcCAFfIAQEYAgBYyAEBGQIAWcgBARoCAFrIAQEbAgBbSAHFE1zIAUUTXcgBRRNeSQH6VA
212=1NPF9JAfKpAWAoKQBhKCkAYkkB7aEEYygpAGQoKQBlKCkAZigpAGcoKQBoKCkAaSgpAGoo
213=KQBrSQHxqwwMADGIJkUTDSgpAA4oKQAPKCkAEEkBBbkGEcgBWRwSSAGLCAIAE0kB9qEEFE
214=kB8KkBFUgBwQQWSAHBBBdIAd0gGEgBzQUZSAHFKRrIAUkMG8gBRSkcSQGMdwkCAB1JAYOp
215=AR4oKQAfSQGGtQIgSAHBZyEoKQAiKCkAIygpACRJAY65BiVIAc0QJsgBTRAnyAFNEChIAV
216=BFfUwpKCkAKigpACsoKQAsKCkALSgpAC4oKQAvKCkAMCgpADEoKQAySAHZETPIAVkRNMgB
217=WRE1SAFkF0k4NkkB2bUuN0kB96kBOEkB76kBOSgpADooKQA7KCkAPCgpAD0oKQA+KCkAPy
218=gpAEAoKQBBKCkAQigpAEMoKQBEKCkARSgpAEYoKQBHKCkASCgpAEkoKQBKKCkAS0gB3VdM
219=SQHXrRtNSAHBJU7IAUElT8gBQSVQSAHBJVEoKQBSKCkAUygpAFRIAdknVUgB2SdWSAHBD1
220=dJAdqhD1hIAc0FWUgBzQVaSAHNBVtIAcUTXMgBRRNdyAFFE15IAcUTXygpAGAoKQBhKCkA
221=YkgBzWhjSAHJhWQoKQBlKCkAZigpAGcoKQBoKCkAaSgpAGooKQBrKCkAbEgB1xgLADKMFF
222=1MDCgpAA0oKQAOKCkADygpABBIAXSGWRwRyAEBAwIAEkgBlAl2hjIAwRoUVALBGhVIAcUp
223=FkkB9KktF0gB2QYYSQH4tQIZSAHdKxrIAV0rG8gBQQ8cSAEn1hAyACfUECcpAB9ABCfWED
224=IAJ9QQJykAIkAE1QIjKCkAJEgBJ9UQMiMoIVUjJlQCeBFNECfIAU0QKEkB070VKSgpACoo
225=KQArSAHZiiwoKQAtKCkALigpAC9IAdEJMCgpADEoKQAySAFsEFkRM8gBWRE0yAFZETVIAc
226=UpNkgBJ9QQJy0GOFQCzTE5KCkAOigpADsoKQA8KCkAPSgpAD4oKQA/KCkAQCgpAEEoKQBC
227=KCkAQygpAEQoKQBFKCkARigpAEcoKQBIKCkASSgpAEooKQBLSAHZzExIASfUECfdBk5UAm
228=wmQSVPyAFBJVBIAcElUSgpAFIoKQBTKCkAVEgByVlVSAHZJ1ZIAcEPV0gByS1YSAHNBVlI
229=Ac0FWkgBzQVbSAF4EUk4XMgBRRNdyAFFE15IAcUTXygpAGAoKQBhKCkAYkgB1Q1jSAHVDW
230=QoKQBlKCkAZigpAGcoKQBoKCkAaSgpAGooKQBrKCkAbCgpAG1IAcOICgAzmBVBGgsoKQAM
231=KCkADSgpAA4oKQAPKCkAEEgBbIkBBAIAEckBBWyJJ10BE1QC2RwUSAHZHBVIAdEqFkgBkx
232=ACABcoKQAYSAEnLREz/XgaVAJgMFUuG8gBVS4cSAEnLREzKCwRJykAH0AEJy0RMygvETMA
233=jWcPAgAiQQSFqQEjKCkAJEgB2QYlSAFgD0ElJsgBTRAnyAFNEChIAcXOKUgB3aQqSAHJLS
234=tIAcFcLEgB2YotKCkALkkB0bWRL0gB0QkwSAHRCTFIAdEJMkgB2REzyAFZETTIAVkRNUgB
235=0aM2SAHBXDdIAc0xOEgBzTE5KCkAOigpADsoKQA8KCkAPSgpAD4oKQA/KCkAQCgpAEEoKQ
236=BCKCkAQygpAEQoKQBFKCkARigpAEcoKQBIKCkASSgpAEooKQBLSAHFSkxIAcktTUgBwSVO
237=yAFBJU/IAUElUEkBuLUuUcgBQQRSyAFBBFPIAUXkVEgB2SdVSAHZJ1ZIAcEPV0gByS1YSA
238=HNBVlIAc0FWkgBzQVbSAHFE1zIAUEPXcgBQQ9eSAFoUklOXygpAGAoKQBhKCkAYkgB1Q1j
239=SAHVDWQoKQBlKCkAZigpAGcoKQBoKCkAaSgpAGooKQBrKCkAbCgpAG0oKQBuSAHbUwkANI
240=QXSRcKKCkACygpAAwoKQANKCkADigpAA8oKQAQSAFljAZmjDQAaQEHZIwniQETQAQlKTcU
241=SAElCTMVKCkAFkkB8608FygpABhIASUNIxlJAeyhBBrIAU0xG8gBTTEcSQGQaBoijzM0AI
242=ipAR5UAskBH0kBirUCIEgByW8hSAHZBiJIAc0FIygpACRIAdkGJUgBzRAmyAFNECfIAU0Q
243=KEgB2RwpSAHZHCpIAdUYK0gB2V4sSAEnhhE0AMkBLlQCJ4YRNADRCTBUAtEJMUgB0QkySA
244=HZETPIAVkRNMgBWRE1SAHZHDZIAdleN0gBwVE4SAHBUTkoKQA6KCkAOygpADwoKQA9KCkA
245=PigpAD8oKQBAKCkAQSgpAEIoKQBDKCkARCgpAEUoKQBGKCkARygpAEgoKQBJKCkASigpAE
246=tIAdF3TEgByS1NSAHdeE7IAUElT8gBQSVQSAFkjEXkUcgBReRSyAFVWlPIAVVaVEgB2SdV
247=SAHZJ1ZIAcEPV0gByS1YSAHNBVlIAc0FWkgBzQVbSAHFE1zIAUUTXcgBRRNeSAFsVll0Xy
248=gpAGAoKQBhKCkAYkgB1Q1jSAHVDWQoKQBlKCkAZigpAGcoKQBoKCkAaSgpAGooKQBrKCkA
249=bCgpAG0oKQBuKCkAb0gB0I0CCAA1ACWxdwkoKQAKKCkACygpAAwoKQANKCkADigpAA9JAT
250=ZQCVE1EMgBUTURyAFRNRLIAVE1E0gBwQ8UKCkAFSgpABYoKQAXKCkAGEkB60gMVS4ZSQEn
251=qQEayAFFNBvIAUU0HEgBzQUdSAHVDR4oKQAfKCkAICgpACEoKQAiKCkAIygpACRIAd0KJU
252=gBzRAmyAFNECfIAU0QKEgBzQUpSAHNECooKQArKCkALCgpAC0oKQAuKCkALygpADAoKQAx
253=SAHJDDJJASupIjPIAVkRNMgBWRE1SAEn3hE1ANFhN1QC2VM4SAHZUzkoKQA6KCkAOygpAD
254=woKQA9KCkAPigpAD8oKQBAKCkAQSgpAEIoKQBDKCkARCgpAEUoKQBGKCkARygpAEgoKQBJ
255=KCkASigpAEtIAcl6TEgBJ90RNSZVLE5UAmB9QSVPyAFBJVBIAXyOAQgCAFHIAQEJAgBSyA
256=EBCgIAU8gBAQsCAFRIAdknVUgB2cFWSAHBD1dIAcktWEgBzQVZSAHJLVpIAc0FW0gBeBFB
257=XFzIAUUTXcgBRRNeSQH7rTxfSAHJ82AoKQBhKCkAYkgB2RFjKCkAZCgpAGVIAc0QZigpAG
258=coKQBoKCkAaSgpAGooKQBrKCkAbCgpAG0oKQBuKCkAbygpAHBIAcuQBwA2iJBZHAgoKQAJ
259=KCkACigpAAsoKQAMKCkADSgpAA4oKQAPSAF0kUk4EMgBSTgRyAFJOBLIAUk4E0gBbHNNEB
260=QoKQAVKCkAFigpABcoKQAYSAFob1kGGUgBZIEBAwIAGsgBWaAbyAFZoBxIAc0FHUgB1Q0e
261=KCkAHygpACAoKQAhKCkAIigpACMoKQAkSAHdCiVIAc0QJsgBTRAnyAFNEChIAc0FKUkB37
262=lIKkkB4KkBKygpACwoKQAtKCkALigpAC8oKQAwSQHhpQgxSAHJDDJIAXSRSSIzyAFZETTI
263=AVkRNUgByeg2SAHJZDdIAclkOEgB2VM5KCkAOigpADsoKQA8KCkAPSgpAD4oKQA/KCkAQC
264=gpAEEoKQBCKCkAQygpAEQoKQBFKCkARigpAEcoKQBIKCkASSgpAEooKQBLSAHBfUxIASc2
265=EjYAzX5OVAJoAUVKT8gBTX5QSAF1kQx2kTYAaQENdJGpAQ50kakBD3aRNgAl7T9VWAbdK1
266=ZIAdUCV0kB3bE1WEgByS1ZSAHJLVpIAdEUW0gBeBGUkbAURRNd1AJFE15JAbWxCV/IAUEE
267=YMgBQQRhyAFRQGLIAVFAY8gBUUBkyAEBBgIAZUgB2RFmSAHZEWcoKQBoKCkAaSgpAGooKQ
268=BrKCkAbCgpAG0oKQBuKCkAbygpAHAoKQBxSAHDkwYAN5QnUR8HSAFkdkEaCCgpAAkoKQAK
269=KCkACygpAAwoKQANKCkADigpAA9IAWyUQTsQyAFBOxHIAUE7EsgBQTsTSAHNEBQoKQAVKC
270=kAFigpABcoKQAYSAFgckkXGUgBfINJLRrIAQEHAgAbyAFdpBxIAc0FHUgB1Q0eKCkAHygp
271=ACAoKQAhKCkAIigpACMoKQAkSAHdCiVIAc0QJsgBTRAnyAFNEChIAc0FKUgBzRAqKCkAKy
272=gpACwoKQAtKCkALigpAC8oKQAwKCkAMUgByQwySAFslEkiM8gBWRE0yAFZETVIAZVAAkFD
273=NyjGJDcAxVU4QATFVTkoKQA6KCkAOygpADwoKQA9KCkAPigpAD8oKQBAKCkAQSgpAEIoKQ
274=BDKCgAB0QANwDtAQAAAAIRAADEDQAgCgBFADcA7QEAAAACAEYoKQBHKCkASCgpAEkoKQBK
275=KCkAS0sB8AEAZQhMSQHXqQFNSQEmqQFOyAEBAQIAT8gBAQICAFBJAbhABAEQAgBRyAEBEQ
276=IAUsgBARICAFPIAQETAgBUSQH2TAVRFFVJAe+pAVZJAe2pAVdIAdUCWEgB1QJZKCkAWkgB
277=0RRbSAHFE1zIAUUTXcgBRRNeSQG1XAoBBwIAX8gBAQgCAGDIAQEJAgBhyAEBCgIAYsgBAQ
278=sCAGPIAQEMAgBkyAEBDQIAZUgByRdmSAHFE2coKQBoKCkAaSgpAGooKQBrKCkAbCgpAG0o
279=KQBuKCkAbygpAHAoKQBxKCkAckkB8UwbRCkCBQA4APepAQZIAdknBygpAAgoKQAJKCkACi
280=gpAAsoKQAMKCkADSgpAA4oKQAPSAHBDxBJARChDxHIAUEwEkgB2RETSAHZERQoKQAVKCkA
281=FigpABcoKQAYSAHJDBlJAeypDBrIAUkMG8gBTTwcSAHVDR1IAdkGHkkBs7kGH8gBWQYgyA
282=FZBiHIAQEDAgAiyAEBBAIAI8gBAQUCACTIAQEGAgAlSAHNECbIAVEJJ8gBUQkoSAHNEClI
283=AcUeKkgB2RErSQG0uREsyAFFCC3IAUUILsgBWREvyAFZETDIAVkRMcgBWREySAHZETPIAV
284=EJNMgBUQk1SAFUeH14NkkB2aEPN0gB3Vc4SAHdVzkoKQA6KCkAOygpADwoKQA9KCkAPigp
285=AD8oKQBAKCkAQSgpAEIoKQBDKCkARCgpAEUoKQBGKCkARygpAEgoKQBJKCkASigpAEtIAd
286=GCTEgBJ+YSOADdg05UAmgBQSVPyAFBJVBIAWWXFGaXOABpARVkl6kBFmSXqQEXZpc4ANkn
287=VVgG2SdWKCkAVygpAFgoKQBZKCkAWkgB0RRbSAF4EVF3XMgBRRNdyAFFE15IAWWXDmaXOA
288=BpAQ9kl6gBRa1hwARFrWLIAUWtY8gBRa1kyAFNG2VIAckXZkgByRdnKCkAaCgpAGkoKQBq
289=KCkAaygpAGwoKQBtKCkAbigpAG8oKQBwKCkAcSgpAHIoKQBzSAHLZAQAOfGYBUgB0RQGKC
290=kABygpAAgoKQAJKCkACigpAAsoKQAMKCkADSgpAA4oKQAPSAHZMhBIAXyZQTARyAFBchJI
291=AdknE0gBxRMUKCkAFSgpABYoKQAXKCkAGEgByQwZSAHFPxrIAUU/G8gBQQ8cSAHVDR1IAd
292=kGHkgBfJlF2R/IAUXZIMgBRdkhyAFF2SLIAUXZI8gBRdkkyAFF2SVIAc0QJsgBTRAnyAFN
293=EChIAc0QKUgBxR4qSAHZEStIAXyZWREsyAFZES3IAVkRLsgBWREvyAFZETDIAVkRMcgBWR
294=EySAHZETNJAeS5lTRIAXQCWRE1SAEnPhM5ACc/EzkA+q0FOEEE8qkBOSgpADooKQA7KCkA
295=PCgpAD0oKQA+KCkAPygpAEAoKQBBKCkAQigpAEMoKQBEKCkARSgpAEYoKQBHKCkASCgpAE
296=koKQBKKCkAS0kB9KEaTEgBJz4TOQDBv05UAmgBXTZPyAFBJVBIAXGYGH2ZOZ2ZGXyZqQEa
297=fJmpARt8mSf5BFVYBtknVigpAFcoKQBYKCkAWSgpAFpIAdEUW0gBcDWdmTmQrkUTXdQCRR
298=NeSAFwmFmrX8gBWatgyAFZq2HIAUkXYsgBSRdjyAFJF2TIAUkXZUgBxT9mSAHJF2coKQBo
299=KCkAaSgpAGooKQBrKCkAbCgpAG0oKQBuKCkAbygpAHAoKQBxKCkAcigpAHMoKQB0SQH1qz
300=gDADrpmwRIAdlpBSgpAAYoKQAHKCkACCgpAAkoKQAKKCkACygpAAwoKQANKCkADigpAA9I
301=AdF3EEgBdJwBBAIAEcgBAQUCABJIAc1+E0gB0RQUKCkAFSgpABYoKQAXKCkAGEgByQwZSA
302=HdQRrIAV1BG8gBXUEcSAHVDR1IAdkGHkgBdJxV3h/IAVXeIMgBVd4hyAFV3iLIAVXeI8gB
303=Vd4kyAFV3iVIAc0QJsgBTRAnyAFNEChIAc0QKUgBxR4qSAHZEStIAXScWREsyAFZES3IAV
304=kRLsgBWREvyAFZETDIAVkRMcgBWREySAHZETNJAeOpQzRIAXQCWRE1SQHQtQI2SAFYYyIB
305=JzdIAdUCOCgpADkoKQA6KCkAOygpADwoKQA9KCkAPigpAD8oKQBAKCkAQSgpAEIoKQBDKC
306=kARCgpAEUoKQBGKCkARygpAEgoKQBJKCkASigpAEsoKQBMSAHFHk1JAS29IE7IAV02T8gB
307=QSVQSQHroQRRSQElqQFSKCkAUygpAFQoKQBVKCkAVigpAFcoKQBYKCkAWSgpAFooKQBbSQ
308=EntQ1cyAFFE13IAUUTXkgB2RFfKCkAYCgpAGEoKQBiKCkAYygpAGQoKQBlKCkAZigpAGco
309=KQBoKCkAaSgpAGooKQBrKCkAbCgpAG0oKQBuKCkAbygpAHAoKQBxKCkAcigpAHMoKQB0KC
310=kAdSgrAAIAO+GeA0gBxWsEKCkABSgpAAYoKQAHKCkACCgpAAkoKQAKKCkACygpAAwoKQAN
311=KCkADigpAA8oKQAQSAEleTYRKCkAEkgB0RQTKCkAFCgpABUoKQAWKCkAFygpABhIAdWGGU
312=gBaHpN4RrIAVVEG8gBVUQcSAHZ1x1IAcnoHkgBbJ8BFQIAH8gBARYCACDIAQEXAgAhyQEY
313=IsY6OwBtBRkixDqpARoixDqpARsixTo7kPBNECZYBngRTRAnyAFNEChIAc0QKUgByegqSA
314=HZEStIAWyfWREsyAFZES3IAVkRLsgBWREvyAFZETDIAVkRMcgBWREySAFsEFkRM0gBJ+wT
315=sBRZETVVAtOlazZIAUQNrp87ANUCOFQCyQE5KCkAOigpADsoKQA8KCkAPSgpAD4oKQA/SA
316=HJDEBIAd0KQSgpAEIoKQBDKCkARCgpAEUoKQBGKCkARygpAEgoKQBJKCkASigpAEsoKQBM
317=SAHZEU1IAWyfAQMCAE7IAVX0T8gBVfRQSAFsn1U5UUgBcI1JAVIoKQBTKCkAVCgpAFUoKQ
318=BWKCkAVygpAFgoKQBZKCkAWigpAFtIAWyfRRNcyAFFE13IAUUTXkgB2RFfKCkAYCgpAGEo
319=KQBiKCkAYygpAGQoKQBlKCkAZigpAGcoKQBoKCkAaSgpAGooKQBrKCkAbCgpAG0oKQBuKC
320=kAbygpAHAoKQBxKCkAcigpAHMoKQB0KCkAdSgpAHYoKAACAQA8APu1WgJIAcWMAygpAAQo
321=KQAFKCkABigpAAcoKQAIKCkACSgpAAooKQALKCkADCgpAA0oKQAOKCkADygpABAoKQARKC
322=kAEigpABMoKQAUKCkAFSgpABYoKQAXKCkAGEgBJ0UUPPWRGlQCZIFRVhvIAVl/HEgBJZEj
323=HSgpAB4oKQAfKCkAIEkB1LEqIUgB2QYiKCkAIygpACQoKQAlSAFgD0mQJsgBTRAnyAFNEC
324=hIAdEJKSgpACooKQArKCkALCgpAC0oKQAuKCkALygpADAoKQAxKCkAMkgB2REzSAEnRBSg
325=JVkRNVQCJ807PCjNOzzh6zhABMXZOSgpADooKQA7KCkAPCgpAD0oKQA+SAEl8UU/SAElWT
326=1ASAElLVNBSAHJDEIoKQBDKCkARCgpAEUoKQBGKCkARygpAEgoKQBJKCkASigpAEtIAdkR
327=TEgBJ847PABlogZkoqkBByL0YakBCCL2YTwAZKJNJlFYBmiQSQFSKCkAUygpAFQoKQBVKC
328=kAVigpAFcoKQBYKCkAWSgpAFooKQBbSAFkokUTXMgBRRNdyAFFE15IAdkRXygpAGAoKQBh
329=KCkAYigpAGMoKQBkKCkAZSgpAGYoKQBnKCkAaCgpAGkoKQBqKCkAaygpAGwoKQBtKCkAbi
330=gpAG8oKQBwKCkAcSgpAHIoKQBzKCkAdCgpAHUoKQB2KCkAdygrAAIAPSb5RgNIAdGjBCgp
331=AAUoKQAGKCkABygpAAgoKQAJKCkACigpAAsoKQAMKCkADSgpAA4oKQAPKCkAECgpABEoKQ
332=ASKCkAEygpABQoKQAVKCkAFigpABcoKQAYSAEnRRQ9KEQUqAFVkRtABHCCXVccSAElTSAd
333=KCkAHigpAB9JAdG5oCBJAfmpASFIAcFnIkgBxQgjKCkAJCgpACVIAXQNhKInDQIn1AJNEC
334=hIAcUIKSgpACooKQArKCkALCgpAC0oKQAuKCkALygpADAoKQAxKCkAMkgB2REzSAEnRBSk
335=E1kRNVQCJ0UUPShFFD0mWV44QATZSDkoKQA6KCkAOygpADwoKQA9KCkAPkgBxTQ/SAEnRB
336=QniQFBVALJDEIoKQBDKCkARCgpAEUoKQBGKCkARygpAEgoKQBJKCkASigpAEtIAdkRTEgB
337=wTtNSAEi6E9dNk7IAU1HT8gBQSVQSQG4vUFRyAFBBFLIAUEEU8kBAyIVUD3hylVUAtW9Vi
338=gpAFcoKQBYKCkAWUgBzbVaSAHZMltIAck4XMgBQQ9dyAFBD15KAf//VAUiVmM9AMkBYChV
339=AGEoKQBiKCkAYygpAGQoKQBlKCkAZigpAGdJAY1EDFUjaEkBhakBaSgpAGooKQBrKCkAbC
340=gpAG0oKQBuKCkAbygpAHAoKQBxKCkAcigpAHMoKQB0KCkAdSgpAHYoKQB3SQGLsxQDAD7l
341=ogRIAd1MBSgpAAYoKQAHKCgABAgAPgDtAQARAADNDQAgCAAAAgAJAD4A7QEAaAEBCgA+AM
342=kBCygpAAwoKQANKCkADigpAA8oKQAQKCkAESgpABIoKQATKCkAFCgpABUoKQAWKCkAFygp
343=ABhJAfCxFBlJASapARrIAQEBAgAbyAEBAgIAHEoBFgKBGh0oKQAeKCkAH0kB0aUIIEkB+K
344=kBIUkB16kBIkgBxQgjKCkAJCgpACVIAc0QJsgBTRAnyAFNEChIAcUIKSgpACooKQArKCkA
345=LCgpAC0oKQAuKCkALygpADAoKQAxKCkAMkgB2REzSQHjtRg0SAF0AlkRNUgBQCJtPDZJAd
346=mhBDdJAfapAThIAcU/OSgpADooKQA7KCkAPCgpAD0oKQA+SAHFND9IAckMQEgByQxBSAHJ
347=DEIoKQBDKCkARCgpAEUoKQBGKCkARygpAEgoKQBJKCkASigpAEtIAdkRTEgBwTtNSAFoIl
348=leTsgBXTZPyAFBJVBJAbhIIgEEAgBRyAEBBQIAUsgBAQYCAFPIAQEHAgBUSAHNG1VIAc0b
349=VigpAFcoKQBYKCkAWSgpAFpJAfFUDVkRW0gBxRNcyAFFE13IAUUTXkoB//9TOAIAXygpAG
350=AoKQBhKCkAYigpAGMoKQBkKCkAZSgpAGYoKQBnSQGMRAxZEWhJAYOpAWkoKQBqKCkAaygp
351=AGwoKQBtKCkAbigpAG8oKQBwKCkAcSgpAHIoKQBzKCkAdCgpAHUoKQB2SQGKpBMCBAA/AP
352=q5JwVIAcEwBigpAAcoKQAIKCkACSgpAAooKQALKCkADCgpAA0oKQAOKCkADygpABAoKQAR
353=KCkAEigpABMoKQAUKCkAFSgpABYoKQAXKCkAGEgB3VcZSAHJQxrIAUlDG8gBSUMcSAHRjR
354=0oKQAeKCkAH0gBJ8MTPwD8rSYhVALdYiJIAcUIIygpACQoKQAlSAHNECbIAU0QJ8gBTRAo
355=SAHFCCkoKQAqKCkAKygpACwoKQAtKCkALigpAC8oKQAwKCkAMSgpADJIAdkRM0gBJ8ITPw
356=B0AlkRNVQCcERJWTZIAdWRN0gBxXY4SAHBRjkoKQA6KCkAOygpADwoKQA9SQHyuSc+SQH0
357=qQE/SAHJDEBIAc1SQUgBzQVCSAHVDUMoKQBEKCkARSgpAEYoKQBHKCkASCgpAEkoKQBKKC
358=kAS0gBwUZMSAHBO01IAWgiXSBOyAFdNk/IAUElUEgBYZ4IYp4/AGkBCWCeqQEKYJ6pAQti
359=nj8A2SdVWAbBGlYoKQBXKCkAWCgpAFkoKQBaSAHRFFtIAcUTXMgBRRNdyAFFE15IASfCEz
360=8AyQFgKFUAYSgpAGIoKQBjKCkAZCgpAGUoKQBmKCkAZ0gBJ8ITPwAnwBMnKQBqQATVAmso
361=KQBsKCkAbSgpAG4oKQBvKCkAcCgpAHEoKQByKCkAcygpAHQoKQB1SAHXnAUAQPWcBkgB1S
362=4HKCkACCgpAAkoKQAKKCkACygpAAwoKQANKCkADigpAA8oKQAQKCkAESgpABIoKQATKCkA
363=FCgpABUoKQAWKCkAFygpABhIAdFAGUgB0UAayAFRQBvIAVFAHEgB2YodKCkAHigpAB8oKQ
364=AgSQHQoXIhSAHZBiIoKQAjKCkAJCgpACVJATi5BibIAU0QJ8gBTRAoSAHRCSlJAdOtBSoo
365=KQArKCkALCgpAC0oKQAuKCkALygpADAoKQAxSAHJDDJJATlIDE0QM0gBJ2oTQAB0AgEDAg
366=A1VAInahNAAN2ON1QCzXM4SAHVRDkoKQA6KCkAOygpADxIAc0xPUkB2EAPSYU+SAHFKT9I
367=AcUTQEgB1QJBSQHSrQVCSAHBD0NIAcEPRCgpAEUoKQBGKCkARygpAEgoKQBJKCkASigpAE
368=tIAdEUTEgBJ2kTQJS9XRVOVAJ4SE0mT8gBXTZQSAF9mQxpm0CJmw1om6kBDmibqQEPaZtA
369=KGkTQCYRNFZECMEaVygpAFgoKQBZKCkAWkgB0RRbSAF4EUUTXMgBRRNdyAFFE15IAd2ZXy
370=gpAGAoKQBhKCkAYigpAGMoKQBkKCkAZSgpAGYoKQBnSAEnaRNAKGgTJykAakAEJ2gTJ1UA
371=bChVAG0oKQBuKCkAbygpAHAoKQBxKCkAcigpAHMoKQB0SAHfmQYAQf2ZB0gB3SsIKCkACS
372=gpAAooKQALKCkADCgpAA0oKQAOKCkADygpABAoKQARKCkAEigpABMoKQAUKCkAFSgpABYo
373=KQAXKCkAGEgB2T0ZSAHZPRrIAVk9G8gBWT0cSAHNaB1IAcGIHigpAB8oKQAgSAHNBSFIAc
374=0FIigpACMoKQAkSAHNBSVIAXCYAQQCACbIAQEFAgAnyAEBBgIAKMgBAQcCAClJAehEiFEU
375=KsgBRVUryAFVAizIAVUCLUkByUwFSQEuyAFBBC9IAcUIMMgBQQQxSAFslEEPMsgBQQ8zSA
376=EnERNBkZgIcZhB5fo2QAQnERNB9XA4VALJQzkoKQA6KCkAOygpADxIAc0xPUgB3YM+SAHV
377=Iz8oKQBAKCkAQUgBJVUsQkgBJxETQfl/RFQCzRBFKCkARigpAEcoKQBIKCkASSgpAEooKQ
378=BLSAHRFExIAdEUTUgBzUdOyAFdK0/IAU1HUEgBcZgQcZhBkZgRcJipARJwmKkBE3CYJ/kE
379=VVgGyRdWKCkAVygpAFgoKQBZKCkAWkgB0RRbSAHFE1zIAUUTXcgBRRNeSAEnEBMnNQdgKF
380=UAYSgpAGIoKQBjKCkAZCgpAGUoKQBmKCkAZ0gBJxETQSgQEycpAGpABCcQEydVAGwoVQBt
381=KCkAbigpAG8oKQBwKCkAcSgpAHIoKQBzSAHHlwcAQuWXCEgB3SsJKCkACigpAAsoKQAMKC
382=kADSgpAA4oKQAPKCkAECgpABEoKQASKCkAEygpABQoKQAVKCkAFigpABcoKQAYSAHBOxlI
383=AcE7GsgBQTsbyAFBOxxIAd1iHUkB+738HkkB86kBH0kB9akBIEgB0XchSAHNBSJIAc0FI0
384=gBzQUkSAHZXiVIAXiVRYEmyQEJepVCAHUCCniVqQELepVCAHCNAQMCACpMBWgBURQryAFV
385=AizIAVUCLUgBeJVJAS7IAUEEL0gBeAZJATDIAUEEMUgBeJVVDTLIAVUNM0gBJ7kSQpmVDX
386=mVQii5EkIozSVCKLkSQvWGOUQIyUM6KCkAOygpADxIAc0xPUgBySI+SAEnuhJCAMkBQChV
387=AEFIAdkyQkgBJ7gSJ+EBRFQCwQ9FKCkARigpAEcoKQBIKCkASSgpAEooKQBLSAHRFExIAd
388=EUTUgBzUdOyAFNR0/IAVEqUEgBeZUUeZVCmZUVeJWoAVEaU8EEF3iVJ/kEVVQCyRdWKCkA
389=VygpAFgoKQBZKCkAWkgB0RRbSAHFE1zIAUUTXcgBRRNeSAEnuBInNQdgKFUAYSgpAGIoKQ
390=BjKCkAZCgpAGUoKQBmKCkAZ0gBJ7kSQii4EicpAGpABCe4EidVAGwoVQBtKCkAbigpAG8o
391=KQBwKCkAcSgpAHJIAc+UCABD7ZQJSAHRKgooKQALKCkADCgpAA0oKQAOKCkADygpABAoKQ
392=ARKCkAEigpABMoKQAUKCkAFSgpABYoKQAXKCkAGEgByTgZSAHJOBrIAUk4G8gBSTgcSAFI
393=SAIAAAIAHUgBJS0yHigpAB8oKQAgSAHNBSFIAc0FIigpACMoKQAkSAHNBSVIAWmQDCIdJU
394=OUkVl/J9UCDmOTQwD3rZ8pVQLvqQEqSAElIVcrSQG0tQIsyAFVGC3IAVUYLsgBVZEvyAEB
395=BAIAMMgBAQUCADHIAQEGAgAySAFslFX/M0gBJ2ESQ4CTVf81VAIieCZJIjZIAcmxN0gB3Y
396=M4SAHRQDkoKQA6KCkAOygpADxIAc0xPUgBzX4+SAHVIz8oKQBAKCkAQUgBJ2ESQ+WiQ1QC
397=wQ9EKCkARSgpAEYoKQBHKCkASCgpAEkoKQBKKCkAS0gB0RRMSAHRFE1IAc1HTsgBVS5PyA
398=FVLlBIAWGTGGGTQ4GTGWCTqAEBGgIAU8EEG2CTJxUDVVQC1RhWSAElOU9XKCkAWCgpAFko
399=KQBaSAElbVBbSAHFE1zIAUUTXcgBRRNeSAEnYRJD+cxgKFUAYSgpAGIoKQBjKCkAZCgpAG
400=UoKQBmKCkAZ0gBJ2ESQyhgEicpAGpABCdgEidVAGwoVQBtKCkAbigpAG8oKQBwKCkAcUgB
401=15EJAET1kQpIAdknCygpAAwoKQANKCkADigpAA8oKQAQKCkAESgpABIoKQATKCkAFCgpAB
402=UoKQAWSAHVORdIAdkRGEgB0TUZSAHRNRrIAVE1G8gBUTUcSAHRYR0oKQAeKCkAHygpACAo
403=KQAhKCkAIigpACMoKQAkKCkAJUgBzRAmyAFNECfIAU0QKEgB1XspSAHBGipIAd1iK0gBaJ
404=ABBwIALMgBAQgCAC3IAQEJAgAuyAEBCgIAL8kBC2qQRAB4Bk2fMdQCTZ8ySAHZETNIAScJ
405=EkQj8EVZETVUAicJEkQobSRE5YE4QATRFDkoKQA6KCkAOygpADxIAdUYPUkB26GpPkgBJS
406=U8PygpAEAoKQBBSQHVrQVCSAHVI0NIAcEPRCgpAEUoKQBGKCkARygpAEgoKQBJKCkASigp
407=AEtIAdEUTEgBJwgSqCJJsU5UAmwmXTZPyAFBJVBIAd3QUSgpAFIoKQBTSAElVU1USAHVGF
408=VIAdUNVkgBJYlOV0gB0QlYKCkAWSgpAFooKQBbSAF4EUUTXMgBBAECAF0ARAARAAD4DQAg
409=CyYBAAACAgBeAEQA//8ATgEAXygpAGAoKQBhKCkAYigpAGMoKQBkKCkAZSgpAGYoKQBnSQ
410=GMRAwBAAIAaEkBg6kBaSgpAGooKQBrKCkAbCgpAG0oKQBuKCkAbygpAHBJAYq/CgoARWAB
411=YRoLKCkADCgpAA1JAdxQH1kRDkkB1KkBD0kB0KkBECgpABEoKQASKCkAEygpABQoKQAVSQ
412=HWpQgWSQH4qQEXSAHVDRhIAdUNGUgBYDBNEBrIAQEBAgAbyAEBAgIAHEoBFgJDGQIAHSgp
413=AB4oKQAfKCkAIEkB07UNIUgB2QYiKCkAIygpACQoKQAlSAHNECbIAU0QJ8gBTRAoSQH6vQ
414=opSQHyqQEqSQH0qQErSQG0SAEBDgIALMgBAQ8CAC3IAQEQAgAuyAEBEQIAL8gBARICADDI
415=AQETAgAxyAEBFAIAMkgB2REzSQHjXApVIzRIAXQCWRE1SAFAImE7NkkB2aEEN0kB9qkBOE
416=kB7akBOSgpADooKQA7KCkAPCgpAD1JAe+5Bj4oKQA/KCkAQCgpAEEoKQBCSAHVDUMoKQBE
417=KCkARSgpAEYoKQBHKCkASCgpAEkoKQBKKCkAS0kB8KUTTEkB16kBTUgBaCJVI07IAV02T8
418=gBQSVQSAHRQFEoKQBSKCkAU0kB0bEJVEgB2SdVSAHVDVZIAdUNV0gB0QlYKCkAWSgpAFoo
419=KQBbSAHFE1zIAUUTXcgBRRNeSAEnsRFF/Y5gKFUAYSgpAGIoKQBjKCkAZCgpAGUoKQBmKC
420=kAZ0gBJ7IRRQAnsBEnKQBqQATVAmsoKQBsKCkAbSgpAG4oKQBvSAHHjAsARpxQQTAMKCkA
421=DSgpAA4oKQAPSQHbqS0QSAHZdBEoKQASKCkAE0gByS0USAHFNBVJAfulCBZIAclOF0kB87
422=UCGEkB9akBGUgBwTAayAFBMBvIAUEwHEgByQwdKCkAHigpAB9IAcEPIEkB+b0KIUgB3UEi
423=SAHFCCMoKQAkKCkAJUgBzRAmyAFNECfIAU0QKEgBxa0pKCkAKkkB0rUNK0gBeYoVeopGAG
424=gBRQ4t1QIXeIq1Ahh4iqkBGXiKqQEaeIqpARt6ikYA2REzRAgnWBG0AlkRNVQCmzkCADZI
425=ASdaEUYA3WI4VALVLjkoKQA6KCkAOygpADwoKQA9KCkAPigpAD8oKQBAKCkAQSgpAEIoKQ
426=BDKCkARCgpAEUoKQBGKCkARygpAEgoKQBJKCkASigpAEtIAcF9TEgBwTtNSAHBJU7IAV02
427=T8gBQSVQSAFcMH2vUSgpAFIoKQBTSAHNR1RIAcnHVUgB3cVWSAHVDVdIAdEJWCgpAFkoKQ
428=BaKCkAW0gBxRNcyAFFE13IAUUTXkkBjW84AgBfSQGFqQFgKCkAYSgpAGIoKQBjKCkAZCgp
429=AGUoKQBmKCkAZ0gB1YZoKCkAaSgpAGooKQBrKCkAbCgpAG0oKQBuSAHPiQwAR3QVcSoNKC
430=kADigpAA8oKQAQKCkAESgpABIoKQATSAHdKxRIAd0rFUgBxWsWSQH8sWwXSQHYqQEYSAHB
431=chlIAcktGsgBSS0byAFJLRxIAd0KHSgpAB4oKQAfSAHRQCBIASUVJCFIAcUTIkgBxQgjKC
432=kAJCgpACVIAc0QJsgBTRAnyAFNEChIAcUIKSgpACooKQArSAHFHixJAfe5HC1IAd38Ligp
433=AC8oKQAwSQHxrQUxSAHVIzJIAdkRM0gBJwERR5iKWRE1VAKMOGKIRwAnARFHKAIRRwAnAB
434=EnKQA6WAbVAjsoKQA8KCkAPSgpAD4oKQA/KCkAQCgpAEEoKQBCKCkAQygpAEQoKQBFKCkA
435=RigpAEcoKQBIKCkASSgpAEooKQBLSAEnAhFHAME7TVQCwSVOyAFdNk/IAUElUEgB3TZRKC
436=kAUigpAFMoKQBUSAElrSxVKCkAVkgByehXKCkAWCgpAFkoKQBaKCkAW0gBxRNcyAFFE13I
437=AUUTXkgBJdEgX0gBwX1gKCkAYSgpAGIoKQBjKCkAZCgpAGUoKQBmKCkAZygpAGgoKQBpKC
438=kAaigpAGsoKQBsKCkAbUgB14YNAEiETgEAAgAOKCkADygpABAoKQARKCkAEigpABNIAd02
439=FEgB2TIVKCkAFkgB0YIXSAHBBBgoKQAZSAHRKhrIAVEqG8gBUSocSAHZBh0oKQAeKCkAH0
440=gBJ6oQSAAnqRBI5UoiQATFCCMoKQAkKCkAJUgBzRAmyAFNECfIAU0QKEgBxQgpSAHNRyoo
441=KQArSAHNECxIAcn+LUgBzXMuKCkALygpADBIAcVgMUgBxSkySAHZETNIASepEEgoqBAn3Q
442=Y2QAQnqRBIKKkQSCioECcpADpMBdkROygpADwoKQA9KCkAPigpAD8oKQBAKCkAQSgpAEIo
443=KQBDKCkARCgpAEUoKQBGKCkARygpAEgoKQBJKCkASigpAEtIAcElTEgBwSVNSAHBJU7IAV
444=02T8gBXTZQSAHRNVEoKQBSKCkAU0gB3TZUSQG1ubZVyAFRCVbIAVEJV8gBAQMCAFjIAQEE
445=AgBZyAEBBQIAWsgBAQYCAFtIAcUTXMgBUQldyAFRCV5IASepEEgmfTFgVALVhmEoKQBiKC
446=kAYygpAGQoKQBlKCkAZigpAGcoKQBoKCkAaSgpAGooKQBrKCkAbEgB34MOAEn9gw8oKQAQ
447=KCkAESgpABIoKQATSAHFNBRIAcFnFSgpABYoKQAXKCkAGCgpABlIAdknGsgBWScbyAFZJx
448=xIAd0KHSgpAB4oKQAfSAHBOyBIASdREEkoUhBJAMUII0AEyQEkKCkAJUgBzRAmyAFNECfI
449=AU0QKEgByQwpSAElQToqKCkAK0gBzXMsSAEnURBJ7XMuVALBci8oKQAwSAHNXTFIAcUpMk
450=gB2REzSAEnURBJKFAQJ7EGNkAEwQ83SAElBS04SAEl8UU5KCkAOigpADsoKQA8KCkAPSgp
451=AD4oKQA/KCkAQCgpAEEoKQBCKCkAQygpAEQoKQBFKCkARigpAEcoKQBIKCkASSgpAEooKQ
452=BLSAElSTBMSAHBJU1IAcElTsgBXTZPyAFdNlBIASUlPFFIASX5O1JIASX5O1NIAdknVEgB
453=cIIBBwIAVcgBAQgCAFbIAQEJAgBXyQEKcoJJAG0FC3CCqQEMcIKpAQ1wgrA1We1cWAZwFE
454=UTXcgBRRNeSAEnURBJKFAQJykAYUAE3YNiKCkAYygpAGQoKQBlKCkAZigpAGcoKQBoKCkA
455=aSgpAGooKQBrSAHHgQ8ASuWBECgpABEoKQASKCkAE0gBzTEUSAHFaxUoKQAWKCkAFygpAB
456=goKQAZSAF0I0ElGsgBQSUbyAFBJRxIAd0KHSgpAB4oKQAfSAHNcyBIASWxMiFIAcUTIkgB
457=xQgjKCkAJCgpACVIAc0QJsgBTRAnyAFNEChIAckMKUgBJ/oPSgAlxS8rVALBBCxIAdVwLU
458=gB1XAuKCkALygpADBIAdVaMUgB3RUySAHZETNIASf5D0oo+A8nhQY2QAQlsUg3SAEl/Ss4
459=KCkAOSgpADooKQA7KCkAPCgpAD0oKQA+KCkAPygpAEAoKQBBKCkAQigpAEMoKQBEKCkARS
460=gpAEYoKQBHKCkASCgpAEkoKQBKKCkASygpAExIAdU5TUkBOVj4UTVOyAFRNU/IAU33UEgB
461=JUUqUSgpAFIoKQBTSAHdNlRIAWl6Dnl/SpV7D3h/qQEQeH+pARF4f6kBEnh/qQETeH+pAR
462=R4f7A1VVpcXAp0OVEUXcgBURReSAEn+Q9KKPgPJykAYUAEJ/gPJ1UAYyhVAGQoKQBlKCkA
463=ZigpAGcoKQBoKCkAaSgpAGpIAc9+EABL7X4RKCkAEigpABNIAdlTFEgBwTAVKCkAFigpAB
464=coKQAYKCkAGUgBfCBJIhrIAUkiG8gBSSIcSAHdCh0oKQAeKCkAHygpACBIAcE7IUgB2QYi
465=KCkAIygpACQoKQAlSQHsQEZNECbIAU0QJ8gBTRAoSAHRCSlIAckMKkgB1QIrKCkALEgBwQ
466=QtKCkALigpAC8oKQAwKCkAMUgB0QkySAHZETNJAeilEzRIAXQCWRE1SQHnYDMinkBLAGgB
467=XRU31AJBBDjIAVUCOcgBVQI6SQHJuQY7yAFBBDxIAWQIQQQ9yAFdID7IAUEEP8gBQQRAyA
468=FBBEHIAUEEQsgBQQRDSAHJDETIAUEERUgBaAxZBkbIAVUCR8gBWQZISAHZBklIAc0FSsgB
469=TQVLyAFNBUxIAXR7AQUCAE3IAQEGAgBOyAFV9E/IAVX0UMgBVfRRSAHdK1IoKQBTSAEnoQ
470=9LlXsVYH2oAV0FVkAEeX8XYH21AhhgfakBGWB9qQEaYH2oAQEbAgBbWAbVWlzIAVUYXcgB
471=VRheSAEnoQ9LKKAPJykAYUAEJ6APJ1UAYyhVAGQoKQBlKCkAZigpAGcoKQBoKCkAaUgB1H
472=sCEQBMACWxSxIoKQATKCkAFCgpABUoKQAWKCkAFygpABgoKQAZSQEnvQoayAFRHxvIAVEf
473=HEgBwQ8dKCkAHigpAB8oKQAgKCkAISgpACIoKQAjKCkAJEkB66EPJUgBzRAmyAFNECfIAU
474=0QKEgBzQUpSAHZESooKQArKCkALCgpAC0oKQAuKCkALygpADAoKQAxKCkAMkkBK6UTM8gB
475=WRE0yAFZETVIAXheVdM2yAEBBAIAN8gBTV04yAFVAjnIAVUCOkgBYGdFCDvIAUUIPEgBcA
476=lBBD3IAVUCPsgBRQg/yAFBBEDIAUEEQcgBQQRCyAFBBENIAckMRMgBTAUJRQBMAOcAAAAD
477=AgBGEQAAbg4AIAgATADnAAAABAIAR8gBAQUCAEhIAQXJAAAAAgIASUkB50gBAQMCAErIAU
478=0FS8gBTQVMSAEFOQEAAAoCAE3IAQELAgBOyAEBDAIAT8gBAQ0CAFDIAQEOAgBRSgEWAkML
479=AgBSKCkAUygpAFRJAdBcCgEAAgBVSQHUqQFWKCkAV0gBwQRYKCkAWSgpAFooKQBbSQEmpQ
480=hcyAEBAQIAXcgBWRxeSQGMVBFVDV9JAYOpAWAoKQBhKCkAYigpAGMoKQBkKCkAZSgpAGYo
481=KQBnKCkAaEkBiqkMElUmJUQTWRETKCkAFCgpABUoKQAWKCkAFygpABgoKQAZSQEnUAlRNR
482=rIAVE1G8gBUTUcSAHVDR0oKQAeKCkAHygpACAoKQAhKCkAIigpACMoKQAkSQHrQA9VGCVI
483=Ac0QJsgBTRAnyAFNEChIAc0FKUgB2REqKCkAKygpACwoKQAtKCkALigpAC8oKQAwKCkAMS
484=gpADJJAStEE0kiM8gBWRE0yAFZETVIAWgxRT82KCkANygpADgoKQA5KCkAOkkBB1wKWQY7
485=yAFRHzxJAfe1Aj1JAe+pAT4oKQA/SQHxtQJASAHBD0FJAbW1AkLIAVEJQ8gBWVNEyAFVGE
486=XIAVUYRsgBVRhHyQEGc3dNALixCUlUAmgBUQlKyAFRCUvIAVEJTEgBzRBNSAF9eBByd00A
487=aQERcHepARJyd00AxXZRTAXJAVIoKQBTKCkAVEkB0a0QVUgBySJWSAHRH1dJAdehBFhIAd
488=EJWSgpAFooKQBbSAEn8g5NAGgBQRpd1AJBGl5IASfyDk0AJ/AOJykAYUAE1QJiKCkAYygp
489=AGQoKQBlKCkAZigpAGdIAcV2E1CbcFZBDxQoKQAVKCkAFigpABcoKQAYKCkAGUgBaGRRNR
490=rIAQEHAgAbyAEBCAIAHEgByQwdKCkAHigpAB8oKQAgKCkAISgpACIoKQAjKCkAJEgBaG9J
491=FyVIAc0QJsgBTRAnyAFNEChIAc0FKUgB2REqKCkAKygpACwoKQAtKCkALigpAC8oKQAwKC
492=kAMSgpADJIAXh0SSIzyAFZETTIAVkRNUgBxVU2KCkANygpADgoKQA5KCkAOkgBeHRFHjvI
493=AVlePEkB9rVPPUkB7akBPigpAD9JAfC1AkBIAcEPQUgBeHRFE0LIAUUTQ8gBAQkCAETIAU
494=3hRcgBTeFGyAFN4UfIAU3hSEgBbHNdeEnIAV14SsgBXSBLyAFVDUxIAc0QTUgBZGBdjk7I
495=AVFhT8gBWRxQSQHTqRdRKCkAUigpAFMoKQBUSQHVrQVVSAHJIlZIAdEfV0kB26EEWEgB3Q
496=pZKCkAWigpAFtIAcUTXMgBRRNdyAFFE15IASeZDk4omA4nKQBhQAQnmA4nVQBjKFUAZCgp
497=AGUoKQBmSAHPcxQAT5wkVSMVKCkAFigpABcoKQAYKCkAGUgByRcayAFJFxvIAUkXHEgB0Z
498=gdSAHduh4oKQAfKCkAICgpACEoKQAiKCkAIygpACRIAcWiJUkB7KktJsgBTRAnyAFNEChJ
499=AY13GwIAKUkBhakBKigpACsoKQAsKCkALSgpAC4oKQAvKCkAMCgpADFJAYe9CjJIAdkRM0
500=kB6qUTNEgBdAJZETVIAWgFSS02KCkANygpADgoKQA5KCkAOkgBYHJZXjvIAVlePEgB1U89
501=SAEnQg5PAMkBP1QCzVJASAHBD0FIAWByAQ4CAELIAQEPAgBDyAFF2UTIAUXZRcgBRdlGyQ
502=ETItIrTwBlCBR95k+c5kl6SUAEbHNJekrIAUl6S8gBSXpMSAHNEE1IAc1HTsgBXTZPyAFB
503=JVBIAc1HUUgBzUdSKCkAUygpAFQoKQBVSAHRH1YoKQBXSAHFCFgoKQBZKCkAWkgBxUpbSA
504=HFE1zIAUUTXcgBRRNeSAEnQQ5PKEAOJykAYUAEJ0AOJ1UAYyhVAGQoKQBlSAHXcBUAUJAj
505=SUMWKCkAFygpABgoKQAZSAHRFBrIAVEUG8gBURQcSAHJQx1IAckiHigpAB8oKQAgKCkAIS
506=gpACIoKQAjKCkAJEgBxUolSAHNECbIAU0QJ8gBTRAoSAHBJSlIAckiKigpACsoKQAsKCkA
507=LSgpAC4oKQAvKCkAMCgpADFJAYZ3JgIAMkgB2REzSQHj6W9QI+gjWRE1VAJoBV0rNigpAD
508=coKQA4KCkAOSgpADpIAWhvTcs7yAFNyzxJAfqpDD1JAfKpAT4oKQA/SQH0tQJASAHBD0FI
509=AWFnFWlvUI1oFmhvqQEXbOGoAQEYAgBFzAUBGQIARskBGmhvoQQbaW9QiG9F5ElABGhvRe
510=RKyAFVe0vIAVV7TEgBzRBNSAHBJU7IAV02T8gBQSVQSAHNR1FIAc1HUigpAFMoKQBUKCkA
511=VSgpAFYoKQBXKCkAWCgpAFkoKQBaSAHFSltIAcUTXMgBRRNdyAFFE15IAcVKX0gBxUpgKC
512=kAYSgpAGIoKQBjKCkAZEgB320WAFGEIl1BFygpABgoKQAZSAHZERrIAVkRG8gBWREcSAHB
513=JR1IAcElHigpAB8oKQAgKCkAISgpACIoKQAjKCkAJEgBySIlSAHNECbIAU0QJ8gBTRAoSA
514=HJIilIAckiKigpACsoKQAsKCkALSgpAC4oKQAvKCkAMCgpADFIASeRDVGYaU0mM1QCJ5AN
515=tAJZETVUApcqAgA2SAHFuDdIAdmrOEkB7kQEVRg5yAFZBjpJActUAl0KO8gBQQQ8SAFsBU
516=EEPSgpAD4oKQA/SQHvWAZNBUBJAfCpAUFIAXBsUQlCyAFBBEPIAVEJRMkBA3FsUZRwQetG
517=1AJB60fIAU1+SEgBZWsQIlFHUZ1tESJQR6gBWeJLwARZ4kxIAUkQAEEPTUgB3TZOyAFNEE
518=/IAU0QUEgBzUdRSAHNR1IoKQBTKCkAVCgpAFUoKQBWKCkAVygpAFgoKQBZKCkAWkgBxUpb
519=SAHFE1zIAUUTXcgBRRNeSAHFSl9IAcVKYCgpAGEoKQBiKCkAY0gBx2sXAFKYIF0gGCgpAB
520=lIAcEPGsgBQQ8byAFBDxxIAckiHUgBySIeKCkAHygpACAoKQAhKCkAIigpACMoKQAkSAHR
521=HyVIAc0QJsgBTRAnyAFNEChIAdEfKUgB0R8qKCkAKygpACwoKQAtKCkALigpAC8oKQAwKC
522=kAMUgBJzkNUig6DVIAJzgNtAJZETVMBYgpemlSANUjN1QCwRo4SAFoZF1XOcgBXVc6SAF4
523=aUUIO8gBTV08SAFsBUEEPSgpAD4oKQA/SAF4aU0FQEgBeGlJAUFIAXhpVd5CyQEIbdZSgW
524=cJbNapAQp4aakBC2zWqAFV00fYBlXTSEgBeWkUeWlSmGlN4UrUAk3hS8gBTeFMSAHRH01I
525=Ad02TsgBXTZPyAFZHFBIAdUjUUgBzUdSKCkAUygpAFQoKQBVKCkAVigpAFcoKQBYKCkAWS
526=gpAFpIAcEwW0gBxRNcyAFFE13IAUUTXkgBxUpfSAHFSmAoKQBhKCkAYkgBz2gYAFOMH01o
527=GUgByQwayAFJDBvIAUkMHEgB0R8dSAHRHx4oKQAfKCkAICgpACEoKQAiKCkAIygpACRIAd
528=kcJUgBzRAmyAFNECfIAU0QKEgB2RwpSAHZHCooKQArKCkALCgpAC0oKQAuKCkALygpADAo
529=KQAxSAEn4QxTKOEMUyjgDLQCWRE1TAWcJ2FnUyjhDFMmaTQ4QAQlSTA5KCkAOigpADtIAc
530=3WPEgB0Qk9KCkAPigpAD8oKQBASQH5JN0nQUgBYWcOIrEnU5VlD2BnqAFBykTABEHKRckB
531=EmBnoQQTIrAnqAFVZUhABGFnGGFnU4FnGXzQqAEBGgIAS8AEARsCAExIAd0VTUgB3TZOyA
532=FdNk/IAUElUEgBzUdRSAHNR1IoKQBTKCkAVCgpAFUoKQBWKCkAVygpAFgoKQBZKCkAWkgB
533=xUpbSAHFE1zIAUUTXcgBRRNeSAHFSl9IAcVKYCgpAGFIAddlGQBU/UEayAFRCRvIAVEJHE
534=gB2RwdSAHZHB4oKQAfKCkAICgpACEoKQAiKCkAIygpACRIAcEaJUgBwRomyAFNECfIAU0Q
535=KEgBwRopSAHBGiooKQArKCkALCgpAC0oKQAuKCkALygpADAoKQAxSAEniAwnSQQzVAInbB
536=m0AlkRNVQCJX0mNkgBJQkzNygpADgoKQA5KCkAOigpADtIAdEfPEgByU49KCkAPigpAD8o
537=KQBASQH46WRUnGJNwEJUAnRlTcBDyAFNwETIAVleRcgBWV5GyAFZXkfIAVleSEgBzRBJKC
538=kASigpAEsoKQBMKCkATUgB3TZOyAFdNk/IAUElUEgBzUdRSAHNR1IoKQBTKCkAVCgpAFUo
539=KQBWKCkAVygpAFgoKQBZKCkAWkgB0SpbSAHFE1zIAUUTXcgBRRNeSAHFSl9IAcVKYEgB32
540=IaAFWcYlkGG8gBWQYcSAEl8TodSAHFPx4oKQAfKCkAICgpACEoKQAiKCkAIygpACRIASXN
541=OyVIASLIS1nXJsgBTRAnyAFNEChJAZB0NSJfTlUAiKkBKlQCyQErKCkALCgpAC0oKQAuKC
542=kALygpADAoKQAxSAHdIDJIAcUpM0kB4rVPNEgBdAJZETVIAc1SNkkB2KEEN0gBJQl1OCgp
543=ADkoKQA6SQHSrQU7SAHFCDxIAXwZUR89KCkAPigpAD8oKQBASAHNMUFIAcnSQigpAENIAd
544=3QREkB3LUNRUgBxRNGKCkARygpAEhIAcUTSUgBwX1KSAHJDEsoKQBMSAHJDE1IAWgiSRdO
545=yAFdNk/IAUElUEgBJzEMVfXpUlQC3WJTKCkAVCgpAFUoKQBWKCkAVygpAFgoKQBZKCkAWk
546=gBJzAMqFlFE1xUAnAURRNdyAFFE15IAScyDFUAxD8BGwBWACLEZkEEHEgBIkBmRQgdKCkA
547=HigpAB8oKQAgKCkAISgoAAYiAFYAJQEAAAARAAA+DgAgAAECACMAVgAlAQAAAAIAJABWAO
548=sBiQElSQEnqQEmyAEBAQIAJ8gBAQICAChIAc0FKUkBJa0FKigpACsoKQAsKCkALSgpAC4o
549=KQAvKCkAMCgpADEoKQAySQErqQwzyAFZETTIAVkRNUkB+KEENkkB2akBN0gBWBltGzgoKQ
550=A5KCkAOkgBzQU7SAHFCDxKAf//QwcCAD0oKQA+SAFMAnEJPygpAEAoKQBBSQH2oQ9CSQHt
551=qQFDSQHyqQFESQHzqQFFKCkARigpAEdJAfGhBEhIAcUTSUgB3QpKSAHdCksoKQBMSQHwuQ
552=ZNSQEmqQFOyAFBJU/IAUElUEgB0QlRSAHRCVIoKQBTKCkAVCgpAFUoKQBWKCkAVygpAFgo
553=KQBZKCkAWkgBxRNbSAHFE1zIAUUTXcgBRRNeSQGSYCwDAgAcAFcAZEpBBB0oKQAeKCkAHy
554=gpACAoKQAhKCkAIigpACMoKQAkSAFwVl0KJUgBYFwBAwIAJskBBGJcVwB1AgVhXFeQYU0F
555=KUAE2REqKCkAKygpACwoKQAtKCkALigpAC8oKQAwKCkAMSgpADJIAWBcWREzyAFZETTIAV
556=kRNUgB2VM2SQHbrTw3SQHUqQE4SQHQqQE5SAHVAjpJAdW1AjtJAfypATxIASeCC1cAyQE+
557=KFUAPygpAEAoKQBBSAHNR0JIAcE7Q0kBub0KRMgBTSZFyAFBO0bIAU0bR0gB1RhISAEngg
558=tXAN0KSlQCzVJLKCkATEgB1Q1NSAHZSE7IAVUNT8gBVQ1QSAHRCVFIAdEJUigpAFMoKQBU
559=KCkAVSgpAFYoKQBXKCkAWCgpAFkoKQBaSAHFE1tIAcUTXMgBRRNdyAFHEx0AWJRaSQEeKC
560=kAHygpACAoKQAhKCkAIigpACMoKQAkSAFoWVEJJUgBcVYGaVlYnVcHaFmpAQhpWViIWU0F
561=KUwFaFlJASooKQArKCkALCgpAC0oKQAuKCkALygpADAoKQAxKCkAMkgBaFlZETPIAVkRNM
562=gBWRE1SQH6oUY2SAHFojdJAfW1AjhJAd2pATlJAfupATpIAcEEO0gB0VY8KCkAPUkBjaGI
563=PkkBhakBPygpAEBJAYe1AkFIAdVEQkgByThDSAFoWUlvRMgBSW9FyAFBGkbIAUEaR0gBJy
564=oLWAAnKQtYKCoLWADVT0tMBckBTEgB1Q1NSAHBRk7IAUFGT8gBRTRQSAHRFFFIAcUIUigp
565=AFMoKQBUKCkAVSgpAFYoKQBXKCkAWCgpAFkoKQBaSAHFE1tIAcUTXMgBRxMeAFlwJ2HgHy
566=gpACAoKQAhKCkAIigpACNIAdE1JEgBiwgCACVJAeyhOybIAUkMJ8gBUR8oSQH3oQQpSQHv
567=qQEqKCkAKygpACwoKQAtKCkALigpAC8oKQAwKCkAMUgB2e0ySAHFHjPIAVkRNMgBWRE1SQ
568=G1rRA2yAFBBDfIAUEEOMgBVZw5yAFZSDrIAVlIO0gB3SA8SAHFVT1JAYNvIgIAPigpAD8o
569=KQBASQGGoQRBSAHdQUJIAdE1Q0gBcFZFa0TIAQEJAgBFyAEBCgIARsgBAQsCAEdIASfRCl
570=ko0QpZKNEKWSjQCicpAExYBtUNTUgBwSVOyAFdIE/IAV0gUEgB1XtRSAEl6SNSKCkAU0gB
571=yVlUKCkAVSgpAFYoKQBXKCkAWCgpAFkoKQBaSAHFE1tIAccTHwBaZCZlVSAoKQAhKCkAIi
572=gpACMoKQAkKCkAJUgB0QkmyAFZHCfIAVkcKEgBzTEpSAHBGiooKQArKCkALCgpAC0oKQAu
573=KCkALygpADAoKQAxSAHNGzJIAdkRM8gBWRE0yAFZETVIAXhTQZM2yAFdQTfIAV1BOMgBXU
574=E5yAFdQTrIAQEMAgA7SAEnewpaAIxgKCL+K1oAJ3gKJykAP0wF1QJASAEneQpa+UhCVALJ
575=F0NIAXhTSQxEyQENelNaAHUCDnhTqQEPelNaACd5ClooeAonXQFKRAjJLUsoKQBMSAHVDU
576=1IAcElTsgBQSVPyAFBJVBIAWgbAQACAFEoKQBSKCkAU0gBwTtUSAHVDVUoKQBWKCkAVygp
577=AFgoKQBZKCkAWkkB9LeGIABbnA5BDyEoKQAiKCkAIygpACQoKQAlSAHBGibIAUEaJ8gBQR
578=ooSAHdFSlIAd0VKigpACsoKQAsKCkALSgpAC4oKQAvKCkAMCgpADFIAd0rMkgB2REzyAFZ
579=ETTIAVkRNUgBYFFBOzbIAUE7N8gBARACADjIAQERAgA5yAEBEgIAOskBE2FRWyZFKjxUAi
580=chClsoIAonKQA/QAQnIgpbACchClsoIgpbAMkXQ0wFaE5NEETIAU0QRcgBTRBGyAFNEEdI
581=ASchClsoIAonXQFKQATJLUsoKQBMSAHVDU1IAcElTsgBQSVPyAFBJVBIAYBCYFEnaQhSKF
582=UAU0gBwTtUSAHVDVUoKQBWKCkAVygpAFgoKQBZSAHXTyEAXJANVU8iKCkAIygpACQoKQAl
583=SAHJFybIAUkXJ8gBSRcoSAHFEylIAcUTKigpACsoKQAsKCkALSgpAC4oKQAvKCkAMCgpAD
584=FIAcUpMkgB2REzyAFZETTIAVkRNUgBaE4BFQIANsgBARYCADfJARdqTlwAYQQYaE6pARlo
585=TqkBGmlOXCjJCVwo7RNcKMgJJykAP1wKJ8kJXCjJCVwoyQlcKMkJXJScARQCAERYBnRPUR
586=RFyAFRFEbIAVEUR0gBJ8kJXCjICSddAUpABMktSygpAExIAcElTUgBwSVOyAFBJU/IAUEl
587=UEgBlEBoTic9CFIoVQBTSAHBO1RIAdUNVSgpAFYoKQBXKCkAWEgB30wiAF2EDF1MIygpAC
588=QoKQAlSAHRFCbIAVEUJ8gBURQoSAEl/SApSAEl/SAqKCkAKygpACwoKQAtKCkALigpAC9I
589=AdUYMCgpADFIAc0mMkgB2REzyAFZETTIAVkRNUgBJRkqNkgBJRkqNygpADgoKQA5KCkAOk
590=gBJWkpO0gBJ2EdXShxCV0ocAknKQA/TAUncQldKHEJXShxCV0ocQldkEtVWkRYBnBLVVpF
591=yAFVWkbJARth610oYR1dKHAJJ10BSkwFwSVLKCkATEgBwSVNSAHBJU7IAUElT8gBQSVQSA
592=GIP3BLJxEIUihVAFNIASdxCV0mlSlVVALBD1YoKQBXSAHHSiMAXpgKRUokKCkAJUgB2REm
593=yAFZESfIAVkRKEgBbH5ZBinIAUEEKsgBQQQryAEBAwIALMgBAQQCAC3IAQEFAgAuyAEBBg
594=IAL0gByRcwSAHdFTFIAdUjMkgB2REzyAFVDTTIAVUNNUgBxQg2SAHFCDcoKQA4KCkAOSgp
595=ADpIAckMO0gBJxkJXigZCV4oGAknKQA/TAUnGQleKBkJXigZCV7hMENMBdVaRCgpAEUoKQ
596=BGKCkAR0gB2RFISAEnzDsnXQFKVALNG0soKQBMSAHZBk1IAcElTsgBQSVPyAFBJVBIAZw9
597=eEgn5QdSKFUAU0gBxSlUSAHVDVUoKQBWSAHPRyQAX4wJUUAlSAHBDybIAUEPJ8gBQQ8oSA
598=FgRgEHAgApyAEBCAIAKsgBAQkCACvJAQpiRl8AbQULYEapAQxgRqkBDWFGX+ktMFgG0RQx
599=SAHdIDJIAdkRM8gBWRE0yAFZETVIAdkcNkgBxQg3KCkAOCgpADkoKQA6SAHJDDtIASfBCF
600=8owQhfKMAIJykAP0wFJ8EIXyjACCcVA0JABM0QQygpAEQoKQBFKCkARigpAEdIAdkRSEgB
601=J8AIJ10BSlQC3QpLKCkATEgB2QZNSAHBJU7IAUElT8gBQSVQSAGQPGBGJ7kHUihVAFNIAc
602=UpVEgB1Q1VSAHURAElAGAAyQwmyAFJDCfIAUkMKEgBeT0OaUNghT8PaEOpARBoQ6kBEWhD
603=qQESaEOpARNoQ6kBFGpDYADd2zBcCt3bMUgB2REySAHZETPIAVkRNMgBWRE1SAHBGjZIAc
604=EaNygpADgoKQA5KCkAOkgB0So7SAHNJjxIASeJLWAoaAgnKQA/QAQnaQhgKGkIYOFcQkAE
605=zRBDKCkARCgpAEUoKQBGKCkAR0gB2RFISAEnaAgnXQFKVALdCksoKQBMSAHZBk1IAcElTs
606=gBQSVPyAFBJVBIAdkcUSgpAFIoKQBTSAHFKVRIAcMwJgBhnEFRCSfIAVEJKEgBcUAVcUBh
607=kUAWcECpARdwQKgBXfEszAVd8S3IAV3xLsgBXfEvSQHYJF04MEgBJd1eMSgpADJIAc0bM8
608=gBWRE0yAFZETVIAckXNkgBwSU3KCkAOCgpADkoKQA6SAHZJztIAdUjPEgBJxEIYSgQCCcp
609=AD9ABCcRCGEoEQhhKBEIYShAGScpAERYBsUTRSgpAEYoKQBHSAHZEUhIAScQCCddAUpUAs
610=UISygpAExIAdkGTUgBwSVOyAFBJU/IAUElUEgB2RxRKCkAUigpAFNIASVfZCcAYoQ/WQYo
611=SAHZMikoKQAqKCkAKygpACwoKQAtKCkALigpAC9IAVBFIj1KMCgpADEoKQAySAHVGDPIAV
612=UYNMgBWRE1SAEnuQdi6S03VALVIzgoKQA5KCkAOkgBwSU7SAHdIDxIASe5B2IouAcnKQA/
613=QAQnuQdiKLkHYii4BycNAkNMBc0QRCgpAEUoKQBGKCkAR0gB2RFISAEnuAcnXQFKVALRCU
614=soKQBMSAHZBk1IAcElTsgBQSVPyAFBJVBIAdkcUSgpAFIoKAABKABjACX1bClIAdkyKigp
615=ACsoKQAsKCkALSgpAC4oKQAvKCkAMCgpADEoKQAySAHdFTPIAV0VNMgBXRU1SAHZwTZIAd
616=nBNygpADgoKQA5KCkAOkgB2ZU7SAHFHjxIASdhB2MoYAcnKQA/QAQKgwAAAAACAEAAYwCG
617=ABEAACII0BIIAAAAAgBBAGMA9gGIAQJCAGMA7akBQygpAEQoKQBFKCkARigpAEdJAfC5Bk
618=hJAdmpAUlIAd0KSkgB3QpLKCkATEgB2QZNSQEmuQZOyAEBAQIAT8gBAQICAFBIAUgUfRVR
619=KCgAAikAZADbuQYqSgEWAksEAgArKCkALCgpAC0oKQAuKCkALygpADAoKQAxKCkAMkgBxR
620=MzyAFFEzTIAUUTNUkBta0QNsgBQQQ3yAFBBDjIAQEDAgA5yAEBBAIAOsgBAQUCADvIAQEG
621=AgA8SQGMUBhZMj1JAYOpAT4oKQA/KCkAQEkBhqEEQUgByS1CSAHJLUMoKQBEKCkARSgpAE
622=YoKQBHSAHNMUhIAScJB2TpQ0pUAt0KSygpAExIAdkGTUgBwSVOyAFdIE/IAV0gUEgBeBVP
623=GyoAZf02K0gB3TYsKCkALSgpAC4oKQAvKCkAMCgpADEoKQAySAHNEDPIAU0QNMgBTRA1SA
624=FwNQEHAgA2yAEBCAIAN8gBAQkCADjJAQpyNWUAbQULcDWqAQwCUDWpAQ1yNWUAJ7IGZQAn
625=sAYnKQA/UAnVAkBIASexBmXxKkJUAtEqQygpAEQoKQBFKCkARigpAEdIAdUuSEgBJ7AGJ1
626=0BSlQC3QpLKCkATEgB2QZNSAHBJU7IAUElT8gBQyUrAGblNCxIAcU0LSgpAC4oKQAvKCkA
627=MCgpADEoKQAySAHVDTPIAVUNNMgBVQ01SAFpLQ55MmaVLg94MqkBEHgyqQEReDKpARJ4Mq
628=kBE3gyqQEUeTJmKFkGZihYBicpAD9UDSdbBmYAhnNSAgBBVAInDQ1mKBgUJykAREAE0SpF
629=KCkARigpAEdIAd0rSEgBJ1kGZvk9SlQCxQhLKCkATEgB2QZNSAHBJU7IAUMlLABn7TEtSA
630=HNMS4oKQAvKCkAMCgpADEoKQAySAHdCjPIAV0KNMgBgTBnlS4VYDCoAVkMN0AEeTIXYDC1
631=AhhgMKkBGWAwqQEaYDCpARthMGcoAQZnKAAGJykAP1wKJwEGZygBBmfhJUJABMElQygpAE
632=QoKQBFKCkARigpAEdIAcUpSEgBJwAGJ10BSlQC3QpLKCkATEgB2QZNSAHDJS0AaPUuLkgB
633=WCFxzy8oKQAwKCkAMSgpADJIAcUIM8gBii1oAHQCiS1oYE5xCTZABIwBbF0nVQA4KFUAOS
634=gpADooKQA7KCkAPEkBjGsIAgA9SAHRKj4oKQA/KCkAQEgBJ60LaCipBWgorAsnKQBETAXB
635=JUUoKQBGKCkAR0gBzSZISAEnqAUnXQFKVALFCEsoKQBMSQH0s+UuAGn9Ky9IAd0rMCgpAD
636=EoKQAySAF4J0nHM8gBkSppKFMFaQD3vQo2QQTvqQE3KCkAOCgpADkoKQA6KCkAO0kB8bkG
637=PEgBJ1EFaSj8CicpAD9ABMktQEgBJ1EFaShRBWkoUAUnKQBETAXJIkUoKQBGKCkAR0gB1S
638=NISAEnUAUnXQFKVALFCEtIAc8FLwBq5SkwSAHFKTEoKQAySAEn+QRqjCaYJ6gBjVJq6Rc2
639=TAXJDDcoKQA4KCkAOSgpADooKQA7SAHdQTxIASf5BGoo+AQnKQA/QAQn+QRqKPgPJw0CQk
640=AEzRBDKCkARCgpAEUoKQBGSAHBD0dIAWxhVURISQHdtTlJSAHdukpIAc8mMABr7SYxSAHN
641=JjJIASehBGsooASoAYElayihBGvtPDdYBt0VOCgpADkoKQA6KCkAO0gB3RU8SAEnoQRrKK
642=AEJykAP0AEJ6EEayigBCcNAkJABMEPQygpAEQoKQBFKCkARkgBwQ9HSAEnoQRr4WdJVALX
643=IzEAbPUjMkgBJ0kEbChIBKgBiSJsKEkEbChIBCcpADhECNEUOSgpADooKQA7SAHFEzxIAS
644=dJBGwoSAQnKQA/QAQnSQRsKEgEJw0CQkAE1Q1DKCkARCgpAEUoKQBGKCkAR0kB86FGSEgB
645=3yAyAG2EHkVKM8gBgGe0ApEfbSjxA20o8AMnKQA4WAbZETkoKQA6KCkAO0gBJ/EDbSjdHG
646=0o8AMnKQA/TAUn8QNtKPADJw0CQkAE1Q1DKCkARCgpAEUoKQBGSAHBD0dIAd9BMwBuhB6Y
647=HKgBmRxuKJkDbiiYAycpADhYBsEPOSgpADooKQA7SAHVDTxIASeNB24omAMnKQA/QAQnmQ
648=NuKJgDJw0CQkAE1Q1DKCkARCgpAEUoKQBGSAHXOTQAb5QcVTk1SQH6uT02SAHRCTcoKQA4
649=KCkAOSgpADooKQA7SAEnQQNvKN0GbyhAAycpAD9MBSdBA28oQQNv8SpCQATNEEMoKQBEKC
650=kARUgB1xg1AHD1GDZIAcmbN0gBxQg4KCkAOSgpADooKQA7SAEn6QJwKOkCcCjoAicpAD9M
651=BSfpAnAo6QJwKOkCcP1BQ00F8rEqREgB3BUBNgBxAMktN0gBwQQ4KCkAOSgpADooKQA7SA
652=HFCDxIASfBCHEokAInKQA/QAQnkQJxKJECcSiSAnEAxR5DTAWcJyLNJXKEAV5BOAAnKQA5
653=KCkAOigpADsoKQA8SAEnOQJyKDgCJykAP0AEJzkCcig5AnL9IEJABM8bOABz7RA5KCkAOi
654=gpADsoKQA8SAEn4QFzKOABJykAP0AEJ+EBcyjgASmJAXT2DToAJykAOygpADxJAZBoBCI9
655=KXQoiAEnKQA/QAQniwF0AIqvBToAdWABIk0rOygpADwoKQA9SAHJFz5IAcUIP0gBxwg7AH
656=blCDxJAY1wAW0QdigNAnb0DQE8AHcAJ5ACCncAigAAAAACAAAAAAARAAA=

[Terrain]
60064=TREE11
57068=TREE13
69071=TREE13
66074=TREE14
60055=TREE16
60058=TREE16
60060=TREE16
60062=TREE16
63062=TREE16
57055=TREE16
57057=TREE16
57060=TREE16
50057=TREE11
61055=TREE09
63055=TREE09
65055=TREE09
56055=TREE09
54055=TREE09
52055=TREE09
51072=TREE08
51074=TREE07
53059=TREE06
50073=TREE05
73055=TREE04
71055=TREE03
73056=TREE02
72056=TREE01
72068=TREE12
72063=TREE13
72065=TREE14
69058=TREE15
61064=TREE16
63064=TREE16
60066=TREE16
60069=TREE16
60072=TREE16
60075=TREE16
57063=TREE16
57066=TREE16
57067=TREE16
57071=TREE16
57075=TREE16
85067=TREE04
85066=TREE05
85065=TREE03
91073=TREE06
85073=TREE08
85074=TREE09
85076=TREE10
86075=TREE11
88076=TREE12
104071=TREE12
103070=TREE13
103068=TREE14
102068=TREE14
99067=TREE15
100073=TREE14
98070=TREE13
103073=TREE12
107065=TREE12
106065=TREE13
104065=TREE14
98065=TREE15
92065=TREE14
94065=TREE13
96065=TREE12
99065=TREE11
100065=TREE10
102065=TREE08
101065=TREE10
90065=TREE11
88065=TREE12
87065=TREE13
86065=TREE14
91065=TREE15
95065=TREE15
97065=TREE14
86076=TREE14
52049=TREE05
52048=TREE04
51047=TREE03
52042=TREE02
52040=TREE01
52041=TREE06
42041=TREE07
43040=TREE06
42044=TREE09
43044=TREE09
43045=TREE09
42045=TREE09
34040=TREE10
34041=TREE11
33041=TREE12
34042=TREE13
42049=TREE12
43048=TREE15
42048=TREE07
34049=TREE11
34048=TREE12
33048=TREE15
33049=TREE15
52047=TREE16
57051=TREE09
60051=TREE09
63051=TREE09
66051=TREE09
69051=TREE09
72051=TREE09
54048=TREE09
54041=TREE09
54043=TREE09
54046=TREE09
57040=TREE11
57042=TREE12
59041=TREE13
59042=TREE06
68042=TREE11
69040=TREE12
67040=TREE13
69042=TREE14
64046=TREE16
64047=TREE16
64048=TREE16
64049=TREE16
85051=TREE09
82051=TREE09
80051=TREE09
74051=TREE09
83051=TREE09
84051=TREE09
81051=TREE09
45073=TREE16
45076=TREE16
43073=TREE16
43076=TREE16
39073=TREE18
39076=TREE17
37073=TREE17
37076=TREE16
31075=TREE16
31076=TREE16
74032=TREE09
72032=TREE09
70032=TREE09
66029=TREE09
66031=TREE09
63032=TREE09
61032=TREE09
62032=TREE16
66030=TREE16
71032=TREE16
73032=TREE16
58029=TREE04
56028=TREE05
59028=TREE06
56029=TREE08
38056=TREE06
32056=TREE07
38053=TREE09
36053=TREE09
36055=TREE09
36057=TREE09
33053=TREE09
33055=TREE09
33057=TREE09
33059=TREE09
38061=TREE09
37058=TREE09
86068=TREE16
86070=TREE16
88073=TREE16
93073=TREE16
96073=TREE16
98073=TREE16
89071=TREE09
91071=TREE09
94071=TREE09
97071=TREE09
86071=TREE09
65013=TREE06
67014=TREE04
67016=TREE03
70022=TREE01
70023=TREE16
70024=TREE17
71022=TREE17
69022=TREE18
70021=TREE19
52021=TREE14
49024=TREE15
86053=TREE13
87059=TREE12
83055=TREE07
26052=TREE09
26049=TREE09
26045=TREE09
26046=TREE17
26048=TREE16
26047=TREE19
26051=TREE19
26050=TREE18
27049=TREE17
46072=TREE12
47070=TREE11
41074=TREE14
40070=TREE16
40071=TREE16
41076=TREE16
53088=TREE09
50086=TREE09
50088=TREE09
38084=TREE09
49088=TREE09
49086=TREE09
36084=TREE09
38085=TREE09
53086=TREE09
47095=TREE11
53094=TREE16
53095=TREE16
53096=TREE16
53097=TREE16
46096=TREE16
46097=TREE16
46098=TREE16
69085=TREE14
66084=TREE12
66090=TREE10
70085=TREE16
70084=TREE16
67090=TREE17
67089=TREE18
73082=TREE18
73080=TREE18
73081=TREE11
77085=TREE10
81082=TREE08
77086=TREE16
78085=TREE17
84086=TREE14
89080=TREE13
85035=TREE04
85032=TREE05
66033=TREE16
66035=TREE16

[Units]
0=Neutral,PICK,256,53,45,0,Sleep,None,0,-1,0,-1,1,1
1=Neutral,PICK,256,54,45,0,Sleep,None,0,-1,0,-1,1,1
2=Neutral,PICK,256,55,45,0,Sleep,None,0,-1,0,-1,1,1
3=Neutral,PICK,256,57,45,0,Sleep,None,0,-1,0,-1,1,1
4=Neutral,PICK,256,58,45,0,Sleep,None,0,-1,0,-1,1,1
5=Neutral,PICK,256,59,45,0,Sleep,None,0,-1,0,-1,1,1
6=Neutral,PICK,256,59,39,0,Sleep,None,0,-1,0,-1,1,1
7=Neutral,PICK,256,58,39,0,Sleep,None,0,-1,0,-1,1,1
8=Neutral,PICK,256,57,39,0,Sleep,None,0,-1,0,-1,1,1
9=Neutral,PICK,256,61,39,0,Sleep,None,0,-1,0,-1,1,1
10=Neutral,PICK,256,62,39,0,Sleep,None,0,-1,0,-1,1,1
11=Neutral,CAR,256,62,41,0,Sleep,None,0,-1,0,-1,1,1
12=Neutral,CAR,256,61,42,0,Sleep,None,0,-1,0,-1,1,1
13=Neutral,CAR,256,58,42,0,Sleep,None,0,-1,0,-1,1,1
14=Neutral,CAR,256,48,58,0,Sleep,None,0,-1,0,-1,1,1
15=Neutral,CAR,256,44,57,0,Sleep,None,0,-1,0,-1,1,1
16=Neutral,CAR,256,66,77,0,Sleep,None,0,-1,0,-1,1,1
17=Neutral,CAR,256,68,77,0,Sleep,None,0,-1,0,-1,1,1
18=Neutral,CAR,256,70,77,0,Sleep,None,0,-1,0,-1,1,1
19=Neutral,CAR,256,71,81,0,Sleep,None,0,-1,0,-1,1,1
20=Neutral,CAR,256,69,81,0,Sleep,None,0,-1,0,-1,1,1
21=Neutral,CAR,256,67,81,0,Sleep,None,0,-1,0,-1,1,1
22=Neutral,CAR,256,69,83,0,Sleep,None,0,-1,0,-1,1,1
23=Neutral,CAR,256,73,82,64,Sleep,None,0,-1,0,-1,1,1
24=Neutral,CAR,256,73,79,64,Sleep,None,0,-1,0,-1,1,1
25=Neutral,CAR,256,87,72,0,Sleep,None,0,-1,0,-1,1,1
26=Neutral,CAR,256,85,72,0,Sleep,None,0,-1,0,-1,1,1
27=Neutral,CAR,256,80,62,192,Sleep,None,0,-1,0,-1,1,1
28=Neutral,CAR,256,82,65,192,Sleep,None,0,-1,0,-1,1,1
29=Neutral,CAR,256,82,53,192,Sleep,None,0,-1,0,-1,1,1
30=Neutral,CAR,256,80,55,64,Sleep,None,0,-1,0,-1,1,1
31=Neutral,CAR,256,80,56,64,Sleep,None,0,-1,0,-1,1,1
32=Neutral,CAR,256,34,57,0,Sleep,None,0,-1,0,-1,1,1
33=Neutral,CAR,256,31,57,0,Sleep,None,0,-1,0,-1,1,1

[Structures]
1019013=Neutral,CATEXS02,256,62,64,0,None,0,0,1,0,0,None,None,None,0,0
1019014=Neutral,CAWASH07,256,22,73,0,None,0,0,1,0,0,None,None,None,0,0
1019015=Neutral,CAWASH05,256,40,48,0,None,0,0,1,0,0,None,None,None,0,0
1019016=Neutral,CAWASH04,256,40,38,0,None,0,0,1,0,0,None,None,None,0,0
1019017=Neutral,CAWASH05,256,86,56,0,None,0,0,1,0,0,None,None,None,0,0
1019018=Neutral,CAWASH03,256,87,76,0,None,0,0,1,0,0,None,None,None,0,0
1019019=Neutral,CAWASH10,256,81,84,0,None,0,0,1,0,0,None,None,None,0,0
1019020=Neutral,CAUSFGL,256,61,63,0,None,0,0,1,0,0,None,None,None,0,0
1019023=Neutral,CAMISC04,256,53,66,0,None,0,0,1,0,0,None,None,None,0,0
1019024=Neutral,CAMISC04,256,53,81,0,None,0,0,1,0,0,None,None,None,0,0
1019025=Neutral,CAMISC04,256,43,51,0,None,0,0,1,0,0,None,None,None,0,0
1019026=Neutral,CAMISC04,256,90,61,0,None,0,0,1,0,0,None,None,None,0,0
1019027=Neutral,CAMISC04,256,76,78,0,None,0,0,1,0,0,None,None,None,0,0
1019028=Neutral,INGALITE,256,59,68,0,None,0,0,1,0,0,None,None,None,0,0
1019029=Neutral,INGALITE,256,72,68,0,None,0,0,1,0,0,None,None,None,0,0
1019030=Neutral,INGALITE,256,70,51,0,None,0,0,1,0,0,None,None,None,0,0
1019031=Neutral,INGALITE,256,58,51,0,None,0,0,1,0,0,None,None,None,0,0
1019032=Neutral,INGALITE,256,28,47,0,None,0,0,1,0,0,None,None,None,0,0
1019033=Neutral,INGALITE,256,64,13,0,None,0,0,1,0,0,None,None,None,0,0
1019034=Neutral,CAPARK02,256,74,95,0,None,0,0,1,0,0,None,None,None,0,0
1019035=Neutral,CAPARK01,256,69,86,0,None,0,0,1,0,0,None,None,None,0,0
1019036=Neutral,CATEXS03,256,41,61,0,None,0,0,1,0,0,None,None,None,0,0
1019037=Neutral,CATEXS04,256,45,72,0,None,0,0,1,0,0,None,None,None,0,0
1019038=Neutral,CATEXS08,256,41,73,0,None,0,0,1,0,0,None,None,None,0,0
1019039=Neutral,CATEXS07,256,28,72,0,None,0,0,1,0,0,None,None,None,0,0
1019040=Neutral,CATEXS06,256,28,61,0,None,0,0,1,0,0,None,None,None,0,0
1019041=Neutral,CANEWY16,256,34,71,0,None,0,0,1,0,0,None,None,None,0,0
1019042=Neutral,CACHIG02,256,28,80,0,None,0,0,1,0,0,None,None,None,0,0
1019043=Neutral,CACHIG01,256,17,72,0,None,0,0,1,0,0,None,None,None,0,0
1019044=Neutral,CATEXS06,256,21,49,0,None,0,0,1,0,0,None,None,None,0,0
1019045=Neutral,CATEXS07,256,46,61,0,None,0,0,1,0,0,None,None,None,0,0
1019046=Neutral,CATEXS06,256,46,29,0,None,0,0,1,0,0,None,None,None,0,0
1019047=Neutral,CATEXS04,256,46,46,0,None,0,0,1,0,0,None,None,None,0,0
1019048=Neutral,CATEXS03,256,46,36,0,None,0,0,1,0,0,None,None,None,0,0
1019049=Neutral,CATEXS06,256,70,43,0,None,0,0,1,0,0,None,None,None,0,0
1019050=Neutral,CATEXS07,256,70,37,0,None,0,0,1,0,0,None,None,None,0,0
1019051=Neutral,CASTL02,256,80,47,0,None,0,0,1,0,0,None,None,None,0,0
1019052=Neutral,CATEXS04,256,95,50,0,None,0,0,1,0,0,None,None,None,0,0
1019053=Neutral,CATEXS03,256,95,42,0,None,0,0,1,0,0,None,None,None,0,0
1019054=Neutral,CATEXS06,256,81,69,0,None,0,0,1,0,0,None,None,None,0,0
1019055=Neutral,CATEXS03,256,86,62,0,None,0,0,1,0,0,None,None,None,0,0
1019056=Neutral,CASTL03,256,87,68,0,None,0,0,1,0,0,None,None,None,0,0
1019057=Neutral,CATEXS08,256,81,75,0,None,0,0,1,0,0,None,None,None,0,0
1019058=Neutral,CASTL02,256,54,77,0,None,0,0,1,0,0,None,None,None,0,0
1019059=Neutral,CASTL01,256,60,77,0,None,0,0,1,0,0,None,None,None,0,0
1019060=Neutral,CASTL03,256,60,83,0,None,0,0,1,0,0,None,None,None,0,0
1019061=Neutral,CATEXS03,256,34,81,0,None,0,0,1,0,0,None,None,None,0,0
1019062=Neutral,CAMIAM01,256,55,85,0,None,0,0,1,0,0,None,None,None,0,0
1019063=Neutral,CAAIRP,256,32,47,0,None,0,0,1,0,0,None,None,None,0,0
1019066=Neutral,CANEWY12,256,34,61,0,None,0,0,1,0,0,None,None,None,0,0
1019067=Neutral,CAOILD,256,97,64,0,None,0,0,1,0,0,None,None,None,0,0
1019070=Neutral,INGALITE,256,58,110,0,None,0,0,1,0,0,None,None,None,0,0
1019071=Neutral,CANEWY12,256,87,36,0,None,0,0,1,0,0,None,None,None,0,0
1019072=Neutral,CANEWY16,256,81,37,0,None,0,0,1,0,0,None,None,None,0,0
1019073=Neutral,CAOILD,256,73,20,0,None,0,0,1,0,0,None,None,None,0,0
1019076=Neutral,CAOILD,256,62,102,0,None,0,0,1,0,0,None,None,None,0,0
1019079=Neutral,CAOILD,256,56,61,0,None,0,0,1,0,0,None,None,None,0,0
1019082=Neutral,CAOILD,256,56,65,0,None,0,0,1,0,0,None,None,None,0,0
1019085=Neutral,CAOILD,256,56,70,0,None,0,0,1,0,0,None,None,None,0,0
1019088=Neutral,CAOILD,256,68,69,0,None,0,0,1,0,0,None,None,None,0,0
1019091=Neutral,CAOILD,256,68,65,0,None,0,0,1,0,0,None,None,None,0,0
1019094=Neutral,CAOILD,256,68,61,0,None,0,0,1,0,0,None,None,None,0,0
1019097=Neutral,CAOILD,256,54,20,0,None,0,0,1,0,0,None,None,None,0,0
1019100=Neutral,CAOILD,256,47,83,0,None,0,0,1,0,0,None,None,None,0,0
1019103=Neutral,CAOILD,256,23,66,0,None,0,0,1,0,0,None,None,None,0,0
1019106=Neutral,CAOILD,256,18,62,0,None,0,0,1,0,0,None,None,None,0,0
1019109=Neutral,CAOILD,256,61,36,0,None,0,0,1,0,0,None,None,None,0,0
1019112=Neutral,CAOILD,256,64,36,0,None,0,0,1,0,0,None,None,None,0,0
1019115=Neutral,CAOILD,256,62,93,0,None,0,0,1,0,0,None,None,None,0,0
1019118=Neutral,CAOILD,256,62,89,0,None,0,0,1,0,0,None,None,None,0,0

[OverlayPack]
1=CQAAIIH//v4f/4H/gAkAACCB//7+H/+B/4AJAAAggf/+/h//gf+ACQAAIIH//v4f/4H/gA
2=kAACCB//7+H/+B/4AJAAAggf/+/h//gf+ACQAAIIH//v4f/4H/gAkAACCB//7+H/+B/4AJ
3=AAAggf/+/h//gf+ACQAAIIH//v4f/4H/gAkAACCB//7+H/+B/4AJAAAggf/+/h//gf+ACQ
4=AAIIH//v4f/4H/gAkAACCB//7+H/+B/4AJAAAggf/+/h//gf+ACQAAIIH//v4f/4H/gAkA
5=ACCB//7+H/+B/4AJAAAggf/+/h//gf+ACQAAIIH//v4f/4H/gAkAACCB//7+H/+B/4AJAA
6=Aggf/+/h//gf+ACQAAIIH//v4f/4H/gAkAACCB//7+H/+B/4AJAAAggf/+/h//gf+ACQAA
7=IIH//v4f/4H/gAkAACCB//7+H/+B/4AJAAAggf/+/h//gf+ACQAAIIH//v4f/4H/gAkAAC
8=CB//7+H/+B/4AJAAAggf/+/h//gf+ACQAAIIH//v4f/4H/gAkAACCB//7+H/+B/4A=

[OverlayDataPack]
1=CQAAIIEA/v4fAIEAgAkAACCBAP7+HwCBAIAJAAAggQD+/h8AgQCACQAAIIEA/v4fAIEAgA
2=kAACCBAP7+HwCBAIAJAAAggQD+/h8AgQCACQAAIIEA/v4fAIEAgAkAACCBAP7+HwCBAIAJ
3=AAAggQD+/h8AgQCACQAAIIEA/v4fAIEAgAkAACCBAP7+HwCBAIAJAAAggQD+/h8AgQCACQ
4=AAIIEA/v4fAIEAgAkAACCBAP7+HwCBAIAJAAAggQD+/h8AgQCACQAAIIEA/v4fAIEAgAkA
5=ACCBAP7+HwCBAIAJAAAggQD+/h8AgQCACQAAIIEA/v4fAIEAgAkAACCBAP7+HwCBAIAJAA
6=AggQD+/h8AgQCACQAAIIEA/v4fAIEAgAkAACCBAP7+HwCBAIAJAAAggQD+/h8AgQCACQAA
7=IIEA/v4fAIEAgAkAACCBAP7+HwCBAIAJAAAggQD+/h8AgQCACQAAIIEA/v4fAIEAgAkAAC
8=CBAP7+HwCBAIAJAAAggQD+/h8AgQCACQAAIIEA/v4fAIEAgAkAACCBAP7+HwCBAIA=

[TaskForces]
0=07A532CC
1=086F6F1C
2=0A53D75C
3=093199FC
4=08F0310C
5=08DD0A3C
6=08BEE9B0

[07A532CC]
Name=1 Car
0=1,CAR
Group=-1

[086F6F1C]
Name=1 IFVs
0=1,FV
Group=-1

[0A53D75C]
Name=4 Grizzliles
0=4,MTNK
Group=-1

[093199FC]
Name=2 dogs, 1 GI
0=2,DOG
1=1,E1
Group=-1

[08F0310C]
Name=1 SEAL
0=1,GHOST
Group=-1

[08DD0A3C]
Name=15 Conscripts
0=15,E2
Group=-1

[08BEE9B0]
Name=2 Yuri
0=2,YURI
Group=-1

[AITriggerTypesEnable]
08BC266C-G=yes
0ACB95A0-G=yes
092DEA4C-G=yes
092DE90C-G=yes
0ACDC9E0-G=yes
092DE68C-G=yes
0ACDC760-G=yes
092DE40C-G=yes
092DE2CC-G=yes
092DE18C-G=yes
092DDEEC-G=yes
0AC4F9E0-G=yes
08D87DAC-G=yes
09FA9760-G=yes
0ADC04E0-G=yes
0ACBA260-G=yes
0ACBA120-G=yes
0ACEA3A0-G=yes
0ACEA260-G=yes
0ACEA120-G=yes
0ACE9EE0-G=yes
0ACE9DA0-G=yes
0AC6DC60-G=yes
0AB48D94-G=yes
0ACDEEE0-G=yes
0AC4E760-G=yes
0ACE9760-G=yes
0AC83120-G=yes
08BC012C-G=yes
08BCFEEC-G=yes
08BCFDAC-G=yes
092DADAC-G=yes
0ACDE3A0-G=yes
092DAB2C-G=yes
09965164-G=yes
0AE8CDA0-G=yes
0CF567D0-G=yes
0C4EB560-G=yes
0AF8EEE4-G=yes
092D8B2C-G=yes
092D89EC-G=yes
07B4DEEC-G=yes
09A40164-G=yes
07B4DC6C-G=yes
09036A5C-G=yes
0902E97C-G=yes
0903B2DC-G=yes
0903B19C-G=yes
03E8AAAC-G=yes
03E8B84C-G=yes
03E8860C-G=yes
07B3692C-G=yes
03E7C77C-G=yes
092D97CC-G=yes
0A6B976C-G=yes
098EEC7C-G=yes
098EEB3C-G=yes
098DF9AC-G=yes
07C80DE4-G=yes
092E19EC-G=yes
092E18AC-G=yes
099FFBC4-G=yes
099FF984-G=yes

[Triggers]
09F6610C=<none>,<none>,Bird Sounds,0,1,1,1,0
09F6565C=<none>,<none>,City Sounds,0,1,1,1,0
09F64CFC=<none>,<none>,Horn Sounds,0,1,1,1,0

[Events]
09F6610C=1,8,0,0
09F6565C=1,8,0,0
09F64CFC=1,8,0,0

[Actions]
09F6610C=5,99,7,_Amb_BirdsPark,0,0,0,0,AA,99,7,_Amb_BirdsPark,0,0,0,0,AB,99,7,_Amb_BirdsPark,0,0,0,0,AC,99,7,_Amb_BirdsPark,0,0,0,0,AD,99,7,_Amb_BirdsPark,0,0,0,0,AN
09F6565C=10,99,7,_Amb_UrbanMurmur1,0,0,0,0,AE,99,7,_Amb_UrbanMurmur1,0,0,0,0,AF,99,7,_Amb_UrbanMurmur2,0,0,0,0,AG,99,7,_Amb_UrbanMurmur2,0,0,0,0,AH,99,7,_Amb_UrbanMurmur1,0,0,0,0,AI,99,7,_Amb_UrbanMurmur1,0,0,0,0,AJ,99,7,_Amb_UrbanMurmur2,0,0,0,0,AK,99,7,_Amb_UrbanMurmur2,0,0,0,0,AL,99,7,_Amb_UrbanMurmur2,0,0,0,0,AM,99,7,_Amb_UrbanMurmur1,0,0,0,0,AQ
09F64CFC=3,99,7,_Amb_Traffic,0,0,0,0,AO,99,7,_Amb_Traffic,0,0,0,0,AP,99,7,_Amb_Traffic,0,0,0,0,AR

[Tags]
09F6574C=0,Snd Bird,09F6610C
09F64DEC=0,Snd City,09F6565C
09F6499C=0,Snd Horn,09F64CFC

[Digest]
1=Qts33ITpuOKSnEnqV8zFU13CXi4=
