[CrateRules]
CrateMaximum=0
CrateMinimum=0
CrateRegen=3


[GAYARD]
Name=Allied Shipyard
TechLevel=11


[NAYARD]
Name=Soviet Shipyard
TechLevel=11


[YAYARD]
Name=Yuri Submarine Pen
TechLevel=11


[Header]
StartX=244
StartY=50
Width=25
Height=36
NumberStartingPoints=4
NumCoopHumanStartSpots=4
Waypoint1=247,60
Waypoint2=265,60
Waypoint3=247,80
Waypoint4=265,80
Waypoint5=0,0
Waypoint6=0,0
Waypoint7=0,0
Waypoint8=0,0


[SpecialFlags]
TiberiumGrows=yes
TiberiumSpreads=yes
TiberiumExplosive=no
DestroyableBridges=yes
MCVDeploy=no
InitialVeteran=no
FixedAlliance=no
HarvesterImmune=no
FogOfWar=no
Inert=no
IonStorms=no
Meteorites=no
Visceroids=yes


[Ranking]
ParTimeEasy=00:01:00
ParTimeMedium=00:01:00
ParTimeHard=00:01:00
UnderParTitle=GUI:NoUnderParTitle
UnderParMessage=GUI:NoUnderParMessage
OverParTitle=GUI:NoOverParTitle
OverParMessage=GUI:NoOverParMessage


[Houses]
0=Americans
1=Alliance
2=French
3=Germans
4=British
5=Africans
6=Arabs
7=Confederation
8=Russians
9=YuriCountry
10=GDI
11=Nod
12=Neutral
13=Special


[Americans]
Country=Americans
TechLevel=0
Credits=0
IQ=0
PlayerControl=yes
Color=Gold
Allies=Americans
PercentBuilt=0
NodeCount=0


[Alliance]
Country=Alliance
TechLevel=1
Credits=0
IQ=0
PlayerControl=no
Color=Gold
Allies=Alliance
PercentBuilt=0
NodeCount=0


[French]
Country=French
TechLevel=1
Credits=0
IQ=0
PlayerControl=no
Color=Gold
Allies=French
PercentBuilt=0
NodeCount=0


[Germans]
Country=Germans
TechLevel=1
Credits=0
IQ=0
PlayerControl=no
Color=Gold
Allies=Germans
PercentBuilt=0
NodeCount=0


[British]
Country=British
TechLevel=1
Credits=0
IQ=0
PlayerControl=no
Color=Gold
Allies=British
PercentBuilt=0
NodeCount=0


[Africans]
Country=Africans
TechLevel=1
Credits=0
IQ=0
PlayerControl=no
Color=DarkRed
Allies=Africans
PercentBuilt=0
NodeCount=0


[Arabs]
Country=Arabs
TechLevel=1
Credits=0
IQ=0
PlayerControl=no
Color=DarkRed
Allies=Arabs
PercentBuilt=0
NodeCount=0


[Confederation]
Country=Confederation
TechLevel=1
Credits=0
IQ=0
PlayerControl=no
Color=DarkRed
Allies=Confederation
PercentBuilt=0
NodeCount=0


[Russians]
Country=Russians
TechLevel=1
Credits=0
IQ=0
PlayerControl=no
Color=DarkRed
Allies=Russians
PercentBuilt=0
NodeCount=0


[YuriCountry]
Country=YuriCountry
TechLevel=1
Credits=0
IQ=0
PlayerControl=no
Color=DarkRed
Allies=YuriCountry
PercentBuilt=0
NodeCount=0


[GDI]
Country=GDI
TechLevel=1
Credits=0
IQ=0
PlayerControl=no
Color=Gold
Allies=GDI
PercentBuilt=0
NodeCount=0


[Nod]
Country=Nod
TechLevel=1
Credits=0
IQ=0
PlayerControl=no
Color=Gold
Allies=Nod
PercentBuilt=0
NodeCount=0


[Neutral]
Country=Neutral
TechLevel=1
Credits=0
IQ=0
PlayerControl=no
Color=Grey
Allies=Neutral
PercentBuilt=0
NodeCount=0


[Special]
Country=Special
TechLevel=1
Credits=0
IQ=0
PlayerControl=no
Color=Grey
Allies=Special
PercentBuilt=0
NodeCount=0


[Basic]
NextScenario=GDI2A.map
AltNextScenario=GDI9C.MAP
NewINIFormat=4
CarryOverCap=0
EndOfGame=no
SkipScore=no
OneTimeOnly=no
SkipMapSelect=no
Official=yes
IgnoreGlobalAITriggers=no
TruckCrate=no
TrainCrate=no
Percent=0
Theme=No theme
MultiplayerOnly=1
TiberiumGrowthEnabled=yes
VeinGrowthEnabled=yes
IceGrowthEnabled=yes
TiberiumDeathToVisceroid=yes
FreeRadar=no
InitTime=10000


[Lighting]
Ambient=1.000000
Red=1.000000
Green=1.000000
Blue=1.000000
Ground=0.050000
Level=0.008000
IonAmbient=0.870000
IonRed=0.300000
IonGreen=0.400000
IonBlue=0.750000
IonGround=0.000000
IonLevel=0.000000
DominatorAmbient=1.500000
DominatorRed=0.850000
DominatorGreen=0.200000
DominatorBlue=0.300000
DominatorGround=0.000000
DominatorLevel=0.000000
DominatorAmbientChangeRate=0.001000


[Preview]
Size=0,0,50,36


[PreviewPack]
1=vwcYFQXAwADAwADAwDQUAAPoxHjYvHAqCgDgwC44AAPoyHjoyHB0AATEcODEcNi4K4AArA
2=ctHAFSCMDANMQBIANcAANoZADQxBhEC1wIVAAtCABMDVwCqACtAUCAAKQUpAItyABYAbwF
3=IAP0ATaMACd8AVQJLQgAUAsDwKRo0LBoXAJMAQOwhEiYeEBMAUgAWAFUADwIAGYLyHA23A
4=E2XAB1BsSdMsguEAcnuAEJyKxo0LhwqIhIsJRQQDcF4MR4mGQ4uHzMEyeYADkgAHYMyHg2
5=DAIqXACkLzO8A1hGVAMnlAEGwJhYyIxI4Mx4SBIJsJBQqJRQsIxQyJxQJ4AALSAATAdYCk
6=gAJ1wAJ0QAUAIqDAIwLABID1QMJ+AAKiAASANcCEQCVCQMyKho0LRoyJRIqIhQmIBIgEoD
7=QIhsQIhwNKwEXA5IAEwHJwgAVAknLABAATDcBGQCWGcpuA20D1AFOQgAQBMMwKBgwJxYqH
8=hIqIRIuJhYcgW4cCccByfcAV0R4ClwAXgEKTgATA1iBMBwVABkEeR6vAItsAAnOABUAygs
9=AFyA/BekJqsDoHxAUCYDiHBIeGhAMxwHJ4QCvAUnFABEEScsAEABWAFIAEABLQgAMFAARA
10=KkHUABRBRUAEgAtAZAAQOAaECQfEi/SpiAUCe0CwPApGDIpGC4BLQAUAVAAbQAQAE5CAAt
11=jwDwAAAnCAAt1AAnPAKkFFQDTCVID1VLuFiCAnRAsJRYUzigcDhIA0gASAMnVAJUDCfUAE
12=gDqAAnoAFAAUAEsAJUACosAFgBSABABCcIAFgBKggAaDAy3BZUS1QPUnHQlGQmQBNLAKBw
13=MCrsAEwBJ6wBQAFqAMRwJ6ABQAFABC0IAGwE5E1ABCcIAC2YAC04AFQGxlPEeEwBAph4UI
14=hszF5WEpBsxCYt1AAnOABELyegAUABJ1wAMCAAUAtABCcIAEAERAJUACcIAFgBSABYAVQA
15=SABAAUgAXDh4JYSqAYhkOKBMTAGUUJhkbCVYK1QPTAQzCAAnoAFAAS2AACdwAS1cAD84AE
16=AHSABYBFi7SM9AAUgAA5hwQKB0QEwltEtUElACOQgATBZQCEgATARVAOCYhUABWAEgCQgA
17=P5QBSKhMXgPo1IDo1HiNEzCoDLQAoA1wCJxTUAJUErACIBIUAFgHMNQAUAJoAJQbVANclV
18=CDQAEH2LRwsJhYgGxAsE6+eEhYKKT4aQO8fKSgAbQAJwQBYAEsjCQngACgASAPFAAqNBy8
19=zlH1oCb8IFROSDxQDiAPWAEgHrwAXJVU4UAlSDavN+DAeEj2J9wZIB58ASAP+AC/EbiYUC
20=EwIwbgyHDYuGDw3JBIAEQUP/wgIAOsAVRCRIxH/qCAQCT/JoBgOEwNQDFLDJh8SEAESAAn
21=jAACoIRQoIhwEVA1XCMB8NiA6EgAAtSA4NB4SABsAQXYkLCQSKiASLQJK+4AeEAnTAHUDJ
22=QJKowAt0LYuHBfs7icWERoA5B4SJBwQEwNSQCQI2QivAJYAegAIkAlXAW4AQPguGDYsFhE
23=EVwRpCYD0LRwyKBgpAKNBHi8TY0BgLQJKmQBpA68Ao0EeLQwCNCUUMiUULiUULB8dmawkC
24=NMIvxrtMmuBNikZAUCyKBY0JxMJQFQoIBInQiAeiXUgFg3SAB4EwLQeJiASED3KrwApAi0
25=DFRgQOWkdKwBKpQBSANUHnCzLHwfXD5AZypsEUhpUAhIAFAIXAUCwKBg0LRNE1hYMV9c4L
26=xgaAACwGjgxGgkPCMDyKRYwIBA9AYu/CBcCy0IAKQRKlAAQBArOAAmBCWwAlQDtK64AScU
27=ALU/4CN0NqQmRBRcXCo8IyewACogAEAKKjgAJywAXAJIACc4AC0gADxoAKQUTAS0PyUUKl
28=i1SABQPiosKlD+QBy8AkgDLAgARAhIAC3oAbgBMFwAKkQATAFIAKQFJxQARAJExVQASABQ
29=Ak9nqIhQryWokFhETSQsKqwEQAQtCABUBkgALVAAKjgAPHQAJ6QAuAS0ALACrAFSWZB8Jo
30=8zmFiYIeguApRQ0JhQoE+kBTYUAEQISAA2dAAzXABcBSecCzOAALACRDgqFCpUmbwCNhQA
31=eAosEAekBS2sAVgEvAJUAGgDKcgASANIALQwQAFABCoIAKQCTCJIbC1MJTCYACpEAEwBTA
32=ekU0wBJ3wBUAJYATYJAPA43C42yAAkTCVQvEDBM4wAMMQBRyDoyHgqrAFMBEgAM/gAUAIt
33=pABEAi0IAEwHSAAqUAC0S6yCAcCMSLAmtCBdDuhQ4yn8BSfUAKQIKqwBJ2gAQAFMFiTsPI
34=UIeFwpMKQATARIAEjSXAWoAKwKTAFEOEuf0LBgV0uAaEhA30fpiHBAQARIAI0KcEwKTAFQ
35=BUgALRwBMKwBTARIAFwFtBK0AFQGMKQATAREBUgAoAEqFABUElC8SANIALzFRCZcvEgAMI
36=wzTASoAEQIvEoqrAFQArQYpBEwFACVA3hEFCp8BKAKORUAqCNkRioUKkwWRClYDUgAOeAA
37=SANlDsQgBNRIZAU1VAhcCEgATA1sBFQJJGRGXs64cE5ekHQl9ENYc1DmRAUzCABYB0gAME
38=wEIANEADbEBEAKSAC4DVWWyCZkRgPo0IDo0HhMEzY8DqgGtABECDYMAhEAAA==


[Map]
Theater=TEMPERATE
Size=0,0,65,70
LocalSize=20,17,26,35


[Waypoints]
0=68051
1=50069
2=88071
3=70089
26=79080
27=59060
699=69070
700=69070


[IsoMapPack5]
0=iw0AIAACAQBBAAAAAAAAAgACAEAA5AAAAAZpAUFsArUCQusBAwA/gAQBAwIAA80FB2gBJ6
1=4AAwAprQBD+wYEAD4oKwA/AONwAQICAAQAQIkBBGgBJwUBBCgGAQQAKQUBRHAGexEFAD0o
2=KAAnXgEFALwKAQECAAXdCgVoASddAQUoXQEFKF4BBQApXQFF/woGADwoKAAntQEGKBUDBt
3=QNAQICAAbVDQZoASe1AQYotQEGKLUBBii2AQYAKbUBRvcNBwA7KCgAJw0CByjFAwcoDQIH
4=zBABAwIAB80QB2gBJw0CBygNAgcoDQIHKA0CBygOAgcAKQ0CR+8QCAA6KCgAJ2UCCCh1BA
5=goZQIIKGQCAggAPwDnYAcCAgAIAECJAQNoASdlAggoZAIDCABDAP0BlU8IKGUCCChlAggo
6=ZgIIACllAkhgDH9BCQA5KCgAJ70CCSglBQkovQIJKL0CCSi9AgncFQEBAgAJ3RUEaAEnvA
7=ICCQBCAPuxFAkoJQUJKL0CCSi9AgkovQIJKL4CCQApvwJJACWzCQoAOOkXCigVAwoo1QUK
8=KBUDCigVAwooFQMKKBUDCtQYAQICAArVGAVoAScUAwIKAEIA8+APJ2QNAgoARAD39wJFAP
9=zoASc9CAooFQMKKBYDCgApFQNKgBoDAQIACwA34RoLKG8DCwA5+ScLKG0DCyhvAwsAPCiA
10=ACe9DQsobAMCCwA/AOZkC2kMQIkBBGsBQQD5vBUCCwBCAPToASdsAwILAEQA9fQCJ70NCy
11=iFBgsobQMLKG0DCyhuAwsAKW0DS5gcAwICAAwANnARdU8MKMUDDCjEAwIMADkA76APAgwA
12=OgD26QE7KCsAPADw9wI9AProASc9EwzFHgF0DaUeBWgBJzUHDCgPDQwAQ/knDChNCgwoTw
13=oMAEYogAAnDQ0MKMUDDCjFAwwoxgMMACnFA0znHg0ANSgoACcdBA0oHwQNADj4MgINADkA
14=7a8bDQA6KCsAOwDy9AInlxMNAD35Uw0o5QcN3CACAgIADQC9IAZoAScfBA0AQv9XDQBDKI
15=kBROstDQBFKCkARijgAScdBA0oHQQNKB0EDSgdBA0oHgQNACkdBE3/IA4ANOlDDih1BA4o
16=lQgOKHUEDiiVCA4olQgOKHcEDgA76VkOKM8PDgA96VkOKHUEDtQjAQMCAA7VIwdoASd3BA
17=4AQuNRDgBD604OAETjJQ4ARSgoACd1BA4oXwwOAEjhtA4odQQOKHUEDih1BA4odgQOACl1
18=BE7jJQ8AM4AlAQECAA8ozwQPADXrOA8ANumQDyjNBA8ozAQCDwA5APGvRw8AOuElDygtEQ
19=8oLREPKJ0UDyjMBAIPAD8A5WASbRBAiQEEaAEnzQQPKJ0UDyi3Fw8AROcpDwBF5ykPAEYo
20=KQBHKOgCJ7UXDyjNBA8ozQQPKM0EDyjNBA8ozgQPACnNBE90FXONEAAymCcBAAIAECglBR
21=AoJwUQADXtaBAo9QkQKCcFEAA45YEQKMUZEChXFhAAO+8xEAA89WUQKCUFECglBRDFKQF4
22=EaUpBWgBJyUFECj3CRAAQ/dwEABE/TYQKI0SEChVFhAo9QkQKG0OECglBRAoJQUQKCUFEC
23=glBRAoJQUQKCYFEAApJQVQ8yoRADEoKAAnfQURKH0FESh/BREANfVwESh/BREAN+8mEQA4
24=7SYRKH0FESh/BREAO/tIEQA8628RAD33IxEAPvlIEdwrAgICABEAvSsGaQFBKLUBQigFAU
25=Mo4AEnTSsRKHwFAhEARgCNYB1nCEcAjOsBSACQ6AEnRR8RKH0FESh/BREATCjhAU3t1hEo
26=fQURKH4FEQApfQVRYAx/VxIAMCgoACfVBRIoVQsSKNUFEijVBRIoTxUSADbvyxIAN/MfEg
27=A45UoSKNcFEgA6KK0AOyisACfnHRIAPe0mEihVCxLULgEDAgAS1S4HaQFB/jYSACfVBRIo
28=xxkSAET/NhIARegtAhIARgCDbB5lCEcoKwBIAIj0AifVBRIo1QUSKNcFEgBMKOEBTSgVA0
29=7hMBIo1QUSKNYFEgAp1QVSbA1jMBMALygoACctBhMoBQwTKC0GEygtBhMoLQYTKC0GEygH
30=DBMAN/2OEyitFhMo3ScTKAcMEwA77WgTKH0bEyh9GxMoLQYTJbw5AQACABMlvTkEaQFB78
31=ATAEL+rxMAJwUMEygUJAITAEUAh2weeAYnLgYTACcuBhMAJy0GEyiFERMoLQYTKC0GEygu
32=BhMAJy8GEwBO+zITAE/xQBMoLQYTKC4GEwApLQZTfBJ7MhQALigoACeFBhQotQwUKIUGFC
33=iFBhQohQYUKIUGFCiFBhQohQYUKIUGFCiFBhQoNx0UADrlShQoNx0UADz1/xQoDRgUKIUG
34=FMQ0AQECABTFNAVoAScNGBQonyoUAEPlPxQohQYUKIwSAhQARgCFZCFkCCeFBhQohQYUKI
35=UGFCiFBhQohQYUKIcGFABN60MUAE7hfRQotwwUAFDt4RQohQYUKIYGFAAphQZUfBJzNRUA
36=LSgoACfdBhUoZQ0VKN0GFSjdBhUo3QYVKN0GFSjdBhUo3QYVKJcTFQA39xgVADjxSxUolx
37=MVADr/gxUAOyiAACddLRUo3QYVKN0GFdw2AQICABXdNgZoASfdBhUozTsVKBUkFSjfBhUA
38=RetDFQBG8WwVKGQNAhUASACKaCV8CieVExUo3QYVKN8GFQBM6UMVKO8eFQBO4H0CFQBPAP
39=gk3ycVAFD1vRUo3QYVKN0GFSjeBhUAKd0GVXARazgWACwoKAAnNQcWKBUOFig1BxYoNQcW
40=KDUHFig1BxYoNQcWKDUHFig0BwIWADYAkX8NAgAWKCUmFigVDhYoNAcBFgA6ACWNPhYoFw
41=4WADzn7xYAPe08Fig1BxbVOQNoDCQNTwdoASc1BxYoJSYWKCcmFgBE7X4WKBcOFgBG4DsC
42=FgBHAIvoFydNKxYoFQ4WKDUHFig1BxYoJyYWAE3v4RYATibYIQEWAE8AJdkhFiidFBYoNw
43=cWAFIoDAInFQ4WKDYHFgApNQdWaBRjOxcAKygoACeNBxcoxQ4XKI0HFyiNBxcojAcBFwAx
44=ACWpRxcojQcXKI0HFyiMBwIXADUAj3wNAgIAFwA28/sXADf7HBcAOPscFwA5JjEiFyiuNx
45=cAJ0dAFwA89VoXKMUOFyiNBxclvU8AdA0n5lQXACc1KBcoXSIXKK03Fyi1LRcojQcXKLct
46=FwBHKMQDJ40HFyiNBxcojQcXKI8HFwBM4zsXAE0o8QNOKCkATygrAFAAkuAlJ10iFyjFDh
47=coxw4XAFTlPxcojgcXACmNB1doCXs9GAAqKCgAJ+UHGCh1Dxgo5QcYKOcHGAAv+2kYADAm
48=4y0YADHxxBgo5QcYKOUHGCjlBxgodw8YADbv1hgAN+ceGAA4JoUnGCh3DxgAOv6ZGAAnDU
49=QYKBUkGCjnBxgAPv0gGMQ/AQECABglpVcFaAEnRyoYAEIo6AIn9UsYKK0WGCjnBxgARijx
50=A0co2AAn5QcYKOUHGCjlBxgo5wcYAEwoxAMn5gcYACfnBxgATyjwAycdMBgodw8YAFLpTh
51=go5QcYKHcPGABV92UYAFbulBgAKeUHWOc/GQApKCgAJz0IGSglEBkoPQgZKD0IGSg/CBkA
52=L+voGQAwJi0nGSg9CBkoPQgZKD0IGSg/CBkANfFhGSglEBkoPwgZADjrQxkAOfFhGShVLB
53=koXzgZADztUhkotRcZKCUQGdxBAQICABndQQZoASdVLBkoPQgZKO0eGSg/CBkARfNAGQBG
54=KMUDRygpAEj1LhkoPQgZKD0IGSg9CBkoPQgZKCUQGSg9CBkoPQgZKLcXGQBR7zwZAFLhUR
55=koPQgZKD0IGSgnEBkAVialIBkoPggZACk9CFn/QRoAKCgoACeVCBoo1RAaKJUIGiiVCBoo
56=lQgaKJUIGiiVCBoolQgaKJUIGiiVCBoolQgaKJQIARoANQAleSsaKJUIGiiVCBoo1RAaKN
57=UQGiiVCBoolQgaKHVGGijVEBoo1RAa1EQBAwIAGtVEB2gBJ08gGgBC9ZEaKE4gGgAn5VQa
58=KG1QGiiWCBoAJ5cIGgBI/TYaKJUIGiiVCBoolQgaKJUIGiiVCBoolggaACe+GBoAJ70YGi
59=jXEBoAUiZtJBoolQgaKJcIGgBV+YoaKL8YGgBXKFQAJ5YIGgAplQha90QbACcoKAAn7Qgb
60=KIURGyjtCBso7QgbKO0IGyjvCBsALvNsGwAv5WsbKO0IGyjtCBso7QgbKO0IGyjtCBso7Q
61=gbKO0IGyjsCAEbADgAJbUtGyjvCBsAOigNAjsmJTEbKK0hGyjtCBsohBECGwA/AMRkIQIC
62=ABsAQIkBAmsBQQCx9QJCiAGVAkP1pxsoXVkbKI1UGyiPVBsARygNAkgmvSMbKO0IGyjtCB
63=so7QgbKO0IGyjsCAIbAE4AhvkRTyjwAyfHGRsAUSjwAyeFERso7wgbAFQogQBVKIUGVv+v
64=GwBXKFUAWChVAFkmLzIbAFr/pBsAW3ARIl8iHAAmKCgAJ0UJHCg1EhwoRQkcKEUJHChFCR
65=woRwkcAC3/pBwALvknHChHCRwAMChVADHxKhwoRQkcKEQJAAEcADQAJQEAAAICABwANQCH
66=AAAAEQAAuQ0AIAgAAgAcADYAhgAAAIsBNwCK6AEBOAD7AdUCOWwCowQ6APP1AjsoVQA8KC
67=kAPSjZAD4oVAAJPwDEAAAAAQIAHABAiQEDawFBALH1AkKIAZcCQwDx6wxEAPTpAUUoMQFG
68=KCkARygpAEgoKAAESQA2AQAABGkMSokBCGkBS4kBDGsBTACHdAVpAU0oxQNObAK5HE8oKw
69=BQAPnvEFEA7ekBUihlAlMorQBUKOsCVQDw7QVWKNkAVygpAFgoBQFZKAcBWgD1+QZbKFUA
70=XOsBHQAlKCkAJigpACcoKQAoKCkAKSgpACooKwArAPeoDAIdACwA/OkBLSiBAC4oKQAv+z
71=0dADAoVwAxAJFwAQQCAB0AMgAl5QgziQEBdQI0iQECaQE1ZAVzKh0ANigpADcoKQA47CYC
72=HQA5APbxCTrgJQIdADsA+vQCJ5wJAh0APQDv9QI+KNkAPyitAEAoiwFBAMlwAXkRQogBhx
73=NDAArnCEQABOkBRYgBgQRGiQEEeQZHiQEGaQFImEiYHL1MBXQCvUwJaAG9TA1pAUyNBRFr
74=AU0ACekMTogBiQxPmV4AYQRQiAGVAlHzQB0AUmAXuSdT52sdAFQoVQBVKCkAViglBVfzSx
75=0AWCiAACefCR0AWihUACeeCR0AKZ0JXeMEHgAkKCgAJ/YJHgAn9gkeACf3CR4AKPNLHgAp
76=+zIeACooKwArAPK/IB4ALChdAS0o2wAuAPjhBC/zQB4AMORVAh4AMQCJYwcCAB4o9gkeAC
77=f2CR4AJ/YJHgAn9QkeKPYJHgAn9wkeADhoCX8rHgA55koeACf3CR4AO/94HgA8KGUCPShV
78=AD4okQI/KCkAQOJRHgC1TwF8FbVPA2gBtE+UArRPiAG0T4AEtU8FbAW1TwdoAbVPAmgBtU
79=8GaAG1TwpoAbVPDmgBtU8SaAG0T4gMtE+IDLRPlAK0T5UCUShIBCf3CR4AU+1SHij2CR4A
80=J/cJHgBWKNkAVygrAFgA/fQ5J/UJHij2CR4AJ/UJHij2CR4AKfUJXvMJHwAjKCgAJ00KHy
81=hHFB8AJu+1HwAn604fACj7Mh8AKSgpACooKQArKCkALCjZAC3uaB8AJ0cUHwAv/CACHwAw
82=AI1gEgQCAB8AMQCI6AEnRRQfKE0KHyhNCh8oTQofKE8KHwA3KOkCOCgNAjn/TB8AOig4Ai
83=fmHR8AJ0cUHwA9ZBBrWR8APuaBHwAnTwofAEAoBwFBAOh0BWkXQokBAmkBQ2wCpQhEKCkA
84=Rfa9HwAn5h0fACfnHR8ASCiAAK1SB3AJrVILaAGtUg9pAUzjfR8ATepkHwAn5x0fAE8jeS
85=AAbQVQiAGFE1Gcr5UCUogBlQJTiQEEbQVUiQEGawFVAAWrTh8AVogBjQVXiAGNBViIAY8F
86=WQAG7QVaiAGNBVuIAY0FXIgBjwVdAAftBV6IAY0FX4gBAwQCACAAIu0mICilCiAo9RQgKK
87=UKICj3FCAAJ/M1IAAo+z0gACkoKQAqKCkAKygpACz0OQIgAC0Aj2gPbxAuAI7pAS8oKQAw
88=JocnIAAxJr0jICj1FCAopQogKKUKICilCiAopQogKPcUIAA48mEgACePKCAAOmQQekggAC
89=elCiAopQogKKYKIAAnjyggAD8oMAEn7h4gAKVVAWwbpVUDaAEnpwogAET0cAIgAEUAg2gP
90=YwRGAIzpAUcoKQBI+3QgAEkjiSIAbQVKiAGJDEuJAQJ1AkwoWQZN/4MgAE7vcyAATygpAF
91=DqWSAApFWQCaRVnBWlVQV8CqVVB2gBpFWMBaRVjAWkVYwFpFWMBaRVjAWkVYwFpFWMBaRV
92=jAWkVYwFpFWMBaRVjQVgkFYFBwIAIQAhACa3WiEAIigpACMoKQAkKCkAJSgpACYoKQAnKC
93=kAKCgpACkoKQAqKCkAKygpACwoKQAtKCkALigpAC8oKQAwKCsAMQAx/RUyiQEDdRgziQEG
94=aQE0iQEJaAEn9R8hKP0KISj9CiEo9x8hADnjkyEAOuM7IQA7KCkAPCgpAD35PSEo/wohAD
95=9gTnteIQBAJqgmAiEAQQDrfAJ5EUKIAZ0VQ+d2IQBE8VYhKP8KIQBGKFUARygoACf9CiEo
96=/gohACf+CiEAJ/8KIQBM97IhAE0mZyMhAE7rWSEATygpAFAoKQBRKJkDUigpAFMoKQBUKC
97=kAVSgpAFYoSAQn9R8hKO4pIQAn9R8hKPUfISj1HyEo9R8hKPYfIQAn9x8hAF98KL0rYCgp
98=AGHrASIAIJREAQECACLUWogBtFqIAbRaiAG0WogBtFqIAbRaiAG0WogBtFqIAbRaiAG0Wo
99=gBtFqIAbRaiAG0WogBtFqIAbRaiAG0WogBtFqIAbVaBHQYtVoHaAG1WgpoASdVCyIoVQsi
100=KFULIihVCyIoTSsiKE8rIgA7+z0iADwoKQA9KCgAJ0c1IgA/7zwiAEAm6S4i1FqcFbRanB
101=UnVBYCIgBEAIVgM3wVJ1UWIihWCyIAJ1cLIgBI6dIiKFULIihVCyIoVwsiAEwm8y8iAE3j
102=tCIATvniIihWCyIAJ1cLIgBRKG0DUigpAFMo2QBUKCgAJ+c+IgBWKFUAVybzLyIAWChJBF
103=koKQBa5WAiKFULIihVCyIoVQsiKFULIihWCyIAJ1YLIgApVQtifCh7XiMAH4BcAQICACPM
104=XYgBpLiIAaxdiAGsXYgBrF2IAaxdiAGsXYgBrF2IAaxdiAGsXYgBrF2IAaxdiAGsXYgBrF
105=2IAaxdiAGsXYgBrF2IAaxdiAGtXQVgGq1dCGgBrV0LaAEnrAsBIwA2ACW0LQIjADcAkHAi
106=YQQ4+7YjADnhOyMorQsjKK0LIyiuCyMAJ68LIwA+KNgAJ60sIyitCyPMXZwVrF2cFSevCy
107=MARCY1SSMoBRcjKK8LIwBHJtshIwBI5cMjKK0LIyitCyMorwsjAEzvaCMATSjEAyevLCMA
108=T+VgIyitCyMorwsjAFLmdiMAJ5dKIwBUKCUFVSZvJCMAViiIAScHFyMAWCiJAVnzYSMAWi
109=btKSMorQsjKK8LIwBdJjczIwBe42cjAF/pZCMorwsjAGEoSAQprQtjIyQmAwACACQAHnA9
110=Z2AkAB8oKQAgKCkAISgoACcNLiQoDy4kACT7ESQAJed2JAAm5RMkKLc4JAAo8hQkACf+TC
111=QAJ/9MJAArKLQBJwZDJAAn/0wkAC7vUiQALybZQiQo/0wkADEoBQEyKCkAM/syJAA0+zIk
112=ADUoKAAnnlYkACefViQAOPH7JCgFDCQoBQwkKAUMJCgFDCQoBwwkAD7lYCQotzgkAEAoVQ
113=BBKEkEQii9AkMomQNEKIEARfNhJABGJtUxJCgHDCQASCaZLyQoBQwkKAUMJCgFDCQoBwwk
114=AE0mFyQkAE4oSQRP81YkAFAoHAQntRckKAUMJCgHDCQAVOdrJABVKF0BVigpAFcoiQFYKI
115=gBJw0jJCgNIyQoBQwkKAUMJCi1FyQotxckAF/7aSQAYCj1CWH6aSQAJwYMJAApBQxkkGED
116=AQIAJQAd4TAlKF0MJSheDCUAJ14MJQAnXwwlACLnYCUAI+1SJShvOiUAJfkyJShtOiUobT
117=olKG86JQAp6xclACooMAEnXwwlACzrQyUALSitAC73kSUALygVAzAorQAx+kglACdfDCUA
118=M+dKJQA05zQlADUm0SAlKBUkJSgVJCUoXQwlKF0MJShdDCUoXQwlKF0MJShfDCUAPuVgJS
119=hdDCUoXwwlAEEogQBC+4olAEMoVQBEKMQDJ/1iJSgXRSUAR+NRJQBI/EwCJQBJAC8kjzMl
120=AEqJAQRlP0uJAQhoASf/YiUATfNsJQBOKCkATyh1BFDrTiUAUee4JQBSKCkAUygJB1QoqQ
121=VVKDEBVigpAFcoKQBYKCkAWSanQSUAWigpAFsoKwBcAJJgPmgXJ2VPJShdDCUoFSQlKGUY
122=JSgVJCUoXQwlKF4MJQApXQxliGQDAgIAJgAcbA19xSYotQwmKLUMJii3DCYAIPdPJgAh9U
123=8mKCVHJigXGSYAJOHVJiglRyYotQwmKB5cJgAnFWYmKBUZJigVGSYoFxkmACzpbyYoFxkm
124=AC7/mSYAL/NLJgAw/zYmADH1hiYotwwmADMmwFUCJgA0AItkIWgiJx8lJgA2KBQDJx5cJg
125=AnFWYmKLUMJii1DCYotQwmKLUMJii3DCYAPvleJii1DCYotQwmKLcMJgBCKKwAJ7cMJgBE
126=KFUARSgsBifPUSYAR/lTJijNMCbVZQF4HLVlBWgBtWUJaQFMI9ksAGkBTSgpAE4oKQBPKC
127=kAUCgpAFEoKQBSKCkAUygpAFQoKQBVKCkAVigpAFcoKQBYKCkAWSgpAFooKQBbKCkAXCgp
128=AF0oKQBeKCkAXygpAGAoKQBhKCkAYigrAGMAJ6+JJgBkiQEDfSBliQEGaQFm7wUnABvtaC
129=coDQ0nKA8NJwAe7UcnKA8NJwAg51UnACHrOCcAIvNWJwAjKCkAJCiBACXtPCcoDw0nACcm
130=FyQnACjz8CcAKfGjJygNDScoDQ0nKC9pJwAt690nAC70ZQEnAC8AJSl5JyglJicoJyYnAD
131=LjZycAM3hmY4gnADQoKQA164UnADYoFQM3KBQDJy1pJyjdPScoDQ0nKA0NJygNDScoDw0n
132=AD4oXQE/KCgAJyUmJygNDScoDQ0nKMUZJygPDScARfHPJ+TODwIAJwBHAAAAAAAAAgAnAE
133=gAABEAAKsNACAAAgAAAAACACcASQAvAQAAAgIAJwBKiQEGaQFLiQEKaAEETAAmAQAAAWkB
134=TSgpAE4oKQBPKCkAUCgpAFEoKQBSKCkAUygpAFQoKQBVKCkAVigpAFcoKQBYKCkAWSgpAF
135=ooKQBbKCkAXCgpAF0oKQBeKCkAXygpAGAoKQBhKCkAYigrAGMAJ/EfZIkBBH0gZYkBB2kB
136=ZiitAGfoAQIoABoAJbsGKAAbiAEDAgIAKAAcbi4AAGkBHSgoAAIeAPEBALcCHwD26wEgAO
137=3pASEoKQAiKCkAIygpACQoKQAlKCsAJgD65wgnAId8DWMPKACG6QEpKCsAKgCO9wIrAJDp
138=ASxgAaUTLSgpAC4oKQAvKCsAMAD39Q0xKOEBMiiDADMA/eEENChXADUA7/UCNijrAjcA8P
139=UCOChJBDkogQA6KCkAOygpADwoKQA9KCkAPigpAD8oKQBAKCkAQSgpAEIoKQBDKCkARCgr
140=AEUA8uUTRigVA0co8QNIKPADpWsDdC6lawdoAaVrC2gBpGuIQ6RriAGka4gBpGuIAaRriA
141=Gka4gBpGuIAaRriAGka4gBpGuIAaRriAGka4gBpGuIAaRriAGka4gBpGuIAaRriAGka4gB
142=pGuIAaRriAGka4gBpGuIAaRriQFjjGiIAaVrBWkiZZUCCGgBpGuABKRriQFokGwDAgIAKQ
143=AZhWsAaAEnvQ0pKL0NKSi/DSkAHfdPKQAe/zYpAB/0TwIpACAAeXwCcQkhiAGLDCIAYvUC
144=I4gBlwIkAGH1AiWIAZcCJgBm9QIniQEDcQko/1cpACkoKQAq9EQCKQArAIX5BizqbykAJ7
145=4NKQAnvw0pAC//TCkAMO9SKQAx92UpADIoXQEzdApydykAJ78NKQA1840pADbrWSkANyit
146=ADgogAAnvg0pACe+DSkAJ74NKQAnvg0pACe/DSkAPihkAie+DSkAJ74NKQAnvg0pACe+DS
147=kAJ74NKQAnvw0pAEUoMQFGKPkERyhXAEgA9KNyKQBJKBUDSigrAEsAjXABbzFMAIzpAU0o
148=KQBO758pAE8oKQBQKIEAUSgpAFIoKQBTKCkAVCgpAFUoCQdWKLEGVyjpAlgohQZZcBGlNF
149=ooKQBbKCsAXAD77RtdKFUAXigrAF8A+eEEYCiJAWEoKQBiKLUBYyi1DGSJAQFpImWIAZxX
150=lFe5EWcoiQFoKCkAaesBKgAYKCgAJxUOKijVGyooFw4qABz2GCoAJ9QbAioAHgCRbwgCAC
151=ooFQ4q1XABdAK1cANoAbRwlAK0cJQCtHCUArRwlAK0cJQCtXAEZwgoAHv1DSmJAQJ1Airn
152=YCoAK+TkAioALACD7wUtAJLoAScXDioAL+tkKgAwKAUBMWQFeycqADL4igIqADMA/KU0Ki
153=gXDioANSivADYA9eAEJxcOKgA4KIEAOSgwAScVDiooFQ4qKBUOKigXDioAPupkKgAnFQ4q
154=KBUOKigVDiooFQ4qKBUOKigVDiooFw4qAEYoXQFHKPEDSCi9AknmrSoAJxcOKgBLKH0FTC
155=h/BU0AimAHbTFOYAG5J08oKQBQ86MqAFEo2QBSKCkAUygpAFQmOyMqAFUoXQFWKPkEVyjp
156=AlgoKQBZ92UqAFooKQBbKCkAXCiYAycXDioAXihVC18ovQJgKLUBYSiJAWIoBAEnFg4qAC
157=cWDioAJxUOKoDHIzYoKgAnFg4qACcWDioAKRUOauMPKwAXKCgAJ20OKyiFHCsobQ4rKGwO
158=AisAHADztU8rKGwOAisAHgCJeAkCAgArAB/sXQErACAAmB91AiGJAQJpASKJAQRrASMAOv
159=EJJIgBgwQlAEL0AqxzlAKtcwV4Bq1zAWgBrXMDaQEq+ycrACvvaCsALChkAieFHCsohhwr
160=ACdHKisAMOwxAisAMQD47RAy7jErACeFHCsobQ4rKG8OKwA2dCBtUisohRwrKG8OKwA5KH
161=QEJ20OKyhtDisobQ4rKG8OKwA+KG0DPygoACeFHCsobQ4rKG0OKyhtDisobQ4rKG0OKyhu
162=DisAJ4YcKwAnRSorKIUcKyhvDisAS+R2AisATACLbB5hME371ysATvNhKwBP48orAFDpei
163=sobg4rACdsDgIrAFMAiPEJVOPVKwBVKDMBVgB64QRXiAGJQ1gjoSUAbRBZiAGVAlqkY3UC
164=W4gBlURcKPkEXShdAV4oVQBfKFUAYChUACduDisAJ24OKwAnbQ4rKG0OKyhtDiuYDo1zKy
165=htDisobQ4rKG4OKwApbw5rAOV0BgICACwAFnwdZUosKMUOLCg1HSwoxQ4sKMUOLCjHDiwA
166=HP3FLCjHDiwAHv+kLAAfJgUiLMV2AWAPpXYDaAGldgVoAaR2gASkdoMEJQBEtGUCLAAmAD
167=vpASeJAQJ5Bii0G2kBKYgBlAInNB0CLAArAI9gHWEELOmxLChPKywALvNLLAAv7XMsKDYd
168=LAAnNx0sADIoxAMnxQ4sKMcOLAA1/VcsKMUOLCjFDiwoxw4sADl8EqEwOv2DLCjFDiwoxQ
169=4sKMcOLAA+7UcsKDUdLCg1HSwoxQ4sKMUOLCjFDiwoxQ4sKMUOLCjFDiwoxw4sAEgotQFJ
170=7Z8sKMcOLABLKBUDTCgpAE33kSwATigFAU8mgywsAFAorQBRKMAIJ8UOLCjHDiwAVCitAF
171=UooASkdoBGpHaARqR2lAKkdpQCpHaUAqV2BH1BXCPBNABpAV2IAY9HXgBkfA11Al8jfCaB
172=BGCIAYAEJ8cOLABiKEADJ8UOLCjFDiwoxQ4sKMUOLCjFDiwoxQ4sKMUOLIBZf3QALACkdp
173=UYbJB3AwcCAC0AFWgUbUctKB0PLSgdDy0oHQ8tKB0PLSgdDy0oHw8tABwm/SstKB8PLQAe
174=76otAB/3py0AIOAwAS0AIQAjfDB5ESKJAQJpASPv7C0AJPB3Ai0AJQBDsXct3XgBbAW9eA
175=NoAbx4lAK8eJQCJ+UdLSjmHS0AJy1ILSgfDy0ALib9IC0o5R0tKOcdLQAx/lctACcuSC0A
176=Jx8PLQA0Jh0lLSjnHS0ANihUACdXLC0AOPfILQA59YYtKG06LSgdDy0oHQ8tKB8PLQA+/2
177=ItAD8m1TwtKB0PLSgfDy0AQiiAACdtOi0oHQ8tKB8PLQBGKKwAJ+cdLQBIJq0hLSjnHS0A
178=SvmVLSgeDy0AJx8PLQBNKJ0JTu6fLQAnVywtAFAoBQFRKMEIUib/Ky0AU/OuLQBU560tAF
179=Uo8gNWACPwOXFAV4gBmUhYI9UmAHUCWYgBlAK8eIgBvXgFYAS8eIxHvHiMR7x4lAK8eIgB
180=vHiBBGEoSQRiKJgDJx0PLSgdDy0oHQ8tKB0PLSgdDy0oHQ8tKB0PLSgcDwItAGsA5nAMfR
181=VsiQEEaQFtbAJ/eC4AFCgoACd1Dy4odQ8uKHUPLih1Dy4odQ8uKHUPLih3Dy4AHCadKi4o
182=dQ8uKOdJLgAfJqElLih1Dy7UewIBAgAuALV7A2kBI4XvAGkBJIkBAmkBJYQ0lQImiAGWAi
183=cAlBthBCiIAZUCKYkBBHQCJ5ceLgArKPEDLPdELgAtJsckLgAu91ouAC8oVgAwACXFRS4o
184=lx4uADIoBQEz73MuADQorAAnzjsuACfNOy4olR4uKJUeLiiXHi4AOvPaLgA7KDgCJ+dJLg
185=A9KFUAPii1AT8obQNA96cuAEEogQBCKIEAQyiJAUQoMQFFKKwAJ6dXLgBHKDABJ+VJLih1
186=Dy4olR4uKHUPLih1Dy4odg8uACfPOy4AT+l6LiiXHi4AUSiRAlIoKQBTKCkAVCg4Aid2Dy
187=4AtHuYSLR7mEi0e5QCtHuXAloAPrPELgBbiAGBRlycTJFLXYgBlQJemEiVAl+IAZUCYIgB
188=kUth54wuAGLhvy4oXS0uKHUPLih3Dy4AZijtCGcmfTEuKHUPLih1Dy4odQ8u1HuAGrV7BW
189=BcnF+1e27jJS8AEygoACfNDy8oRR8vKM0PLyjNDy8ozQ8vKM0PLyjNDy8ozw8vABwmSyUv
190=AB0mDS4vKM8PLwAf+hwvACd0ZwIvACEAXGwTAgIALwAiiQEBaAGsfogBrX4DdAKsfpQCrH
191=6UAqx+lAKsfpQCrX4FeAYnzQ8vKM8PLwAs70cvAC31si8oLz0vAC/z+y8AMGgUcyovADEo
192=FAMnLT0vKEUfLyhnLi8ANfn4LyhlLi8ozQ8vKM0PLyjPDy8AOii1ATsoKQA87+EvAD0oVQ
193=A+KCgAJ88PLwBAKOkCQSiAACfPDy8AQyhVAEQoKQBFKCkARiavIS8AR+eBLwBIKIEASSiB
194=AErzoy8AS++fLwBMKCkATSiBAE79Yi8oRR8vKM0PLyjODy8AJ84PLwAnzw8vAFT5lS8oRx
195=8vAFYjHUYAeT1XiQECaQFYiQEEaQFZJo4oLwCsfoBGrH6ARqx+lAKsfpQCrH6UAqx+lAKs
196=fpBLJ0cfLwBiJk0rLyjNDy8ozQ8vKM8PLwBmKPUJZyh8BSedSy8ozQ8vKM0PL8x+jButfg
197=ZsGyfODy8AKc0Pb/M1MAASKCgAJyUQMCj1HzAoJRAwKCUQMCglEDAoJRAwKCUQMCglEDAo
198=JRAwKCcQMAAdJicmMAAe42cwAB/9pDAoJBACMAAhAIB4FAICADAAIokBAmsBIwB19QIkiQ
199=EDdwIlAHb1AiaIAZcCJwB+9QIoiAGFCCn0DQowACoA7QEAAAACADAAEQAAuw0AIA0rAPgB
200=AAAAAgAwACwA8AEAqwEtAPLqAS4AgABjBC8A9fUCMJACmwYxAO/3AjIA7esBMwD26QE0KC
201=kANShdATYoBQE3KCsAOAD9+QY5KFUAOigpADsoKQA8KCkAPSjZAD4oVQA/KCsAQADx/wpB
202=APzpAUIogwBDAPv1AkQoVQBFKCkARigpAEcoKQBIKNkASShXAEoA8/EJSyhVAEwoKQBNKI
203=EATihVAE8oKQBQKCkAUSgpAFIoKQBTKCkAVCgpAFUoLAYEVgBdAAAAAX02V4kBA2kBWIkB
204=BWsBWQBE8xRaADzpAVuJAQJjBFwAPfUCXYgBlwJeAGt8DWEEX4gBlQJgKOcHYQD0+wZiAI
205=nvBWMAJfUCZIgBhRNliAGFCGYoSQRncAahUWgoKQBpKCkAaigoAANrAOYAAACNG2yJAQdl
206=E20ogQBuKCkAbygpAHDrATEAESgpABIoKQATKCkAFCgpABUoKQAWKCsAFwD3rBsCMQAYAP
207=rpARmMGwMAAgAxABqJAQFpARuJAQJpARz0IwIxAB0A+fkGHvdwMQAfKCkAIPwrAjEAIQCA
208=ozsxACKJAQNzCSMAdfUCJIkBBHcCJQB29QImiAGXAicAfvUCKIgBhQgpKIkBKvt0MQArKJ
209=kDLCgpAC37aTEALijFAy8ogAAnfhAxACd+EDEAJ38QMQAzKLUBNCgpADUoxwM2APjpIjfn
210=djEAOCiIASd/EDEAOigBBjsoOAInfxAxAD0o2QA+KCgAJ38QMQBAKFUAQSgoACd/EDEAQ+
211=6fMQAnfxAxAEX6fzEAJ34QMQAnfxAxAEjjcjEASShBA0oomQNL86MxAEwoKQBNKEkETijw
212=Ayd+EDEAJ34QMQAnfxAxAFL6oDEAJ38QMQBUKHEJVSjhAVYoiwFXAFpsHmFGWIgBm1NZAE
213=PgMLyDnFe8g4BGvIOUAryDlAK8g5QCvIOVAmAoRwlhAI33DWIAiOgBJ34QMQAnfhAxACd/
214=EDEAZijJCWcooQRoKLgHJ34QMQAnfBACMQBrAOXpDGyIAYRgJ34QMQAnfhAxACd+EDEAKX
215=0QcXwHd5EyABAoKAAn1hAyACfWEDIAJ9YQMgAn1hAyACfXEDIAFudVMgAX4zAyABj2IzIA
216=J9UQMijWEDIAJ9QQAjIAHACLdBACAgAyAB1gAacTHgCRcAF1Ah9gAbUCIO8mMgAh5z8yAC
217=Io4AG1hgJ4BrWGBWgBtIaUArSGlQInKNkAKCgpACkoXAEn1RAyKNcQMgAs71IyAC0oZQIu
218=9r0yACfXEDIAMOdVMgAxKIgBJ9UQMijXEDIANCjNBDUoXwE2AK6wVgIyADcAr+gBJ1YhMg
219=An1xAyADoodQQ7KLUBPOVKMijXEDIAPihlAj8ogAAn1xAyAEEomAMn1xAyAEMoZQJEKAUB
220=RSi1AUbrWTIARygpAEgobAMnVyEyAEooMQFL+4oyAEwoAQZN5u8yACdXITIATyhkAifVED
221=Io1hAyACdXITIAU/6ZMgAnVyEyAFUo4QFWKOABtYYBYEa1hgNpAVmZzABpAVqIAZcCWwB0
222=bAh1AlyU04EEXYgBgwReAGzhBF+IAZwKJ9QQAjIAYQCF4AQn1hAyACfVEDIo1RAyKNcQMg
223=BmKF0MZyjpAmgofAUn1RAyKNUQMtSGjBC0hoRgJ9UQMijVEDIo1RAyKNYQMgAp1RByYBdj
224=cjMADygoACctETMoBSIzKC0RMyguETMAJy0RMygvETMAFuEaMygtETMoLREzKC0RMygtET
225=MoLxEzABwoOQId9LICMwAeAIN8AgQCADMAHwCQ6QEgYAG1GCEoKQAi72gzACP3WjMAJO9S
226=MwAlKCkAJiiBACcoVQAo7zEzACkoXQEq+e0zKC4RMwAnByIzAC37aTMALihdAS/uczMAJw
227=UiMygFIjMoByIzADMoDQI0KCkANff0MwA25O8CMwA3AKasiQIzADgAsegBJy4RMwAnhzIz
228=ADsoSQQ84XIzKC4RMwAnByIzAD8orQBAKOgCJwciMwBC8XczKC0RMygHIjMARSgRCEYoHQ
229=RHKCgAJy4RMwAnLREzKC8RMwBLKKgFJ4cyMwBNKCwGJy4RMwAnByIzAFAoAQZRKM0EUvOY
230=MwBTKPADJy0RMyguETMAJy8RMwBXIyErAGlOWIkBAmkBWYGIAWgBrYkEaAGsiZQCrImIAa
231=yJggReACJ4K5EJX4gBkAknLBECMwBhAId0G3AJJy0RMygtETMoLREzKC8RMwBmJr8uMwBn
232=KN0GaCiYAyctETMoLREzzImMEK2JBmAPJy0RMygtETMoLREzKC0RMyguETMAKS0Rc2wYY3
233=I0AA4oKAAnhRE0KLUiNCiFETQohRE0KIURNCiFETQohxE0ABb7HDQAF+tkNAAY5R40KIUR
234=NCiFETQohRE0KIcRNAAd5bg0KIcRNAAfJgooNAAnhhE0ACeHETQAIihtAyPnVTQAJChVAC
235=UoKQAmJlchNAAnKFUAKOtkNAAp82w0ACoogAAnjjM0ACeFETQotyI0AC4oHQQvKPADJ4UR
236=NCiHETQAMv+ZNAAzKIkBNKTyAgYANAA1qOtpATaJAQFrATcAMXQFaQE4iAEDAgIANAA5Jj
237=sjNAA6JjojNAAnDkQ0ACePMzQAPe33NCiGETQAJ48zNABAKHQEJ4YRNAAntSI0KIYRNAAn
238=tyI0AEUo5QdGKCkARygpAEgoSAQnhRE0KIYRNAAnDkQ0ACeFETQohBHMI6hZJ4URNCiNMz
239=QotyI0AFIoFAMnjTM0nCgj7Uo0KIURNCiFETTFjAFwKqWMA2gBpIyILaWMBXUCW/anNACk
240=jIAEpIyABKSMkAmkjJAJJw9ENABh68c0AGImvS40KIYRNAAnjTM0KIcRNABmKIsMZwCMfE
241=F5EWjz8DQAaSiMByeNMzTEjIwQpYwHeAYnhRE0KIURNCiFETQohRE0KIURNCiGETQAKYQR
242=I/gmZzQ1AA18EqgBJ90RNShlIzUo3RE1KN0RNSjdETUo3RE1KN0RNSjeETUAJ29FNQAXKL
243=UBGCYtJzUo3RE1KN0RNSjdETUo3xE1AB31vTUo3xE1AB8mkCMCNQAgAJJzDAIANSjdETUo
244=3xE1ACN4A6QeJ98RNQAl4+A1ACblYDUo3xE1ACj3hjUAKfGCNSjfETUAK/U5NSjfETUALS
245=hUACftVTUolzQ1ADAmDTk1KJU0NSjdETUo3hE1AHh3BQAAAAYANQA1rIlrATYArSIMI2kB
246=NyQ4I2gBvY4DaQE5iZAFayI6AKhsBWgBJ9wRAjUAPAD59QI992U1AD73/zUAPygpAEAo8A
247=Mn3RE1KGUjNSjdETUoZiM1ACftVTUobUU1KG9FNQBIKFgGJ98RNQBKJsUkNSjfETUATChU
248=ACdnIzUATihUACffETUAUCh9BVEoFQNSKIwHJ98RNQBUKAQBJ5c0NQBWKOUHV/+kNQBYKC
249=kAWSjNBFooKQBbKIEAXCgpAF0ogQBeKCkAXygpAGAoZQJhKEkEYigoACeWNDUAJ90RNSjd
250=ETUo3xE1AGcoXQxo6/M1AGkoQQNq6OgCNQBrAORwDGlDbIkBBGkBbWwCtWVuKJUIb+WiNS
251=jdETUo3hE1ACdlIzUo3RE1JNg4sAkifVMAawE2AAzpDDYoNRI2KBUkNig1EjYoNRI2KDUS
252=Nig3EjYAE/s9NgAU8RQ2KDcSNgAWJms0NgAX97I2ABj1IzYoNRI2KDUSNig1EjYoNRI2KM
253=9GNgAe4JMCNgAfAIprGgIANigXJDYAIShlAiImiy02ACPvUjYAJCi8AicXJDYAJmgJoCUn
254=FyQ2ACgoVQApJh0lNig3EjYAKyhUACcXJDYALfrtNgAnNxI2AC/jOzYAMOdVNgAxKCkAMu
255=1SNig1EjbVkQF4HLx7BQQGADYANgBYbBNpATesn2sBOAA29QI5iQECewY6AKS/jjYAOyZB
256=JDYoFyQ2AD0msyc2AD4oOQI/92U2AEAoVQBB6Vk2KBUkNig1EjYoFyQ2AEUorAAnpVc2KD
257=USNig3EjYASfGCNigXJDYASyhUACcVJDYoFSQ2JIQovDYnNxI2AFDrbzYAUShQBSfNRjYo
258=zEYkNCnIZCc3EjYAVnwovQpXKCgAjC61AlkoiQFa77U2AFsorQBcKCkAXSh9BV4oUQVfKG
259=UCYCisACc3EjYAYqA7aDgnNRI2KDUSNig3EjYAZiYVJDYoNxI2AGjjkzYAaeP2NgBqKHgK
260=tJGQS7WRBXQNJzUSNigVJDYoFSQ2KDUSNig3EjYAcii8AicXJDYAdCgIByk0EiKJZQBnKT
261=cAC/EfNyiNEjcojRI3KI0SNyiNEjcojxI3ABHvfjcAEu9+NwAT+TI3KMUkNyiPEjcAFu8m
262=NwAX4SU3KI0SNyiNEjcojRI3KI0SNyiNEjcojxI3AB4oOQIf5WA3KI8SNwAh4TA3KMYkNw
263=AnpTY3KKY2NwAnjRI3KI0SNyjFJDcojRI3KC1INyiNEjcoLUg3KMYkNwAnN2o3AC7lojco
264=xSQ3KCxIJZQ1sTUyKLAGJ6c2NwA0KFQArJQCBQIANwBweiMfJTcAN7ykAQYANwCtlAFoAa
265=2UA20FOiawSAI3ADsApbuVNwA8JKAlYQQ9pAhpAT4otQE/KCQFJ19ZNwBB/203AEIobAMn
266=XVk3KMckNwBFKFwBJ48SNwBHKAgHAAFIAPwBAAAAAgA3AEkAAAAAAAACEQAAvw0AIAMANw
267=BKAABgAAICADcAS2IBAABoAQJMAPkBAKsBTQD86QFOKIEATygpAFAoKQBRKCkAUigHAVMA
268=9OUIVCiBAFUoKQBWKCkAVygpAFgoKQBZKCsAWgDv8wlbAPjrAVwA9usBXQDw6QFeKOEBXy
269=gFAWAoKwBhAPfvBWIA8usBYwAl6QFkiQEBaSJliQECawFmAIVsCGsBZwCG6wFoAIrpAWko
270=XQFqKAwCA2sA5AAAAIUIbIkBBmUIbXAGqS1uKNkAbyhDA3AA+vkRcSivAHIA9fUCcyhVAH
271=QoKwB1AP3hBHYoVQB36wE4AAooKQALKCkADCgpAA0oKQAOKCkADygpABAoKwARAPO3DTgA
272=EihVABPzNTgAFPQYAjgAFQCNaAQEAgA4ABYAg+kBFygrABgAiPUCGZUuAG0FGokBAWkBG4
273=kBAmkBHGQFeyc4AB0oKQAeKOMBHwDt5RMg8yo4ACH3RDgAIuNcOAAjKAUBJCgpACUoKQAm
274=5zQ4ACcoMQEoKCkAKSiZAyoo2QArKCkALCgpAC0oKQAuKCkALygpADAoKQAx9zk4ADIoVQ
275=AzKCkANCgpADUoKAALNgBJAAAAAQYAOAA3ALB8IGsBOAA4aARpATmIAZEqOud2OAA752s4
276=ADwodQQ9cAapLT4oKQA/41E4AEAoVQBBKFUAQihVAEMoKQBEKEEDRShVAEYoKQBHKAUBSC
277=hUAHgZcGgDADgASgD7YBpwQCfnEjgATCitAE0oKAAn5hI4ACfmEjgAJ+YSOAAn5xI4AFIo
278=2QBTKCgAJ+YSOAAn5xI4AFYoDAIn5xI4AFgolQhZKCUFWueBOABbKF0BXCjhDF0oVQBeKC
279=gAJ+YSOAAn5BICOABhAPHxH2IoXAEn5hI4ACfmEjgAJ+QSAjgAZgCJZAttJmcokQJoKP0K
280=afugOABqZAW4PaWXA3gGpZcHaAEn5xI4AG4ovQ1vKL0NcCgpAHEoGQlyKFwBJ+YSOAAn5x
281=I4AHUogAAn5hI4ACnlEnjjBDkACSgoACc+EzkAJz4TOQAnPhM5ACc+EzkAJz4TOQAnPhM5
282=ACc/EzkAEf8rOQAS6zg5ABP3hjkAFPQuAjkAFQCHdBACAgA5ABb7wTkAFygpABjmwzkAJz
283=4TOQAnPhM5ACc+EzkAJz0TOSg+EzkAJz4TOQAnPxM5ACDzNTkAIWQQczU5ACIoKAAnPxM5
284=ACTmVTkAJz8TOQAm/zY5ACfzNTkAKCgpACkoKQAq90Q5ACsoKQAs4p45ACc/EzkALvZ7OQ
285=AnPhM5ACc/EzkAMSiQAic+EzkAJz4TOQAnPhM5ACc8EwE5ADYAkIUEBgA5ADcAqmRgagE4
286=AJBvagE5AIx2aQE6iQEBaQE7sKZpATyJAQFxNT2komgBJz8TOQA/KGQCJz8TOQBBKFUAQu
287=NnOQBD91o5AEQogQBF46k5AEYogQBHKIAAJz8TOQBJKK0ASihECSc9EzkoPhM5ACc+EzkA
288=Jz0TOSg9EzkoPRM5KD0TOSg8E8wjtEQnPxM5AFUoDQJWKIELVyiNB1goZAInJyY5AFooQA
289=MnPxM5AFwo4QxdKPADJz4TOQAnPRM5KD8TOQBhKDMBYgCRcAF4Mic9EzkoPRM5KD0TOSg/
290=EzkAZyjhAWgo0QppKCkAaiinCmsA4+kMbIkBBHQNJz0TOSg+EzkAJz8TOQBwKB0EcXwHpS
291=lyKGQNJz8TOQB0KFQAJz4TOQAnPRM5KD4TOQApPRN5/AoCOgAIACZgXAICADoACSgpAAoo
292=KQALKCkADCgpAA0oKQAOKCkADygpABAoKQARKCkAEigpABMoKQAUKCkAFSgpABYoKQAXKC
293=sAGAAx/RUZiQEDaRcaiQEGaQEbiQEJaAEnlRM6KJcTOgAe6Tg6KJcTOgAg71I6ACHpODoo
294=lRM6KNcmOgAk/5k6ACX/VzoAJvFAOiiVEzoolhM6ACeXEzoAKiitACsoKQAs5a06KJYTOg
295=An1SY6KJUTOiiWEzoAJ9UmOpSOI+EiOiiVEzoolRM6KJUTOtWcAWElN4CeAgQGADoAJXwl
296=aQE5I6klAmoBOgAjnDRrATsAN3RHaQE8iQECZwg9AKj5Mj7nlzoAPyh1BEAoKQBBKCkAQu
297=5dOgAn1SY6KJUTOpwSwBon1yY6AEf6XjoAJ5UTOiMQKs0FSmgUYWc6KL05OiiVEzoolRM6
298=KJUTOiiXEzoAUJQFkR9RvMhlHlKIAYceUwCu5x5UAK/oASfWJjoAJ785OgBXJvgl3CikEy
299=eXEzoAWihAAyeXEzoAXCgUAyfWJjoAJ5cTOgBfJowzAjoAYACMdAVtMWEoKgBiACWOMzoA
300=J5UTOiiVEzoolxM6AGYmvDkCOgBnAJDxCWgorQtpKIkMaiikCrScmEi1nAVtEG0oEQhuKI
301=ELbyjZAHBgDL0gcSitAHIorQBzKJUIdCiUCCeVEzoolxM6AHcmISA6KJYTOgAplRN69w07
302=AAeMiQEBAgA7zJ+IAayfiAGsn4gBrJ+IAayfiAGsn4gBrJ+IAayfiAGsn4gBrJ+IAayfiA
303=Gsn4gBrJ+IAayfiAGsn4gBrJ+IAayfiAGtnwR0GK2fB2gBrZ8KaAEn7RM7KO8TOwAeKB0E
304=HybnMzsAIChVACH7PTsAIuMwOwAjKCkAJOc0OwAlKCgAJ+0TOyjtEzso7RM7KO0TOyjuEz
305=sAJ+4TOwAn7RM7KO0TOyiFJzso7xM7ADD1ZTuZcQB4SCXwJakBM+dKOwA0Jl8tOwA1/7o7
306=ADYoxAOtnwVsJqyfnCutnwN2AjoAlIkBBgA7AK2fAWgBrJ+BBD0kjChtBT4o+QQ/KHUEQO
307=NnOwBB5mA7ACfHOjsAQyi9AkQovQJFKLwCJ+4TOwAnxTo7KO0TOyjtEzu0FbwgJ4UnO5SZ
308=wCUnhSc7KO8TOwBPiASMG62fA3scUQCyaJtoAayflQJTnC6PJlQApGAEcx9VALHpAVYmsy
309=c7AFcoxAOMyKQTJ+8TOwBa//E7AFsonQlcJlonOwAn7RM7KO8TOwBf+5U7AGAmU0c7AGEo
310=KAAn7RM7KO0TOyjtEzso7RM7KO8TOwBn66Y7AGj7tjsAaSjBCGooVACtnwJwH62fBmkBbS
311=hAAyftEzsohyc7AHAomQNxKJUIciiVCHMozAQnxTo7KMU6OyjtEzsohSc7KO0TOyjuEzsA
312=Ke0Te/cYPAAGmKABAgIAPMSiiAEkNCiIAaSiiAGkoogBpKKIAaSiiAGkoogBpKKIAaSiiA
313=GkoogBpKKIAaSiiAGkoogBpKKIAaSiiAGkoogBpKKIAaSiiAGlogVgGqWiCGgBpaILaQEc
314=8+U8AB3n5DwAHigrAB8AknwjbAUnRhQ8ACdHFDwAIvM1PAAjKCgAJ0UUPChFFDwoNSg8KE
315=UUPChFFDwoRRQ8KEUUPChHFDwALCiJAS3xYTwoNyg8AC/3hjwAMO9HPAAx8EsiDDol61o8
316=ADPmSjwAJ887PAA17cA8KEQUYJsjDE98ICMET2d2PAA5bCOoASIAJgUAAAAGADwAOyNkT4
317=kBPIkBAXkGPft/PAA+KGUCP/n4PCNgKZeRPABB66Y8AELvnzwAQyisACfPOzwARSi8AidG
318=FDwAJ807PChFFDwoRRQ8KEUUPCg1KDyYncwQJ0cUPABOrKJtG08kfDtpAVAkfDtpAVGgt2
319=oBUgAjsFJnHlMArKyfAjwAVACp6AEnNSg8KDcoPABXKMUDWCixBln1vTwozzs8AFvxjTwo
320=Nyg8AF0mvCMCPABeAI9gM20QX+2fPChFFDwoRhQ8ACdFFDwoRRQ8KEUUPChFFDwoRRQ8KE
321=cUPABo65s8AGkosAYn9mE8AKWiA3gRpaIHaAEnzzs8AG4oBAEnzjs8ACcPTzwAcSjkBycP
322=TzwAcyjZAHQooAQnNyg8AHYmTSA8KEUUPChFFDwoRRQ8KEYUPAApRRR8fChjXD0ABSgpAA
323=YoKQAHKCkACCgpAAn3cD0ACvc5PQAL8RQ9KG9QPQANKK0ADiitAA8oKQAQKCkAESgEASev
324=Yz0AE+drPQAU4zA9ABUo2QAWKCkAFygpABgoKQAZKCkAGiiJARsoQQMc4+s9AB3nSj0AHv
325=viPQAfKK0AIChBAyH5lT0onRQ9KJ4UPQAnnRQ9KJ0UPSidFD0onRQ9KJ0UPSidFD0onRQ9
326=KJ0UPSjlKD0o5yg9AC4ooQQv5Uo9KNc8PQAx7Yk9KNc8PQAz/W09KJ0UPSjXPD0ANibYNw
327=I9ADcAoqN9PQA4JgU4PSieFD0AvKQCAQYAPQAiHCSKpj0AfLLIAagPAwECAD0APuOIPQA/
328=KDEBQCgVA0EoFAMn5Sg9KNU8PSjVPD0o1zw9AEbphT0onRQ9KJ0UPSidFD0onRQ9KJ0UPS
329=ifFD0ATSSEPGEaTokBAmsBTwA6ZEJpAVCJAQJgGrykjBsnr2M9AFMmryw9AFTldj0orWM9
330=KJ0UPSifFD0AWChxCVkoKQBaKAUMW/rMPQAn5Sg9KOUoPSjnKD0AXyYlXT0onRQ9KJ0UPS
331=idFD0onRQ9KJ0UPSidFD0onxQ9AGcotQxoJlchPQBpKCkAaiZYPQI9AGsAxGwmYSVsiAGP
332=Jm0AsfUCbogBlQJv/8U9AHD6+D0AJ25QPQAnblA9ACdvUD0AdCjZAHUooQR2KKEEdyj5D3
333=h4DqyfJ9U8PSidFD0onhQ9ACmdFH37Bj4ABOgBDz4ABQAAAAAAAAIAPgAGAAAAABEAALoN
334=ACAIAAACAD4ABwD5AQCrAQgA+OsBCQDt6wEKAPDrAQsA9OoBDACAAAQCAD4ADQDx9QIOKK
335=0ADygFARAoVQARKAUBEoEIAGUIEygpABQoKQAVKF0BFigFARcoKQAYKCkAGSi3ARoA8vsR
336=GwCPeAlrDBwAhusBHQCD6QEeKCsAHwCS9wIgAO/lCCEoXQEiKCkAIygpACQoKQAlKCkAJi
337=gpACcoKQAoKCkAKSgpACooKQArKCkALCgrAC0A+vkRLmgUsTUvKCsAMAD94QQxKFUAMihh
338=BzMooQQ0KDEBNSitADYoKwA3AKbzCTgAqekBOSiDADoARnABBAYAPgA7AFjrATwAOOkBPY
339=kBAXUuPigzAT8ApfMJQACx6QFBcAahGkIoKwBDAPfjBEQA/OkBRSiAAIQQuQZHKFUASCgp
340=AEkoKQBKKCsASwBLcAFpF0yJAQJoAQRNAE8AAAABaQFOegMAAGsBTwA6dAJ3GFAAsu0QUa
341=AEdQJSKCkAUygrAFQA9e0FVShVAFYoQQNXKGEHWChaBlkAJ2UNWijZAFsoKQBcKCkAXSgr
342=AF4A+/UNXyhXAGAAhXABcRRhKIMLYgCI9wJjACX5BmSIAZE1ZYkBAnkGZigFAWcoBQFoKC
343=kAaSgpAGooXwFrAMTtJmyJAQNzCW0AsfUCbogBlQJvKJENcChLBHEA9uUTcih1BHMoYRJ0
344=KHUPdXgZsUB2KCsAdwDz5Qh4KFUAeSgpAHooKQB7KCkAfCgpAH0oKQB+6wE/AAMoKQAEKC
345=kABSgpAAYoKQAHKCkACCgpAAnrQz8ACihVAAsoKAAnTxU/AA0oVQAOKCkADygFARAoVQAR
346=KCgAJ04VPwAnThU/ACdPFT8AFSitABYoKQAXKCkAGCgpABn/rz8AGvtTPwAbKIEAHCgrAB
347=0Ah3ABBAIAPwAeAIrpAR/7Xj8AIO48PwAnThU/ACdOFT8AJ04VPwAnThU/ACdOFT8AJ04V
348=PwAnThU/ACdOFT8AJ04VPwAnThU/ACdOFT8AJ08VPwAt80s/AC7zSz8AL/OjPwAwbBhzSz
349=8AMfurPwAyKFUAMygpADTqTj8AJ08VPwA273M/ADcorACUpLwKJ04VPwCtqgF6JzsAnJwE
350=BgA/ADwAV2AHagE9AIS7aQE+iQECbQU/eAOxCUAoKAAnThU/ACdPFT8AQyiRAkQorACMDa
351=QIJ04VPwAnThU/ACdOFT8AJ04VPwAnThU/AK2qAWUTTLykagFNAJQbaQFOiAGcFX2sALUN
352=UCgMAidOFT8AJ04VPwAnTxU/AFQorAAnTxU/AFYoeQpXKHgKgNKpDFko2AAnThU/ACdPFT
353=8AXOfkPwBdKBEIXiilCl/zzz8AYCiBC2EmKyE/AGIorwtjAC+/jj8AZIkBBGU0ZYkBCGkB
354=ZigFAWcoBQFoKCkAaSgpAGooKQBrJl8iPwBsKCAKBG0AOQEAAAV9Cm6JAQppAW8oSQRwKI
355=ELcSh1BHIoSQRzKCkAdCjZAHUoHQR2KCkAdygxAXgoVQB5KHQEJ04VPwAnThU/ACdOFT8A
356=J04VPwApTRV/7BALQAACAAQBAAACAgBAAAOJAQRpAQSJAQZrAQUABb8rQAAGiAGNBQeIAY
357=0FCIgBjwUJAAftBQqIAY0FC4gBjQUMiAGPBQ0ABu0FDogBjQUPiAGNBRCIAY0FEYkMAHkR
358=EogBjQUTiAGNBRSIAY0FFYgXjQUWiAGNBReIAY0FGIgBjQUZmOKNBRqIAYwFJ6cVQAAc51
359=VAAB3n5EAAHu8xQAAf5TRAKKUVQCilFUAopRVAKKUVQCilFUAopRVAKKUVQCilFUAopRVA
360=KKUVQCilFUAopxVAACz39EAALSiMByf3KkAAL+XZQCilFUCAm5+DQAAy68dAADMoxQM06V
361=lAKKcVQAA26ZtAKKcVQAA4KAUBOeVVQCNQJ8gMpa0BdTk8kK4DBAYAQAA9Jk4rQAClrQN0
362=AiemFUAAJ6YVQAAnpxVAAEIohQZDKJACJ6UVQIAMwA8npRVAKKUVQCilFUAopBUCQABKAE
363=x0Bm4QSwCEpWkBTKSlaAGkrZQYJfQqYRpPKPEDUCj5BFEowQhS6d1AKKcVQABUKNkAVSjN
364=BFYoCAeA0nurQABYKMUDWSisACenFUAAW+LgQAAn9ipAACf3KkAAXigQCCf3KkAAYCi1AW
365=EoKQBiKCgApK2EHqWtBWQepa0JawFmACbpemcoKQBoKCkAaSgpAGooKQBrKCkAbIyqiAyk
366=rZh0pa0LaQxvgQQQaQFwKNkAcSgpAHIoKQBzKCkAdCgpAHUoKQB2KCkAdygpAHgoKQB5KC
367=kAeigpAHsoKQB8KCkAfSgpAH4oKQB/KCkAgOsBQQABiJABAQIAQd2vA2gBva8FaAG9rwdo
368=AbyvjAW8r4wFvK+MBbyvjAW8r4wFvK+MBbyvjAW8r4wFvK+MBbyvjAW8r4wFvK+MBbyvjA
369=W8r4wFvK+MBbyvjAW8r4wFvK+MBbyvjAW8r4wFvK+MBbyvjQUb+u1BACenK0EAHfNWQQAe
370=71JBAB8oKQAg9+lBACH3skEAIigoACelK0Eo/RVBKP0VQSj9FUEo/RVBKP0VQSj9FUEo/R
371=VBKP0VQSj9FUEo/xVBAC7ickEAJ/VAQSj/FUEAMft/QQAyKL0CM/+ZQQA0KJgDJ6crQQA2
372=KMUDN+eMQQA4KNgAIywod4ZBADooiQE76pBBALyvmTI9rKICBgBBAD4m/itBACK5JwAiYD
373=4BQQBAACMQKGEEQYkBAWkBQrDHaQFDiQECcFYn/RVBKP0VQST8QrgRJ6UrQSj/FUEASZCu
374=nAq9rwN8CiPsQK0QTCOJQwB1Ak2IAYxHJ/8VQQBPJnc7QQBQKBwEnLehD1IozQRTKM0EVP
375=zmpBtnvwBBACf9FUGgIqQIJ6YrQQAnpitBACf/FUEAWygNAlzhtEEo/xVBAF4oNAcn/RVB
376=KP4VQQAn/hVBACf+FUEAvK+cK72vBmgtva8KaAG8r4givK+IAbyviAG8r4gBvK+IAbyviA
377=G8r4gMvK+YdL2vDGgMva8RaAG8r5gGvK+IAbyviAG8r4gBvK+IAbyviAG8r4gBvK+IAbyv
378=iAG8r4gBvK+IAbyviAG8r4gBvK+IAbyviAG8r4gBvK+JAYGIsQMBAgBCAALtMUIopkFCAC
379=emQUIAJ6ZBQgAnpkFCACemQUIAJ6dBQgAJKDABJ6dBQgAL/plCACelQUIopkFCACenQUIA
380=DygFARDndkIAESYrIUIAEvF3QiinQUIAFCitABUorQAW9k9CACemQUIAJ6dBQgAZI7FIAH
381=0gGokBAmsBGwAJu/hCAByIAZcCHQDIbBNhBB6IAZcCHwAP7QUgiAGVAiGJAQRtBSKJAQZp
382=ASP9YkIo/RVCKP0VQij9FUIo/RVCKP0VQij9FUIo/RVCKP0VQiinQUIALSgdBC7vqkIAL+
383=9+QgAwKCkAMemFQiimQUIAJ6VBQij/FUIANfK5QgAn9VZCKP0rQpiSgYhCIwA+yQE6/45C
384=ADsoOQI8KDQHvK8DAQYAQgA+YC1gngJCAD8ArnwrdwJAAK3rAUEAq+kBQiRMV2AEva8DaQ
385=FEibEFdC4np0FCAEYoVAAn/BUCQgBIAE18DXkGSSalK0ImpEF1Aksm0CsCQgBMAD1sBX0K
386=TSYbKkIATiglBU/iqUIAJ6dBQgBRKAQMJ6VBQij+K0IAJ/VWQoTLzCYn/RVCKP8VQgBYKA
387=AGJ/0VQij/FUIAWyalIEIo/StCKP0VQij/FUIAXyjhDGAowQhhKFgGJ/0VQt2vA3Afva8H
388=aAG9rwtoAbyvhGC8r4gBvK+IAbyviAG8r4gBvK+IAbyviAy9rwh8Cr2vDWgBva8SaAG8r5
389=gGvK+IAbyviAG8r4gBvK+IAbyviAG8r4gBvK+IAbyviAG8r4gBvK+IAbyviAG8r4gBvK+I
390=AbyviAG8r4gBvK+IAbyviQGCiLEBAgIAQyj9FUMo/RVDKP0VQyj9FUMo92xDAAj/NkMACS
391=gpAArqOEMAJ6VXQyj9FUMo/xVDAA7rWUMAD+tZQwAQJj9KQwARKCkAEigpABMorQAU63pD
392=ABXmYEMAJ6dXQwAX8VZDKP0VQ92vAXAfva8DaAG8r5QCvK+UAryvlAK8r5QCvK+UAryvlA
393=K9rwVxCSIobAMn/StDKP0VQyj9FUMo/RVDKP0VQyj9FUMo/RVDKP0VQyj9FUMo/xVDAC0o
394=HAQn/UFDKP0rQyj8K7yWjX5DKP8VQwAzKOkCNChhBzUoXAEn/xVDADcofAUnpVdDKP0VQy
395=j/QUMAO2iYIi8nQwA8JgdDQwA9JHgqAwYAQwA+ACPYQWkBP4kBAmgBIuQ9IygsAkMAQQCo
396=va9DJqRXYQRDtJRpAUSwm2kBRYkBAWkBRiREVWkBR4gBlQJI865DAEkmI1dDAEq4FG0FS4
397=gBi2RMAKxgDwMCAEMATQAlMm9DACf/K0MATyhAAyf9FUOgDKUeUiigBCelV0OQEcAwI5Av
398=rAUn/BVkGyVmcEMAJ/dsQwBZKJANJ/0rQyilV0Mo/xVDAF3nrUMAXig1B18oOQ1gKCkAYS
399=iMByf/FUMAYyjdBmQoKQBlKCkAZibYeQJDAGcAjHwCYSVoKCkAaSgpAGooKAAnp1dDAGwo
400=dAS9rwlkCL2vDmsBbwCN/QpwKAUBcSgpAHIoKQBz6AEMQwB0AI4AAAAAAgBDAHUAEQAA6Q
401=0AIA2SAAAAAAIAQwB2APcBAAAAawF3APjrAXgA9ukBeSgpAHooKwB7APziBHwAgABlCH0o
402=MQF+KIEAf5wDiwyAAPv5BoEoVQCCKCkAg+sBRAAEKCkABSgpAAYoKQAHKCsACADvvAoCRA
403=AJAPDrAQoA7ekBC+sXRAAM+xxEAA3zFEQADigxAQ8oKwAQAPHlCBEoXwESAPT1AhMorQAU
404=KCkAFSjZABYo4QEXKDkCGChVABkoKQAaKCsAGwD66QwcKF8BHQDpcAECAgBEAB6JAQFpAR
405=9sAms4RAAgKCsAIQD95QgiKFUAIyihBCQoOQIlKCkAJigpACcoKQAoKCkAKSgpACooKQAr
406=KCkALCgrAC0A8u0QLigNAi8oKQAwKCkAMSgpADIoKQAzKCkANCjpAjUoXQE2KIMANwD19Q
407=04KFUAOSgpADr7U0QAOyipBTwoNAcDPQBGAAAAkyo+AD/pAT+JAQNrLUAASngJBAYARABB
408=AKh0DWkBQm4CAABrAUMAJ3ABBAUARABEACbpAUUoVAAERgAFAgAAAGEERyiBAEhkBacISQ
409=BScAFzCUoAO+8QSwCsdA1vEEwAp+kBTSiNB05wBrFATygdBFAoVwBRAPn5BlIo+QRTKIEA
410=VCgpAFUooQRWKKEEVyihBFgorQBZKLUBWihVAFsoKQBcKDEBXShpCF4oKQBfKCkAYCgpAG
411=EoKQBiKA0CYygpAGQoiQxlKLUBZigrAGcAhXABbiZoAICLaQFpKCsAagCI4QRrKJECbCib
412=A20A4+EEbokBBGcIbwCH9QJwKDMBcQCG9QJyKCsAcwCK9QJ0KIkBdSgVA3YoLQZ3ZAWpOH
413=gorQt5KB0EeiitAHsorQB8KF0BfSjpAn4ogQB/KIEAgCgxAYEo+AQn/RVEuBmtEITmCEUA
414=J/4VRQAn/hVFACf/FUUACPNARQAJKNkACvcYRQAL6xdFAAwogQANKCkADvMURQAP5xNFAB
415=AogQARKCkAEigoACf/FUUAFO/LRQAVKIEAFigMAif/FUUAGP8gRQAZKCkAGigpABsoKQAc
416=8MQCRQAdAORkCwICAEUAHokBBGkBH2wCbyZFACAoDQIhKFQAJ/4VRQAn/hVFACf+FUUAJ/
417=4VRQAn/BVshtrXRQAn/hVFACf+FUUAJ/4VRQAn/hVFACf+FUUAJ/4VRQAn/hVFACf/FUUA
418=MPOCRQAx++JFADL7U0UAMygpADTj4EUANSgpADYodQQ3KMQDJ/4VRQAn/xVFADr74kUAO+
419=dVRQA8KNsAPQCurJQCRQA+AK/pAT/0nAJFAEAARXQFBAYARQBBAKZgBGsBQgCx6wFDAAi5
420=q0WM5IatRQBgKMsBRgAkZAgEBQBFAEcAAuwFJ/wVAkUASQA1YAR9CkqJAQJvPEsApGgMaw
421=FMAKnpAU1kBaU/TijlB08oVAAn/xVFAFEoVwBSAPPkCCf+FUUAJ/8VRQBVKNEKVijhDFco
422=BQFYKEkEWShUACf+FUUAJ/8VRQBcKDABJ/4VRQAn/hVFACf+FUUAJ/4VRQAn/xVFAGIoMQ
423=xjKCkAZCgpAGUoxA4n/xVFAGf/pEUAaOaiRQAn/xVFAGrzo0UAayhJBGwoQAO9rwF0Lr2v
424=BWkBbyirBXAAi3QFdQJxYAGtMXIoKQBzKCkAdCgdBHUo6AIn/hVFACf/FUUAeCikCif/FU
425=UAeijQCif/FUUAfCjpAn0otAEn/xVFAH8o4AEn/BUBRQCBACVuJEUAJ/0VRSj+FUUAKfwV
426=nNhtG0Yo/RVGKP8VRgAI4Q9GKP8VRgAK9xhGAAvndkYADOt6RgANKCkADiiBAA/5HEYo/B
427=UCRgARAI1wDAQCAEYAEgCM6wETAJDpARQotQEV74lGABYoXAEn/RVGKP0VRij+FUYAJ/8V
428=RgAbKAwCJ/0rRt2vAWwQva8FaAEn/xVGACDrLUYAIe5SRgAn/RVGKPwVfIAlozBGACUokA
429=In/hVGACf9K0Yo/RVGKP0VRij9FUYo/RVGKPwVAUYALQAloTBGKP0VRij+FUYAJ/4rRgAn
430=/ytGADIoJQUzKAUBNGAtsECElKgBJ/4rRgAn/xVGADj/ukYAOSgdBDooBAEiYCkj2TdGKP
431=8VRgA952tGAD64q30rP7iraAG8r4EwQYixBAQGAEYAQgAjPChrAUMAKHAMBAUARgBEACXp
432=AUW4lWAEbCmLsUYARyiAACf9FUbdrwFsBb2vA2MPSwCqq6ZGAEx0CrAfJ/8VRgBO9nBGAC
433=f+FUYAJ/8VRgBRJoMhRgBSKFAFJ/8VRgBUKIEAVf6DRgAn/hVGACf9FUa8Ha0QWSjMBCf/
434=FUYAWygxAVwoMAEn/RVGKP0VRij9FUYo/RVGKP0VRij+FUYAJ/4VRgAn/xVGAGXuiUYAJ/
435=8VRgBnKKEEaCgpAGnrpkYAaihUACf+FUYAJ/4VRgC9rwJgML2vBmkBbyiRDXAoARFxKM0P
436=cigpAHMoKQB0KBwEJ/8VRgB2KOkNdyilCngoZQJ5KGEHeihVAHsofQV8KF0BfSg5An4o4Q
437=F/KIgBJ/0VRij9FUYo/RVGKP0VRij9FUYkHDG4PSOQL2kBRyj9FUco/RVHKP8VRwAK/xVH
438=AAsoKQAM+ydHAA39Nkco/kFHACf9QUco/xVHABG0EAICAEcAErgUaQETKCkAFPeyRwAVKC
439=kAFuO0RwAXKOABJ/0rRyj/FUcAGig5AhsovAIn/RVH3a8CYA+9rwZoASf9FUco/xVHACH7
440=MkcAIu8xRwAjKIgBIxwmpCmAhakBJu2fRyj/FUcAKOk4Ryj9FUco/xVHACsogQAsKIkBLS
441=gVAy7nokcAL/dERwAwJvUqRyj+FUcAJ/5BRwAn/0FHADQoBQE1KAUBNvFWRyj+FUcAJ/8r
442=RwA5KNUFOigdBDsoKQA8KCkAPeOTRwA+KOgCIiBCjLUCRwBAALJ4oAEGAEcAva8FYzBCAE
443=d0BXQCJ/xBAkcARAAEJHorRwAiWDGSrkcAeNrJAUcogQBIJitCRwBJvJxxCUqwImkBS4gB
444=hT9MKB0ETSgdBE4ouQdPKFUAUChtA1EobAMjgEO4PSf/FUcAVCihBFUoNQdWKNgAJ/0VRy
445=j/FUcAWf6DRwAn/xVHAFsoGAkn/hVHACf9FUco/RVHKP0VRyj9FUco/RVHKP0VRyj9FUco
446=/xVHAGUo8QNmKPEDZyhoCCf/FUcAaazhfDYn/xVHAGsovQJsKEwKva8DbAW9rwdpAW8orQ
447=BwKHQEJ/4rRwAn/itHACf+K0cAJ/8rRwB1KNkAdmRHrTF3JhI/RwAn/xVHAHkoWAYn/1dH
448=AHsoxAMn/hVHACf/QUcAfihdAX8oKQCAKOkCgSgMAif9K0e0mbgRJ/0rR6SftAIn/RVIKN
449=EVSCjTFUgACvtTSAAL909IAAz9FUgo0RVIKNEVSCjQFQJIABAAj2QWAgIASAARoBJoASfS
450=FUgAJ9MVSAAUKIEAFSgpABYmY0lIABfnHkgAGPVaSCjRFUgo0itIACfSV0gAJ9IVSAAk0U
451=EDbBCxrgdpAR8omQMgKG0DIe2fSCjTK0gAI+lkSCTwO2UpSCTwJagBI6BSqQEnKKwAIyQn
452=tQIpKBUDKv82SAAreCShBCwogQAt/VdIKNMrSAAv8UtIKNErSJCKi5tIADImHSVIKNIVSA
453=An0ytIADXjUUgANiglBTf/bUgAOCgpADkokAIn0StIIzRV1A0n00FIAD0oFQM+KCgAJ9MV
454=SABAKFUAQSgoALCuBQEGAEgAQwAJp61IAESgtAIFAEgARSIgWSKkVwJIAEYAB+AEhLW3Ak
455=gAA/UCSSTgQ3EJSiTgQ2gBsa4DaQFMiSUFZT9NKB0ETigdBE8o5Acn0StIKNFBSCRUWbA1
456=J9MVSABUKFkGVShtA1YoKQBXKJ0JWCg5DVkofAUn0hVIACfRQUgo0UFIKNEVSCjRFUgo0R
457=VIKNEVSCjRFUgo0RVIKNEVSCjRFUgo0xVIAGYoBQxnKB8EaAAMcOVtJmmJAQJpAWqJAQRp
458=AWuJAQZrAWwAC+8FbQDKeB91Am6IAZsGbwCy9QJwiAGVAnEodQRyKNgLJ9MVSAB0KH0FdX
459=wHoDAn0RVIKNFBSCjTFUgAeSg5DXoojQd7KCkAfCgABifSQUgAJ9IVSAAn0xVIAIAo4AEn
460=0W1IKNErSLyWpBMn0RVIKNEVSSh5FUkoTStJKE8rSQAM/xVJAA3zFEkADuNGSQAP9SNJKE
461=8rSQARJodISQASJodISQATKCkAFCgpABUoKQAWKCsAFwCOdBsDAgBJABgAJVNzSQAZKDkC
462=Gig5AhsoKQAcKDgCAh0AOQEAIlNmSQAeiQEKcAknTytJACAoMQEhKAQBJ08rSQAj7TFJKH
463=kVSSh5FUkkbCV/K0kAJygxASgoDQIpbBihBCooKAAnexVJACwoVAAnTStJKHkVSShNQUko
464=eRVJjIaDnkkAMuFRSSh7FUkANCYYNSLUUyWuQkkAJ09BSQA3KL0COOVrSShOV0kAJ3kVSS
465=h5FUkoTUFJKHkVSShOK0kAJ3kVSSh4FQFJAEEAIxhrAgYASQBCrJdoASdPQUkARHAkdqdJ
466=ACLUXCMiK0kAJ01BSSIgLK6qSQDE3AIFAEkASbgncQlKJttuSQBLJJgudQJMiQEBZT9NKK
467=AEkBFmDkkAJ01tSShPQUkAUezWJdBurAUneRVJKE9XSQBVKKwAJ3gVJawtuAYjDEWoASdN
468=V0koTStJKHkVSSh5FUkoeRVJKHkVSSh5FUn4qwsCAEkAYQDtAQAAAAIASREAANcNACANAG
469=IA7QEAAAACAEkAYwDtAckBZCgpAGUoKQBmKCsAZwDy7AUEaAAMAQAAAWUIaYkBA2kBaokB
470=BWkBa4kBB2sBbAAL7AUBbQDKANkGbogBmwZvALL1AnCIAZcCcQDFYBNnCHIABOEPc4kBAn
471=UCdIkBBGkBdYkBBmsBdgAF7QV3iAGNBXiIAY0FeYgBjwV6AAbtBXuIAY0FfIgBjQV9iAGP
472=BX4AB+0Ff4gBjQWAiAGNBYGIAY0FgogMnSuDiAGNBYSIAQUEAgBKAAoAJrMJSgALKCkADC
473=gpAA0oKQAOKCkADygpABAoKQARKCkAEigpABMoKQAUKCkAFSgpABYoKQAXKCkAGCgpABko
474=KQAaKCkAGygrABwAOaM7SgAdiQEGbRseiQELaQEfiQEQaQEgKNkAISgpACIoKQAjKCkAJC
475=grACUALuElJogBmScniQEIfgooAIAAawEpAP3tBSqRAgB1AisoKQAsKCkALSgrAC4A+/kG
476=LyhVADAoMQExKFUAMigpADMoKwA0APPlCDUoVQA2KCkANygpADgorQA5KFUAOigpADsoKQ
477=A8KCkAPSgpAD4oKQA/KCsAQABMdGUEBgBKAEEAUXwCaQFCYgEAAGsBQwBScAFqAUQAgAdp
478=AUWJAQJrAUYAQOEER4gBlwJIAFj3AkkArHgcbwVKAKnrAUsAV+METABT6QFNiQEBbgVOAJ
479=QmaQFPiQEBezJQAPlkCGkBUfmKSqgUY5NKAFMoAQZUdAq3AlUA9fkGVihXAFcA9/cCWAD6
480=6QFZKIEAWigpAFsorQBc65tKAF0oKQBeKCkAXygpAGAoKQBhKCkAYigpAGMoKQBkKCgAJy
481=IVSgAnIxVKAGcogQBoKL0CaSiRAmookQJrKIEAbCiBAG0oKQBuKK0AbyitAHCUp4gtoakD
482=aC2gqZQCoKmUAqGpBWAEoakHaAGgqYwFoKmMBaCpjAWgqYwFoKmMBaCpjAWgqYwFoKmMBa
483=CpjAWgqYwFoKmMBaCpjAWgqYwFoKkBAwIAS8mmAWgBqKaIAaimiAGopogBqKaIAaimiAGo
484=pogBqKaIAaimiAGopogBqKaIAaimiAGopogBqKaIAaimiAGopogBqKaIAammAmgXqaYHaA
485=GppgxoAammEWgBqKaYBqimiAGopogBqKaIAaimiAGopogBqaYFcAmppgloASfLFEsAKftI
486=SwAq+qBLACfKFEsAJ8sUSwAt53ZLAC7mdksAJ8sUSwAwKDABJ8sUSwAyKNsAMwD2rHMCSw
487=A0APToASfLFEsANuhZAksANwD44QQ4KKwAJ8oUSwAnyhRLACfKFEsAJ8oUSwAnyhRLACfL
488=FEsAP5ykAgEGAEsAqaYDaQFBqBdpAUK4CWkBQ4gBkDWoppAqqKaAUaimlAKoppcCSABFeA
489=lnCEkAqnQYaQFKbAJrsUsASygrAEwAruMETQCx6gFOAITGeQZPiAGPEFAAsGAEaThR+aBL
490=KMkUS4iucMABAEsAVCg1B1W0DXgGJ8gUcbbv8wlYAPDrAVkA/OgBJ8gUAUsAWwAnrAAnyR
491=RLKMoUSwAnyhRLACfKFEsAJ8oUSwAnyRRLKO0pSyjuKUsAJ8oUSwAnyRRLKMkUSyjLFEsA
492=aPenSwBpKJUIaihVAGsoKQBsKMkJbSitAG4ogQBvKCkAcCitAHHjqUsAcij5BHMoKQB0KF
493=ULdSjNBHYogQB3KCkAeCgpAHkoWQZ6KFUAeygpAHwoKQB9KCkAfigpAH8oKQCAKCkAgSgp
494=AILqAUwAsKMCAgIATACwo4gBsKOIAbCjiAGwo4gBsKOIAbCjiAGwo4gBsKOIAbCjiAGwo4
495=gBsKOIAbCjiAGwo4gBsKOIAbCjiAGxowN8FbGjCGgBsaMNaAGxoxJoAbCjmAawo4gBsKOI
496=AbCjiAGwo4gBsKOIAbGjBnAJsaMKaQEo4ztMACn/QUwAKutkTAArKFUALPZETAAnPylMAC
497=73ZUwAL+tOTAAwKCkAMeFGTCM4JId2TAAzJmMoTAA0KAkHNSg5Ajb5oEyIgtkGOCisACdx
498=FEwocRRMiJjMBSdzFEwAPbCQAgYATAA+iQECaQE/JuUoTCMBKAB7lUwAQayMYASxowFhJU
499=MkNChpAUSkl2gBhJ8iqyZMAEbvXUwARyiQArCjhQhJnaQEfAoi0CrWDUsAcLGaEUwAI/wq
500=YQRNJhoqTACxowF0ArCjg0ZQAKanl0wAUSg4AiPIK7kRUyglBVT610wAJ3IUTAAncxRMAF
501=coLAYj9CukCCc+KUwAJ3AUAkwAWwDx4A8ncRRMKHEUTChxFEwocRRMKHEUTChxFEwocRRM
502=KHEUTChxFEwocRRMKHEUTChzFEwAaChsAyc/KUwAaihMCidzFEwAbCisACc/KUwAbiisAC
503=dzFEwAcP+kTABxKDEMcigxDHMoVQt0KLkHdSgoACdzFEwAdygtBngoBQF5KF0Beii1DHso
504=gQB8KLwNJ3MUTAB+KDEBfygMAidyFEwAJ3MUTQAN+xFNAA4oKQAPKCkAECgpABEmMyJNAB
505=LvEE0AE+cTTQAU+BECTQAVAI9gBwQCAE0AFgCM6QEXKCkAGCgpABkoKQAaKCkAGygrABwA
506=kuQIuaAJfAq5oA5pAR8otwEgAI7tBSEoBQEiKCkAIygrACQAkOwFuaADcAm5oAdoAbmgC2
507=gBJ48oTQAp8mFNACdbPU0AK/dETQAs60NNAC0odQQu+ZVNKI0oTSiOKE0AJ40oTSgbFE0A
508=M/tpTQA09jlNACeOKE0AJ1k9TSgaFE0AJxoUTQAnGRRNKBkUTSgZFE0ojShN2KAFAQYATQ
509=A+ALJ8eGkBP+OeTQBA65BNAEEkRCl1I0Ik1CZpAUMkJDxpAUR0K2uFTQBF71JNAEYodQRH
510=KBkJSCjsCLmgBWQIuaABaAG4oIQ0uKCUAmQLn6RNAE4m3z1NAE+sKWkXUIkBAmQIIxBAuR
511=FSrBt0AiOEPrUCVCipBVUoZQJWKCkAVygIBycbFE0AWf26TSgbFE0AWyjxA1woaAgnWT1N
512=KBkUTSgZFE0oGRRNKBkUTSgZFE0oGRRNKBkUTSgZFE0oGxRNAGfjiE0AaCjoAicbFE0Aai
513=jFA2sorQBsKIQGJ48oTQBuKIEAbygpAHAoXQFxKMUDciY6Lk0AJ44oTQAnGxRNAHUoLRF2
514=KOQHJ48oTQB4KJENeShcASePKE0AeyhRBXwovQJ9KDABJ44oTQAnjihNACcZFE4owhNOAC
515=fCE04AJ8MTTgAR9yNOABL7HE4AE/sRTgAU7xBOABXgDwJOABYAhWgEBAIATgAXAIPpARgo
516=KQAZKCkAGigrABsAiO0FHGABbFICTgAdAOhwAXEJHokBAmkBH/snTgAgKOEBISjhASIoXQ
517=EjKCkAJCiLASUAJXR7cQkmiQEBaQEniAGJDCgoiQEp+z1OACr/mU4AK/cuTgAs/eZOKN8n
518=TgAuYBe0GCdRPE4owxNOADEoiQEyKBQDJx1RTijdJ04owxNOADb8bSTgIyMtJ04owRNOKM
519=ETTijBE04owBMCTgA8AE9sEwIGAE4APYkBAmkBPqAHaQE/iAGcIKCelCMiHCbVDUImM05O
520=AENoCbgcJ8ETTiMkJ80FRiiVCEcoJQVIKCkASf+6TgBKJhMpTgBLJtUmTiOEPtAJoJ6YEb
521=EMBH0VTyY2KE4AoZ4DdQJRjZ8FYDsn3SdOKFI8TgAnH1FOAFUokQJWKKwLIyRTrBsnwxNO
522=AFn1e04owRNOKMITTgAnwRNOKN0nTijBE04owRNOKMETTijBE04owRNOKMETTijBE04owx
523=NOAGYo9QlnKC0GaCgoACfDE04AaihVAGsoKQBs8I0CTgBtAI18Am0mbianIE4AbygpAHAm
524=0iBOACfBE04oUTxOKMMTTgB0KIELdSi1DHYovAInwRNOKMITTgAnwxNOAHr/5k4AeyjBCH
525=woKQB9KLAGJ8ETTijBE08oaRNPKGsTTwARcBxjO08AEigoACdrE08AFO+fTwAV/BUCTwAW
526=AId3BQIATyhqE08AJ2gTAk8AGQCG4QQaKCsAGwCK9AInaRNPyZsBcAmpmwNpAR8o4QEgKO
527=EBISjgASdqE08AJ2oTTwAnahNPACdqE08AJ2oTTwAnaxNPACj5PU8ovU9PKC8nTwArKA0C
528=LP0rTyhrE08ALvl/TygtJ08oaBMi/CElhEgihF8lknBPACdpE08oahNPACdLO08ANijEAy
529=PAS6Q0Jy0nT5iShYFPKGgTAk8AOwBNfysGAE/JmwFpAT0m1iZPAKibiS0/JtJMTwAjeGOo
530=DCdpE08kfCe0AidrE08ARCjEAydLO08ARuWBTyhLO08ASHARpQhJKCkASiToT2w8JbxPaA
531=EikGbAGowYuAapmwViBE8AI6BQYRpQJocnTwBRJIgsdQJSiAGNG1MobAMnahNPACeJZE8o
532=STtPqAm1DVgobAMnSTtPKGoTTwAnimRPACdJO08oaRNPKGkTTyhpE08oaRNPKGkTTyhpE0
533=8oaRNPKGkTTyhpE08oLydPAGfyxE8AJ2oTTwAnaRNPKGoTTwAnaxNPAGwohQZtKA0Nbiht
534=Dm8oKQBwKCkAcSYbNU8Acib3NU8Ac/eRTwB065BPAHUoKQB2KCkAdyanIE8AeCgMDSdqE0
535=8AJy4nTwAnvk9PACe+T08AJ0o7TwAnaRNQKBETUCgRE1AoERNQKH8mUAAU909QABXsfgAC
536=UAAWAAAAAAAAAgBQABcAhwAAAAARAADUDQAgCAIAUAAYAIoAAAAAaAEBGQD3AcsBGgD66Q
537=EbeAOjBBwA/fcCHQDpfAJ5Bh6JAQFpAR9sAq8FIADx7wUhAPzrASIAh2gEbwUjAIPrASQA
538=iOsBJQAl7QUmiAGdCieJAQJ7BigA9eEEKXAGtQ0qKGUCKyhVACwoKwAtAPv5Bi4oVQAvKC
539=kAMCgpADEo6wIyAPD7BjMA+OkBNCh1BDUo2wA2APPhBDcoVQA4KCkAOSgrADoATGQtBAYA
540=UAA7AFF8AmsBPAA66QE9iAGHHj4Arv8KPwCp6QFAZAWzH0EA+fUCQiipBUMogQBEKCkARS
541=gpAEYoKQBHKCkASCgpAEkoUQVKKFUASygoAGwYeBgBAFAATShVAE4oKgBPAJAMbxtQAFh8
542=AmsBUQA26QFSiAGbHFMApvcYVACv6QFVZAW5HFYoCQdXKFQAlAqhBFkoVQBaKCsAWwDv8w
543=lcAO3pAV0oKQBeKCkAXygpAGAoKQBhKCkAYigpAGMoKQBkKCkAZSgrAGYA8vUNZyg5Amgo
544=KQBpKCkAaigrAGsAjXABb11sAJDrAW0AMvEJbokBA2EEb4kBBmkBcIkBCWsBcQAm7QVyKC
545=kAcygpAHQoKQB1KCkAdigpAHcoKQB4KCkAeSgpAHooKQB7KCkAfCgpAH3rAVEAEWwYZzRR
546=ABIoKQATKCkAFCgpABXobwJRABYA9rcYUQAXKCkAGCgpABnrLVEAGvt0UQAb73NRABwoXw
547=EdAMRwAQICAFEAHokBAmsBHwCx9QIgiAGVAiFsAr0VIigrACMAhXABeAYnuhJRACe6ElEA
548=J7oSUQAnuBICUQAoAJH5Bin7aVEAKmwCqAwnuxJRACz8eAJRAC0A9PAfJ7sSUQAv5mBRAC
549=e7ElEAMSgxATIoKQAzKCkANOdgUQA1KPkENvpTUQAnuhJRACe7ElEAOYyUAgEGAFEAuZUD
550=awE7AFJkC2gBuZUBayI9ALD9FT54A60bPygpAEAo8QNBKFUAQigpAEPzz1EARCgIBye5El
551=GkibwKJ7sSUQBIKF0BSSgxAUooJQVL5aJRmBmZlVEouhJRACe6ElEAuJWCGlAAmAl4HLiV
552=nCC5lQNlHlMotwFUAKrwHye7ElEAVijVBVco1QVYKGwDJ7oSUQAnuhJRACe6ElEAJ7oSUQ
553=AnuhJRACe7ElEAXyjZC2AoKAAnuhJRACe6ElEAJ7oSUQAnuhJRACe7ElEAZijICSe6ElEA
554=J7oSUQAnuhJRACe7ElEAa+f6UQBsJiohUQC4lYQpuZUEbCa5lQdoAbmVCmgBuJWMBbiViA
555=G4lYgBuJWIAbiViAG4lYgBuJWIAbiViAG4lYgBuJWIAbiViAG4lQEBAgBSKGISUgAnYhJS
556=ACdjElIAFfs9UgAW75RSABf3LlIAGCgpABnnKVIAGijZABv/QVIAHO5SUgCgk4wQoZMDeB
557=Ggk5QCoJOVAiH6f1IAJ2ISUgAnYhJSACdhElIoYRJSKGESUihjElIAKP+ZUgAp+cxSKGIS
558=UgAnYhJSACcfJVIALShBAy7zbFIALyjxAzAobAMnYxJSADIorAAnHyVSADQo2QA18LlobC
559=XPJVIAN/VlUihgEgFSADkAm4IGAFIjkyQAAABpATuoBGkBPIgBmyc9AKivc1IAPuqFUgAn
560=YhJSACcfJVIAQeuQUgBCJrMnUgBDKJECROmmUqQQdZFSKGMSUgBHKIQGJx0lUqSJrAUnHi
561=VSACcfJVIATCjhAU0oxAMnYxJSAE8oXAGhkwF4HNS1aAG8I4QeJ2MSUgBUKLEGVSgBBlYo
562=qQVXKG0DWChsAydhElIoYxJSAFso2AsnYRJSKGMSUgBeKNkLX/feUgBgKA0CYSgFAWIo4A
563=EnYxJSAGQoVQBlKDEBZigEASdhElIoYRJSKGESUihjElIAayjZAGwo+AShkwJwbKGTBWgB
564=oZMIaAGhkwtoAaCTjAWgk4gBoJOIAaCTiAGgk4gBoJOIAaCTiAGgk4gBoJOIAaCTiAGgkw
565=ECAgBTKAkSUygJElMoCxJTABbvG1MAFygpABgoKQAZKCgAJwsSUwAbJoUyUyhvJFMAHfcj
566=UwAeKNsAHwDjcAF5ESCJAQRpASHzmFMAIudVUwAj78BTACTtwFMoCRJTKAkSUygJElMoCx
567=JTACkmMDgCUwAqAIzhDysoKQAs7ZRTKAoSUwAnbiRTACcpN1MobSRTKG4kUwAnbiRTACdv
568=JFMANGwNb3NTADUmZTlTI1AyI6cgUwA3KM0EOCaRI1PJkAFpIjqMgQUEBgBTADsAPXgJdQ
569=I8JtM2UwA9JtI2UwAnbSRTKAkSUygLElMAQSgMAiduJFMAJys3UwBEKDgCkKCoFyOUNakB
570=RyiAACcLElMASeeMUwBK65tTAEsoKQBM629TAE3/g1MATibjIlMAT/yDAVMAUACYmGYeUQ
571=AjKDZoAdiNaQFThY8BaQFUqDBpAVWIAYFcViiYA5wHqRdY/4NTAFkoZQJa48pTAFt0K60F
572=XCghCl3rhVMAXibvNFMAXyhFCWAoGQlhKBkJYigxAWMozQRkKFUAZSgoACcKElMAJwkSUy
573=gJElMoCRJTKAkSUygLElMAbCiJAW0jMUMAdURuiAGZSG+IAZUjcCgVA3Eo6QJyKCkAcygV
574=A3QoYQd1KLEGdihtDncoFQN4KCkAeSgpAHrpAVQosRFUKLERVCizEVQAF/YNVAAnIzZUAB
575=n1DVQoviNUACe/I1QAHOcTVAAd/0xUAB7iO1QAsI0CAQIAVACxjQVoASezEVQAIu9SVAAj
576=KDEBJCjgASchNlQosRFUKLERVCixEVQosxFUACr3RFQAKygpACzxmFQosRFUKLERVCizEV
577=QAMChJBDEoOAInsxFUADMogAAn3khUACffSFQANuvzVAA361lUADgmOEQCVAA5ALEkDiNU
578=ALCNlyM7ALL1AjwoCQc9KLUBPu9oVAA/KKgFJ74jVAAnIzZUAEIoDQJDKNgAJ70jVIycha
579=JUKL4jVAAnshFUACezEVQASfV7VKCFZXZUKL0jVCgjNlQATf94VABOKI0HTygdBFC8DQIG
580=AFQAUbCmaAEkCScCaQFTJmNJVABUoLR0ArGNA2kBVpyOjSZXoARwSyfeSFQAJ70jVCi/I1
581=QAWyglBVwoOQJdKKkFXiYFLVQosBECVABgAIZoBGkMYSgYCSezEVQAY/ecVABkKKkFZSiE
582=BiexEVQosRFUKLERVCixEVQosRFUKLMRVABsKAAGJ7IRVAAnshFUACezEVQAcCgVA3EoBQ
583=xyKCkAcyZzVlQAdCixBnUosQZ2KHQEJ7IRVAAnshFUACexEVUoWRFVKFsRVQAX6yJVABj/
584=ClUAGeXOVShZEVUoWxFVABwogQAdbC59TFUoDSNV2IoBAgIAVdmKBmkBISi1ASL3kVUAIy
585=jhASQoXAEnWRFVKFkRVShZEVUoWRFVKFkRVShbEVUAK/NAVQAsJqElVShbEVUALv9MVQAv
586=65tVADAoOQIxKCkAMiiBADMoVQA04TBVKFkRVSgNI1UofUdVI2A0nnhVACc5WlUmGDV1Iz
587=soJAUnWxFVAD3lSlUoDSNVuHG0LidbEVUAQSaeNVUAJw0jVSgPI1UARCgwAScNI1W4fLAJ
588=J1kRVShZEVUoGTVVKFkRVShbEVUATPOYVQBNKGEHTih1BE8obAO5igFkHriKiAG5igN0Ai
589=LMJCNmOVUAJXxHAQYAVQDYKmkBVoQskUtXJpE5VayRtBgnWxFVAFooZQJbKDkCXCg7Al0A
590=j3ABYg9eAMOIVQBfKO0IYCiVCGEoEQhi585VAGN8B6APJw4jVQAnDiNVACdZEVUoWRFVKF
591=kRVShZEVUoWRFVKFsRVQBsJlY3VQAnWRFVKFkRVShZEVUoWhFVACdaEVUAJ1sRVQBzKGwD
592=J1sRVQB1KOkNdihAAydZEVUoWRFWKAERVigTNFYAGPV7VigBEVYoARFWKAERVigCEVYAJw
593=ERVigBEVbAiAEDAgBWwYgHaAEngVhWKB9GVgAjKOEBJO08VigRNFYoARFWKAERVigDEVYA
594=Kec/VgAq9yNWACvnP1YALO9+VgAt80BWAC4oVQAvoD5xFDCIAYsXMQB7bCl1AjKJAQJpAT
595=PpLVYoETRWKAAReFslW2lWADfj1VYAOCjhATkoVQA6+tdWACcCEVYAJwERViRgNHlTVigB
596=EVYoAhFWACeBWFYoXSJWKAMRVgBD9qdWACc/a1YARShUACcTNFYAR+PVVgBI6WRWKAERVi
597=gDEVYASygEASc9a1Yog1hWAE5wJ6gXJx9GVgBQJikhViT8bqEEUu6fVgCgiAMBBgBWAFSo
598=DGgBoIiUAmYsAACFNFcmsCcCVgBYAK0kWydWAFkmGWxWKF0iVigSNFYAJwIRVgAnXyJWAF
599=4owQhfKLAGJz5rVgAngVhWKINYVgBjKK0AZCgpAGUo+AQnARFWKAMRVgBoJrMyVgBpJocy
600=VgBqKCkAaygpAGwmKSFWKAERVigBEVYoARFWKAMRVgBxKF0McihdDHMomQN0971WAHUo6A
601=0nAhFWACcBEVcoqhBXACe/RFcAGenSVyirEFcAG+t6VwAc6wxXAB31I1coCDMCVwAfAOR8
602=RAICAFcAIIkBBGgBJ6kQVyirEFcAI+8mVwAkJik3VyipEFcoqRBXKKgQAlcAKACJ6Qwp8x
603=9XACokfCV1DSuJAQJqASwAI8gpaQEtiAEAAgICAFcALgBkAAAAAAIAVwAvAGUAEQAA1A0A
604=IAAEAAABAgBXADAAZQAAAAQCAFcAMQB7ANUCMokBA3QCBDMA8gEAAABqATQAgABrATUA/f
605=UCNpACgQQ3KCsAOADz4QQ5KFUAOigrADsA++EEPChVAD0oKwA+APnjBD8A/OkBQCiBAEEo
606=KQBCKCsAQwDv7wVEAPbrAUUA8OkBRihXAEcA7fUCSCiBAEkotQFKKF0BSyhdAUwogQBNKI
607=EATii9Ak8ozwRQAKbrDFEAsekBUijaAFMAkAwCBgBXAFSsJmsBVQBXaARrAVYAMegBbzQA
608=AAJhMFhsArsyWQCo/QpaKFUAWyiFBlwoVwBdAPftBV4o8wNfAHloBH0KYIgBiwxhAGP1Am
609=KIAZcCYwBm9QJkiAGVRGUoMQFmKH8FZwD69w1oAIf7BmkAhusBagCD6QFrKCsAbACI9wJt
610=ACXlCG6JAQFxFG+IAZsRcACL7QVxKAMGcgD4+wZzAPTpAXRkBa0mdSgpAHbrAVgAGCgpAB
611=koKQAaKCkAGygpABwoKQAdvDYCAgBYAB4oVwAfAOS7aVgAIIkBBWEEIfMUWAAi9CMCWAAj
612=AIVgB2EEJPMfWAAlmRwAdQImiQEBaQEniQECaQEo8x9YACn7U1gAKog4jQUriQEDbwUsAG
613=L5ES2IAZcCLgBk9QIvhIGcCrCCnxUxAGrlEzKIAYEEM/s9WAA0KBUDNWQFfytYADb2e1gA
614=J1MQWAA4KJECOfdEWAA6KCkAO+JnWAAnUhBYACdTEFgAPiiJAT8oKAAnUhBYACdTEFgAQi
615=ipBUP3e1gARCiJAUUoBwFGAPG3RFgARyiBAEgogQBJKCkASihdAUsorQBMKIAAJ1MQWABO
616=KFcATwD16QxQKFUAUSgpAFIozgRTAIwTAgYAWABUuAZrAVUArmQIaQFWrIloAbGCA2kBWI
617=iFnzZZAKpsBWQ/J1MQWABbKLQBJ1MQWABdKPADJ1IQWACwgphIsIKARrCClAKwgpQCsIKU
618=ArGCBGEPZZTInVdmiAGNR2cozQRoKDkCaSgpAGooMAwnUhBYACdSEFgAJ1IQWAAnUhBYAC
619=dTEFgAcO+fWABxKF0BcigpAHMoKAAnUhBYACdSEFkAJ/oPWQAn+g9ZACf6D1kAJ/sPWQAd
620=pzQCAFko+g9ZALl/AnQCuX8GaQEh4w9ZACL1hlko+g9ZACf5D1ko+g9ZACf6D1kAJ/sPWQ
621=Ao87lZACnjclkAKrQ8dQ0riAGPECwAOr9BWQAtiAGXAi4ARfUCL5UCAHkGMIgBgAS5fwF0
622=Arl/A2gBJ/sPWQA09jlZACf7D1kANuN9WQA393tZADgokQI5KCkAOigoACf5D1ko+w9ZAD
623=3/bVkAPvKNWQAn+w9ZAEAoHQRB6vNZACdPIFkAQyjVBUQoZQJFKK0ARiiBAEfzYVkASCiA
624=ACf5D1m49XecWQBLKAgHJ/sPWQBN/XhZKPsPWQBPKIgBJ/oPWQAn+w9ZAFIoGAm4f5UuVI
625=SBAwQGAFkAVbCbaQFWiQECaQFXqCUEAgBZAFgAsPU5WSi0ASf7D1kAWyihBFwobQNdKK0A
626=Xih2BF8AjAh9CmCIAZ1BYYhDlURiiAGUArh/iAG5fwV4Brh/lBi4f41HZyi5B2goNAcn+w
627=9ZAGompyBZAGsmpSBZKPkPWSj5D1ko+Q9ZKPsPWQBwKEADJ/oPWQAn+g9ZACf6D1kAJ/kP
628=WiihD1oooQ9aKKMPWgAd/QpaKKEPWsB9AQMCAFrd/AdoASefH1oAIutkWgAj7BsCWgAkAI
629=p4CWwFJ50fWiihD1ooow9aACjtUloooQ9awX0BZAigfYwQoH2UAqB9lwIuAEaqQ1oAoH2A
630=BKB9gwQxAG75ETKJAQJ9CjOJAQRoASehD1oooQ9aKKMPWgA34TtaKKMPWgA55u9aACejD1
631=oAOyZRJlq0V3lpWiifH1oAPuNRWgA/Ji8nWgBAKNgAJ50fWiijD1oAQ+uFWgBEKKwAjOmo
632=DCejD1oAR3wdtAInnx9aAEnpx1ooow9aAEvuc1oAJ6MPWgBNKFQAJ58fWgBPKAQBJ6EPWi
633=iiD1oAJ/MvWgBTKAwCoX0FaC2gfYQ0oH2FNFe0/2MEWACp9DmQdLUYWvd7WgBbKPADJ54f
634=WgAn8y9aAF4osAagfZQNoH2UDaB9lAKgfZcCYwA74Q9kiAGXRGUAbHwYZRNmiAGYBiejD1
635=oAaCgEDCehD1ojNCkjZzlaAGt8B7UYbCZNK1oooQ9aKKEPWiihD1ooog9aACeiD1oAJ6EP
636=WiihD1soSQ9bKEkPWyhJD1soSA8CWwAfAOVgEgICAFsAIIkBBGgBJ+0eWyjvHlsAI2QFax
637=dbACQoKAAnSQ9bKEkPWyhLD1sAKCisACfoLgFbACoAkLF1DSuJAQJpASyIAY8QLQBCoDAC
638=WwAuAD3pAS+IAY8FMABD9AKpegFkCKl6A2gBqXoFaQE080BbADX39FsANihVADfzd1sAOO
639=ZKWwAnPz9bADrj4FsAOyhAAyfpLlsoSw9bAD71ZVso7h5bACfpLluI2p1BWyhJD1so7x5b
640=AEQoiAEnSg9bACdJD1soSg9bACdKD1sAJ+0eWyhLD1sASygxAUzi9lsAJ+kuWyjtHlso7h
641=5bACdJD1soSw9bAFL/jlsAU/PaWwBU53ZbAFUkvC51LlYo4AEjjD+tR1goDAInSw9bAFoo
642=zAQn6i5bACdLD1sAXfykAlsAXgBeZAtpDF+IAZ1BYIgBjUdhKO0IYiiUCKh6lESoepVEZY
643=G/AHEJZogBkQlniAGQCSdKD1sAJ0sPWwBqKBQDJ0sPWwBsKFQAJ+kuWyhJD1soSQ9bKEkP
644=WyhJD1soSQ9cKPEOXCjxDlwo8Q5c0HcBAQIAXNF3BWgBJ/EOXCjxDlwo8w5cACTxFFwo4S
645=1cKPEOXCjxDlwo8Q5cKN09XNB3gA+xdwNgD7B3jRAt9S5c0HeMBbB3jwUwAESzd1wAMfM1
646=XAAyjaoAcQkziAGYBifzDlwANed2XAA2+XRcKN89XAA4YEN/TFwAOfPEXAA6KKwAJ/MOXA
647=A8KBwEJ909XCjdPVwo8Q5cKPEOXCjzDlwAQiiJAUP7ilwARP1iXCNEK4F9XCjzDlwARyjZ
648=AEgo2QBJKNgAI5xMtRhLKK0ATO3LXCjzDlwATigUAyfhLVwo8Q5cKPEOXCg/HlwAU/+ZXA
649=BUKM0EVfd7XABWKGUCVygpAFgoDAIn8g5cACfhLVwjGDbEHifxDlwo8Q5c0HeAO7B3nEGw
650=d49HYQA86UNiiQECfUFjKEUJZCjACLB3kAmwd5AJsHeQCSfxDlwo8w5cAGrviVwAayhtA2
651=wobAMn8Q5cKPEOXCjxDlwo8Q5cKPEOXSiZDl0omQ5d2HQBAgIAXdl0BmgBJ5sOXQAi+xFd
652=ACP7EV0AJPkRXSiZDl0omQ5dKJsOXQAo/TZdKNssXQAq92VdACuoqWEPLIkBAWkBLSNlIw
653=BpAS6IAZAUJNgslAIk2CyXAjEAbXxEbQUyiAGVAjOJAQR0AiebDl0ANSjoAifPXF0ANyiR
654=AjgmpytdADnuc10AJ81cXSiPHV0APOXDXSiPHV0APv5iXQAnzVxdKJsOXQBBKIEAQigdBE
655=MoKQBEKCkARSjUBSfOXF0AJ89cXQBIKK0ASSgpAEoo2QBLKFUATCgpAE0ogQBOKFUATyhV
656=AFAoKQBRKCkAUih1BFMoJAUnmw5dAFVkMX+DXQBWKO0IVyYPI10AWCgpAFkm+TtdKJkOXS
657=ibDl0AXChZBl0okQJetAVhO1+IAZk9YOpvXQC4dJhIuXQDbQVjKIEAZCPUPJlIZYgBhQhm
658=JDAsbQVniAGVAmgo4QFpKB0EaihVAGsoKAAnmQ5dKNksXSiZDl0omQ5dKJkOXihBDl7Acg
659=EDAgBewXIHaAEnQQ5eKEMOXgAj4Q9eKEEOXihBDl4oQQ5eKEEOXijfHF4AKSZJO14oQw5e
660=ACuRKgBhDyyJAQJoAaFyAWgBoHKQFKBylAKgcpQCoHKUAqBylAKhcgVkCCdBDl4o3xxeAD
661=b9QV4o3RxeKN0cXijRK14oQQ5eKEEOXigfO14APfNsXgA+5VVeKN8cXgBA80teAEHuUl4A
662=J0IOXgAnQg5eACdDDl4ARSjVBUYoKAAnQQ5eKEIOXgAnQw5eAEoorAAnQg5eACdDDl4ATS
663=iAACdDDl4ATyhVAFAoKQBRKEADJx87XgBT9ZFeKN8cXgBVKB0EVv2ZXiRga3p0XgAnEWte
664=I4RJhOTIbKAEJ9ArAl4AXACRfHtoOCfQKyLIK3TsmD2gcpk9YIRrmEgkHDuZSGKQuZQCJN
665=ArlAKgcoQIoHKECKBylAKgcpQCJ0MOXgBpKN0GaigoACdCDl4AJ0EOXihBDl4oQQ5eKEAO
666=Al8AHwDmrxtfACCIAQIEAgBfACfpDV8o6Q1fKOkNXyjpDV8o6Q1fKOkNXyjrDV8AKCZDJF
667=8AKWwNfytfACr9pF/JbwFgD6lvA2sBLQB2dAVpAS6IAZUCLyRgPXUCMIkBAmsBMQB97QUy
668=iAGUAievWF8ANOMlXwA1/kFfACctHF8o6Q1fKOkNXyjpDV8o6w1fADvzS18APPOjXwA951
669=VfAD4oKQA/JhEpXygtHF8oyypfAEIoHAQn6Q1fKOkNXyjqDV8AJ+kNXygtHF8o6Q1fKOkN
670=XyjqDV8AJ+kNXyjpDV8o6g1fACfpDV8o6g1fACfqDV8AJ+kNXyjJKl8oC0lfAFQoSQRVKH
671=wFJrw5DABfAFcAAAAAAAACAF8AWBEAAJENACAIAAAAAAAAAgBfAFkoKQBaKCsAWwCNcAFj
672=BFwAiOgBA10A7wEAAJsGXgBc9QJfiQEBbAUDYAA6AQAAiQFhiQEDdwJiADv1AmOIAZcCZA
673=B25QhliAGXAmYAfvUCZ4kBAmcIaADy4Q9peAOtEGooKwBrAPHjBGwA9OsBbQAl6QFuiAEJ
674=AQIAYAAgAOYAAAAFaQEh5whgACLkCAJgACMA7bsGYAAk4w9gACWFCAB5BiaIAZEJJ4kBAn
675=cCKADz+QYpKF0BKuwmAmAAKwB/fAJtBSyIAZkGLZAfkQkuiQEEYAQBLwBzAIcpYAAwiQED
676=dwIxAH31AjKIAZUCMyiRAjRgDHcjYAA1KCkANvQ5AmAANwCMfAJxCTgoKwA5AJD1AjpgAa
677=UIOyhJBDwoSQQ9KCkAPigpAD8oKwBAAPz9IEEoMQFCKB0EQyitAEQoKQBFKCkARigpAEco
678=KQBIKCkASSgpAEooKQBLKCkATCgpAE0oKQBOKCkATygpAFAoKQBRKCkAUigVA1MoFwNUAP
679=XtG1UoVwBWAPf3AlcA+OkBWCgHAVkAj3QFdy5aAI7rAVsAg+gBJ5INYAAnkA0CYABeAIDh
680=BF+IAYNGYABy9QJhiAGXAmIAcfUCY4gBlAKwbJBLsGyQS7BslAKwbJhIJ5INYAAnkg1gAC
681=eTDWAAa2AMqUNsKCgAJ5INYQAnOw1hACLjBGEAI/tIYQAk7XNhKDoNYQAnOg1hACc6DWEA
682=JzoNYQAnOg1hACc5DWHYaQIBAgBhALlpA2gBuWkCaAG5aQVpAS/jO2EAMCgrADEA8LM1YQ
683=AyKFQAJzoNYQAnOQ1hKDgNAmEANgCFdBt9CjfrOGEAOCgpADnqpmEAJzsNYQA7cAZ7J2EA
684=PChJBD0oDQI+KCkAP+t6YQBAKNsAQQD5/RVCKLwCJzoNYQAnOg1hACc6DWEAJzoNYQAnOg
685=1hACc6DWEAJzoNYQAnOg1hACc6DWEAJzoNYQAnOg1hACc6DWEAJzoNYQAnOw1hAFEouQdS
686=KBcDUwD79RhUKFUAVe9oYQBWKPEDVyiBAFgoKQBZKK8AWgD68wlbAIdoBHgyJzsNYQBdKK
687=gFuGmARrhpgEa4aZQCuGmUArhplAK4aZQCuGmQS7hpkUtmKC0GZygJB2go8AMnOQ1hKDkN
688=YSg6DWEAJzkNYijjDGIAI3gZY0ZiACQoKAAnHRpiKOEMYijhDGIo4QxiKOEMYijjDGIAK/
689=MUYgAsKCkALfcYYgAuKCkALyiBADDjGmIAMSg5AjL+umIAJ+EMYijjDGIANfPPYgA26mRi
690=ACfhDGIo4wxiADkogQA699NiADv302IAPCjhAT0oKQA+KCkAP/o9YgAnHhpiACceGmIAJx
691=4aYgAn4QxiKOEMYijhDGIo4QxiKOEMYijhDGIo4QxiKOEMYijhDGIo4QxiKOEMYijhDGIo
692=4wxiAFD7XmIAUShBA1LvfmIAUygvBlQA9rteYgBVKLEGViiBAFf+YmIAJ+MMYgBZKLEGWi
693=g1B1sotQFc65tiAF0oAQZeKCkAXygpAGAoWQZhKNUFYig5AmMoOQJkKFUAZShVAGYoxQNn
694=KA0CaCgoACfhDGIo4QxiKOEMYyiJDGMoiQxjKG0ZYyiJDGMoiwxjACj/FWMAKeP2YwAq6y
695=JjACvvEGMALCgpAC0o2QAuKK0ALyiBADAoKQAx/zZjADLnHmMAMygpADQmeyBjADXklwJj
696=ADYAhmwIAgIAYwA3KCkAOCgpADkoKQA6KCkAOygrADwAkuUIPSgNAj4otQE/eAN5imMobR
697=ljKIsMYwBCKJgDJ4kMYyiJDGMoiQxjKIkMYyiJDGMoiQxjKIkMYyiJDGMoiQxjKIkMYyiJ
698=DGMoiQxjKIkMYyhvGWMAUeJcYwAnbhljACerJmMAVO9dYwBVKLEGVijxA1cogQBYKBEIWS
699=isACc+NGMAJ4sMYwBcKLEGXfuVYwBeKCkAXygpAGAoKQBh92VjAGImEyljAGMoOQJkKFUA
700=ZShVAGYoLQZnKAgHJ4kMYyipJmMoiAwCZAAkACa8gwJkACUAJ+kBJogBAwMCAGQAJ4kBBm
701=kBKCitACkoKQAqKCkAKygpACwoKQAtKCkALigpAC8oKQAwKCkAMSgpADIoKQAzKCkANCgp
702=ADUoKQA2KCkANygpADgoKQA5KCkAOigpADsoKQA8KCkAPSgpAD4oKwA/AC71I0CJAQRpIk
703=GJAQhpAULvMWQAQ+0xZCgxDGQoMQxkKDEMZCgxDGQoMQxkKDEMZCgxDGQoMQxkKDEMZCgx
704=DGQoMQxkKDEMZCgzDGQAUeGpZCgzDGQAUyabJGQAVCiAACfeMmQAJzMMZABX9U9kKL0YZC
705=hyQGQAJzMMZABbJgEnZCPkPyNHQGQAXf9iZABe9pFkACczDGQAYChVAGEoKQBi+ZVkKDMM
706=ZABkKNcFZQD95TRmKFQAJ74YZAAnMQxkKDEMZdheAgECAGUAuV4EaAG5XgdoAbhegAS4Xo
707=gBuF6IAbheiAG4XogBuF6IAbheiAG4XogBuF6IAbheiAG4XogBuF6IAbheiAG4XogBuF6I
708=AbheiAG4XogBuF6IAbheiAG4XogBuF6IAbheiAG4XogBuF6IAbleBWgiuV4JaQFCJtcmZQ
709=BD55dlAETppmUo2QtlKNkLZSjZC2Uo2QtlKNkLZSjZC2Uo2QtlKNkLZSjZC2Uo2QtlKNkL
710=ZSjbC2UAUffpZQBS5bhlKJskZQBU8rllACfbC2UAVuZKZQAnfTFlKNkLZSjZC2Uo2wtlAF
711=so8QNc67FlAF3vUmUAXigrAF8Ai3ABZSlgYAF77WUAYSgpAGIoKAAnDxhlAGTma2UAJw4Y
712=ZQAn2gtlACfZC2Uo2QtmwFwBBQIAZt26CGgBoVwCaAGgXIgBoFyIAaBciAGgXIgBoFyIAa
713=BciAGgXIgBoFyIAaBciAGgXIgBoFyIAaBciAGgXIgBoFyIAaBciAGgXIgBoFyIAaBciAGg
714=XIgBoFyIAaBciAGgXIgBoFyIAaFcBnwgoVwKaQFCJqcrZgBDJrs+ZgBE67xmAEXzS2YARi
715=goACcBPWYogQtmKIELZiiBC2YogQtmKIELZiiBC2YogQtmKIELZigdMGYoHTBmKF0XZiiS
716=I2YAJwM9ZgBV7UdmKF0XZiiDC2YAWOt6ZgBZJhcvZgBa93tmAFvtwGYoXxdmAF33yGYAXi
717=bXMWYAXyb6JWYAJ4ELZiiCC2YAJ4MLZgBjJhsqZgBk4XJmKIELZiiBC2YogQtnKL8uZwAo
718=9WVnKEs7ZwAqKFUAK/EfZyi/LmcALeN9ZwAuKK0AL+MaZwAw4xpnADEoKQAy74lnADPhfW
719=coSztnADUoXQE2KF0BNyhdATj3I2cAOfYuZwAnSztnADvjMGcAPCgpAD0oKQA++jJnAKhZ
720=AgMCAGcAqVkHaAGpWQtoAScpC2coKwtnAEQoZQJFKCkARigpAEfvXWcASONcZwBJKCgAJy
721=1IZygpC2coKQtnKCkLZygpC2coKQtnKK8WZwBRKHwFJ2hVAmcAUwCRYBJ0GCcrC2cAVShl
722=AlYoAgZXACUTVWcAWCb/IGcAWSgpAFooKQBbJpdVZwBcJoEhZygvSGcAXiiZA18oKQBgKO
723=UHYSjgAScpC2coiSJnKIkiZygpC2coKQtoKNEKaCjRCmgo0wpoACv9bWgo0wpoAC1gIn3F
724=aCjTCmgAL/HPaCgDU2gAMftpaAAyKNkAMygoACcBU2goA1NoADbnVWgANyZjPmgAOCaPKG
725=gAOSYuJ2gAJ5I5aAAnkzloADwmYzNoAD0oKQA+46loAD8jXGQDAAIAaABAiQEBaQFBiQEC
726=aAEn0wpoAEMoBQFE+15oAEXybGgAJ9AKBmgARwDeAAAAA2UISIkBBmkBSYkBCWkBSu9HaA
727=BL4TtoKNMKaABNKFUATigoACcBU2go0QpoKF8taABS/3hoAFMovQJUKL8CVQAyJJ8qaABW
728=iAGRFFeIAZEUWIgBkRRZJgMyaABaKCkAWygpAFwoKQBdKCkAXigpAF8oKQBgKCkAYSgpAG
729=IoKQBjKCkAZCgpAGXpAWkoeQppKHkKaSgNRGkoewppAC3zuWkALup6aQAnf11pADD5SGko
730=m1BpADLitGkAJ3kKaShNFWkoewppADbtXWkoewppADjnVWkAOft0aQA65a1pKH9daQA88f
731=tpKHoKaQAneQppKHkKaSh6CmkAJ3oKaQAneQppKHgKAmkARACKbGsBAgBpACdPFWkARpVP
732=AXQCuVMEaAG5UwdoAblTCmkBSnwHd3tpAEsoKQBMJutwaQBNKFUATigpAE/3WmkAUPFWaS
733=h/XWkAUuV2aSh7CmkAVOJyaQC4U5AUuFOQFLhTkBS4U5AUuFOMBbhTiAG4U4gBuFOIAbhT
734=iAG4U4gBuFOIAbhTiAG4U4gBuFOIAbhTiAG4UwEBAgBqKCEKaighCmooIQpqKJ8UagAu4U
735=ZqKCEKaighCmooIgpqACe9WmoocR9qKCEKaigjCmoANvUuaighCmoonxRqADnnNGoAOigN
736=AjvvUmoAPPkyaighCmooIQpqKCEKaighCmooIQpqKCMKagBD909qAET4aQJqAEUAvnQQbC
737=ahUQJoAaFRBWgBAAJIAAAAAAAAAgBqAEkAAAAAAAACABEAAMUNACAMagBKAPsBAAAAAgBq
738=AEsAgABrAUwA7/cCTQD26wFOAPrpAU+IBZkGUCgpAFEoKQBSKCsAUwCFcAF/ClQAiOgBBF
739=UAMgEAAAJ1AlaJAQVpAVeJAQhpAViJAQtrAVkAJu0FWigpAFsoKQBcKCkAXSgpAF4oKQBf
740=KCkAYCgpAGEoKQBiKCkAY+sBawArdBV3I2sALCgpAC0oKwAuAPGoIgJrAC8A7esBMAD06Q
741=ExKK8AMgD19QIzKFcANAD39QI1/ytrADYogQA37zFrADgoiQE5+zJrADooVQA7KCsAPAD8
742=/Qo94DACawA+AIpkCwQCAGsAPwAl4QRAiQEBdQJBiQECawFCAIvtBUMokwJEAPL4BgNFAL
743=4AAACZBkaJAQN5BkdwBq0mSCjZAEkovwJKAPDlCEsoVQBMKFUATSgVA04oJAUnyglrACfK
744=CWsAJ8oJawAnyAkCawBTAId0EHkRVCjFA1WNGwB1AlaIAYkXV4gBhx5YAI37BlkAjOkBWi
745=gpAFsoKQBcKCsAXQCS7wVeAPvtG19sAr0gYCgpAGEoKQBi6QFsKHIJbAAncwlsAC4ogQAv
746=70dsADAoVQAx9w1sADIoVQAz9y5sADTzKmwANfMqbAA29y5sADcoVQA4KK0AOSgoACdzCW
747=wAO+8xbAA8KLUBPfdEbAA+KFQACT8ANgEAAAQCAGwAQIkBCGkBQYkBDGsBQgD5oyVsAEMo
748=tQFEKIsBRQDpeAltBUaJAQFpAUco2QBIKNkASSjZAEpwBnQuAmwASwDz6QxMKFUATShVAE
749=4oVQBPKCQFJ3EJbChxCWwocwlsAFMo2QBUKCgAJ3IJbAAncglsACdzCWwAWPRwAmwAWQCD
750=YAdhGlooKwBbAIb1AlzzVmwAXSg1B14omAMncglsACdyCWwAJ3EJbSgZCW0oGwltAC9gDH
751=UjbSgbCW0AMfCYAm0AMgD4ryZtADPjfW0ANCjZADX3kW0ANuMwbQA3KK0AOCitADkoKQA6
752=/1dtADsoVwA8ALhwAQICAG0APYkBAmkBPpVEAWgBuUgFaAG5SAloAblIDWkBQo0FEWsBQw
753=AJ6RdEiAGTCUUAyukMRogBlwJHALL1AkiIAZUCSWwCtSNK/0xtAEvrZG0ATOJnbQAnjxJt
754=AE4ozQRP5TRtKI0SbSgZCW0oGQltKBgJAm0AVACRaA90GCcZCW0oGQltKBkJbSgZCW0oGw
755=ltAFrj620AW+NGbQBcKGUCXShlAl5sDbgcJxkJbSgZCW4owQhuKMEIbijCCG4AJ1Ebbijf
756=EW4AM+tDbgA04yVuADXpQ24oUxtuADf+QW4AJ8AIAm4AOQD9qzhuADrwFApuADsA1wAAAA
757=MCAG4AoUYBaAGgRpQCoUYCdAKhRgZoAaFGCmgBoUYOaAGhRhJoAaBGkAmgRpAJoEaUAqBG
758=lAKgRpQCoEaUAgFJAPQAlpxuACffEW4ASygdBEzvR24ATSgcBCfeEW4AJ1AbAm4AUACPbB
759=5lE1Hvy24AUigpAFMoKAAnHiVuACfBCG4owQhuKMEIbijDCG4AWeeMbgBa54xuAFvnom4A
760=XGQQa0NuAF0oKAAnwghuACfBCG8oaQhvKGkIbyhpCG8oawhvADPljG8oSxpvADXtUm8oaw
761=hvADfjD28AOP5BbwAnLxFvADqcQQEBAgBvyUMEaQE8lQIHaQE9KAQBJ0oabwCoQ4AEqUML
762=bAWpQw9pAUL3cG8AQygFAUQoDQJFKFUARihUACe/I28ASJxBhBOpQwV9CkqVAglpAUsoHA
763=QnaQhvKC8RbwBO42dvAE8mNShvKC8RbwBRJmcjbwBS68dvAFMoKAAnaQhvKGkIbyhpCG8o
764=awhvAFjv928AWeOebwBa94ZvAFsohAYnaQhvKGoIbwAnaAgCcAAwAAqwdwJwADEABekBMo
765=gBAwICAHAAM4kBBGkBNIkBBmsBNQAE7QU2iAGNBTeIAY0FOIgBjwU5ALNoMHgGsECMBb2D
766=BXQCJ18icAA9+6BwAD4mKSxwKNIrcAAn0itwACfQKwJwAEIAiegMJxMIcABEbAJ/YnAARS
767=anIHAARihVAEcotQFIKLQBsECIF7FACnEUS51BDmkBTP1BcCgTCHAATuPrcABP44hwAFD9
768=QXAoQxlwAFImVSFwKBIIcAAnEQhwKBEIcCgRCHAoEwhwAFjrWXAAWShBA1ooKQBbKCgAJx
769=EIcCgRCHHYPQIBAgBxALk9A2gBuT0FaAG5PQdoAbg9jAW4PYwFuD2MBbg9jAW4PY0FOoQ/
770=jAUn/SBxKBsqcQA98ZhxKBkqcSi5B3EouQdxKLsHcQBC+CcCcQBDAJBgHXEURPc5cQBF7z
771=FxAEb/YnEAR/O5cQBIcAZqQ3EAJ/4gcQC5PQtwCbk9D2sBTAC/Iqw9aAEnGipxACc7GHEA
772=T+vHcQBQKIgBJ40zcSi5B3EouQdxKLkHcSi5B3EouQdxKLsHcQBYKLwCJ7oHcQAnugdxAC
773=e5B3EoORhyKDIXcgAn8TpyKGMocgA1/QpyKDEXcigxF3IonR9yKDEXciifH3IAO+Vrcihj
774=B3IAPesicgA+5WByKGEHcihhB3IoYQdyKGMHcgBDJm8kcgBE9kRyACcxF3IoHw9yAEcotQ
775=FI67FyAEkoKQBK93tyAEuUOQIBAgByAKE7A2kBTel6cigxF3IoHQ9yKGIHcgAnYwdyAFL/
776=unIAU/b0cgAn8TpyKGEHcihhB3IoYQdyKGEHcigdD3IoYQdyKGEHcygJB3MoCQdzKAkHcy
777=gJB3MoCQdzKAkHcygLB3MAOvVlcyiJOHMoCQdzKAsHcwA+9VpzKAkHcygJB3MoCQdzKAkH
778=cygLB3MARP8rcwBF/UFzKAkHcygLB3MASPencwBJKOABJ6gmAnMASwDjeFYCAgBzAEyJAQ
779=RpAU1sAmh6AXMATgAlIUxzKAsHcwBQ84JzAFHzgnMAUigpAFPjRnMAVCiQAiepJnMoCQdz
780=KAkHcygJB3MoCQdzKAkHdCixBnQosQZ0KLEGdCizBnQAOPoydAAns0h0ADr9IHQoIzZ0AD
781=worQA97SZ0KLEGdCixBnQosQZ0KLEGdCizBnQAQyYwIgF0AEQAJWdEdABF5yl0AEb3I3QA
782=Ryi0ASeyBnQAJz0/dChdLXTQNQEBAgB00TUFaAEnsQZ0KLIGdAAnITZ0KPEkdCi9DXQoIz
783=Z0AFMoZQJUKHQEJ7EGdCixBnQosQZ0KLEGdCixBnUoWQZ1KFkGdShbBnUAOP5XdQAnmUV1
784=KA9PdQA79yN1ADz+THUAJ1kGdShZBnUoWQZ1KFkGdShZBnUoWQZ1KA4NdQAnfxt1AEXjMH
785=UARigpAEco4QFI6SJ1KH0bdShZBnXYMgECAgB12TIGaQFN5kp1ACcNT3UouzN1AFD1vXUo
786=WwZ1AFIo2QBTKDgCJ1kGdSgZFHUoWQZ1KFkGdShZBnYoAQZ2KAEGdigRE3YoExN2ADrzQH
787=YAO+UedigRE3YoERN2KAEGdigBBnYoAQZ2KAMGdgBC/7p2AEMmyzV2AEQotAEnAwZ2AEYo
788=4AEnUzF2AEjt1nYoAQZ2KAEGdsAwAQMCAHbBMAdpAU0mhT12KIMhdgBP/St2KBETdigTE3
789=YAUuc/dgBTKCkAVCYdMHYoAQZ2KAEGdigBBncoqQV3KKkFdyirBXcAOuVgdyi9GHcoqQV3
790=KKsFdwA+4Q93KKkFdyipBXcoqwV3AEL6tncAJ79adwBE+Uh3KC8ndwBG7xt3AEf6tncAJ0
791=tRdwBJ/fx3KKgFAncASwDkcAwCAgB3AEyJAQRoAScJEncoqwV3AE/9NncoCRJ3KK0LdygJ
792=EncoLkh3ACdJUXcoqQV3KKkFeChRBXgoUQV4KB0leChdF3goUwV4AD39QXgogSx4KFEFeC
793=hRBXgoUQV4KFMFeABD8lZ4ACcRYHgoHSV4KBIeeAAn/Qp4KIEseCj9CngoUQV40CoBAQIA
794=eNEqBWgBJwEReCiBTXgoEx54AFDlNHgoUwV4AFImHzt4AFMogAAnUQV4KFEFeSj5BHko+Q
795=R5KPkEeSj6BHkAJ01BeSj5BHko+QR5KPkEeSj5BHko+wR5AEP5XnkoTwp5AEXxFHko+gR5
796=ACc6OXkAJxkqeShNCnko+QR52CcBAgIAedknBmgBJ/kPeShNCnkoTQp5KE8KeQBR6bF5KE
797=0KeShNCnkoTQp6KKEEeiihBHoooQR6KKEEeiihBHoooQR6KKIEegAn3T16KKEEeijzRXoA
798=RPFWeiifCXoARvKYegAnohp6ACehGnoonQl6KKEEesAlAQMCAHrBJQdoASfzDnoATu1Hei
799=j9IHooowR6AFEoOAInsWl6KKEEeyhJBHsoSQR7KEkEeyhJBHsoSQR7KEkEeyhJBHsoSwR7
800=AEMmjT57KCtCewBF/RV7KOkYeyjrDXsASP0VeyhJBHsoSAQCewBLAOW/mXsATIgBAgQCAH
801=sAJ0kEeyjtCHso7R57KEkEeyjpDXso7Qh8KPEDfCjxA3wo8QN8KPEDfCjxA3wo8QN8KPED
802=fCg9CHwo8QN8KD8IfABG+Rx8KPEDfCjdEXwo8QN8KPEDfNAfAQECAHzRHwVoASfxA3wo8Q
803=N8KPEDfCjxA3wo8QN9KJkDfSiZA30omQN9KJkDfSiZA30omQN9KJoDfQAnzVF9KJkDfSh9
804=EH0omQN9KJkDfSiZA30omQN92BwABAICAH0ATADlAAAABgIAfQBNAAAAAAARAADHAQYEBA
805=ACAH0ATgCAAAICAH0AT4QBlQJQ6wF+AD4oKAAJPwAlAQAAAAIAfgBAiQEBaQFBiQECaQFC
806=KK0AQygpAEQoKQBFKCkARigpAEcoKQBIKCkASSgpAEooKAAESwDlAAAAA3UNTIkBB2kBTS
807=iAACdBA34oQgN/ACfpAn8o6gJ/ACfqAn8AJ+oCfwAn6gJ/ACfqAn8AJ+oCfwAn6gJ/ACfq
808=An8AJ+oCfwAn6gJ/ACfoAgJ/AEsA5ngUAgIAfwBMiQEEaAEn6gJ/ACfpAoAokQKAKJECgC
809=iRAoAokQKAKJECgCiRAoAokQKAKJECgCiRAoAokQKAKJECgNAUAQECAIDRFAVoASeRAoEo
810=OQKBKDkCgSg5AoEoOQKBKDkCgSg5AoEoOQKBKDkCgSg5AoEoOQKB2BEBAgIAgdgRAQYCAI
811=Io4QGCKOEBgijhAYIo4QGCKOEBgijhAYIo4QGCKOEBgijhAYLADwEDAgCDKIkBgyiJAYMo
812=iQGDKIkBgyiJAYMoiQGDKIkBgyiJAYQoMQGEKDEBhCgxAYQoMQGEKDEBhCgxAYUo2QCFKN
813=kAhSjZAIUo2QCG4AQOAgCGAEcAAAAAAAACAAAAAAARAAA=

[Terrain]
98075=TIBTRE02
63039=TIBTRE02
38064=TIBTRE02
74099=TIBTRE02
41042=TREE23
34049=TREE23
36041=TREE23
33045=TREE23
44041=TREE23
40039=TREE23
41048=TREE23
38050=TREE23
39049=TREE22
43043=TREE22
38041=TREE21
34041=TREE21
32047=TREE21
36051=TREE21
42046=TREE21
30052=TREE21
29047=TREE21
24056=TREE21
22057=TREE21
22055=TREE21
31060=TREE21
28061=TREE21
30062=TREE21
18071=TREE21
23073=TREE21
19073=TREE21
27078=TREE21
24077=TREE21
36077=TREE21
33077=TREE21
35079=TREE21
36082=TREE21
41083=TREE21
40086=TREE21
41085=TREE21
43085=TREE21
36088=TREE21
36089=TREE21
59099=TREE21
56099=TREE21
56097=TREE21
54098=TREE21
62103=TREE21
58103=TREE21
61104=TREE21
62107=TREE21
66102=TREE21
68104=TREE21
66105=TREE21
66112=TREE21
67114=TREE21
66116=TREE21
68116=TREE21
84111=TREE21
83113=TREE21
84104=TREE21
88103=TREE21
91102=TREE21
88107=TREE21
90107=TREE21
89110=TREE21
92095=TREE21
96098=TREE21
98087=TREE21
104092=TREE21
100098=TREE21
102087=TREE21
97083=TREE21
108088=TREE21
106089=TREE21
108080=TREE21
110079=TREE21
115083=TREE21
114079=TREE21
106067=TREE21
103067=TREE21
105069=TREE21
102058=TREE21
103054=TREE21
106063=TREE21
98058=TREE21
96060=TREE21
98062=TREE21
115067=TREE21
112068=TREE21
98049=TREE21
98051=TREE21
84041=TREE21
80041=TREE21
82043=TREE21
75041=TREE21
72032=TREE21
68034=TREE21
71034=TREE21
76034=TREE21
79037=TREE21
77037=TREE21
89037=TREE21
86036=TREE21
85037=TREE21
76024=TREE21
76027=TREE21
78026=TREE21
79024=TREE21
72018=TREE21
72020=TREE21
70019=TREE21
54023=TREE21
56025=TREE21
53026=TREE21
55027=TREE21
55035=TREE21
52036=TREE21
49032=TREE21
49030=TREE21
47032=TREE21
54025=TREE22
70035=TREE22
77024=TREE22
97060=TREE22
103063=TREE22
112085=TREE22
105087=TREE22
103090=TREE22
93094=TREE22
89103=TREE22
62105=TREE22
51092=TREE22
43083=TREE22
26079=TREE22
20072=TREE22
24054=TREE22
30053=TREE22
47086=TREE21
51089=TREE21
48096=TREE21
42093=TREE21
42089=TREE23
51095=TREE23
52089=TREE23
48085=TREE23
45087=TREE23
42096=TREE23
45098=TREE23
36080=TREE23
35077=TREE23
25077=TREE23
23079=TREE23
28077=TREE23
22073=TREE23
21071=TREE23
19071=TREE23
28048=TREE23
31052=TREE23
30061=TREE23
24057=TREE23
22056=TREE23
23054=TREE23
57097=TREE23
57099=TREE23
54097=TREE23
59103=TREE23
60105=TREE23
66103=TREE23
67105=TREE23
66115=TREE23
67118=TREE23
81111=TREE23
84113=TREE23
90102=TREE23
92107=TREE23
90109=TREE23
92097=TREE23
94089=TREE23
104093=TREE23
103097=TREE23
99086=TREE23
95085=TREE23
95083=TREE23
94100=TREE23
97100=TREE23
108090=TREE23
107080=TREE23
113083=TREE23
113085=TREE23
111079=TREE23
112078=TREE23
116067=TREE23
113067=TREE23
104067=TREE23
106068=TREE23
105063=TREE23
102060=TREE23
104061=TREE23
102052=TREE23
104053=TREE23
97050=TREE23
98060=TREE23
96059=TREE23
88037=TREE23
84036=TREE23
82041=TREE23
82045=TREE23
77041=TREE23
69032=TREE23
69036=TREE23
72038=TREE23
76035=TREE23
78037=TREE23
71021=TREE23
70018=TREE23
76025=TREE23
77027=TREE23
79026=TREE23
56027=TREE23
55023=TREE23
53024=TREE23
48031=TREE23
54036=TREE23
52038=TREE23


[Structures]
1021898=Neutral,CAOILD,256,77,42,0,None,0,0,1,0,0,None,None,None,0,0
1021903=Neutral,CAOILD,256,96,61,0,None,0,0,1,0,0,None,None,None,0,0
1021908=Neutral,CAOILD,256,43,76,0,None,0,0,1,0,0,None,None,None,0,0
1021913=Neutral,CAOILD,256,62,95,0,None,0,0,1,0,0,None,None,None,0,0
1021918=Neutral,CAAIRP,256,68,23,0,None,0,0,1,0,0,None,None,None,0,0
1021923=Neutral,CAAIRP,256,114,69,0,None,0,0,1,0,0,None,None,None,0,0
1021928=Neutral,CAAIRP,256,24,67,0,None,0,0,1,0,0,None,None,None,0,0
1021933=Neutral,CAAIRP,256,70,113,0,None,0,0,1,0,0,None,None,None,0,0
1021938=Neutral,CATHOSP,256,81,105,0,None,1,0,1,0,0,None,None,None,0,0
1021943=Neutral,CATHOSP,256,105,81,0,None,1,0,1,0,0,None,None,None,0,0
1021948=Neutral,CATHOSP,256,54,28,0,None,1,0,1,0,0,None,None,None,0,0
1021953=Neutral,CATHOSP,256,29,53,0,None,1,0,1,0,0,None,None,None,0,0
1021958=Neutral,CAMACH,256,33,79,0,None,0,0,1,0,0,None,None,None,0,0
1021961=Neutral,CAMACH,256,58,104,0,None,0,0,1,0,0,None,None,None,0,0
1021964=Neutral,CAMACH,256,80,32,0,None,0,0,1,0,0,None,None,None,0,0
1021967=Neutral,CAMACH,256,105,57,0,None,0,0,1,0,0,None,None,None,0,0
1021970=Neutral,CAOILD,256,29,62,0,None,0,0,1,0,0,None,None,None,0,0
1021975=Neutral,CAOILD,256,76,109,0,None,0,0,1,0,0,None,None,None,0,0
1021980=Neutral,CAOILD,256,63,28,0,None,0,0,1,0,0,None,None,None,0,0
1021985=Neutral,CAOILD,256,110,75,0,None,0,0,1,0,0,None,None,None,0,0


[OverlayPack]
1=CQAAIIH//v4f/4H/gAkAACCB//7+H/+B/4BKAAAggf/+PQL/g2ZmZv78Af8B///8AT8CIf
2=//+wE+BGIA//YBRAZx///1AUUIQfr//wFBCv/5AT8KyjoO//QBRQz/AAY6EP7FB/+B/4BL
3=AAAggf/+MwT/ga7+/AP///0DNAT+CQL/ga3+7AP/gmZm/v0B/4FmQAGB///3ASUSUgD/9w
4=EkEnH///YDLBb/AAIiFiIAMgX+0gH/gf+AcgAAIIH/4AAAgWZgAf73Af/bJQCBrMw8Av7S
5=Af///wEmAPckBP/HASkE9iUA/8oBJwTbXwjVSwL/zAElAPUqBv/MAV8I//0BLgz48wf/Ag
6=JlDv72Af8x+//5AWQS/+4BXRDPRgr/BgRdEDgE/vUB//+iAV4agCgAACCB//5eAP+CZmbJ
7=WgD+6wn/gaz+7A//gWbIRRr+8wH/yUUa/7ADUBqAPQAAIIH//kMA/4FmyUQA/vMB/8pEAP
8=/6AVAAUAf+8gH//wACRQLKRAb+9QH//wACRwj/+gFLBMlADP6yEf+B/4AJAAAggf/+/h//
9=gf+ACQAAIIH//v4f/4H/gAkAACCB//7+H/+B/4AJAAAggf/+/h//gf+ACQAAIIH//v4f/4
10=H/gAkAACCB//7+H/+B/4AJAAAggf/+/h//gf+ACQAAIIH//v4f/4H/gAkAACCB//7+H/+B
11=/4AJAAAggf/+/h//gf+ACQAAIIH//v4f/4H/gAkAACCB//7+H/+B/4AJAAAggf/+/h//gf
12=+ACQAAIIH//v4f/4H/gAkAACCB//7+H/+B/4AJAAAggf/+/h//gf+ACQAAIIH//v4f/4H/
13=gAkAACCB//7+H/+B/4AJAAAggf/+/h//gf+ACQAAIIH//v4f/4H/gAkAACCB//7+H/+B/4
14=AJAAAggf/+/h//gf+ACQAAIIH//v4f/4H/gAkAACCB//7+H/+B/4AJAAAggf/+/h//gf+A


[OverlayDataPack]
1=CQAAIIEA/v4fAIEAgAkAACCBAP7+HwCBAIB5AAAggQD+PQIAgwYHBv78AQCFBwoLCgf++g
2=EAhwYKCwsLCgj/+QE/AoEIAf8QAYEK//YBRAYF/oMLCgoUBP/1AUEENf6BABAGgQj+9AEA
3=Jf40AP/0AUQIgQRX/hAB//QBRQr/AAI6EIEH//8BOxKCBAdwAYEE/rgJAIEAgFcAACCBAP
4=4jEgCCBgb+/QEAigYKCggHBwcGAAP+9gEAgggLIAGCCgr/9gElEoIGCjIAgwsLB/71AQD/
5=AAIiGBYAggoKEgX/9wEsGgQBggoAEgCBCP7SAQCBAIDMAAAggQDgAACCBwoAAYULCwsKBv
6=73AQCBCAH9//wBKQCBBzIAgQj++AEA9iUEgwQHB//EAS0CgwQHCBgAgggE8PUFggoI/8UB
7=LQKBBgIC7ywGJDmDCggH7i0I/pMBAIIHCvQsCgABgQf+xAEAgwYGA/T1Af/4ASsEgQRSAP
8=/4ASwCEgDCJgD/xQFmDPQsEoEA//kBZBKBBsIoAP/6AWMSIgD/ygFhDPbzAYILCv/3AWcY
9=xV4MggoA7i0O/sUBAIIGCsBjCoQHBwgI/5kBZxqAMQAAIIEA/l4AAIIGBjAHgQT+3RkAgg
10=YHYAH/9AFnAIMGCgtgAYEH/vMBAIEHcf//sQFPHIBrAAAggQD+QwAAggcLcAGBCP7zAQCC
11=BgoR+oIKChAHggoG/vMBAIEIIgCBACIHgQf+8wEAJAE0AP/1AVAEggAHIfsgAf/1AVEGQg
12=GFCggHBwT+9gEAEgGBCv/2AVEISASCBwf/9AFRAv6/DwCBAIAJAAAggQD+/h8AgQCACQAA
13=IIEA/v4fAIEAgAkAACCBAP7+HwCBAIAJAAAggQD+/h8AgQCACQAAIIEA/v4fAIEAgAkAAC
14=CBAP7+HwCBAIAJAAAggQD+/h8AgQCACQAAIIEA/v4fAIEAgAkAACCBAP7+HwCBAIAJAAAg
15=gQD+/h8AgQCACQAAIIEA/v4fAIEAgAkAACCBAP7+HwCBAIAJAAAggQD+/h8AgQCACQAAII
16=EA/v4fAIEAgAkAACCBAP7+HwCBAIAJAAAggQD+/h8AgQCACQAAIIEA/v4fAIEAgAkAACCB
17=AP7+HwCBAIAJAAAggQD+/h8AgQCACQAAIIEA/v4fAIEAgAkAACCBAP7+HwCBAIAJAAAggQ
18=D+/h8AgQCACQAAIIEA/v4fAIEAgAkAACCBAP7+HwCBAIAJAAAggQD+/h8AgQCA


[AITriggerTypesEnable]
0CAD0DCC-G=yes
0CAD0C7C-G=yes
0CAD0B2C-G=yes
0CA6621C-G=yes
0CDF8EDC-G=yes
0CDF8D8C-G=yes
0C0C7AEC-G=yes
0D62199C-G=yes
0CDF899C-G=yes
0D6216FC-G=yes
0D6215AC-G=yes
0D62145C-G=yes
0D0803CC-G=yes
0C32599C-G=yes
0CE23AAC-G=yes
0CA1F84C-G=yes
0CE26CAC-G=yes
0CE26B5C-G=yes
0CAD145C-G=yes
0CAD130C-G=yes
0CE2395C-G=yes
0D084B5C-G=yes
0D084A0C-G=yes
0D0848BC-G=yes
0CAD2AEC-G=yes
0D08461C-G=yes
0D0873DC-G=yes
0C8E2C3C-G=yes
0CAD25AC-G=yes
0D087D8C-G=yes
0C8B81BC-G=yes
0CADDEDC-G=yes
0C92C45C-G=yes
0C9565AC-G=yes
0C92C1BC-G=yes
0CADD99C-G=yes
0C9561BC-G=yes
0CE2EA2C-G=yes
0CE2E8DC-G=yes
0C955C3C-G=yes
0C955AEC-G=yes
0C8C71BC-G=yes
0C8C6EDC-G=yes
0D052AEC-G=yes
0CE44D0C-G=yes
0CA5945C-G=yes
0CAD2C3C-G=yes
0D535EDC-G=yes
0AA846FC-G=yes
0AA845AC-G=yes
0C8C645C-G=yes
0AD2BAEC-G=yes
0C96F5AC-G=yes
0C96F45C-G=yes
0CB2CEDC-G=yes
0C91D45C-G=yes
0CAD5AEC-G=yes
0D2C45DC-G=yes
0D2C448C-G=yes
0C8C56FC-G=yes
0D2C41EC-G=yes
0CA6AEDC-G=yes
0C0D251C-G=yes
0C8C51BC-G=yes
0CA24D8C-G=yes
0C8BC5AC-G=yes
0C8C4C3C-G=yes
0D53430C-G=yes
0ECCFCAC-G=yes
0ECCFA7C-G=yes
0C8EEEDC-G=yes
0C0D184C-G=yes
0ECCF68C-G=yes
0C8C430C-G=yes
0C87B99C-G=yes
0ECCF29C-G=yes
0ECCF14C-G=yes
0C8EEAEC-G=yes
0C87B45C-G=yes
0ECCBC3C-G=yes
0C8EE1BC-G=yes
0ECCB7FC-G=yes
0C32D84C-G=yes
0ECCB55C-G=yes
0ECCB40C-G=yes
0ECCB2BC-G=yes
0CB29EDC-G=yes
0C8C2C3C-G=yes
0C8C2AEC-G=yes
0A31295C-G=yes
0C87E5AC-G=yes
08A3EEDC-G=yes
0D022B1C-G=yes
0C1246FC-G=yes
0C1245AC-G=yes
0D0B3B9C-G=yes
0CA2A04C-G=yes
0CA2B06C-G=yes
0CA2FEDC-G=yes
0D2769BC-G=yes
0A452E5C-G=yes
0A452C6C-G=yes
0A44F2CC-G=yes
0A44F17C-G=yes
0D53099C-G=yes
0612B11C-G=yes
06C551AC-G=yes
0612CD8C-G=yes
0ABC484C-G=yes
05FFB18C-G=yes
05FFA7DC-G=yes
06002BFC-G=yes
05CB5B6C-G=yes
07C04EDC-G=yes
07C04C7C-G=yes
07C0B14C-G=yes
05FC1A8C-G=yes
05FC50EC-G=yes
05FC3C9C-G=yes
05FC37CC-G=yes
05FC333C-G=yes
05FC0C9C-G=yes
05FC088C-G=yes
05FC75CC-G=yes
05FC747C-G=yes
08B9154C-G=yes
08B911BC-G=yes
08B9213C-G=yes
08B9356C-G=yes
08B9305C-G=yes
08B9483C-G=yes
08B9423C-G=yes
08B940EC-G=yes
08B9586C-G=yes
0611A33C-G=yes
0611A1EC-G=yes
08B9641C-G=yes
08B97C6C-G=yes
08B9767C-G=yes
08B9708C-G=yes
05FC1C5C-G=yes
0612EAEC-G=yes
0612F9AC-G=yes
05FC13EC-G=yes
08B90B1C-G=yes
08B902EC-G=yes
0612F46C-G=yes
044082BC-G=yes
07C310BC-G=yes
07C329FC-G=yes
07C3266C-G=yes
07C33DDC-G=yes
0616004C-G=yes
07C330CC-G=yes
07C30A5C-G=yes
07C4853C-G=yes
043F521C-G=yes
043F874C-G=yes
043F40BC-G=yes
05CBC2EC-G=yes
05CBC19C-G=yes
05CBC04C-G=yes
078F4B2C-G=yes
05CB830C-G=yes
05CBAEDC-G=yes


[Triggers]
075A703C=Neutral,<none>,Expansion 1,0,1,1,1,0
084D661C=Neutral,<none>,Expansion 2,1,1,1,1,0
084D614C=Neutral,<none>,Expansion 2 Counter,1,1,1,1,0
085DE03C=Neutral,<none>,Expansion 3,1,1,1,1,0
085DA0DC=Neutral,<none>,Expansion 3 Counter,1,1,1,1,0
09E8B96C=Neutral,<none>,Expansion 1 Counter,0,1,1,1,0
08A4110C=Neutral,<none>,@Sounds,0,1,1,1,0


[Events]
075A703C=1,13,0,300
084D661C=1,13,0,450
084D614C=1,13,0,0
085DE03C=1,13,0,600
085DA0DC=1,13,0,0
09E8B96C=1,13,0,0
08A4110C=1,13,0,0


[Actions]
075A703C=4,40,0,0,14,17,38,35,A,53,2,084D661C,0,0,0,0,A,53,2,084D614C,0,0,0,0,A,21,6,EVA_NewTerrainDiscovered,0,0,0,0,A
084D661C=4,40,0,0,14,5,38,60,A,53,2,085DE03C,0,0,0,0,A,53,2,085DA0DC,0,0,0,0,A,21,6,EVA_NewTerrainDiscovered,0,0,0,0,A
084D614C=2,27,0,450,0,0,0,0,A,23,0,0,0,0,0,0,A
085DE03C=2,40,0,0,7,5,52,60,A,21,6,EVA_NewTerrainDiscovered,0,0,0,0,A
085DA0DC=2,27,0,600,0,0,0,0,A,23,0,0,0,0,0,0,A
09E8B96C=2,27,0,300,0,0,0,0,A,23,0,0,0,0,0,0,A
08A4110C=2,99,7,_Amb_WindPlains,0,0,0,0,AA,99,7,_Amb_WindPlains,0,0,0,0,AB


[Tags]
0760DF4C=0,Expansion 1,075A703C
09E8B4BC=0,Expansion 1 Counter,09E8B96C
084D623C=0,Expansion 2,084D661C
084D1DAC=0,Expansion 2 Counter,084D614C
085DA1CC=0,Expansion 3,085DE03C
085D9ACC=0,Expansion 3 Counter,085DA0DC
08A45D4C=0,@Sounds,08A4110C


[Digest]
1=x/20zpS3hLVEhzrYN3z2+nLVteU=

